[   0.            0.            0.            1.            0.            0.
    0.            3.            0.            1.            0.            0.
    2.          -69.441597    157.10153      62.489788     84.589676
 -152.17473     -55.707794   -174.77779      38.077488    -37.437843
   22.470133      2.4483259   -25.999367      4.            0.            0.
    3.74760078    3.75440726    3.77661086    4.04241316    4.12736656
    4.13260018    4.1555515     4.16836983    4.3216355     4.39450999
    4.50321658    4.50558893    4.54205121    4.61357054    4.6420823
    4.66304336    4.70780817    5.00876289    5.12116419    5.33723698
    5.35964528    5.52089033    5.53675995    5.54411462    5.56581053
    5.73359889    5.74348714    5.83358709    5.89750087    5.9545437
    6.03115257    6.07532034    6.20130272    6.23430855    6.29914752
    6.33716932    6.34079744    6.36918953    6.43020042    6.5158137
    6.57974304    6.86893621    7.2562707     7.3013271     7.33019654
    7.33939636    7.34635484    7.35627349    7.35890567    7.35994951]
[   0.            0.            0.            0.            1.            0.
    0.           23.            0.            0.            1.            0.
    2.          -74.544899   -167.41243      59.287453     74.660286
 -147.30115     -45.496777   -127.19099      37.030701    -33.848213
   16.695635      7.2824636   -28.197964      1.            1.            0.
    3.96279962    4.09876984    4.15675071    4.56771771    4.60940801
    4.76817742    4.93678007    5.08163834    5.1125608     5.12699032
    5.13729764    5.1402545     5.1750503     5.25030535    5.25849449
    5.26204571    5.32924644    5.54509824    5.62749222    5.63797012
    5.7867072     5.82001398    5.93720997    6.05507955    6.07195046
    6.14640524    6.26291056    6.35888468    6.36758686    6.46983365
    6.57957986    6.62117946    6.63624861    6.67110378    6.69640143
    6.72319233    6.78673022    6.9488656     6.9559877     6.97326386
    7.07567299    7.08012769    7.08462531    7.2451358     7.39130098
    7.51890242    7.53048778    7.56250656    7.70928942    7.7194028 ]
[   1.            0.            0.            0.            0.            0.
    0.            7.            0.            0.            0.            1.
    1.         -119.01756     159.42714      53.34074      81.506836
 -122.25927     -37.882931   -167.72729      38.724369    -35.876522
   16.597654      9.2997141   -29.604218      1.            2.            0.
    4.42410314    4.53755728    4.77738781    4.82756266    4.91538848
    5.23552712    5.25711295    5.42162169    5.437693      5.444923
    5.46625002    5.58380122    5.86483809    5.87342192    6.0583986
    6.29179386    6.34039533    6.35708346    6.41559108    6.68425216
    6.7166754     7.16634329    7.22249119    7.33414574    7.46941143
    7.52790462    7.52823692    7.63401005    7.65224544    7.77420824
    7.82809409    7.84581338    7.88243961    7.93446747    8.15888983
    8.68364612    8.84813574    8.89692926    8.92193602    8.94383026
    8.99042873    9.01814692    9.02065814    9.32994346    9.43251492
    9.43366885    9.55527683    9.73477909    9.88418273    9.89909337]
[   1.            0.            0.            0.            0.            0.
    0.           10.            0.            1.            0.            0.
    2.          -75.115326    168.92728      64.622589     76.854347
 -120.81477     -45.994953   -163.23177      45.838474    -45.566891
   25.668495      3.7848589   -33.342224      2.            1.            0.
    4.12868233    4.68993798    4.8279673     4.83928363    4.84746371
    4.91564382    5.1465277     5.31620829    5.36697343    5.46225894
    5.575184      5.67784259    5.77429013    5.86829518    5.89191366
    5.89424935    5.90539657    5.96675317    6.15059763    6.54264743
    6.66577557    6.68540474    6.80244911    6.88340912    6.92764273
    7.07174271    7.08390648    7.15143357    7.2646434     7.35418635
    7.39926885    7.41766235    7.54312069    7.64723013    7.67591079
    7.81797401    7.90331401    7.91271054    7.95860987    8.04240716
    8.18877523    8.30146995    8.37542859    8.39712455    8.39759426
    8.40214805    8.44272754    8.5251463     8.81642452    8.84647189]
[   0.            0.            1.            0.            0.            0.
    0.           14.            0.            1.            0.            0.
    2.         -107.55801     179.86728      77.882736     72.787239
 -164.69263     -79.500648   -177.22188      33.452137    -32.252342
   18.775652      2.5009241   -22.887537      3.            0.            0.
    3.41555233    3.4828019     3.71027591    3.78885722    3.93462147
    4.16319222    4.18065836    4.9772851     5.00683439    5.06390573
    5.16205732    5.30211447    5.3421266     5.6467605     5.66187658
    5.7354326     5.79640966    5.81212709    5.88589775    5.89332119
    5.95765158    5.95997197    5.96949665    6.04593211    6.17573874
    6.19724524    6.20219076    6.21796293    6.24917401    6.29647871
    6.36855548    6.56072968    6.66030477    6.6789054     6.69438389
    6.72801803    6.73175158    6.75167605    6.83849505    6.85187605
    6.89741794    7.04818826    7.10882877    7.25051457    7.28603802
    7.32224128    7.33528582    7.41343825    7.43323094    7.46966223]
[   1.            0.            0.            0.            0.            0.
    0.            2.            1.            0.            0.            0.
    3.          -62.403446    173.32053      69.273575     83.235832
 -165.87376     -42.304966   -150.51053      33.215687    -30.966396
   15.526407      6.2654428   -26.495262      2.            0.            0.
    4.18982924    4.22702599    4.33163048    4.36908024    4.58273636
    4.65008113    4.81359709    4.88996393    5.12173355    5.13527296
    5.14834262    5.22868798    5.24484445    5.24876225    5.2558148
    5.43904586    5.51679442    5.75254941    5.79838356    5.81706775
    5.83266151    5.85390261    5.91616885    5.9323411     6.01982548
    6.09704815    6.16994188    6.43590164    6.55901974    6.57868411
    6.60057347    6.63452993    6.83273779    6.86424993    6.98443406
    7.03818969    7.06619673    7.06665591    7.09594514    7.30888407
    7.59358836    7.6130941     7.88294426    7.92565561    7.96827699
    7.98440359    8.0775718     8.12381078    8.12420333    8.31082909]
[   0.            0.            1.            0.            0.            0.
    0.            3.            0.            1.            0.            0.
    2.          -38.177986    107.87127      58.515682     72.982437
 -103.55859    -141.2614     -149.47588      40.149696    -40.50576
   21.380827      5.217742    -29.903946      3.            3.            0.
    3.47132338    3.51152892    3.75619652    3.81728136    3.87965584
    4.05929766    4.06606759    4.16352827    4.28250747    4.45667028
    4.49096394    4.54577748    4.70987341    4.74866893    4.82024713
    4.83071451    4.91375374    4.92511054    4.99967657    5.0465369
    5.19864664    5.21921627    5.37418269    5.41750701    5.49463825
    5.53485355    5.76198964    5.85546972    6.08972291    6.10287433
    6.11366018    6.13260044    6.28507881    6.2935045     6.34229457
    6.35351056    6.52898967    6.60387938    6.62085032    6.62550757
    6.63363631    6.68450029    6.87845787    6.95974008    7.17689785
    7.17759745    7.20723865    7.3699718     7.38345759    7.39854499]
[   0.            0.            0.            0.            1.            0.
    0.           11.            1.            0.            0.            0.
    3.          -64.159439    171.16908      65.607651     80.183327
 -171.71346     -68.41777    -138.06883      35.758194    -38.040321
   23.361597      1.7278239   -24.767672      3.            1.            0.
    3.68517514    3.76805485    3.86148246    4.07319486    4.27870352
    4.40730351    4.51933441    4.66078308    4.67982099    4.84753198
    4.84800384    4.86656351    4.89194196    4.94227789    5.02055082
    5.03144597    5.03636953    5.05652959    5.09586425    5.22607764
    5.41988707    5.85143604    5.85959423    5.86393066    5.87610833
    5.91393378    5.99685308    6.01389666    6.05122987    6.18013673
    6.35918097    6.4880509     6.60122105    6.63995868    6.65984233
    6.69836374    6.73561488    6.77853838    6.78006204    7.08203464
    7.10245564    7.23186281    7.23570131    7.24055376    7.35358302
    7.38346929    7.4365166     7.44875435    7.47814015    7.48900289]
[   0.            0.            1.            0.            0.            0.
    0.           10.            0.            0.            0.            1.
    0.          -65.730698   -177.45847      69.556435    145.63087
  -88.262863     45.836384    -99.640938    -44.157173     28.575712
   -0.83298248  -29.673441     48.696869      0.            2.            0.
    3.2611072     3.94248536    4.16428363    4.20891962    4.9134629
    4.98866211    5.03217102    5.49150094    5.95452023    6.12800105
    6.15796101    6.26589076    6.40418316    6.53726251    6.63928234
    6.75734494    6.77235021    7.08034416    7.31994223    7.40487647
    7.70938412    7.7953023     7.93449425    7.95970554    8.12439504
    8.2461443     8.25495779    8.30350171    8.32900583    8.38467423
    8.49950216    8.51430589    8.51662397    8.83821127    8.94414985
    8.98869536    9.0870197     9.18791516    9.19098434    9.19236239
    9.19675245    9.55426619    9.62469391    9.67642126    9.68525112
    9.69315277    9.70069188    9.72596277    9.74238097    9.80307865]
[   0.            1.            0.            0.            0.            0.
    0.           34.            1.            0.            0.            0.
    2.          -67.987923    178.71077      58.769272     78.897202
 -146.60002     -66.099442   -150.9426       42.306774    -35.932655
   14.206805     12.441008    -33.985615      2.            1.            0.
    3.1302774     3.48820018    3.7785103     3.8392985     3.93980597
    3.95965238    4.13666396    4.15109649    4.17859272    4.1868072
    4.25336204    4.28931082    4.32408171    4.39967025    4.4099133
    4.44453909    4.45731563    4.46620892    4.50297663    4.63958863
    4.66221595    4.75192655    4.79791261    4.89316808    4.91811968
    4.97047946    5.0740885     5.12906005    5.28286612    5.40198537
    5.49342936    5.51026151    5.55706448    5.65916385    5.88749889
    5.93022611    6.03854143    6.08709476    6.23520208    6.34128901
    6.35546749    6.39984457    6.45107412    6.45433064    6.51066579
    6.54879571    6.64485026    6.65436617    6.67148118    6.67465968]
[   0.            0.            1.            0.            0.            0.
    0.           29.            0.            1.            0.            0.
    2.          -41.157394    144.59938      51.32711      74.040688
 -166.60194     -57.13821    -166.89067      46.603798    -40.161728
   20.32188      11.050541    -37.219067      3.            0.            0.
    3.61820196    3.6312613     3.93366507    3.98181188    4.06495371
    4.11193792    4.14722908    4.17120855    4.37107891    4.38085549
    4.43933094    4.44255112    4.7073583     4.78839263    4.79259448
    4.80535955    4.86130505    4.98335533    5.2188757     5.27945607
    5.5247432     5.54469365    5.68710346    5.74194555    5.75468377
    5.75848888    5.78574105    5.87807727    5.93026639    6.13272608
    6.1828553     6.26361118    6.34337185    6.35753235    6.48381507
    6.52590168    6.53707993    6.56950275    6.73126615    6.75016738
    6.80971589    6.87027169    7.07817382    7.20675315    7.23391091
    7.2352447     7.23560946    7.28036068    7.29911721    7.34099537]
[   1.            0.            0.            0.            0.            0.
    0.           13.            0.            0.            0.            1.
    0.           53.72142    -140.54922      61.842831    140.75352
 -103.09381     -69.99794     -63.049221    -36.379288     24.232214
   -2.4977133   -19.919174     35.158936      0.            0.            0.
    4.61750497    4.98064263    5.27188705    5.32600473    5.45023284
    5.64466058    6.32305359    6.64956793    7.07146407    7.16294747
    7.32935507    7.66099985    7.72088993    7.97097716    8.1140166
    8.16592196    8.34420343    8.42818737    8.47064808    8.49339213
    8.73987963    8.80776122    9.06933032    9.17066728    9.25635771
    9.30922827    9.34174758    9.43292273    9.48152074    9.5229064
    9.58448254    9.77751618    0.            0.            0.            0.
    0.            0.            0.            0.            0.            0.
    0.            0.            0.            0.            0.            0.
    0.            0.        ]
[   0.            0.            0.            1.            0.            0.
    0.            8.            0.            0.            0.            1.
    2.          -80.52137     174.6786       53.079151     88.910538
 -164.20186     -77.461731   -143.56776      40.853714    -40.054688
   26.259909     -0.38410428  -26.228746      3.            2.            0.
    3.41221798    3.42286836    4.01208892    4.36440715    4.41095334
    4.43274708    4.46576449    4.48146813    4.55036806    4.72871909
    4.88020265    4.91703702    4.94453292    5.10288896    5.14336835
    5.20324607    5.38638621    5.44967858    5.46349727    5.47050043
    5.49785856    5.53541812    5.58962812    5.66365473    5.66593172
    5.72658929    5.73522765    5.74945782    5.79478359    5.89160222
    6.10642532    6.16251349    6.37694401    6.47705434    6.61063994
    6.68622488    6.75012982    6.90461518    6.92373234    6.93929614
    7.02992078    7.1190675     7.31060926    7.45645961    7.46632124
    7.47874658    7.5029914     7.52890883    7.67568584    7.74025335]
[   1.            0.            0.            0.            0.            0.
    0.           12.            0.            1.            0.            0.
    3.          -76.011711   -176.07777      54.4193       77.747391
 -145.00728     -69.194496   -161.27939      40.926632    -39.802986
   21.017521      5.5254183   -29.991365      3.            0.            0.
    3.38975453    4.14821332    4.56473674    4.67072725    4.77445625
    4.83047953    4.85844517    4.87343421    4.89404252    4.93202167
    4.97943416    5.08782469    5.10026178    5.22759091    5.34787099
    5.35344225    5.37262161    5.42823755    5.44104878    5.45942162
    5.57160125    5.64320714    5.68377833    5.74588434    5.80736335
    5.88612382    6.04865678    6.063305      6.07622535    6.24198252
    6.26454334    6.30426972    6.31839128    6.36003437    6.52093637
    6.62016614    6.65802425    6.75812386    6.79384467    6.79835839
    6.81458333    6.84538442    6.99808955    7.03658411    7.10280239
    7.14292076    7.17885357    7.19474346    7.20923203    7.31745489]
[   0.            0.            0.            0.            1.            0.
    0.           31.            1.            0.            0.            0.
    3.          -77.928902    171.9115       68.481277     76.002235
 -168.89304     -71.981995   -142.91821      33.939682    -38.890846
   29.460598     -6.6840138   -18.005585      3.            2.            0.
    3.80678623    3.83808792    3.97995397    4.16238183    4.27654565
    4.28905659    4.35186838    4.54341363    4.5724004     4.80328709
    4.91877159    4.9600053     4.98024532    4.99701029    5.07838877
    5.26100236    5.30789416    5.37224371    5.41165648    5.73998661
    5.85770331    5.88346003    5.88936725    5.97150374    6.01796396
    6.09947053    6.12286433    6.15462448    6.18334936    6.31569541
    6.35255449    6.38656857    6.39395989    6.71083538    6.78850061
    6.80737991    6.84349141    6.86519142    6.94430823    7.05221061
    7.0858074     7.09791419    7.14900396    7.23592861    7.27706002
    7.33728342    7.34462951    7.35835198    7.35957494    7.43014706]
[   0.            0.            0.            0.            0.            0.
    1.           14.            0.            0.            0.            1.
    0.         -177.55527    -167.23349      49.779804     74.837852
 -154.90042       9.0496731  -140.4646       45.436825    -46.520882
   27.461815      1.3331015   -29.380627      0.            0.            0.
    5.54518313    5.54760572    6.21313039    6.49593381    6.76637992
    6.87311045    6.96360703    7.12935636    7.18554363    7.24521462
    7.67033984    7.67721548    7.68631665    7.94299597    8.19870883
    8.22414666    8.2934348     8.33311727    8.60738029    8.7378769
    9.09021986    9.2138115     9.29407683    9.53996411    9.64733469
    9.81875115    9.96657492    0.            0.            0.            0.
    0.            0.            0.            0.            0.            0.
    0.            0.            0.            0.            0.            0.
    0.            0.            0.            0.            0.            0.
    0.        ]
[   0.            0.            1.            0.            0.            0.
    0.           29.            0.            0.            0.            1.
    2.          -88.630341    178.77298      69.906647     66.715294
 -120.93365     -65.704659   -154.66113      42.740768    -41.414993
   24.225996      2.067343    -28.199814      3.            1.            0.
    3.4114687     3.60727291    3.61659002    3.74135466    3.8268886
    3.84778013    3.87063051    4.06794424    4.08534693    4.08676907
    4.2479757     4.34034348    4.36689381    4.49621945    4.5672838
    4.57677139    4.76042447    4.7684202     4.77596685    4.88213256
    4.94085883    4.97158943    5.02252006    5.13355579    5.13945832
    5.41514536    5.47209072    5.58598202    5.62480781    5.65252622
    5.85116955    5.94564975    6.01918316    6.04079785    6.1218304
    6.33987203    6.4055987     6.41801434    6.60294314    6.68313072
    6.71266009    6.91071117    6.9925016     7.0336403     7.06090505
    7.0810781     7.09002842    7.15512967    7.2103775     7.22303056]
[   0.            0.            1.            0.            0.            0.
    0.           19.            0.            1.            0.            0.
    1.         -104.00792    -179.17339      80.253464    151.45967
  -89.816666     81.041168   -119.96156     -47.3279       35.222824
  -10.886906    -19.21604      40.415684      0.            1.            0.
    3.45430944    3.4740144     3.52456459    3.57608846    3.92798484
    4.09615203    4.26515191    4.29516838    4.59247586    4.68443069
    4.69992957    4.71323852    4.72004097    4.81508306    4.86990544
    4.913183      5.09522717    5.1701512     5.23815438    5.44166519
    5.46512624    5.74106864    5.81063395    6.03610885    6.1527282
    6.18981498    6.59141556    6.66727177    6.71056687    6.88372688
    6.89285835    6.95099458    7.00453722    7.22641593    7.37162681
    7.38690338    7.53901095    7.55338078    7.56142928    7.59242759
    7.89616628    7.93112484    7.93754       8.00256308    8.04431358
    8.05554126    8.08948632    8.17280573    8.23820993    8.2833752 ]
[   1.            0.            0.            0.            0.            0.
    0.            7.            0.            0.            0.            1.
    2.          -55.451286    175.58624      56.059097     75.849396
 -169.46181     -61.849251   -168.48663      39.713963    -41.688408
   29.259186     -2.4896288   -25.367037      2.            1.            0.
    3.93865442    3.96835332    4.1323256     4.41027775    4.59763969
    4.68743103    4.70254755    4.71389249    4.84959858    4.93436722
    4.95239757    5.05316196    5.12840695    5.16423005    5.20059757
    5.30080321    5.38088776    5.40651178    5.48620614    5.58629133
    5.62043031    5.63718605    5.72445215    5.77225503    5.78693017
    5.79904125    5.91197186    5.94905413    5.98866847    6.08648781
    6.0908159     6.14755688    6.17450855    6.38001049    6.63228326
    6.72821543    6.78440565    6.87128875    6.9163038     7.04877601
    7.06705429    7.08863849    7.08865797    7.1199496     7.15228094
    7.17298737    7.18514622    7.4083392     7.41698716    7.54232864]
[  0.00000000e+00   0.00000000e+00   1.00000000e+00   0.00000000e+00
   0.00000000e+00   0.00000000e+00   0.00000000e+00   3.30000000e+01
   0.00000000e+00   1.00000000e+00   0.00000000e+00   0.00000000e+00
   3.00000000e+00  -8.28904880e+01   1.73289470e+02   7.64146880e+01
   6.88723140e+01  -1.67119090e+02  -6.79989620e+01  -1.58079960e+02
   4.06578710e+01  -4.05182380e+01   2.59622820e+01  -1.18694060e-01
  -2.64208640e+01   3.00000000e+00   1.00000000e+00   0.00000000e+00
   3.51721861e+00   3.70327245e+00   3.70680689e+00   3.92388913e+00
   3.94817948e+00   3.97562420e+00   4.17685241e+00   4.21077158e+00
   4.41997759e+00   4.46170063e+00   4.72602625e+00   4.73138230e+00
   4.79760888e+00   4.91966414e+00   4.94546328e+00   4.96583496e+00
   5.04092770e+00   5.13908453e+00   5.42250576e+00   5.43512630e+00
   5.46960684e+00   5.49844872e+00   5.62925703e+00   5.72811978e+00
   5.78293081e+00   5.86332203e+00   5.97327754e+00   6.06808998e+00
   6.23483664e+00   6.27832037e+00   6.40427515e+00   6.43030841e+00
   6.48575789e+00   6.51052132e+00   6.55441895e+00   6.59475709e+00
   6.60606180e+00   6.64379252e+00   6.66351734e+00   6.77634704e+00
   6.88750407e+00   6.89952730e+00   6.93352727e+00   6.95557957e+00
   6.99620110e+00   7.02893016e+00   7.04718153e+00   7.07434233e+00
   7.12356522e+00   7.16130480e+00]
[  1.00000000e+00   0.00000000e+00   0.00000000e+00   0.00000000e+00
   0.00000000e+00   0.00000000e+00   0.00000000e+00   1.00000000e+00
   0.00000000e+00   0.00000000e+00   1.00000000e+00   0.00000000e+00
   1.00000000e+00   9.99990000e+03   9.99990000e+03   6.47107470e+01
   5.95214200e+01  -1.79867280e+02  -6.92503810e+01  -1.44248440e+02
   3.77584420e+01  -3.84905620e+01   2.48645000e+01   2.87355390e-01
  -2.45745510e+01   0.00000000e+00   1.00000000e+00   0.00000000e+00
   4.58713536e+00   4.63717987e+00   4.72965868e+00   4.81384223e+00
   4.84391319e+00   5.11572707e+00   5.21478777e+00   5.35780052e+00
   5.37626538e+00   5.67117709e+00   6.00877641e+00   6.04591184e+00
   6.16074679e+00   6.35284523e+00   6.66947416e+00   6.75854551e+00
   6.81026038e+00   6.87850371e+00   7.60868072e+00   8.04812283e+00
   8.11462051e+00   8.72116023e+00   8.93182130e+00   9.18017325e+00
   9.37142578e+00   9.43708742e+00   9.47339529e+00   9.59691952e+00
   9.66732716e+00   9.84528118e+00   0.00000000e+00   0.00000000e+00
   0.00000000e+00   0.00000000e+00   0.00000000e+00   0.00000000e+00
   0.00000000e+00   0.00000000e+00   0.00000000e+00   0.00000000e+00
   0.00000000e+00   0.00000000e+00   0.00000000e+00   0.00000000e+00
   0.00000000e+00   0.00000000e+00   0.00000000e+00   0.00000000e+00
   0.00000000e+00   0.00000000e+00]
[   0.            1.            0.            0.            0.            0.
    0.           25.            1.            0.            0.            0.
    3.          -69.371193    175.12636      64.332916     73.08123
 -137.84712     -71.274559   -176.06         40.206615    -38.145992
   21.243208      4.3769879   -27.849546      2.            1.            0.
    3.39949341    3.41847352    3.48522662    3.53187549    3.54609054
    3.62145482    3.66442006    3.67507479    3.72346307    3.83493945
    4.01183159    4.08715717    4.1396701     4.21793483    4.30436159
    4.32249567    4.43399095    4.53957477    4.55878827    4.69905854
    4.70315527    4.74048789    4.79277013    4.82983432    4.88671922
    4.88837459    4.94694027    4.95112643    5.09983099    5.40136908
    5.57304369    5.59095191    5.62130134    5.74685323    5.90355531
    5.91203407    6.01132304    6.20976439    6.22181789    6.27308495
    6.3167154     6.31737304    6.36247141    6.38145696    6.43547515
    6.4424388     6.49829335    6.82661722    6.95808729    7.00946835]
[   0.            0.            1.            0.            0.            0.
    0.           12.            0.            1.            0.            0.
    2.          -48.857712    154.95406      43.279236     76.841408
 -156.94839     -71.411743   -153.40779      33.987892    -33.621548
   21.771292     -0.66263831  -20.408798      4.            2.            0.
    3.57286689    3.61352305    3.74961408    3.76729863    3.89695461
    3.94788974    3.95729318    3.98514386    4.03585129    4.06014604
    4.21509754    4.32347867    4.45404553    4.46002936    4.66292198
    4.79817281    5.01800821    5.17719488    5.21981691    5.23230479
    5.24178926    5.36480669    5.47317853    5.60658284    5.74987762
    5.77635197    6.04541786    6.05570385    6.09586765    6.1898393
    6.29671354    6.30768397    6.30857797    6.35928618    6.40076857
    6.40519372    6.43867966    6.58047013    6.65153757    6.65896612
    6.79395449    6.79895277    6.81646183    6.82939266    6.85741959
    6.8888392     7.00463871    7.0190493     7.06348588    7.104756  ]
[   0.            0.            1.            0.            0.            0.
    0.            7.            0.            0.            0.            1.
    1.         -119.01756     159.42714      53.34074      81.506836
 -122.25927     -37.882931   -167.72729      38.724369    -35.876522
   16.597654      9.2997141   -29.604218      1.            2.            0.
    3.42675954    3.43233761    3.463846      3.56031702    3.56065001
    3.87500016    3.87889928    3.88104956    3.9983197     4.04611493
    4.25493181    4.26101453    4.27662254    4.30108554    4.32676664
    4.4026286     4.62265681    4.63065015    4.80298815    4.9368886
    5.01296645    5.26383114    5.48622622    5.67933591    5.70780587
    5.7325999     5.74425489    6.06348946    6.1633406     6.1793102
    6.20686615    6.23020537    6.46533154    6.52570935    6.61626033
    6.63104262    6.80215173    7.18005427    7.20027452    7.2012064
    7.29130234    7.34415549    7.37198925    7.51544276    7.54156309
    7.64407817    7.68120049    7.68733048    7.85350474    7.97279804]
[  1.00000000e+00   0.00000000e+00   0.00000000e+00   0.00000000e+00
   0.00000000e+00   0.00000000e+00   0.00000000e+00   1.70000000e+01
   0.00000000e+00   1.00000000e+00   0.00000000e+00   0.00000000e+00
   0.00000000e+00  -7.69884720e+01   1.79646100e+02   6.82853390e+01
   1.34916210e+02   9.99990000e+03   9.99990000e+03  -1.07813900e+02
  -3.70620880e+01   3.00771520e+01  -8.91017150e+00  -1.56195620e+01
   3.38357850e+01   0.00000000e+00   4.00000000e+00   0.00000000e+00
   3.85589508e+00   4.18841557e+00   4.22045044e+00   4.52455542e+00
   4.57272500e+00   4.66642259e+00   4.73290670e+00   4.73968198e+00
   5.13038210e+00   5.17329655e+00   5.20794804e+00   5.30575339e+00
   5.48284134e+00   5.52495380e+00   5.61514432e+00   5.73071189e+00
   6.00696334e+00   6.03431135e+00   6.06558586e+00   6.07265482e+00
   6.10644191e+00   6.13260044e+00   6.17574261e+00   6.31685680e+00
   6.32609700e+00   6.42913563e+00   6.43432456e+00   6.55315995e+00
   6.59677107e+00   6.70317012e+00   6.73027215e+00   6.74025195e+00
   6.80142414e+00   6.85313511e+00   6.88181126e+00   6.99953175e+00
   7.09377672e+00   7.10432307e+00   7.51529799e+00   7.53561616e+00
   7.59567540e+00   7.71003630e+00   7.71213204e+00   7.75299878e+00
   7.82231777e+00   7.86572587e+00   8.14440511e+00   8.17716398e+00
   8.24692443e+00   8.25221494e+00]
[   0.            0.            0.            0.            0.            1.
    0.            2.            0.            0.            1.            0.
    3.          -90.328758    153.99832      91.616196     77.552597
 -161.57379     -63.80373    -170.22116      35.532833    -34.130814
   19.716503      3.2538955   -24.135571      3.            0.            0.
    3.13328535    3.25046569    3.62537691    3.77022541    3.77916957
    3.78572313    3.87286366    3.88503027    3.90217871    3.91136342
    3.91712223    3.920144      3.93447273    3.93756528    3.98533755
    4.19489449    4.20003608    4.22410399    4.23186869    4.27282201
    4.28873974    4.3055065     4.37315074    4.52523533    4.71194463
    4.827171      4.83277077    5.03515993    5.06752096    5.22024095
    5.23873195    5.29443993    5.38667557    5.52329817    5.5723745
    5.75759244    5.85614391    5.93872149    6.15457606    6.26108005
    6.32054315    6.44273573    6.57802965    6.71198241    6.72475761
    6.78858177    6.83366034    6.83969628    6.87527804    6.99100362]
[   1.            0.            0.            0.            0.            0.
    0.           16.            0.            1.            0.            0.
    1.          -83.724037    169.97375      71.809059     71.577446
 -130.32869     -81.765526   -150.39688      46.539268    -41.741489
   17.811193     11.892753    -35.973534      3.            2.            0.
    3.95347459    4.16179606    4.23643113    4.47059768    4.61734872
    4.71022361    4.78220187    4.85632563    4.85781012    4.94259537
    4.99420306    5.01663007    5.06850303    5.11607427    5.22279755
    5.40187061    5.41196771    5.55837262    5.56775072    5.59559505
    5.60794052    5.73588137    5.74304051    5.79611097    5.97275396
    5.98002193    5.99991472    6.04851218    6.16313304    6.28290101
    6.30662704    6.33277619    6.45865443    6.48841605    6.6529304
    6.78851655    6.7916672     6.86989513    6.98095854    7.02822873
    7.12174987    7.32240061    7.34396615    7.45880968    7.5067573
    7.54408187    7.57816985    7.68203953    7.73217878    7.74777856]
[   0.            0.            0.            1.            0.            0.
    0.           11.            0.            1.            0.            0.
    1.           25.15971     171.16577      71.016449    138.88847
 -111.17635     159.89436    -152.16673     -37.740601     21.449387
    4.9107127   -29.829401     42.941269      0.            1.            0.
    3.92329162    4.31745281    4.64969956    5.06290905    5.26165783
    5.66097893    5.71302021    5.76420972    6.01052504    6.02746983
    6.09340759    6.17011986    6.34694639    6.42816036    6.5110777
    6.52317668    6.56225188    6.82132763    6.85366478    6.86833283
    6.93840435    6.96536248    6.99451327    7.04230134    7.07319175
    7.14102571    7.16576317    7.16837189    7.26105815    7.3233204
    7.39891457    7.41222304    7.44575204    7.45923834    7.49059863
    7.49860748    7.53923477    7.55529974    7.59786862    7.60028738
    7.61528149    7.6474015     7.65875441    7.68765481    7.69621563
    7.70449359    7.70694507    7.7737502     7.81924029    7.86346442]
[   0.            1.            0.            0.            0.            0.
    0.           15.            1.            0.            0.            0.
    3.          -88.028603    179.00908      63.976555     76.57029
 -171.5434      -63.858086   -132.92178      37.573917    -40.828194
   32.255733     -6.8746924   -19.952967      2.            2.            0.
    3.23265545    3.44638959    3.48280325    3.49169434    3.61299078
    3.62594434    3.66452264    3.69032367    3.73197364    3.79608925
    3.82730604    3.87769633    4.06346808    4.17941172    4.4360708
    4.54684323    4.61471679    4.61734872    4.63689356    4.68536086
    4.83575586    4.84005654    4.86973011    4.89282422    4.95588908
    5.05152263    5.07874208    5.16086903    5.22281963    5.26350322
    5.32954819    5.42759131    5.48513831    5.5676055     5.61292849
    5.91636302    5.94984167    5.99874265    6.02130126    6.09608012
    6.12410557    6.32483035    6.39851221    6.40802552    6.46965913
    6.50546774    6.56374486    6.61236717    6.73409495    6.83321881]
[   0.            0.            1.            0.            0.            0.
    0.           22.            0.            1.            0.            0.
    3.          -66.268814    170.4498       62.557274     71.877754
 -155.24498     -64.00032    -149.01833      40.665146    -35.435326
   15.622834     10.834997    -31.742203      3.            1.            0.
    3.69354225    3.94886294    4.05889573    4.06170557    4.10445647
    4.10743809    4.30692202    4.42813117    4.43648321    4.44281331
    4.49179883    4.56590096    4.66784365    4.76294371    5.06841805
    5.12955808    5.13983935    5.15956339    5.29443993    5.30905998
    5.42775492    5.44845319    5.5589139     5.65522934    5.67055937
    5.7725282     5.8134186     5.84586603    5.96233945    6.10079569
    6.21140301    6.2377873     6.26234934    6.26406997    6.46885224
    6.52546397    6.57650567    6.61625763    6.71464642    6.71745537
    6.90317116    7.09169497    7.25154091    7.28840347    7.28897625
    7.31282676    7.3401738     7.43712428    7.4477424     7.4686908 ]
[  0.00000000e+00   0.00000000e+00   0.00000000e+00   0.00000000e+00
   0.00000000e+00   1.00000000e+00   0.00000000e+00   1.00000000e+00
   0.00000000e+00   0.00000000e+00   1.00000000e+00   0.00000000e+00
   1.00000000e+00   9.99990000e+03   9.99990000e+03   6.86630780e+01
   8.16732560e+01  -1.76882520e+02  -5.60171170e+01  -1.40727910e+02
   2.80212150e+01  -3.67274400e+01   3.25614200e+01  -1.56712270e+01
  -7.73705240e+00   4.00000000e+00   0.00000000e+00   0.00000000e+00
   3.01266461e+00   3.22474249e+00   3.51736460e+00   3.79798949e+00
   3.82159593e+00   4.00885538e+00   4.07166516e+00   4.17951760e+00
   4.31796703e+00   4.32364817e+00   4.36711721e+00   4.64459518e+00
   4.68659063e+00   4.90201360e+00   4.92195927e+00   5.14148744e+00
   5.33599091e+00   5.64275263e+00   5.65116439e+00   5.87372091e+00
   6.13502410e+00   6.13871336e+00   6.21297168e+00   6.24939085e+00
   6.50363564e+00   6.50441574e+00   6.72352544e+00   6.97446118e+00
   7.12040625e+00   7.15718702e+00   7.39536259e+00   7.42004197e+00
   7.47869941e+00   7.49509929e+00   7.54498578e+00   7.59048197e+00
   7.59317965e+00   7.64832898e+00   7.72980125e+00   7.75432354e+00
   7.78239227e+00   7.80989907e+00   7.98226807e+00   8.01617900e+00
   8.19180862e+00   8.19679266e+00   8.41655737e+00   8.42689674e+00
   8.52090701e+00   8.57749993e+00]
[   1.            0.            0.            0.            0.            0.
    0.            3.            1.            0.            0.            0.
    3.          -75.292526   -174.83168      52.349747     75.049728
 -170.67633     -62.637871   -137.16776      35.760517    -37.7505
   23.926226     -2.0342278   -22.224352      2.            1.            0.
    4.06543124    4.1318086     4.42748971    4.49431111    4.62201315
    4.68190817    4.68703524    4.83535473    4.90872156    5.02045561
    5.03269013    5.15972184    5.16429851    5.22883806    5.37168637
    5.53013393    5.54254956    5.58224538    5.5957258     5.60523206
    5.66110007    5.72996806    5.92385482    5.95290119    5.95995317
    5.97077584    5.97592818    6.00531557    6.27239125    6.27530444
    6.56454543    6.6561858     6.69832877    6.94461935    7.11273177
    7.12282922    7.15325247    7.17237059    7.37084587    7.52860909
    7.62918261    7.68365448    7.72361697    7.74508306    7.75301961
    7.92329443    7.92772048    8.00858028    8.07734264    8.07820151]
[  1.00000000e+00   0.00000000e+00   0.00000000e+00   0.00000000e+00
   0.00000000e+00   0.00000000e+00   0.00000000e+00   2.20000000e+01
   0.00000000e+00   1.00000000e+00   0.00000000e+00   0.00000000e+00
   1.00000000e+00  -4.42087900e+01   1.63622770e+02   6.62043530e+01
   1.51895260e+02   9.99990000e+03   9.99990000e+03  -1.00006260e+02
  -4.27944070e+01   2.84068430e+01  -1.84291880e+00  -2.45962050e+01
   4.35322760e+01   3.00000000e+00   1.00000000e+00   0.00000000e+00
   4.29137632e+00   4.67633466e+00   4.98594103e+00   5.17665782e+00
   5.41317807e+00   5.46565804e+00   5.49641096e+00   5.71054306e+00
   5.83974813e+00   5.90097254e+00   6.22214945e+00   6.39590302e+00
   6.42190967e+00   6.47203092e+00   6.57642906e+00   6.67576757e+00
   6.87361671e+00   6.92343551e+00   6.95031830e+00   7.06710881e+00
   7.24075745e+00   7.53453494e+00   7.55812588e+00   7.69015091e+00
   7.69161899e+00   7.70929478e+00   7.78355700e+00   7.81418598e+00
   7.96771525e+00   8.12227804e+00   8.12487608e+00   8.25466301e+00
   8.32674106e+00   8.38755124e+00   8.40956005e+00   8.41712411e+00
   8.43514652e+00   8.44929465e+00   8.46192762e+00   8.48210527e+00
   8.49603277e+00   8.66465179e+00   8.69191558e+00   8.87453498e+00
   8.98001164e+00   9.06050910e+00   9.10668372e+00   9.13519710e+00
   9.15466188e+00   9.15711536e+00]
[   1.            0.            0.            0.            0.            0.
    0.           35.            0.            1.            0.            0.
    2.          -73.19313     178.72159      53.538521     82.081474
 -142.97421     -79.209076   -165.74196      43.416805    -36.839523
   16.168554     10.238695    -32.088673      3.            0.            0.
    4.30501459    4.46356401    4.50996266    4.63958863    4.68605998
    4.72308526    4.77673819    4.78473478    4.88875277    4.91456262
    4.95374961    5.02552045    5.24209723    5.2451414     5.2549399
    5.32051182    5.4807712     5.49097003    5.55985714    5.61767579
    5.64465555    5.6869463     5.68776409    5.69148588    5.74590803
    5.75769505    5.7868882     5.84274258    6.00007636    6.14563995
    6.26750626    6.28880359    6.31301573    6.36855651    6.40939298
    6.65309485    6.6759511     6.72890588    6.8904526     6.90884069
    6.9112321     6.9176389     6.92432019    6.97000255    7.16712043
    7.25683116    7.27428474    7.45189703    7.66699225    7.68676938]
[   1.            0.            0.            0.            0.            0.
    0.           28.            0.            0.            1.            0.
    2.          -71.880692   -134.75473      51.359631    150.10248
  -85.625511    164.24507     -79.510529    -30.45875      30.144308
  -17.814276     -2.1341417    20.88648       4.            0.            0.
    4.57245609    4.86312052    4.95506257    5.36023139    5.37534445
    5.37904239    5.38997681    5.40226439    5.45895521    5.56537297
    5.59064836    5.6248671     5.87660674    5.94130442    6.17334673
    6.28860928    6.31091703    6.45401217    6.60287476    6.68403197
    6.71896868    6.76134966    6.766168      6.87054569    7.04820047
    7.11976278    7.14083852    7.26044069    7.3456931     7.3881923
    7.57475232    7.66186031    7.71102569    7.74356473    7.77386983
    7.81958333    7.82165469    7.92684009    8.0142304     8.15230396
    8.19110434    8.21194889    8.23430793    8.29017208    8.30388111
    8.32213597    8.35293343    8.35811357    8.37850782    8.38751092]
[   1.            0.            0.            0.            0.            0.
    0.           21.            0.            0.            1.            0.
    3.          -83.872009    176.24788      76.920639     84.330566
 -151.88187     -72.420448   -159.00322      31.188606    -32.295464
   19.935165      0.97297311  -20.532824      3.            1.            0.
    3.79234256    4.06293589    4.23351353    4.6712046     4.73410684
    4.74979664    4.79221546    4.86410186    4.88700053    4.9146234
    4.92459811    5.23083983    5.28140562    5.28887742    5.2973505
    5.49967326    5.51717671    5.56013266    5.58224269    5.59082206
    5.59755787    5.65665077    5.70504285    5.85170595    5.98047624
    6.01533529    6.08567146    6.39673815    6.4578787     6.49341187
    6.51601995    6.58757591    6.68418208    6.70416046    6.87449579
    6.88970818    6.9219376     6.93685016    7.09427212    7.43913713
    7.61317627    7.64909255    7.67147084    7.72896619    7.74596008
    7.77059909    7.88661913    7.90185092    7.97204458    7.99745898]
[   1.            0.            0.            0.            0.            0.
    0.           32.            0.            0.            0.            1.
    2.          -88.441902    160.83728      68.574806     67.431076
 -159.20764     -69.320587   -154.3076       49.296478    -44.439049
   22.219069      9.1632795   -37.044151      2.            0.            0.
    4.0519755     4.11750711    4.38397738    4.46389873    4.67584913
    4.69432995    4.72243493    4.74068127    4.80845433    4.8641291
    4.89319081    5.13908453    5.259387      5.30026368    5.36022501
    5.40713898    5.43745386    5.49967192    5.51755419    5.5715161
    5.58535081    5.75396888    5.76470383    6.06046838    6.06978755
    6.1920728     6.24425255    6.25601604    6.26549144    6.3344674
    6.51435264    6.58590049    6.64534106    6.6517099     6.67009981
    6.80118749    6.82775045    6.88866384    6.92511104    7.02097437
    7.12495199    7.21249732    7.33375569    7.39372007    7.39833458
    7.5273204     7.55289035    7.66937525    7.75670944    7.79868002]
[   0.            0.            1.            0.            0.            0.
    0.           23.            0.            0.            0.            1.
    0.          -84.422417   -176.42017      56.55994      70.773735
 -133.04265     -52.165771   -138.98306      39.513866    -42.647488
   28.038589     -0.77126342  -25.541204      1.            0.            0.
    3.201662      3.30530775    3.49483994    3.56823479    3.70398004
    3.81415269    3.87441863    3.98652485    4.10037437    4.10722727
    4.33810635    4.34299028    4.5312479     4.55492903    4.62100612
    4.64616857    4.70263872    4.73039244    5.00259026    5.05770044
    5.13797281    5.22741094    5.29525993    5.44968316    5.61489481
    5.70279127    5.81060173    5.85648317    5.95034592    5.97379144
    6.11844923    6.12587759    6.21572182    6.22268222    6.23297445
    6.29808676    6.30723446    6.50477068    6.5100014     6.52576219
    6.56022931    6.63178607    6.70331433    6.93942962    6.94539027
    7.04272322    7.1746955     7.24880836    7.31477263    7.32136201]
[   0.            0.            0.            1.            0.            0.
    0.           10.            0.            1.            0.            0.
    0.          179.13091     153.31905      28.359995    146.13126
  -83.755554    149.74344    -122.205       -34.012669     23.181335
   -2.3920379   -20.759699     34.510803      0.            2.            0.
    3.52979926    3.65256378    3.67594481    3.90222099    3.93759229
    4.46119386    4.5896172     4.63843773    4.64858376    4.98974321
    5.11598696    5.28019369    5.402284      5.47977664    5.62727785
    5.8749948     5.92757873    5.94055321    6.46059686    6.54778911
    6.5696589     6.67935506    6.73982346    6.89081786    7.05029969
    7.25244194    7.28352197    7.52245454    7.65431752    7.74418644
    7.83624417    8.06076873    8.06095843    8.188347      8.36411795
    8.56425101    8.637709      8.72108764    8.88614968    8.91290079
    8.93988539    9.0047941     9.13242906    9.20385684    9.38044701
    9.50059493    9.70232394    9.77950529    9.85206762    9.92922599]
[   0.            0.            0.            1.            0.            0.
    0.            3.            0.            1.            0.            0.
    2.          -90.644981   -176.21918      74.660431     82.606895
 -163.25703     -69.902016   -153.60202      32.15266     -34.247917
   20.918795      1.551669    -22.921759      4.            0.            0.
    3.73532718    3.90056705    4.02964686    4.03571489    4.060764
    4.1946826     4.25664579    4.31832748    4.4487957     4.49645276
    4.60912377    4.61656097    4.62947695    4.74106129    4.88848329
    5.04359529    5.07761633    5.20985031    5.26694517    5.32966328
    5.34201346    5.62392843    5.75135121    5.7898916     5.81133967
    5.89954433    5.9177493     5.92568024    6.11143028    6.18220747
    6.21673935    6.29997659    6.34906135    6.48692371    6.50045496
    6.67023828    6.67732894    6.85597027    6.95418941    7.01655633
    7.02972566    7.16643357    7.17797013    7.21407678    7.24868632
    7.26927038    7.31251327    7.32382426    7.53270801    7.55287361]
[   0.            1.            0.            0.            0.            0.
    0.            6.            1.            0.            0.            0.
    3.          -58.473301    174.50049      55.925182     79.81144
 -147.60574     -88.280762   -156.81941      32.396652    -32.391853
   20.112686      0.66910326  -21.301559      0.            1.            0.
    3.42581214    3.49844835    3.55699861    3.59605253    3.67350237
    3.73177624    3.77273027    3.7745837     3.90408659    4.00943011
    4.11104879    4.38993408    4.40779789    4.47747534    4.48755806
    4.56962887    4.59242578    4.63378404    4.64391999    4.66592059
    4.81785439    4.88879387    4.92666458    4.93847819    5.06627833
    5.15352208    5.36460741    5.42391177    5.43761769    5.64844121
    5.75767029    5.94574445    6.05322507    6.07360893    6.13788673
    6.35018241    6.59367469    6.62391745    6.63887923    6.75651152
    6.78072362    6.89185961    6.94264015    6.98494449    7.00435727
    7.0491751     7.05867527    7.08425735    7.12370381    7.13161173]
[   0.            0.            0.            0.            1.            0.
    0.           17.            0.            0.            1.            0.
    3.          -86.656685    160.67868      77.394157     77.415535
 -163.81062     -57.520149   -153.96458      44.742592    -41.601994
   22.501101      7.5527606   -33.678795      3.            1.            0.
    3.72398897    3.98204571    4.04961947    4.21997414    4.28962548
    4.30113422    4.35651262    4.36476235    4.40544479    4.41655336
    4.51346809    4.56893961    4.62785154    4.79542127    4.9970426
    5.0924582     5.17552779    5.34679887    5.40631317    5.42583879
    5.48449482    5.51620406    5.56506646    5.66064408    5.71895931
    5.74447835    5.75745181    5.90812202    6.10920386    6.133078
    6.27458846    6.45458072    6.59361778    6.76716763    6.79868945
    6.80674103    6.84860432    6.91064257    6.92915099    7.14746856
    7.26364369    7.32496047    7.34904763    7.39337936    7.39346501
    7.43811009    7.44618373    7.50107442    7.535678      7.55243071]
[   0.            0.            0.            0.            1.            0.
    0.           28.            0.            0.            1.            0.
    2.          -33.388817   -164.56558      51.381588     74.771088
 -165.05339     -70.761177   -141.67303      37.622219    -35.226311
   19.70821       4.5631266   -26.357889      2.            1.            0.
    3.58271035    4.00182706    4.08048984    4.16853873    4.64071722
    4.86295138    4.8686044     4.97158943    5.06940795    5.28841673
    5.44451788    5.60784498    5.74932578    5.77356781    5.84952677
    5.95183437    6.10734081    6.1821996     6.21397785    6.38031751
    6.53953015    6.64874043    6.8355414     6.85704726    6.93068145
    6.94841038    7.00168951    7.10796776    7.13498706    7.23867816
    7.25380571    7.27639543    7.29036937    7.29624497    7.38434249
    7.47579656    7.54493995    7.67873118    7.69927334    7.76416974
    7.80378326    7.81697822    7.82340533    7.97266344    7.9965347
    8.01429398    8.02985528    8.10028695    8.12245936    8.18954729]
[   0.            0.            0.            1.            0.            0.
    0.           29.            0.            0.            0.            1.
    2.          -61.22261     171.66171      60.254158     77.363503
 -159.53671     -66.924065   -142.4166       32.358101    -32.926033
   21.682026     -0.59807098  -19.647602      3.            0.            0.
    4.02257154    4.02289472    4.11260495    4.14679255    4.41943585
    4.42139672    4.48180364    4.53878323    4.53960849    4.64383049
    4.69937749    4.79563743    4.85924941    5.00856033    5.03479255
    5.05809371    5.1350598     5.22862072    5.49734516    5.60943781
    5.64425783    5.67611511    5.69160069    5.81072777    5.82674108
    5.89715331    6.0558727     6.19869737    6.20190459    6.26534829
    6.3031544     6.31610763    6.3424504     6.36429638    6.57307433
    6.59996762    6.65761947    6.6817196     6.77907222    6.92150702
    7.16863612    7.20538631    7.27042556    7.32407907    7.4915662
    7.57744761    7.71708305    7.74252886    7.76305658    7.78446705]
[   0.            0.            0.            0.            1.            0.
    0.            2.            1.            0.            0.            0.
    3.          -81.511284    176.1729       58.747089     80.889458
 -162.03694     -55.999943   -140.71904      38.801849    -35.27766
   19.942717      4.234199    -27.83057       2.            1.            0.
    3.60002905    3.8495405     3.90723664    4.04630462    4.06920032
    4.11087225    4.3490714     4.42739757    4.48220178    4.48885818
    4.61077235    4.82713917    4.83271584    4.87815636    4.89156721
    4.97133471    4.99027868    4.9958048     5.00292769    5.36283713
    5.36514761    5.3949754     5.49003979    5.54706524    5.61364635
    5.72696402    5.7362801     5.78944116    5.82729645    5.8670931
    6.3706536     6.56056047    6.60611638    6.62692222    6.67737523
    6.84378677    6.88107416    7.02023018    7.04165226    7.08792618
    7.09091036    7.13270322    7.18740177    7.187946      7.2427086
    7.2428699     7.32547676    7.32861542    7.35702299    7.36479445]
[   0.            0.            1.            0.            0.            0.
    0.           18.            0.            1.            0.            0.
    2.          -63.473663    178.85669      52.295601     91.384094
 -148.06691     -55.149826   -155.51886      25.718199    -24.237005
   12.2994        4.5872307   -20.333914      5.            0.            0.
    3.59192945    3.65373792    3.74161954    3.83519738    3.89297439
    4.03317987    4.05248101    4.15262821    4.21907792    4.51918251
    4.56861471    4.75118475    4.85735588    4.92514845    4.94177505
    5.03316299    5.10762189    5.21665647    5.37665789    5.41037151
    5.5009917     5.50102232    5.61869319    5.64817704    5.69143909
    5.69849699    6.01234603    6.01628726    6.01862812    6.13110918
    6.19464386    6.23952014    6.29515063    6.45225374    6.51255787
    6.52499177    6.54224711    6.60175709    6.65393377    6.67691813
    6.70737952    6.75366723    6.920105      6.94812101    7.02358148
    7.03759627    7.09675659    7.1398451     7.14439287    7.21146422]
[   1.            0.            0.            0.            0.            0.
    0.           11.            1.            0.            0.            0.
    0.          -55.019711    179.29445      59.560791    141.98476
 -110.11299      50.749119    -56.939449    -37.881859     19.684429
    4.6736984   -30.28183      42.027748      0.            2.            0.
    4.4492365     4.97950675    4.98203146    5.21990913    5.71290894
    6.02463997    6.07039857    6.29151082    6.33830151    6.70511805
    6.8765326     6.90364824    6.99915351    7.0926363     7.28024631
    7.33324518    7.44548468    7.46077571    7.74379457    7.81948705
    7.9209025     7.9713562     8.01462096    8.22378757    8.42522789
    8.46189643    8.47415916    8.72886828    8.77253105    8.8605333
    8.8744702     9.14816544    9.33855089    9.39512942    9.51729756
    9.96865034    0.            0.            0.            0.            0.
    0.            0.            0.            0.            0.            0.
    0.            0.            0.        ]
[   0.            0.            0.            0.            1.            0.
    0.           14.            0.            0.            1.            0.
    0.          -66.798729   -139.79225      67.258858     71.798752
 -166.90982     -33.006645     21.090292     47.032352    -48.085712
   29.438755      0.51434255  -29.583494      1.            1.            0.
    2.9469955     3.57672496    3.93467851    4.09744651    4.5055731
    4.50678957    4.68170961    4.7069659     4.73343658    4.83227378
    5.10163776    5.1285313     5.14026737    5.25840716    5.34835984
    5.53329031    5.54377623    5.62163957    5.82845439    6.00647304
    6.08321148    6.12046206    6.14410746    6.15596719    6.21648426
    6.22468543    6.22562353    6.25099085    6.45812638    6.47861545
    6.61129737    6.61556525    6.63989998    6.76002742    6.79724536
    6.95845963    6.99441733    7.03955916    7.07422574    7.09149086
    7.09848524    7.179396      7.24098295    7.34255473    7.36970518
    7.37171915    7.40662385    7.53224005    7.57697354    7.58909613]
[   0.            0.            0.            0.            0.            0.
    1.           32.            0.            0.            0.            1.
    3.          -70.25412     176.01208      42.470039     73.6679
 -163.30244     -67.782372   -160.69093      40.094444    -40.630737
   24.114389      3.3253715   -27.794184      2.            1.            0.
    3.04254547    3.4807084     3.50689326    3.57852211    3.57868257
    3.5959695     3.64815675    3.73568032    3.98618389    4.07292261
    4.0774833     4.12154456    4.18504681    4.33413315    4.35377646
    4.48319156    4.50201915    4.62428046    4.66024447    4.72461616
    4.78538971    4.85640244    4.93028732    5.09765398    5.10867499
    5.37321639    5.41994492    5.55177622    5.58747363    5.61584573
    5.62384238    5.63670741    5.66017437    5.68973504    5.91856387
    5.93215786    6.26727928    6.36025575    6.6026277     6.63859393
    6.67200474    6.67546317    6.68152115    6.68419314    6.7404802
    6.74987578    6.75519039    6.81833388    6.8375105     6.84106159]
[   1.            0.            0.            0.            0.            0.
    0.           25.            1.            0.            0.            0.
    3.          -59.55418     160.38583      50.391666     75.206406
 -167.80551     -72.235397   -138.36333      43.430561    -39.629486
   20.996239      7.8510542   -31.051752      2.            1.            0.
    3.96483435    4.00205254    4.05611212    4.35264738    4.43304123
    4.4718434     4.54293512    4.58022563    4.67341965    4.72361388
    4.79723873    4.88715872    5.06376999    5.16155193    5.19598441
    5.22352737    5.24682823    5.30786304    5.34200646    5.37625196
    5.39614238    5.46538485    5.58055751    5.89774666    5.98665023
    6.04644513    6.05968903    6.07111143    6.11679017    6.36349505
    6.57472038    6.60249865    6.62499106    6.62947179    6.64230048
    6.67218499    7.00908133    7.04450969    7.21195462    7.32282977
    7.61483561    7.70727791    7.71384347    7.73229652    7.86842167
    7.91790751    7.9260413     7.93702914    7.97254766    7.99727552]
[   0.            0.            0.            0.            0.            1.
    0.           17.            0.            0.            1.            0.
    2.         -115.10166    -129.40559      61.058037     81.154694
 -155.69957     -64.716904   -154.78609      34.424252    -34.108044
   21.455111      0.33161291  -21.460907      3.            1.            0.
    3.07861868    3.35414155    3.43106089    3.48543989    3.53570403
    3.56536193    3.64679638    3.65438988    3.67693558    3.71353104
    3.79774172    3.81295729    3.83143307    3.84287916    3.89737617
    3.90041482    4.04094645    4.0502557     4.1561837     4.16101172
    4.31274632    4.36775198    4.37187609    4.45555681    4.53683532
    4.55003851    4.58157448    4.96553971    5.01549972    5.07488891
    5.14592211    5.258866      5.62153941    5.73275579    5.73569015
    5.83662995    5.97805191    6.00578961    6.03914207    6.25552302
    6.36878429    6.39391711    6.39816205    6.52328054    6.53636787
    6.55639074    6.58312174    6.6148976     6.61898938    6.7248661 ]
[   1.            0.            0.            0.            0.            0.
    0.            7.            0.            1.            0.            0.
    1.          -70.691719    167.60616      70.072853     65.642975
 -178.77522     -90.052116   -150.98047      32.940666    -36.093288
   23.594406     -3.315702    -18.466764      2.            1.            0.
    4.18042531    4.37465434    4.48023946    4.49808771    4.50513111
    4.60295832    4.62002865    4.64096782    4.66774475    4.66936241
    4.69303361    4.70779814    4.81514156    4.85231347    4.94213372
    5.1396954     5.31875735    5.39699033    5.43221217    5.44506519
    5.63144498    5.65972964    5.7456659     5.79354385    5.84483241
    5.95031911    6.01544607    6.03851354    6.07837906    6.25268251
    6.27941233    6.28699953    6.34635147    6.44355914    6.44488163
    6.531108      6.69875753    6.81748861    7.09234289    7.09729011
    7.1227377     7.13740303    7.18673192    7.2080927     7.21445285
    7.26744583    7.4100343     7.44244017    7.51510974    7.53436883]
[   0.            0.            0.            1.            0.            0.
    0.            3.            0.            1.            0.            0.
    2.          -38.177986    107.87127      58.515682     72.982437
 -103.55859    -141.2614     -149.47588      40.149696    -40.50576
   21.380827      5.217742    -29.903946      3.            3.            0.
    3.42386853    3.63731417    3.66266462    3.72928988    3.74931274
    3.96514494    4.02398131    4.20246566    4.5228677     4.68850582
    4.69518875    4.70598378    4.75486111    4.77309576    4.91491075
    5.03193322    5.16243668    5.34553093    5.36437777    5.39818034
    5.47654129    5.607988      5.71396688    5.85230453    5.89694409
    5.90068578    5.99503344    6.07445898    6.11510114    6.15645426
    6.18520231    6.19059694    6.32526271    6.42502348    6.53478626
    6.58792657    6.71674932    6.76317011    6.87211956    6.99953175
    7.10174804    7.12713667    7.21530887    7.21999434    7.29126097
    7.4966071     7.54706481    7.54798507    7.55427889    7.56169656]
[   0.            0.            0.            0.            1.            0.
    0.           20.            0.            0.            1.            0.
    3.          -70.8806      176.67003      67.582001     81.68708
 -145.62444     -51.256588   -171.5584       42.894073    -40.081585
   20.466793      7.4687891   -31.609322      3.            2.            0.
    3.42737588    3.53169673    3.73466393    3.9733953     3.98787535
    4.18506353    4.33942525    4.36607265    4.44715043    4.45972666
    4.51186203    4.57528265    4.62690755    4.65615327    4.76140849
    4.80196175    5.02120943    5.09295469    5.29226081    5.39584391
    5.42518997    5.45917231    5.49985247    5.66741562    5.68254634
    5.69658631    5.85085145    5.88751346    5.92267114    6.14605839
    6.17704286    6.2075717     6.25278075    6.38261692    6.51570258
    6.54864471    6.65216447    6.75538394    6.7880256     6.82911966
    7.01212333    7.03604734    7.11988668    7.12938572    7.13773031
    7.19404479    7.20804329    7.38264534    7.38414091    7.40919519]
[   0.            0.            1.            0.            0.            0.
    0.           15.            0.            1.            0.            0.
    3.          -80.803696    168.2254       74.505547     78.136101
 -147.54027     -75.963089   -158.0117       32.883514    -30.177574
   15.322826      6.2190213   -25.065443      3.            2.            0.
    3.20637735    3.56457586    3.65617626    3.98933415    4.03491624
    4.08346443    4.11970893    4.16163188    4.25614559    4.25837269
    4.30566574    4.52415501    4.66755047    4.74296487    4.82792138
    4.92080717    5.0364296     5.11827361    5.24071232    5.24204159
    5.25713138    5.31434958    5.49337233    5.56059681    5.64550515
    5.85693568    5.96874598    6.06127301    6.06977651    6.20068476
    6.21318817    6.2303374     6.24365091    6.38703907    6.52767457
    6.5351978     6.54354192    6.55975899    6.57470701    6.64004966
    6.65750827    6.67052472    6.72208089    6.75072472    6.82824487
    6.83070793    6.87538469    6.87693702    6.97027668    7.15332327]
[   0.            0.            0.            1.            0.            0.
    0.           16.            0.            1.            0.            0.
    1.          -83.724037    169.97375      71.809059     71.577446
 -130.32869     -81.765526   -150.39688      46.539268    -41.741489
   17.811193     11.892753    -35.973534      3.            2.            0.
    3.72854407    3.74185737    3.84731214    4.1703249     4.17082703
    4.24234222    4.36264949    4.40193628    4.48137003    4.50327563
    4.53803833    4.5738217     4.68536086    4.68667636    4.78343228
    4.85641229    4.9747585     4.98646224    5.088805      5.17828094
    5.33006574    5.49052739    5.5128431     5.55818337    5.56068525
    5.63892835    5.72050628    5.72289271    5.72640259    5.82225593
    5.93264131    5.99585635    6.0806713     6.14440306    6.31965234
    6.39398128    6.41348912    6.60120563    6.65082114    6.74119267
    6.80354252    6.86720307    6.91345007    6.95055655    6.97200472
    7.13443258    7.36932474    7.41464613    7.41675522    7.41732317]
[   0.            0.            0.            0.            1.            0.
    0.           28.            0.            0.            1.            0.
    3.          -74.127113    176.03192      69.035515     83.4879
 -131.29819    -100.39596    -162.40738      41.060192    -39.911537
   22.502752      3.262068    -28.113626      3.            0.            0.
    3.52569345    3.66825501    3.84843791    3.89583746    3.97968439
    4.11193792    4.19975116    4.34556871    4.48256888    4.56036577
    4.59397889    4.59550798    4.59700781    4.87049934    4.94208229
    5.03419339    5.11423258    5.16772032    5.26464353    5.29854531
    5.33015467    5.38518941    5.43078535    5.54301173    5.56706945
    5.63640647    5.85824221    5.97522653    6.10622169    6.28904637
    6.36895103    6.36916539    6.44583219    6.6350504     6.86787765
    6.91775171    6.93708847    7.00936202    7.05147959    7.07705206
    7.1061707     7.10909533    7.15535818    7.17766444    7.24154147
    7.29261366    7.37514655    7.46230762    7.59059908    7.65826999]
[   1.            0.            0.            0.            0.            0.
    0.           17.            0.            0.            1.            0.
    3.          -81.677361   -179.44856      64.481689     72.175407
 -134.74434     -69.957947   -159.21292      42.79528     -37.284088
   18.958473      8.8030128   -32.736687      3.            1.            0.
    4.11618529    4.29024752    4.38066076    4.59491305    4.86192655
    4.86386654    4.9627813     4.96779091    5.04479833    5.07230637
    5.13084461    5.18712471    5.38664943    5.42852719    5.46416399
    5.590471      5.63808435    5.66192568    5.76623464    5.79878805
    5.81068735    5.81623602    6.0013182     6.061794      6.1040248
    6.10831789    6.1890664     6.49680559    6.51778196    6.57205976
    6.68354381    6.81898133    6.82252627    6.89249285    7.07031306
    7.09012297    7.10482468    7.14284537    7.31922756    7.35442313
    7.36045307    7.36891925    7.63522286    7.71083133    7.77443829
    7.7969676     7.99458379    8.02417428    8.14408269    8.146078  ]
[   1.            0.            0.            0.            0.            0.
    0.           13.            0.            0.            0.            1.
    2.          -58.830627    144.86131      72.108017     82.506348
 -151.55154     -49.033138   -154.05365      38.493118    -40.541306
   26.559233     -0.99563628  -24.821093      2.            0.            0.
    4.00828996    4.02324395    4.06363357    4.54785761    4.69369244
    4.77003948    4.79515492    4.85209845    4.96597303    4.99891996
    5.08584313    5.12717352    5.19582135    5.28127425    5.3051512
    5.33605549    5.3543945     5.40165934    5.49061698    5.70418654
    5.71611285    5.81693888    5.82983242    5.86819669    5.89058072
    6.01305237    6.17448397    6.18932168    6.28082489    6.37105881
    6.39430013    6.39905755    6.59372615    6.70093307    6.73482836
    6.79070147    6.82548783    6.86149653    7.00595163    7.03125738
    7.03552086    7.04493749    7.18229483    7.26743342    7.36220489
    7.37371736    7.41937352    7.44194484    7.44991923    7.51133438]
[   0.            0.            0.            1.            0.            0.
    0.           26.            0.            1.            0.            0.
    2.          -81.122078    175.81624      64.011414     76.01416
 -164.50824     -86.826927   -155.00034      43.128422    -41.427757
   23.922033      5.1493239   -31.96987       4.            1.            0.
    3.64719364    3.67443305    3.69483558    3.72530802    3.76871445
    4.00216797    4.31335654    4.3224589     4.45193701    4.49282414
    4.5474968     4.63638265    4.87394488    4.90160154    5.09245393
    5.16160821    5.28091816    5.30012804    5.45262501    5.4550261
    5.5005401     5.61393722    5.66169751    5.83447424    5.87777236
    6.03592097    6.06983235    6.24898275    6.28883036    6.29079464
    6.3567013     6.4339085     6.50371126    6.71047371    6.73715469
    6.81082421    6.90554787    6.94394214    6.99882112    7.00358881
    7.1017381     7.13224916    7.18786657    7.28832873    7.32212982
    7.3873563     7.46569853    7.50110558    7.56129175    7.57204628]
[   0.            0.            0.            1.            0.            0.
    0.           28.            0.            1.            0.            0.
    2.          -64.258598   -178.67233      55.036568     78.479614
  171.6198      -88.796761   -160.0598       35.356716    -35.098244
   21.703684      2.1396372   -24.124519      1.            2.            0.
    3.76697862    3.87519751    3.95899859    3.970188      4.09926759
    4.3104756     4.3232335     4.37563213    4.51603283    4.53727297
    4.54690103    4.73293044    4.85635843    4.97049312    4.99531193
    5.15114912    5.22738019    5.29020691    5.44272163    5.55333171
    5.59543456    5.80045136    5.91813681    6.0152457     6.1815149
    6.4368306     6.44741808    6.4709383     6.50734416    6.54774387
    6.87091295    6.89140228    7.09341591    7.12355407    7.19699719
    7.25396484    7.31598908    7.32914877    7.38249779    7.38404365
    7.38619693    7.40465861    7.48530226    7.53670933    7.59476833
    7.65940308    7.67550704    7.7295132     7.77049713    7.804642  ]
[   0.            0.            0.            0.            0.            1.
    0.            6.            0.            0.            1.            0.
    3.         -104.50684     175.86095      59.142708     84.200569
 -140.56467     -64.690742   -163.68558      42.566761    -34.510098
   11.415819     16.282074    -36.65831       4.            0.            0.
    2.98977328    3.19897182    3.20332271    3.24553135    3.34406443
    3.59336306    3.69383826    3.74692565    3.80538963    3.86658146
    3.8703774     3.92351169    3.94206688    4.03602352    4.08777585
    4.18786756    4.41027775    4.48242479    4.51738947    4.53727297
    4.55904714    4.61347144    4.6199948     4.67873199    4.96121661
    5.00328322    5.21383666    5.31423989    5.35620658    5.43778961
    5.54386425    5.56206903    5.67342728    5.84140828    5.85833444
    5.9852806     5.99009444    6.09970808    6.1262473     6.21346444
    6.29450044    6.31676701    6.35818257    6.38134737    6.53756736
    6.59423425    6.61768321    6.61933916    6.77269322    6.77665133]
[   0.            0.            1.            0.            0.            0.
    0.           17.            0.            0.            0.            1.
    1.          -85.965508    179.58455      70.588905     78.848724
  173.56873     -94.194427   -150.39948      31.037348    -33.95253
   23.532249     -3.4729946   -18.861029      2.            1.            0.
    3.34797995    3.65736197    3.8292212     4.20402636    4.35627582
    4.44016526    4.54539095    4.77454835    4.89053951    5.09509953
    5.45565166    5.45590005    5.58641673    5.73356974    5.74001453
    5.84884409    5.86620686    5.9496247     6.22271817    6.24017763
    6.25273699    6.28711623    6.55994748    6.6812292     6.7049097
    6.70662362    6.74724148    6.79798383    6.85483024    6.87658629
    6.9434533     6.99345596    7.07646333    7.09990994    7.13682101
    7.15459588    7.20648492    7.27778758    7.33743147    7.35048302
    7.37854279    7.3836057     7.39008458    7.40085835    7.42677621
    7.45513961    7.54415827    7.55479401    7.62216967    7.6265412 ]
[   0.            0.            1.            0.            0.            0.
    0.            7.            0.            1.            0.            0.
    1.          -43.489182   -171.39781      62.360142     70.491135
 -164.30052     -63.981262   -158.92801      45.163406    -45.771156
   28.09409       2.2544644   -31.522537      3.            2.            0.
    3.68428463    3.86046288    4.42973584    4.46118634    4.47536099
    4.48629179    4.62150501    4.90955686    5.02735379    5.19266953
    5.48104055    5.48495578    5.56887637    5.56978925    5.61479962
    5.73685945    5.87101678    5.88865743    5.89439831    6.07278694
    6.14332864    6.23048008    6.33625961    6.37343639    6.4599865
    6.53760097    6.5438894     6.68906308    6.72529634    6.72879777
    6.73798586    6.81385569    6.87751473    6.9299241     6.95674414
    7.05714454    7.1429535     7.26041314    7.27757411    7.31487474
    7.339843      7.36442701    7.53141509    7.6038774     7.62382595
    7.64624956    7.65026373    7.65114104    7.80206628    7.80512917]
[   0.            0.            1.            0.            0.            0.
    0.           20.            0.            0.            0.            1.
    1.          102.92495     159.47142      56.087074    132.23294
   62.835381     72.447693   -115.36235     -31.537823     17.12328
    6.4909925   -27.198158     35.426819      1.            1.            0.
    4.07848488    4.67491329    4.7136155     4.97353692    5.00586846
    5.43002932    5.50177767    6.13759574    6.3279654     6.34699237
    6.40871206    6.41932258    6.54377129    6.54615746    6.62923393
    6.77337527    6.90868402    6.9711011     7.09438924    7.14209596
    7.50611513    7.59189807    7.60131995    7.64676834    7.69119964
    7.74393835    7.7980773     7.82627344    7.88818564    7.9466927
    8.02021993    8.16708118    8.17463997    8.27743842    8.36384013
    8.36441457    8.56959201    8.61673374    8.74580258    8.76426089
    8.86015695    8.88948063    8.89562962    8.9163913     9.0317777
    9.08440768    9.09655524    9.20196333    9.25414894    9.27809777]
[   0.            0.            0.            0.            0.            1.
    0.            4.            0.            0.            1.            0.
    3.          -91.130478    157.47981      83.703667     74.970459
 -163.77299     -65.160271   -157.48036      39.478031    -37.532955
   21.434065      4.1981997   -29.531828      5.            1.            0.
    2.92715628    3.19725455    3.28604225    3.37845867    3.50972447
    3.65776232    3.66691076    3.71236753    3.75344827    3.93461252
    3.95835152    3.98286884    4.08874883    4.10865926    4.11678869
    4.2124116     4.22907486    4.24087072    4.24911451    4.3703506
    4.39289538    4.43029553    4.49495904    4.71595897    4.74294996
    4.81043625    4.90419303    4.91160122    5.25127095    5.25735396
    5.27351214    5.27509217    5.30026368    5.54037402    5.58601247
    5.74063852    5.91046757    5.93645029    6.05099941    6.27056776
    6.27564706    6.59103217    6.59925711    6.63409083    6.66351734
    6.74838553    6.80950238    6.88942764    6.91853774    6.93292431]
[  0.00000000e+00   0.00000000e+00   0.00000000e+00   0.00000000e+00
   1.00000000e+00   0.00000000e+00   0.00000000e+00   1.40000000e+01
   0.00000000e+00   0.00000000e+00   1.00000000e+00   0.00000000e+00
   1.00000000e+00   9.99990000e+03   9.99990000e+03   5.89781270e+01
   6.15796970e+01  -1.44284290e+02  -7.40526580e+01  -1.63781810e+02
   4.27432480e+01  -4.45502130e+01   2.93873520e+01  -3.14951900e+00
  -2.61109010e+01   3.00000000e+00   1.00000000e+00   0.00000000e+00
   4.63012376e+00   4.89845595e+00   5.11409589e+00   5.37434244e+00
   5.56940197e+00   5.68779376e+00   5.82099834e+00   5.91353866e+00
   6.06447779e+00   6.12482791e+00   6.20995775e+00   6.49896719e+00
   6.92500094e+00   6.99384679e+00   7.23269091e+00   7.30407683e+00
   7.32140086e+00   7.67055691e+00   7.71862188e+00   7.83302927e+00
   7.84377823e+00   7.90906976e+00   8.03012191e+00   8.22199751e+00
   8.29489159e+00   8.56838432e+00   8.58186104e+00   8.83006290e+00
   8.93989681e+00   8.97614673e+00   8.99043974e+00   9.12708667e+00
   9.17329581e+00   9.33217314e+00   9.35656892e+00   9.37294073e+00
   9.51421844e+00   9.62400391e+00   9.78033669e+00   9.86269156e+00
   9.92848026e+00   0.00000000e+00   0.00000000e+00   0.00000000e+00
   0.00000000e+00   0.00000000e+00   0.00000000e+00   0.00000000e+00
   0.00000000e+00   0.00000000e+00]
[   0.            0.            0.            0.            1.            0.
    0.            9.            0.            0.            1.            0.
    3.          -80.970566    168.93587      62.725269     76.692444
 -153.61548     -74.548645   -152.3768       48.135643    -46.355362
   24.815861      5.9035211   -34.690472      3.            1.            0.
    3.68162706    3.72221294    3.72798297    4.18491124    4.19157081
    4.26317854    4.4389799     4.54981543    4.58073415    4.63209529
    4.63580463    4.7190906     4.86241936    4.94002064    5.05430234
    5.08652739    5.12584799    5.23353271    5.56408178    5.59285514
    5.70853812    5.71523995    5.77309058    5.79669079    5.94796458
    5.99986125    6.12477833    6.18951801    6.21598807    6.23758348
    6.30919163    6.59246043    6.66218669    6.76110687    6.79285424
    6.84568863    6.85705169    6.86463352    6.93214291    6.93691205
    7.00896551    7.01328742    7.04931091    7.26502156    7.27958279
    7.32751295    7.39570149    7.52025033    7.54642758    7.56248238]
[   1.            0.            0.            0.            0.            0.
    0.           13.            0.            1.            0.            0.
    2.          -92.315567    179.278        62.678894     81.417786
 -122.71538    -120.42252    -160.19009      36.299789    -42.231342
   32.718048     -9.4417734   -18.732517      3.            1.            0.
    4.16022366    4.31338699    4.34309954    4.6625504     4.8442923
    4.88884681    4.90440278    4.93825935    4.98948135    5.0329098
    5.07125426    5.08717861    5.27841865    5.33691187    5.44071925
    5.57704315    5.64188383    5.66347087    5.71149258    5.72721291
    5.72851528    5.81247438    5.84404223    5.86614808    5.87399219
    5.93300961    5.93815835    6.07516055    6.08562293    6.24545228
    6.32609018    6.42908079    6.43911434    6.56730664    6.60828674
    6.62701006    6.66526952    6.72529403    6.72716914    6.88982532
    6.98481054    7.13254791    7.15364732    7.42860151    7.47937879
    7.50881948    7.65447761    7.65494667    7.70847386    7.9563397 ]
[   1.            0.            0.            0.            0.            0.
    0.            4.            1.            0.            0.            0.
    2.          -75.483521   -165.69386      37.647083     79.965919
 -132.2475      -50.360802   -132.25916      40.564793    -35.395348
   17.333813      8.8466883   -33.228664      3.            0.            0.
    4.45513582    4.86620445    4.99091677    5.01633237    5.07687509
    5.10607223    5.31881701    5.35192699    5.39450035    5.46305504
    5.55478395    5.62021818    5.62622917    5.71886777    5.80830876
    5.82965933    5.92604484    5.96362839    6.03021036    6.0737757
    6.25126464    6.26603859    6.2870067     6.47032806    6.59200807
    6.64727901    6.69383792    6.71583976    6.7393266     6.82606389
    6.85203403    6.87667726    7.08609504    7.11594656    7.238786
    7.35080803    7.36388221    7.42309664    7.42874108    7.53989854
    7.65315901    7.7122372     7.72277593    7.7677856     7.84389714
    7.8711019     7.98015152    8.24447003    8.3437986     8.35830118]
[   0.            0.            1.            0.            0.            0.
    0.            8.            0.            0.            0.            1.
    3.          -82.992775    173.27771      72.774094     77.794014
 -156.41136     -66.099762   -165.61348      36.666382    -35.373814
   19.355701      4.7531209   -26.699419      2.            2.            0.
    3.91682618    3.94900887    4.03002235    4.04974519    4.33148921
    4.48585845    4.53378724    4.53927114    4.58923798    4.60180639
    4.70273912    4.81480276    4.82756835    4.83251143    4.98620232
    5.01097697    5.02805902    5.06460862    5.14656016    5.15321947
    5.20059757    5.47768009    5.54738135    5.71216333    5.78147006
    5.79547037    5.87624554    6.01132304    6.0204605     6.13322643
    6.22488217    6.27642092    6.28920102    6.39454532    6.45946783
    6.47322728    6.82548593    6.93142251    6.93208901    6.99952943
    7.09973966    7.10669718    7.28955221    7.29026774    7.33040701
    7.34229285    7.38629094    7.39311663    7.44508592    7.46520909]
[   0.            0.            0.            0.            0.            0.
    1.           26.            0.            0.            0.            1.
    2.          -67.840393    175.19446      49.122692     74.218369
 -155.81389     -69.559853   -160.25545      45.958824    -47.780949
   32.032959     -3.3533373   -24.848454      2.            0.            0.
    2.8818413     3.16235239    3.29945879    3.41011598    3.57098803
    3.71595691    3.71668411    3.73197364    3.79228193    3.8000697
    3.87500835    3.88605173    4.00152708    4.12619736    4.18721572
    4.24996202    4.3229802     4.38277405    4.41723813    4.66130435
    4.70028788    4.77143146    4.8172172     4.96739079    5.04677277
    5.06709548    5.22102358    5.22535974    5.31643326    5.32364683
    5.40735147    5.51867995    5.6012165     5.76469342    5.88795977
    5.93725956    6.19387043    6.22223221    6.2404015     6.24127458
    6.34781363    6.39424567    6.51821096    6.60324054    6.65082114
    6.65606731    6.71234058    6.7916672     6.84734549    6.8483654 ]
[   0.            0.            1.            0.            0.            0.
    0.           13.            0.            1.            0.            0.
    2.         -137.08173    -154.88579      76.754745     70.496849
 -165.46722     -39.752182   -158.74416      45.475708    -45.143398
   27.896633      2.0869412   -30.656408      3.            1.            0.
    3.41555233    3.59311776    3.82111385    3.85459883    3.92725215
    3.99195051    4.10805673    4.167         4.39227242    4.48669483
    4.54063031    4.54873395    4.55241882    4.55403172    4.6217087
    4.72172277    4.82808493    4.85390199    4.89428809    4.89643547
    5.00070141    5.04345293    5.09530281    5.10204471    5.19219893
    5.27564542    5.62134471    5.62882661    5.65626559    5.66296827
    5.68182021    5.68689358    5.6917729     5.83248999    5.90700714
    5.9355444     6.00862515    6.07827861    6.08193748    6.17484296
    6.21959745    6.29277357    6.55331498    6.67267209    6.73859373
    6.74494315    6.87115478    7.01120033    7.02592917    7.02757955]
[   0.            0.            0.            0.            1.            0.
    0.           14.            0.            0.            1.            0.
    2.          -73.199036    176.15242      42.060253     73.316292
 -163.29155     -72.567535   -112.5248       41.896629    -42.386795
   27.837315     -0.80818254  -25.871035      2.            3.            0.
    3.64100404    3.8076783     3.92268093    3.94271029    4.0661991
    4.11515509    4.12101295    4.12486936    4.26809323    4.29447173
    4.51521012    4.68064251    4.82287689    4.83139854    4.87722164
    4.92836144    4.97898949    5.36209998    5.38305983    5.41783983
    5.52265863    5.54184482    5.60532311    5.76775065    5.96796698
    5.9880652     5.98965629    6.06918649    6.09535893    6.21011088
    6.27765565    6.38817887    6.62709847    6.68344179    6.70336
    6.89019588    6.89507059    6.93593089    7.15498152    7.24661896
    7.27180519    7.27391158    7.2813574     7.28327176    7.28817953
    7.30391536    7.34726651    7.37276462    7.42360309    7.45524476]
[   0.            0.            0.            0.            0.            0.
    1.           16.            0.            0.            0.            1.
    2.          -79.288185   -173.93938      76.894501     62.030258
 -134.33232     -67.353577   -168.19896      34.416023    -31.630154
   15.946662      7.4445267   -26.854551      2.            1.            0.
    3.17509472    3.19916419    3.47904462    3.61005914    3.76592508
    3.78681324    3.94004726    3.98142504    3.98512059    3.98943204
    4.04545848    4.04556996    4.13661282    4.21065656    4.30065546
    4.36772024    4.37641999    4.37764734    4.43443754    4.43488326
    4.49709984    4.98264666    5.03487122    5.16285606    5.21827359
    5.27247703    5.29531672    5.32544359    5.43396762    5.47496049
    5.49218964    5.56365202    5.63941002    5.65052564    5.83405839
    5.97120331    6.19770157    6.44884638    6.47181587    6.54305793
    6.57059275    6.6179374     6.81414387    6.86016966    6.89781431
    6.92503064    6.93014697    6.98444179    7.01328918    7.01735519]
[   0.            0.            0.            0.            1.            0.
    0.            8.            1.            0.            0.            0.
    3.          -57.960354    157.89415      61.957687     72.281174
 -155.77507     -62.372063   -161.57301      45.827866    -45.42865
   27.256201      2.7786174   -31.293039      2.            2.            0.
    3.68427623    3.71289995    3.73449774    3.91476773    4.10326923
    4.27925978    4.35329269    4.40549267    4.42013147    4.52490533
    4.52597454    4.52939632    4.56918129    4.63649991    4.69151692
    4.97784903    5.02581832    5.10116356    5.26445332    5.27519122
    5.48878199    5.54038442    5.61828701    5.647887      5.70770102
    5.85021355    5.86125098    5.97161836    6.15424359    6.23678006
    6.29148249    6.36188723    6.44610942    6.49354453    6.56581603
    6.56768163    6.58008144    6.58212309    6.61564807    6.6192955
    6.72770117    6.79260839    6.89727132    6.95758937    6.9661666
    6.99369156    7.0174698     7.10036779    7.25180769    7.40345282]
[   0.            0.            0.            1.            0.            0.
    0.           10.            0.            0.            0.            1.
    1.          -62.287872   -170.86577      54.397728     82.32093
  175.38016     -75.511765   -171.61458      40.955883    -35.77047
   20.012636      7.0509057   -30.841356      0.            2.            0.
    3.47336782    3.47339386    3.49338667    3.66463401    3.86894968
    3.94065861    4.04385484    4.17955723    4.49762851    4.50233261
    4.54736248    4.59315375    5.04870088    5.08184471    5.45104982
    5.58690375    5.67254965    5.71466207    5.80323389    5.82520403
    5.82685291    5.89028335    5.97666903    6.10249914    6.25324498
    6.27114599    6.34636224    6.51226732    6.58217039    6.5895924
    6.63757073    6.67012146    6.70910739    6.96466348    6.9740452
    6.97610308    7.08602322    7.20699801    7.23907129    7.24570258
    7.27235032    7.45850873    7.48561252    7.48821793    7.54430505
    7.5710606     7.63202945    7.73829972    7.82832649    7.89983115]
[  0.00000000e+00   0.00000000e+00   0.00000000e+00   1.00000000e+00
   0.00000000e+00   0.00000000e+00   0.00000000e+00   3.40000000e+01
   0.00000000e+00   1.00000000e+00   0.00000000e+00   0.00000000e+00
   2.00000000e+00  -8.73691480e+01  -1.73500460e+02   5.82768780e+01
   8.96557160e+01   9.99990000e+03   9.99990000e+03  -1.60101640e+02
   4.27106440e+01  -3.99229240e+01   2.23923400e+01   4.69064240e+00
  -2.98420310e+01   3.00000000e+00   1.00000000e+00   0.00000000e+00
   3.74557368e+00   4.06199070e+00   4.07722899e+00   4.09770022e+00
   4.37912884e+00   4.38431497e+00   4.47400890e+00   4.64445915e+00
   4.85858158e+00   4.87568935e+00   4.93289415e+00   5.01768625e+00
   5.14064085e+00   5.25572738e+00   5.46960684e+00   5.56228321e+00
   5.64714707e+00   5.67314187e+00   5.77939740e+00   5.83976040e+00
   5.84125541e+00   5.89075211e+00   6.20667762e+00   6.30005674e+00
   6.30354034e+00   6.48462018e+00   6.59854967e+00   6.73388161e+00
   6.83684709e+00   6.85448081e+00   7.63484141e+00   7.66799371e+00
   7.74812367e+00   7.79083224e+00   7.79479190e+00   7.82574632e+00
   7.92002393e+00   7.95704109e+00   8.01130176e+00   8.14304753e+00
   8.17673818e+00   8.19978472e+00   8.23798146e+00   8.23946056e+00
   8.36737801e+00   8.43511426e+00   8.53795400e+00   8.64320087e+00
   8.67834366e+00   8.69826296e+00]
[  1.00000000e+00   0.00000000e+00   0.00000000e+00   0.00000000e+00
   0.00000000e+00   0.00000000e+00   0.00000000e+00   5.00000000e+00
   0.00000000e+00   0.00000000e+00   0.00000000e+00   1.00000000e+00
   2.00000000e+00  -4.81611060e+01   1.54581300e+02   6.01090200e+01
   6.90128630e+01  -1.27045390e+02  -6.39049800e+01  -1.63144670e+02
   4.39448010e+01  -4.47499010e+01   2.81360570e+01   7.13262480e-02
  -2.65973950e+01   2.00000000e+00   0.00000000e+00   0.00000000e+00
   4.23421430e+00   4.33979746e+00   4.54431028e+00   4.59253258e+00
   4.60625718e+00   4.67373625e+00   4.87504924e+00   4.88496681e+00
   5.01855665e+00   5.22755036e+00   5.27021482e+00   5.37450531e+00
   5.38198136e+00   5.39515950e+00   5.50363576e+00   5.54731184e+00
   5.61458876e+00   5.64129383e+00   5.65201136e+00   5.66098044e+00
   5.83187954e+00   6.07565006e+00   6.18367587e+00   6.18416989e+00
   6.34861743e+00   6.36880136e+00   6.53149588e+00   6.60633993e+00
   6.63233958e+00   6.67889410e+00   6.75193229e+00   6.77511870e+00
   6.84435338e+00   6.85979682e+00   6.94794194e+00   6.99069569e+00
   7.04286195e+00   7.27294398e+00   7.28614124e+00   7.47414507e+00
   7.48658916e+00   7.57443095e+00   7.61561272e+00   7.64912318e+00
   7.66790685e+00   7.68312912e+00   7.72734042e+00   7.72933983e+00
   7.80833322e+00   7.82971597e+00]
[  0.00000000e+00   0.00000000e+00   0.00000000e+00   1.00000000e+00
   0.00000000e+00   0.00000000e+00   0.00000000e+00   3.20000000e+01
   0.00000000e+00   1.00000000e+00   0.00000000e+00   0.00000000e+00
   1.00000000e+00  -1.56014470e+02   1.63911040e+02   6.67900240e+01
   6.44105760e+01   9.99990000e+03   9.99990000e+03  -1.61720600e+02
   4.57929150e+01  -4.53169400e+01   2.51566660e+01   4.64422460e+00
  -3.28402710e+01   3.00000000e+00   3.00000000e+00   0.00000000e+00
   3.73538497e+00   3.78830959e+00   3.81916058e+00   3.96108080e+00
   3.99763592e+00   4.02938759e+00   4.06246255e+00   4.17866539e+00
   4.40728534e+00   4.51060310e+00   4.51096387e+00   4.57935780e+00
   4.88613501e+00   4.96120821e+00   4.97305988e+00   5.07265503e+00
   5.16184216e+00   5.18696764e+00   5.24592423e+00   5.24695691e+00
   6.63803194e+00   7.44340496e+00   7.68407290e+00   7.89280918e+00
   8.92652064e+00   9.15335441e+00   9.17173628e+00   9.47703223e+00
   9.57648954e+00   9.62461167e+00   9.65265050e+00   9.68264905e+00
   9.68804565e+00   9.74231061e+00   0.00000000e+00   0.00000000e+00
   0.00000000e+00   0.00000000e+00   0.00000000e+00   0.00000000e+00
   0.00000000e+00   0.00000000e+00   0.00000000e+00   0.00000000e+00
   0.00000000e+00   0.00000000e+00   0.00000000e+00   0.00000000e+00
   0.00000000e+00   0.00000000e+00]
[   0.            0.            0.            0.            1.            0.
    0.            2.            0.            0.            1.            0.
    3.         -118.23516     175.74959      96.625931     69.55172
 -139.31706     -64.038673   -172.12656      35.233673    -33.448006
   18.386965      3.6192021   -24.899353      3.            0.            0.
    3.65699946    3.91310939    3.9626001     3.96725699    4.21891342
    4.28875077    4.31100352    4.34015047    4.36711721    4.40995526
    4.49817761    4.53646408    4.76710422    5.08468119    5.09771443
    5.10589224    5.37248117    5.38697209    5.3886396     5.45197664
    5.59516866    5.63071247    5.71076947    5.84779715    5.87052661
    5.87253956    5.92075092    6.04712469    6.19390308    6.27530444
    6.30126901    6.32913524    6.35937244    6.59737594    6.8645138
    6.87315696    7.04429378    7.05592514    7.07409796    7.19894557
    7.29820645    7.38526488    7.4170946     7.42311176    7.43856446
    7.51425174    7.51443785    7.61611332    7.69070175    7.77104589]
[   0.            0.            0.            1.            0.            0.
    0.            4.            0.            0.            0.            1.
    3.          -77.868118   -172.88652      49.210766     79.919701
 -170.52882     -86.453583   -168.8143       28.89982     -36.777855
   30.175617     -9.2841902   -12.840497      2.            1.            0.
    3.49384345    3.60945983    3.94180502    4.06993299    4.18710311
    4.2452203     4.31908737    4.44643507    4.50321658    4.57394787
    4.60162129    4.67078816    4.80653094    4.81617122    4.82279003
    4.88998631    4.90230043    4.94869387    5.04505896    5.27387942
    5.44393042    5.53730896    5.54833971    5.58213629    5.72661029
    5.78762262    5.84238844    5.90039323    5.90584957    5.91944236
    6.07627392    6.1638189     6.28954953    6.34314989    6.38909124
    6.50074085    6.5023148     6.60067796    6.61405197    6.63334031
    6.85909847    6.88220355    6.92423603    6.97855403    7.15885485
    7.24188151    7.31430874    7.32475561    7.34543655    7.40896406]
[  0.00000000e+00   0.00000000e+00   0.00000000e+00   1.00000000e+00
   0.00000000e+00   0.00000000e+00   0.00000000e+00   2.50000000e+01
   0.00000000e+00   1.00000000e+00   0.00000000e+00   0.00000000e+00
   1.00000000e+00  -6.19936140e+01   1.53957060e+02   5.90793420e+01
   8.62308350e+01   9.99990000e+03   9.99990000e+03  -1.53467900e+02
   3.24344640e+01  -3.37843170e+01   2.10166150e+01  -4.88989530e-01
  -1.97859800e+01   3.00000000e+00   1.00000000e+00   0.00000000e+00
   3.79940127e+00   4.16342563e+00   4.16461415e+00   4.38020861e+00
   4.40978084e+00   4.44563695e+00   4.51058423e+00   4.72926781e+00
   4.76877897e+00   4.80263238e+00   4.96277498e+00   5.03428808e+00
   5.33216175e+00   5.55261237e+00   5.59728890e+00   5.60188133e+00
   5.66552731e+00   5.81483735e+00   5.83449560e+00   5.84275265e+00
   6.08639907e+00   6.37557525e+00   6.44920121e+00   6.49156327e+00
   6.57863442e+00   6.71394398e+00   6.75393156e+00   6.88610554e+00
   7.25084210e+00   7.26872687e+00   7.49774997e+00   7.58269581e+00
   7.60125133e+00   7.80001698e+00   7.93049338e+00   8.03952807e+00
   8.08052983e+00   8.10671851e+00   8.14084899e+00   8.27252535e+00
   8.30985596e+00   8.32452086e+00   8.33839626e+00   8.43492430e+00
   8.47724261e+00   8.56929198e+00   8.79088601e+00   8.79292334e+00
   8.81322603e+00   8.82291079e+00]
[   0.            0.            1.            0.            0.            0.
    0.            3.            0.            0.            0.            1.
    2.          -75.634377   -170.2552       65.401421     65.479706
 -154.31052     -44.301258   -165.17906      38.747692    -40.833652
   23.363111      3.6125414   -27.70426       2.            0.            0.
    3.50662182    3.52994238    3.71114892    3.75254631    3.79353887
    3.90534843    3.9806686     4.00125438    4.03737117    4.05822651
    4.38976939    4.43581952    4.46139066    4.76535301    4.78104249
    4.83359953    4.9536823     5.04090179    5.05235087    5.13931113
    5.17127683    5.35279185    5.37501638    5.42237385    5.43107391
    5.5606108     5.57452094    5.59978241    5.67657115    5.7928541
    5.81067535    5.93772979    5.97060253    6.03854143    6.07174284
    6.13159741    6.16747212    6.39924496    6.40598111    6.41435066
    6.47565676    6.59279111    6.72307604    6.75900639    6.795616
    6.79983797    6.82886462    6.83883532    6.8412813     6.97862814]
[   1.            0.            0.            0.            0.            0.
    0.           14.            0.            1.            0.            0.
    1.          -81.070724   -164.11479      48.694511     76.442184
 -164.82617     -61.046764   -159.46178      29.145098    -30.168053
   18.769255     -0.18130821  -18.541807      3.            1.            0.
    4.58239192    4.60442294    4.72298983    4.73377494    4.80029266
    4.87336502    4.97916697    5.1871638     5.29031652    5.40901819
    5.41879514    5.49789738    5.53033942    5.71487297    5.72008223
    5.85182317    6.02290653    6.09751802    6.16177009    6.28085266
    6.45405082    6.52594367    6.52989757    6.53496015    6.60769022
    6.68017052    6.7255756     6.96592456    7.00559157    7.20409733
    7.27881947    7.27982456    7.28443169    7.39157517    7.464766
    7.63328945    7.65142692    7.82652806    7.96509436    8.14904257
    8.37957432    8.44358067    8.61868883    8.7076468     8.7549881
    8.75938057    8.83818427    8.92937795    8.97238709    9.00247429]
[   0.            0.            0.            0.            1.            0.
    0.           15.            1.            0.            0.            0.
    3.          -93.939957   -169.36534      72.293846     75.705597
 -173.21394     -41.472343   -116.13356      40.454327    -34.731483
   15.683462     10.825674    -32.894119      3.            1.            0.
    3.69517596    3.73967117    3.82291938    3.86352856    4.07696348
    4.09642049    4.21652939    4.26705363    4.27401582    4.55644465
    4.60683528    4.62856872    4.64291027    4.77957947    4.79368987
    4.7986463     4.92994642    4.93496242    5.19862644    5.20217112
    5.31526024    5.39547694    5.58382284    5.67254254    5.77912548
    5.79978244    5.92388939    5.95249545    6.16173697    6.29015748
    6.4758063     6.48700788    6.60118126    6.78185659    6.82798768
    6.85290498    6.94392335    6.96720575    7.00983867    7.03334277
    7.04304929    7.05010735    7.05095986    7.15532122    7.18231093
    7.24711007    7.31974862    7.40158228    7.52069833    7.53080218]
[   0.            0.            0.            0.            1.            0.
    0.            6.            0.            0.            1.            0.
    3.         -104.50684     175.86095      59.142708     84.200569
 -140.56467     -64.690742   -163.68558      42.566761    -34.510098
   11.415819     16.282074    -36.65831       4.            0.            0.
    3.79200085    3.80329433    3.96636911    3.99762977    4.1054779
    4.13473928    4.21478091    4.44716349    4.50834245    4.51656584
    4.5739141     4.73437398    4.75018312    4.82138603    4.85054705
    4.86925941    4.97116273    5.20833651    5.2594907     5.27772718
    5.29515974    5.35180303    5.39573594    5.41024911    5.41247396
    5.44596146    5.46569872    5.56766198    5.67045551    5.70413014
    5.71060914    5.77344302    5.86906401    5.91384009    6.04902383
    6.0908159     6.17320625    6.38586342    6.4185755     6.75178702
    6.85212188    6.99272621    7.00984484    7.15690276    7.16368118
    7.18491281    7.1886157     7.20229361    7.36036768    7.3619708 ]
[   0.            0.            1.            0.            0.            0.
    0.           15.            0.            1.            0.            0.
    1.          104.48344     176.41815      86.531456     66.856064
  115.21758      58.136021   -173.82111      45.834431    -45.102783
   23.592581      7.2750511   -35.638447      0.            1.            0.
    3.52657247    3.68790228    3.75892357    3.86073879    4.12111226
    4.28044284    4.43920577    4.68152617    4.69074404    5.13172048
    5.16478644    5.21579981    5.26811994    5.75538836    5.78270811
    5.80131254    6.3810546     6.42738176    6.5925452     6.64274361
    6.83049469    6.9145874     6.92233992    7.0006533     7.05301152
    7.07829072    7.16250176    7.2200903     7.29000371    7.30099568
    7.32552985    7.36127986    7.37726898    7.55221914    7.59249868
    7.61816296    7.69722615    7.78332297    7.84566043    7.89929223
    8.05372234    8.06671645    8.15755228    8.16059586    8.21250004
    8.54721433    8.64830495    8.67850726    8.71474602    8.82885353]
[   0.            0.            1.            0.            0.            0.
    0.            7.            0.            1.            0.            0.
    2.          -83.914497    173.59868      77.928543     78.615768
  178.16687     -48.455677   -145.00378      36.168835    -32.60923
   17.469677      5.7604799   -27.031576      3.            0.            0.
    3.90399558    3.91608668    4.28765582    4.31451638    4.36213096
    4.43490896    4.43494783    4.44884278    4.46990545    4.62338418
    4.723896      4.81938794    4.94871931    4.9858911     4.99168638
    5.05335951    5.05415307    5.13292957    5.21246122    5.37005046
    5.3924052     5.48671625    5.64253764    5.88563968    5.97717092
    6.02500093    6.14689922    6.18845487    6.1991789     6.22036786
    6.29559197    6.3078021     6.34665533    6.48710825    6.58592591
    6.66424287    6.6795218     6.75640197    6.7920863     6.90366912
    6.91336845    7.03373121    7.06493876    7.24102815    7.24904519
    7.29870448    7.3717419     7.41634165    7.48337449    7.4888626 ]
[   1.            0.            0.            0.            0.            0.
    0.           13.            0.            0.            0.            1.
    3.          -70.155106    168.23051      58.006329     74.584694
 -169.65004     -61.354958   -157.99028      42.019276    -40.271484
   23.469748      4.4690957   -30.233555      2.            1.            0.
    4.21567228    4.46660174    4.6435533     4.66366265    4.75440631
    4.79005958    4.80711309    4.81085871    4.91020405    4.93715824
    4.95808849    5.06342838    5.09589683    5.11588439    5.40948215
    5.43750112    5.48198651    5.54095755    5.54978523    5.64630053
    5.68377833    5.69304245    5.7469869     5.96397813    6.00202046
    6.01554001    6.10167154    6.11092453    6.15834319    6.23395242
    6.31610029    6.41136854    6.53651991    6.54885777    6.60124136
    6.7034801     6.75328673    6.76763767    6.85410326    6.88557404
    6.91816896    7.09425591    7.27675364    7.27875303    7.39438592
    7.41276643    7.46238275    7.5315827     7.54974781    7.58125102]
[   0.            0.            0.            0.            0.            0.
    1.           16.            0.            0.            0.            1.
    3.          -93.533218    175.05394      74.378143     74.744377
 -144.77502     -80.356094   -163.70839      43.46801     -41.374889
   21.856846      5.7315545   -32.019661      2.            1.            0.
    3.03283528    3.3671479     3.41933272    3.43418678    3.5419907
    3.57810086    3.59050464    3.65900245    3.75125589    3.96377628
    3.96987528    4.00160929    4.01349495    4.2291073     4.23899743
    4.29850018    4.36214428    4.45953481    4.47585529    4.55272659
    4.60481172    4.61763143    4.62070713    4.63267489    4.7043647
    4.82185422    5.04020179    5.07777408    5.30336375    5.30694876
    5.60683761    5.62286907    5.64910485    5.65686123    5.69063591
    5.95709105    5.9936058     6.00553785    6.02706854    6.15178442
    6.16142717    6.2072199     6.25416108    6.36801368    6.41241895
    6.442526      6.46929311    6.52127907    6.62814974    6.70076442]
[   0.            1.            0.            0.            0.            0.
    0.           19.            1.            0.            0.            0.
    3.          -64.796036    159.05634      66.971718     75.603836
 -146.72171     -71.992317   -161.9528       39.387764    -39.837639
   24.480694     -0.44499388  -25.009964      2.            0.            0.
    3.5326745     3.53686679    3.58398815    3.62542057    3.63504684
    3.68165793    3.69949884    3.73308121    3.9252349     4.03757264
    4.06906433    4.09202809    4.13971832    4.25738423    4.31240843
    4.39203544    4.46633249    4.52572274    4.53276233    4.62761374
    4.69846635    4.72220553    4.78396411    4.8210967     4.84224327
    4.88740632    5.00628307    5.01732254    5.09027286    5.19414927
    5.36907719    5.38841663    5.4448938     5.4550966     5.55281504
    5.56655145    5.84730302    5.95611887    5.99862656    6.02686903
    6.04896902    6.23849009    6.29621504    6.44753064    6.49899205
    6.58341776    6.58864815    6.75045143    6.84901842    6.87706538]
[   0.            0.            0.            0.            1.            0.
    0.           33.            0.            0.            1.            0.
    3.         -100.11523     178.38286      79.226051     71.286674
 -163.61823     -61.57629    -137.02991      35.403542    -40.824879
   33.653091    -11.696018    -16.061043      4.            2.            0.
    3.7009117     3.82241846    3.85908328    3.86386141    4.0688505
    4.09712141    4.19320827    4.26007969    4.34299068    4.37303385
    4.46541897    4.77249624    4.79937212    4.80131843    4.82764
    4.87546089    4.98349783    5.06536046    5.21677886    5.29534972
    5.52586847    5.52738663    5.53158964    5.55392617    5.58517563
    5.77608133    5.84818624    6.05381569    6.23481606    6.27824197
    6.30324082    6.37882369    6.54919706    6.63100733    6.6528486
    6.9737621     7.07627607    7.08505486    7.10977703    7.12640861
    7.18750301    7.19731595    7.20306843    7.21228396    7.22485754
    7.26610475    7.32014557    7.3350424     7.54619103    7.59151929]
[   0.            0.            0.            0.            1.            0.
    0.            5.            1.            0.            0.            0.
    1.          -42.746807    160.81639      65.052231     75.316994
  178.22987     -92.375648   -128.978        36.844738    -36.171894
   20.060949      5.1901054   -27.386782      2.            1.            0.
    3.89906592    4.11663408    4.20563035    4.22671819    4.2867405
    4.33793454    4.54133647    4.57962323    4.6413272     4.66587446
    4.75800154    4.90740811    5.08562772    5.11888565    5.3489033
    5.6566862     5.77931279    5.83600737    5.89860439    5.90572019
    5.93422896    5.9397199     6.45444032    6.47400649    6.51909487
    6.55625667    6.80652116    6.92098481    7.06556163    7.17277715
    7.19852274    7.28983541    7.41110192    7.63841001    7.72611014
    7.80176482    7.82225821    7.82817677    7.88267106    7.90395152
    7.9286905     8.00200364    8.05295861    8.09199287    8.10362489
    8.1198242     8.17934922    8.28359756    8.36268208    8.50354511]
[  1.00000000e+00   0.00000000e+00   0.00000000e+00   0.00000000e+00
   0.00000000e+00   0.00000000e+00   0.00000000e+00   2.50000000e+01
   0.00000000e+00   1.00000000e+00   0.00000000e+00   0.00000000e+00
   1.00000000e+00  -6.19936140e+01   1.53957060e+02   5.90793420e+01
   8.62308350e+01   9.99990000e+03   9.99990000e+03  -1.53467900e+02
   3.24344640e+01  -3.37843170e+01   2.10166150e+01  -4.88989530e-01
  -1.97859800e+01   3.00000000e+00   1.00000000e+00   0.00000000e+00
   4.02273402e+00   4.23900202e+00   4.24318368e+00   4.33990893e+00
   5.00735234e+00   5.26151302e+00   5.28926881e+00   5.32597906e+00
   5.33296398e+00   5.50265276e+00   5.65092406e+00   5.81697021e+00
   5.89439517e+00   5.91474313e+00   6.00753518e+00   6.48408612e+00
   6.56388691e+00   6.57035139e+00   6.57518426e+00   6.60289040e+00
   6.93997983e+00   6.96158456e+00   6.97629286e+00   7.06499616e+00
   7.09349095e+00   7.20671550e+00   7.34179667e+00   7.45608324e+00
   7.61888015e+00   7.85065958e+00   7.85843721e+00   7.89693351e+00
   7.96429172e+00   8.17988433e+00   8.22385624e+00   8.23145382e+00
   8.26202512e+00   8.28751173e+00   8.34785667e+00   8.36140088e+00
   8.37283608e+00   8.53898039e+00   8.62025758e+00   8.64487154e+00
   8.73223025e+00   8.74070193e+00   8.76205424e+00   8.87265227e+00
   9.06365284e+00   9.24318020e+00]
[   0.            0.            0.            0.            1.            0.
    0.            3.            1.            0.            0.            0.
    3.          -88.674347   -167.59201      74.69223      74.560127
 -163.60274     -64.343384   -148.1304       35.461662    -38.011101
   27.459118     -3.4666183   -20.506529      2.            1.            0.
    3.74312514    3.74844478    3.82496348    3.92089957    3.98715533
    4.02079679    4.19916039    4.49761748    4.55987082    4.68909818
    4.74742956    4.79009881    4.867997      4.89942417    5.28835354
    5.43197342    5.55442153    5.67914012    5.77090159    5.77211732
    5.80406508    5.87419963    5.90314575    6.05269067    6.06848589
    6.15498269    6.15890184    6.16123229    6.23075593    6.27423112
    6.48346253    6.51077519    6.5416482     6.56774307    6.5943053
    6.79576915    6.8940781     7.07734559    7.13072119    7.19194406
    7.3109055     7.31979282    7.34384657    7.34687403    7.37985223
    7.38443681    7.38850426    7.4233119     7.42337853    7.4361368 ]
[   0.            0.            0.            1.            0.            0.
    0.           29.            0.            1.            0.            0.
    1.          -88.213013   -177.68936      65.646278     78.905296
 -171.14539     -73.11541    -170.64529      32.042583    -38.714489
   32.544266    -10.307308    -13.1425        4.            2.            0.
    3.54962584    3.64630057    3.96719486    4.05380206    4.20487244
    4.30739233    4.51037424    4.51668546    4.94965641    5.01684177
    5.11306511    5.25884118    5.2943604     5.38628827    5.41962224
    5.51551958    5.52874661    5.6035844     5.73524361    5.844395
    5.88410523    6.03085115    6.07048446    6.19611405    6.25194492
    6.25555195    6.27091719    6.30428686    6.34580708    6.36498243
    6.43824497    6.47544843    6.55112742    6.68192823    6.70346939
    6.77505522    6.78702068    6.86274599    7.06027862    7.07918122
    7.0833446     7.10829241    7.14903623    7.22521042    7.22915541
    7.2379        7.27016738    7.43025869    7.45600907    7.53561202]
[   0.            0.            1.            0.            0.            0.
    0.           32.            0.            0.            0.            1.
    3.          -70.25412     176.01208      42.470039     73.6679
 -163.30244     -67.782372   -160.69093      40.094444    -40.630737
   24.114389      3.3253715   -27.794184      2.            1.            0.
    3.3601494     3.36686139    3.69113094    3.86359195    3.86384337
    4.21252716    4.34382477    4.36090133    4.48883346    4.52972077
    4.59123857    4.7572723     4.9102378     4.96396124    5.06943365
    5.1942785     5.2103202     5.22595826    5.23522953    5.26869763
    5.32897659    5.75869879    5.7911114     5.85516076    6.02440324
    6.06245074    6.1030133     6.107657      6.13899596    6.16670329
    6.21211887    6.22902008    6.35488665    6.47325039    6.47457161
    6.47794058    6.58030953    6.59633373    6.67331114    6.69563678
    6.70780836    6.70971169    6.7819854     6.84961445    6.89806839
    6.99565039    7.06643286    7.08699207    7.10320713    7.19628729]
[   1.            0.            0.            0.            0.            0.
    0.           18.            1.            0.            0.            0.
    2.          -62.326805    176.42587      56.519604     78.923645
 -163.97224     -25.054663   -176.03542      47.316154    -46.286602
   29.086157      1.7756394   -32.656933      1.            3.            0.
    3.8590537     4.21206951    4.36484805    4.44367998    4.45350657
    4.55992846    4.660029      4.74323497    4.77174503    4.81447117
    4.86265092    4.913183      5.1991877     5.27622099    5.42096799
    5.48844576    5.49603641    5.69275627    5.70581192    5.70865543
    5.72698072    5.73209054    5.97186205    5.99572342    6.10548973
    6.1822768     6.21920476    6.24131045    6.29199583    6.3644883
    6.36782817    6.38059852    6.40411694    6.41031016    6.42266672
    6.43304441    6.45330149    6.53950587    6.57116665    6.62264582
    6.6613697     6.69016307    6.71410416    6.7266122     6.82200491
    7.00368218    7.02130053    7.02968652    7.03782548    7.12867937]
[   0.            0.            1.            0.            0.            0.
    0.            8.            0.            1.            0.            0.
    2.          -89.284439   -170.80368      71.111679     73.868256
 -168.80872      -8.0216208  -161.57175      38.046764    -40.348652
   26.632532     -0.85637999  -23.9189        2.            2.            0.
    3.25276346    3.26763527    3.41887197    3.41920724    3.44735197
    3.55133194    3.77993088    4.29621883    4.30396626    4.34844862
    4.43730267    4.45456978    4.49759306    4.55732416    4.58125451
    4.79264596    4.98666065    5.00212535    5.021609      5.08815391
    5.1194691     5.33216789    5.38917664    5.5582959     5.65078012
    5.70954876    5.71904684    5.83363829    5.8776116     6.11977631
    6.15022815    6.2414567     6.27896816    6.28029786    6.38476972
    6.38826288    6.426367      6.42697549    6.52830258    6.58665101
    6.67012146    6.73878395    6.75796107    6.77780917    6.80431171
    6.82511584    6.83069403    6.89044449    6.99115482    7.00174622]
[   0.            0.            1.            0.            0.            0.
    0.           12.            0.            1.            0.            0.
    3.          -74.315666    176.79906      68.109955     75.223747
 -137.52306     -89.743919   -164.41971      33.061111    -34.901623
   21.565071      1.9591466   -22.813551      3.            0.            0.
    3.10253619    3.50031345    3.54798722    3.84960059    3.95301831
    3.99780513    4.03092329    4.03352249    4.21891456    4.39729957
    4.53453795    4.63642146    4.85668954    4.89003137    4.9820807
    5.03994118    5.0467517     5.09499203    5.09895708    5.12886873
    5.15513609    5.20350741    5.32683272    5.63347042    5.65076491
    5.67378696    5.74089075    5.74548348    6.08196499    6.09412282
    6.13957112    6.14155431    6.16383273    6.25354713    6.27564196
    6.28011208    6.29792898    6.34693064    6.35821494    6.37490735
    6.50918044    6.55436629    6.57009839    6.62554894    6.70093307
    6.70169209    6.7100058     6.78359414    6.79538885    6.81620561]
[   1.            0.            0.            0.            0.            0.
    0.            4.            0.            0.            0.            1.
    3.          -77.868118   -172.88652      49.210766     79.919701
 -170.52882     -86.453583   -168.8143       28.89982     -36.777855
   30.175617     -9.2841902   -12.840497      2.            1.            0.
    3.49913776    4.23348888    4.4647328     4.4713791     4.58685935
    4.63022282    4.71929711    4.76481742    4.78006581    4.78835452
    4.86952732    4.95460089    4.97356432    5.169712      5.20611153
    5.25132461    5.37674697    5.42560481    5.44863262    5.68819722
    5.72365882    5.78224388    5.79267795    5.80077801    5.82997257
    5.85803467    5.92264852    5.93837681    6.00848334    6.01585027
    6.13978292    6.1823281     6.23430855    6.29757297    6.3985613
    6.51532706    6.71253314    6.72090855    6.7523962     6.76950409
    6.77188523    6.98486695    6.99911411    7.03399355    7.1712517
    7.17214011    7.37479331    7.43395302    7.50175083    7.65166162]
[   1.            0.            0.            0.            0.            0.
    0.           13.            0.            1.            0.            0.
    2.          -68.087082    128.37381      67.912788     78.637451
 -153.20633     -59.860329   -160.40576      38.44706     -41.251072
   28.047699     -1.4913472   -24.881973      3.            0.            0.
    4.01663656    4.22126159    4.48728371    4.68477234    4.72574033
    4.80494886    4.80943851    4.83644947    4.9045616     5.0851789
    5.11119186    5.12792797    5.22296247    5.26437134    5.52193953
    5.5223375     5.59781251    5.62393587    5.63154152    5.81856705
    5.86855292    6.12639006    6.16818654    6.20207121    6.23264264
    6.2615821     6.43034368    6.50175994    6.50331594    6.53404043
    6.68741082    6.71386642    6.9096995     6.95070163    6.96234518
    7.1074804     7.22615051    7.26130336    7.32993742    7.3824906
    7.42622605    7.42898559    7.65673264    7.89111801    7.94662731
    7.95356935    8.11490283    8.11881161    8.24257151    8.42532994]
[   0.            0.            0.            0.            0.            1.
    0.           32.            0.            0.            1.            0.
    2.          -92.163979   -178.32497      81.307358     85.022736
 -137.64117     -53.728004   -146.87357      36.501915    -33.992649
   19.382833      4.8341589   -26.165752      3.            1.            0.
    3.0776634     3.28992566    3.33193225    3.3489852     3.36182508
    3.69304144    4.03000832    4.04328082    4.1658414     4.23256422
    4.24266813    4.27709173    4.37643088    4.47877631    4.48641622
    4.63385544    4.71552065    4.74351696    4.79160295    4.87129376
    4.8722774     4.95289228    5.00488518    5.01187722    5.0241986
    5.03851725    5.21080889    5.26104582    5.38627447    5.39592823
    5.48104055    5.50012505    5.54548651    5.69204936    5.71071171
    5.82852576    5.85512502    5.89781751    5.89788421    5.98549327
    6.03834313    6.24627558    6.24822494    6.34217313    6.51725656
    6.66218313    6.73532547    6.74158708    6.80702048    6.82770196]
[  0.00000000e+00   0.00000000e+00   0.00000000e+00   1.00000000e+00
   0.00000000e+00   0.00000000e+00   0.00000000e+00   3.40000000e+01
   0.00000000e+00   1.00000000e+00   0.00000000e+00   0.00000000e+00
   2.00000000e+00  -6.97277830e+01   1.72854780e+02   5.70465160e+01
   7.40163650e+01   9.99990000e+03   9.99990000e+03  -1.52869610e+02
   3.09906600e+01  -3.43936420e+01   2.62145790e+01  -5.76170540e+00
  -1.59916100e+01   4.00000000e+00   0.00000000e+00   0.00000000e+00
   3.94022687e+00   3.95725532e+00   4.09236657e+00   4.14419529e+00
   4.17551986e+00   4.19699482e+00   4.30804278e+00   4.40096427e+00
   4.64347099e+00   4.76090588e+00   4.82085370e+00   4.89582423e+00
   5.22553112e+00   5.27527829e+00   5.27581519e+00   5.33505375e+00
   5.42099597e+00   5.44109359e+00   5.65116439e+00   5.92826633e+00
   5.97661485e+00   6.01658549e+00   6.14194441e+00   6.30770245e+00
   6.36612457e+00   6.41501815e+00   6.47418322e+00   6.55382453e+00
   6.79982416e+00   6.86674621e+00   7.09081575e+00   7.20845289e+00
   7.39661650e+00   7.45783433e+00   7.46204950e+00   7.49509485e+00
   7.55961230e+00   7.64995590e+00   7.66122717e+00   7.72722599e+00
   7.73316165e+00   7.75145010e+00   7.82953484e+00   7.83738716e+00
   7.92439168e+00   7.97220989e+00   8.05900402e+00   8.06241445e+00
   8.14418464e+00   8.25702851e+00]
[   0.            0.            0.            0.            0.            0.
    1.            2.            0.            0.            0.            1.
    2.          -64.23613     162.06532      69.147736     84.611221
 -113.85378    -130.86823    -155.31502      38.817432    -34.937687
   15.833429      9.8672295   -30.779608      2.            3.            0.
    2.95104137    3.61548737    3.64676305    3.75866885    3.8339625
    3.87394444    3.94027036    4.08587809    4.22045044    4.22653906
    4.28903084    4.36176925    4.65216855    4.70987341    5.01707638
    5.05574555    5.1596888     5.16123962    5.17242857    5.22285247
    5.39818034    5.46190285    5.4900575     5.61073579    5.85047019
    5.86307039    5.89019712    5.90897223    6.00433174    6.17636238
    6.21682005    6.35284523    6.58585494    6.65831857    6.74108781
    6.75041179    6.80057897    6.94681686    7.02821692    7.08162186
    7.10353929    7.10510869    7.12803469    7.13883491    7.13897508
    7.24366668    7.38063708    7.39416009    7.49764843    7.57345667]
[  0.00000000e+00   0.00000000e+00   0.00000000e+00   0.00000000e+00
   1.00000000e+00   0.00000000e+00   0.00000000e+00   1.90000000e+01
   0.00000000e+00   0.00000000e+00   1.00000000e+00   0.00000000e+00
   3.00000000e+00  -6.43850780e+01   1.79858720e+02   6.14482120e+01
   7.04808500e+01  -1.63450440e+02  -6.55009540e+01  -1.26196240e+02
   3.84342350e+01  -4.02819710e+01   2.40508000e+01   6.85280410e-02
  -2.46672860e+01   3.00000000e+00   2.00000000e+00   0.00000000e+00
   4.10702138e+00   4.43952650e+00   4.44900162e+00   4.55529997e+00
   4.71465254e+00   4.78284680e+00   4.90148748e+00   4.90580124e+00
   4.99680282e+00   5.08778328e+00   5.10641493e+00   5.13750812e+00
   5.15480034e+00   5.22642286e+00   5.27188524e+00   5.28210787e+00
   5.40123829e+00   5.41064787e+00   5.55699100e+00   5.58041158e+00
   5.58197409e+00   5.71876100e+00   5.72852408e+00   5.78429079e+00
   5.78834034e+00   6.00024309e+00   6.19957943e+00   6.22666895e+00
   6.38618557e+00   6.40149185e+00   6.54950176e+00   6.56600510e+00
   6.58009922e+00   6.62362144e+00   6.62597025e+00   6.66397884e+00
   6.76718090e+00   6.92332611e+00   6.93917228e+00   6.95032230e+00
   7.06212399e+00   7.23197405e+00   7.25554604e+00   7.29219400e+00
   7.35440606e+00   7.38960784e+00   7.46515086e+00   7.48475845e+00
   7.57088700e+00   7.65650639e+00]
[   0.            0.            0.            0.            1.            0.
    0.           33.            0.            0.            1.            0.
    0.          -78.264359    175.96919      52.249016     82.3097
  179.65849     -94.981735   -144.18878      39.50338     -37.717937
   21.373642      3.7761056   -29.303415      1.            1.            0.
    3.7980736     3.89956769    3.99906862    4.06193788    4.13188811
    4.21511946    4.3303092     4.48026735    4.6472881     4.66215143
    4.99911146    5.11736013    5.21128996    5.21144562    5.31479626
    5.34799241    5.35952734    5.51196871    5.51785273    5.54548651
    5.59645129    5.60659177    5.99680042    6.01636523    6.08556733
    6.22086562    6.43937615    6.48035982    6.56887959    7.01202414
    7.09501368    7.0996139     7.28388025    7.3320346     7.34008323
    7.35480443    7.44647182    7.50170833    7.50984874    7.60221748
    7.66872988    7.72508997    7.82272737    7.83576294    7.86714518
    7.95159166    7.98162784    8.00799865    8.01023378    8.02795164]
[   1.            0.            0.            0.            0.            0.
    0.            6.            0.            0.            0.            1.
    2.         -113.32286    -174.55014      87.897224     73.933601
 -115.32632     -77.506981   -158.11679      39.209965    -38.474125
   25.438335      0.20076893  -25.946114      0.            1.            0.
    3.7438304     4.30670692    4.40802303    4.41861441    4.43213902
    4.8412144     5.00814654    5.07225636    5.23410839    5.29922971
    5.37968847    5.38453451    5.38837521    5.5988509     5.81978718
    5.95227532    5.9595271     6.03264104    6.21511263    6.28666789
    6.29198832    6.31494014    6.32821099    6.50924684    6.87471673
    6.93876324    7.00033812    7.10748281    7.17179894    7.18971353
    7.39307986    7.39908062    7.42592765    7.44186107    7.51551338
    7.52960307    7.53575533    7.5513699     7.69498535    7.73723268
    7.86906614    8.07811914    8.32769835    8.33293051    8.35284405
    8.3836027     8.38485555    8.40502194    8.44635803    8.47800008]
[   1.            0.            0.            0.            0.            0.
    0.           31.            1.            0.            0.            0.
    3.          -77.928902    171.9115       68.481277     76.002235
 -168.89304     -71.981995   -142.91821      33.939682    -38.890846
   29.460598     -6.6840138   -18.005585      3.            2.            0.
    4.35791293    4.50561526    4.55026478    4.67384582    4.67591141
    4.74506968    4.74778362    4.80268734    4.97620634    5.02413827
    5.08264528    5.19860293    5.21740814    5.23934038    5.38633527
    5.41344645    5.58182938    5.58696008    5.58780695    5.67098149
    5.73594664    5.7991502     5.84870374    5.8874845     5.91718912
    6.01711287    6.19987728    6.20352604    6.34927447    6.48601039
    6.71499472    6.82424458    6.86779545    6.91281142    6.93694071
    6.94836161    6.95930044    7.04670081    7.05353546    7.29405527
    7.31233595    7.36535649    7.52584269    7.52650062    7.57131302
    7.61583978    7.6720268     7.71578013    7.74241609    7.76311394]
[   0.            0.            0.            0.            0.            0.
    1.           17.            0.            0.            0.            1.
    1.          -85.965508    179.58455      70.588905     78.848724
  173.56873     -94.194427   -150.39948      31.037348    -33.95253
   23.532249     -3.4729946   -18.861029      2.            1.            0.
    3.15604515    3.23078135    3.63547791    3.73893595    4.35847799
    4.50347045    4.56025076    4.6837997     4.70362404    4.77933692
    4.91060549    5.03594809    5.0894083     5.3875909     5.40056982
    5.43854618    5.61962239    5.76971117    5.84529347    5.87560809
    6.11891609    6.15231083    6.21510062    6.21676151    6.28863576
    6.32228357    6.32803865    6.39250801    6.44891234    6.48320983
    6.4914981     6.50567288    6.57241228    6.59677267    6.63370704
    6.68944046    6.76676548    6.8273112     6.87693702    6.92927857
    7.00952065    7.0738023     7.07904385    7.1482928     7.26737419
    7.26810252    7.32657427    7.3533531     7.41506789    7.4286781 ]
[   1.            0.            0.            0.            0.            0.
    0.           18.            1.            0.            0.            0.
    2.          -56.212505   -145.36659      54.87299      75.978348
 -169.83667     -20.220009   -161.00822      37.527748    -36.657082
   20.905149      2.332968    -26.041801      2.            0.            0.
    3.58837415    3.85936293    4.22857888    4.28313269    4.62320203
    4.65794327    4.82334258    4.96169574    5.11877687    5.12621448
    5.16692888    5.41159154    5.47058253    5.51556798    5.53607955
    5.57063222    5.58526372    5.77613711    5.82130369    6.07946193
    6.13807851    6.29943637    6.48561507    6.49908747    6.53555289
    6.57951671    6.61640873    6.65106691    6.7302354     6.75234443
    6.84764877    6.85389708    7.07831333    7.2986163     7.3236657
    7.37019505    7.40124492    7.4447128     7.63426304    7.64950113
    7.69544003    7.8546792     7.86396259    7.93600462    8.01033749
    8.04510534    8.2004021     8.23773489    8.30073431    8.30549748]
[   1.            0.            0.            0.            0.            0.
    0.           10.            0.            0.            0.            1.
    0.          -65.730698   -177.45847      69.556435    145.63087
  -88.262863     45.836384    -99.640938    -44.157173     28.575712
   -0.83298248  -29.673441     48.696869      0.            2.            0.
    4.18407102    4.36964579    4.68615902    5.17401612    5.2004363
    5.20179172    5.29590321    5.47300352    5.70621171    5.74083504
    6.0353651     6.19200061    6.23049374    6.36538656    6.46611399
    6.59075173    6.6516177     6.83607566    6.9409876     7.01585264
    7.11193042    7.20006701    7.24139192    7.27472348    7.50748751
    7.52789179    7.96656767    7.99132568    8.06989375    8.1601636
    8.1608705     8.27463911    8.3081114     8.36019045    8.38035136
    8.38048781    8.40113707    8.45270447    8.49177977    8.57377605
    8.82674081    8.86594462    8.93596957    8.99228745    9.00774514
    9.12483509    9.12794563    9.13445758    9.15896002    9.16799148]
[   1.            0.            0.            0.            0.            0.
    0.           31.            1.            0.            0.            0.
    3.          -58.947201    175.99567      50.09687      85.467171
 -152.34724     -56.795502   -160.5705       38.241268    -35.599861
   19.16659       5.6933331   -29.073406      2.            1.            0.
    4.2272896     4.30609353    4.57508475    4.62383097    4.7278136
    4.79130196    4.92003873    4.94908776    5.05952031    5.1853566
    5.21838875    5.23411873    5.33980041    5.39318143    5.4051315
    5.51276894    5.56541239    5.58297023    5.67069958    5.7176622
    5.78374894    5.8302373     5.92170545    6.0024856     6.10175136
    6.12761852    6.36800405    6.40657716    6.4381325     6.62762061
    6.64738516    6.68252972    6.77494307    6.90815986    6.95569353
    7.13061143    7.14978138    7.25701706    7.56219876    7.56670213
    7.5903926     7.61817408    7.62573512    7.82961002    7.83438268
    7.85655778    7.92731153    7.92738745    7.97011061    8.0254013 ]
[   0.            0.            0.            1.            0.            0.
    0.           20.            0.            1.            0.            0.
    1.         -133.18222    -176.42789      59.883678     75.602615
 -179.70792     -83.10321    -150.81358      44.446445    -45.49789
   30.123219     -1.9600455   -26.231785      3.            3.            0.
    3.50278319    3.53656444    4.00903818    4.04940987    4.12346087
    4.14772266    4.36474908    4.54339631    4.60828449    4.62497336
    4.84244658    4.85805979    4.86231451    4.92968392    4.93266943
    4.94394088    5.13532135    5.17731383    5.29190702    5.36528567
    5.53802911    5.68169723    5.83427344    5.89123176    5.95334683
    5.98796626    6.35777746    6.48643783    6.49629148    6.50126746
    6.50585787    6.72059966    6.76068969    6.77003364    6.86986911
    6.96840882    6.99757172    7.00218763    7.06794337    7.24924786
    7.4281427     7.50346264    7.54999838    7.61055985    7.61106126
    7.66226721    7.66670084    7.67125086    7.7179592     7.74375252]
[   1.            0.            0.            0.            0.            0.
    0.           26.            1.            0.            0.            0.
    3.          -82.249779    164.1355       78.936813     78.763596
 -109.22336     -94.815987   -171.68744      43.5816      -40.927113
   25.772636      1.3227862   -29.201401      2.            2.            0.
    3.85862913    3.9579992     4.2387133     4.28285887    4.51937518
    4.62750602    4.91952067    4.92675803    4.95938927    5.16155193
    5.18691291    5.23398411    5.27421143    5.27552642    5.28274904
    5.45374685    5.48726283    5.5696278     5.59219216    5.68791815
    6.01434325    6.10813751    6.13626503    6.14306359    6.21874391
    6.23565672    6.25233734    6.28425079    6.32325543    6.45869628
    6.47718312    6.6097554     6.64513783    6.97010405    7.02387525
    7.05686385    7.15647189    7.16479866    7.26297659    7.30141215
    7.41423783    7.42525302    7.44350805    7.4993531     7.51500221
    7.53680989    7.58143539    7.58949183    7.60429742    7.60498728]
[   0.            0.            1.            0.            0.            0.
    0.           15.            0.            1.            0.            0.
    2.          -68.384277    163.61372      52.734444     75.026741
 -160.48907     -63.507698   -152.01759      45.575516    -40.08651
   17.973661     10.327635    -36.369492      3.            1.            0.
    3.95537637    4.04312045    4.07315435    4.18394512    4.29529023
    4.31577261    4.37862431    4.47755657    4.54252018    4.63012376
    4.6367875     4.7061115     4.71422825    4.95699383    5.07186348
    5.20811611    5.221429      5.23385168    5.27878035    5.30897409
    5.39905335    5.39914186    5.59034667    5.71473277    5.7580803
    5.77677082    6.01846831    6.02245649    6.03745923    6.09762794
    6.20611759    6.25466865    6.35843521    6.60769253    6.72558315
    6.75438848    6.8498558     6.87973954    6.97328943    7.13014251
    7.13985237    7.2310851     7.24667694    7.2801315     7.29401618
    7.47093549    7.5054756     7.52059131    7.67442273    7.68395864]
[   0.            0.            0.            0.            0.            0.
    1.            9.            0.            0.            0.            1.
    1.         -112.22267    -179.34091      63.146652     72.779877
 -157.74203    -155.78557    -160.28401      40.442356    -39.494503
   22.983576      2.2598405   -26.973221      0.            1.            0.
    3.61258804    4.22283885    4.39587354    4.42684852    4.55883348
    5.18325606    5.29945091    5.54902608    5.63250336    5.80389135
    6.01988457    6.11610785    6.17071826    6.43689752    6.45195147
    6.5611544     6.56425506    6.6070696     6.79377758    6.87713119
    6.97957026    7.06638119    7.12853296    7.15667426    7.16976898
    7.20091457    7.20960832    7.26336914    7.34759758    7.35544474
    7.35940819    7.43501175    7.46319472    7.4708518     7.53531071
    7.58969355    7.76685682    7.79957682    7.86510691    7.90397673
    7.92194077    7.92668221    8.04155701    8.15359688    8.2090137
    8.26059455    8.29134819    8.45692229    8.46938962    8.47191316]
[   0.            0.            0.            0.            1.            0.
    0.           19.            0.            0.            1.            0.
    3.          -87.577545   -172.20078      62.920845     72.391815
 -150.42247     -70.756813   -147.66637      44.623108    -42.871811
   26.413511      1.4716657   -29.749636      4.            0.            0.
    3.71884569    3.84372496    3.86869919    3.89287885    4.03378327
    4.11498137    4.14247907    4.18187617    4.18378266    4.19481615
    4.32702753    4.46825809    4.57988904    4.6536571     4.69710109
    4.7803296     4.78152982    4.83921955    4.92656023    4.95161408
    5.12400632    5.22028292    5.24259177    5.28783946    5.2914856
    5.33036721    5.64927694    5.74028886    5.90918176    6.0773501
    6.09727597    6.16438507    6.30886355    6.69274267    6.70012835
    6.71515148    6.8130573     6.92649183    6.95157712    7.04188503
    7.08759334    7.10200001    7.10456433    7.11331324    7.27447669
    7.39478585    7.59974613    7.66452535    7.68543935    7.75241973]
[   1.            0.            0.            0.            0.            0.
    0.            2.            0.            0.            1.            0.
    3.          -82.883827   -170.0645       62.674358     78.143982
 -154.89388     -61.081955   -152.52499      43.184124    -34.690342
   12.776815     15.795798    -36.914989      3.            1.            0.
    3.84959482    4.2755377     4.28633781    4.43105815    4.71701862
    4.72615317    4.92505816    4.94838194    4.96291881    4.9919123
    5.02777821    5.26258273    5.27776464    5.35279185    5.43984027
    5.69562517    5.77443002    5.78751703    5.79965887    5.90367968
    5.92448634    5.96367796    6.01235417    6.15485297    6.25795634
    6.43726138    6.45816247    6.60513108    6.63420669    6.76903494
    7.02064359    7.05317861    7.05979106    7.0971688     7.11567701
    7.17840924    7.22237064    7.32689289    7.32722628    7.64809156
    7.65960791    7.71036014    7.72193341    7.72882494    7.75103532
    7.93186414    8.20457445    8.3146732     8.33999481    8.3898739 ]
[   0.            0.            0.            1.            0.            0.
    0.           24.            0.            1.            0.            0.
    3.          -73.747299    166.36957      65.836525     79.537636
 -127.496       -76.24897    -167.23961      43.57888     -40.467548
   24.680965      3.5096705   -28.636576      4.            1.            0.
    3.47265362    3.56251843    3.60671012    3.76358075    3.96276861
    4.31448828    4.33626853    4.48015704    4.51583942    4.56925343
    4.63677574    4.6458397     4.65357589    4.66758589    4.81463475
    4.9245474     4.9636485     5.09822158    5.3369812     5.37441103
    5.53105695    5.53601287    5.64976205    5.69653771    5.73457503
    5.73704238    5.78468515    5.80071775    5.85924855    5.89765431
    6.00863623    6.21346637    6.3325395     6.36740679    6.4036868
    6.45726887    6.52187446    6.60048255    6.63518137    6.69935451
    6.74381051    6.82746441    6.84817008    6.85584867    6.86041113
    6.8658165     6.93872402    6.97332232    7.09043475    7.22195656]
[   0.            0.            0.            0.            0.            0.
    1.            5.            0.            0.            0.            1.
    0.           47.808277   -163.75098      56.231266     73.295876
 -166.62766      95.63961    -139.74649      43.298744    -42.130272
   26.533419      3.2085147   -30.922478      0.            0.            0.
    6.0470531     7.10043372    7.42069363    7.89245564    8.20055979
    8.75220695    8.89567423    8.9998988     9.02742343    9.15860326
    9.40504514    9.46487448    9.62643653    9.78209864    9.79322481
    0.            0.            0.            0.            0.            0.
    0.            0.            0.            0.            0.            0.
    0.            0.            0.            0.            0.            0.
    0.            0.            0.            0.            0.            0.
    0.            0.            0.            0.            0.            0.
    0.            0.            0.            0.            0.        ]
[   1.            0.            0.            0.            0.            0.
    0.           31.            0.            1.            0.            0.
    3.          -60.020515    167.08502      65.541168     76.609901
 -144.62387     -59.992535   -159.13928      40.628113    -37.226948
   18.470245      6.4945564   -28.912182      3.            0.            0.
    4.0461993     4.20308669    4.47485694    4.47777287    4.63903707
    4.65380542    4.78373279    4.85224603    4.86130087    4.86321199
    4.91077815    5.07844583    5.16258786    5.16942541    5.1802475
    5.2103202     5.26067508    5.46828084    5.49873168    5.51610435
    5.54061086    5.6862853     5.72423524    5.79323192    5.79675502
    5.91030378    5.96108658    5.9830729     6.18404672    6.19305467
    6.26475806    6.2698675     6.27608129    6.31018343    6.54608823
    6.61170754    6.67413858    6.69931422    6.73228377    6.89874738
    6.95904487    6.99820708    7.01140515    7.02087738    7.05015456
    7.19976768    7.35190788    7.42498324    7.53284501    7.55176084]
[   0.            0.            0.            0.            0.            0.
    1.           13.            0.            0.            0.            1.
    0.           53.72142    -140.54922      61.842831    140.75352
 -103.09381     -69.99794     -63.049221    -36.379288     24.232214
   -2.4977133   -19.919174     35.158936      0.            0.            0.
    7.83853296    8.2885411     8.55901652    8.95967156    9.01088723
    9.12358969    9.23786538    9.58868788    9.87002296    0.            0.
    0.            0.            0.            0.            0.            0.
    0.            0.            0.            0.            0.            0.
    0.            0.            0.            0.            0.            0.
    0.            0.            0.            0.            0.            0.
    0.            0.            0.            0.            0.            0.
    0.            0.            0.            0.            0.            0.
    0.            0.            0.        ]
[   0.            0.            0.            1.            0.            0.
    0.           24.            0.            1.            0.            0.
    1.          -58.74297     144.6832       55.714703     72.029488
 -172.00514     -84.173279   -145.01331      39.135258    -38.763096
   20.903467      4.5851378   -27.969763      2.            1.            0.
    4.09466579    4.10247529    4.13741979    4.15852482    4.18396842
    4.29649464    4.3057626     4.49481545    4.55918888    4.64727029
    4.71785543    4.78357194    5.02679699    5.03125524    5.22545935
    5.31791758    5.46389866    5.46882463    5.51780616    5.60912308
    5.69701084    5.70209062    5.84538047    5.86713706    6.18426576
    6.18542178    6.25169439    6.47823258    6.60975863    6.69077529
    6.77269085    7.10852527    7.11958016    7.32903841    7.34263766
    7.359594      7.38307886    7.50986958    7.58005103    7.59019028
    7.60085094    7.61626897    7.68201364    7.84589648    7.8521709
    7.85948066    7.87276419    7.89445837    7.90587412    7.90699006]
[   0.            0.            0.            0.            1.            0.
    0.           16.            1.            0.            0.            0.
    2.         -127.11275     166.18164      70.542419    158.10138
  -80.528198   -118.86053    -110.44836     -43.049789     34.857376
  -11.686344    -17.042261     38.400028      1.            1.            0.
    3.51818487    3.65635828    3.73465771    3.77243738    3.78906275
    3.92376065    3.93797035    4.01454097    4.10747183    4.12111226
    4.16928146    4.23040808    4.3112631     4.3471547     4.38034791
    4.39171872    4.39346038    4.52439441    4.70023857    4.71092223
    4.83959207    4.84487035    4.86341265    4.91679212    4.92303258
    4.99144557    5.06549203    5.15313541    5.17580357    5.51939538
    5.53997387    5.5658383     5.56605635    5.6607486     5.68484416
    5.78716607    5.86814099    6.01100311    6.10599038    6.28838193
    6.42552069    6.46919806    6.51076561    6.66018686    6.75093991
    6.75234443    6.79270581    6.79815849    6.84672323    6.89069691]
[   1.            0.            0.            0.            0.            0.
    0.           16.            1.            0.            0.            0.
    2.          -82.373085    165.99648      66.954727     75.385521
  176.60684      23.207298   -127.78924      41.883469    -34.971325
   14.323736     13.345721    -35.048958      1.            3.            0.
    4.09990332    4.12623982    4.38463246    4.38677543    4.5649373
    4.60446386    4.85619519    4.94005553    4.96208058    4.97580411
    5.02027646    5.03346343    5.17497394    5.32473841    5.48056639
    5.52055788    5.54123747    5.56411231    5.58061493    5.7477298
    5.8775186     5.88492397    5.98387026    6.14640926    6.33393825
    6.42877757    6.43562151    6.46758632    6.55860187    6.59953248
    6.64388727    6.86771372    7.00964316    7.40695161    7.49453313
    7.50920682    7.5259526     7.60426964    7.62480377    7.66293259
    7.66861821    7.73319659    7.79635913    7.86294774    7.87206939
    7.88567407    8.18351895    8.21938519    8.33713586    8.34955369]
[   1.            0.            0.            0.            0.            0.
    0.           27.            0.            0.            1.            0.
    3.          -81.987518    151.4964       61.982285     73.627022
 -159.01807     -59.574818    179.1133       43.806637    -39.806732
   22.300488      5.0847287   -29.302439      3.            1.            0.
    4.68302531    4.7896779     4.82171058    4.89477424    5.01954833
    5.10193232    5.19056622    5.25876286    5.26369749    5.26464353
    5.30049969    5.47621136    5.68200788    5.73667287    5.73939236
    5.89682413    5.89843598    5.94756824    5.96426925    6.05306747
    6.13626503    6.19324723    6.49563893    6.55649671    6.75635397
    6.88147101    6.90202641    6.91191924    6.97476229    7.03537509
    7.08098484    7.09241293    7.19499318    7.21587048    7.54748038
    7.81634258    7.83478139    7.84468681    7.88060698    7.92721503
    7.95244691    8.02223666    8.03088741    8.05563576    8.07226282
    8.13089354    8.13807228    8.15801015    8.17753942    8.27277983]
[   0.            0.            0.            1.            0.            0.
    0.           15.            0.            1.            0.            0.
    3.          -80.803696    168.2254       74.505547     78.136101
 -147.54027     -75.963089   -158.0117       32.883514    -30.177574
   15.322826      6.2190213   -25.065443      3.            2.            0.
    3.33565067    3.4451971     3.48546614    3.88255024    3.92009121
    4.28152395    4.29603408    4.47771598    4.50629746    4.56801287
    4.60616478    4.74334541    4.76790847    4.8074361     4.81411716
    4.84876796    4.9836673     5.03607249    5.31884031    5.38656878
    5.50486071    5.57754521    5.60070109    5.65514822    5.65878453
    5.69356612    5.81059192    5.82594706    5.85887635    5.92931829
    5.9382918     5.99382258    6.01805748    6.05409216    6.17753411
    6.19915682    6.37051822    6.57393993    6.6068899     6.61614944
    6.65960612    6.68042969    6.77875725    6.8331556     6.91009027
    7.0709093     7.10330514    7.14453926    7.15694557    7.24441725]
[   0.            0.            0.            1.            0.            0.
    0.            6.            0.            0.            0.            1.
    2.         -113.32286    -174.55014      87.897224     73.933601
 -115.32632     -77.506981   -158.11679      39.209965    -38.474125
   25.438335      0.20076893  -25.946114      0.            1.            0.
    3.67582549    3.81343006    4.08012572    4.15413961    4.22535159
    4.3924803     4.50540206    4.54998957    4.79743114    4.97782662
    4.98859018    5.0235399     5.11654276    5.18909577    5.21593897
    5.22899923    5.32042051    5.43309664    5.43693202    5.45747266
    5.46371055    5.48395881    5.59652498    5.65235679    5.67241308
    5.68059529    5.71849712    5.78308019    5.78705088    5.90816218
    6.18662197    6.38092688    6.39930356    6.41775753    6.49491778
    6.51268803    6.51682333    6.56837336    6.71200637    6.80652116
    6.81250459    6.85678401    6.90328486    6.94649069    6.95594532
    7.05714454    7.21662599    7.23550967    7.23737567    7.44955484]
[  0.00000000e+00   0.00000000e+00   1.00000000e+00   0.00000000e+00
   0.00000000e+00   0.00000000e+00   0.00000000e+00   3.80000000e+01
   0.00000000e+00   0.00000000e+00   0.00000000e+00   1.00000000e+00
   1.00000000e+00  -7.34584200e+01   1.72666060e+02   6.89751050e+01
   5.33389360e+01  -1.29184280e+02  -6.56479640e+01  -1.58748600e+02
   3.59982450e+01  -3.78671680e+01   2.40828080e+01  -5.93470220e-02
  -2.36014020e+01   2.00000000e+00   1.00000000e+00   0.00000000e+00
   3.34353593e+00   3.37981317e+00   3.92264259e+00   3.92365024e+00
   3.98664321e+00   4.28160176e+00   4.36278969e+00   4.39861678e+00
   4.70892379e+00   4.80622470e+00   4.84624209e+00   4.85149225e+00
   4.92743393e+00   5.09315928e+00   5.21019944e+00   5.38601891e+00
   5.44613419e+00   5.82768501e+00   5.83196765e+00   5.84062846e+00
   5.93883123e+00   5.94475269e+00   6.00453541e+00   6.03150343e+00
   6.04599370e+00   6.36759083e+00   6.40200136e+00   6.40236626e+00
   6.43422345e+00   6.55720816e+00   6.59415378e+00   6.97023631e+00
   7.08040686e+00   7.08160094e+00   7.08280834e+00   7.16189189e+00
   7.16667684e+00   7.20174221e+00   7.22804041e+00   7.26065186e+00
   7.26778937e+00   7.46651289e+00   7.48489735e+00   7.56071051e+00
   7.57219340e+00   7.67754628e+00   7.80268958e+00   7.87482801e+00
   7.90124867e+00   7.98691500e+00]
[   1.            0.            0.            0.            0.            0.
    0.           17.            0.            0.            1.            0.
    2.          -45.099812    169.2036       30.026886     75.390221
 -144.89326     -81.589096   -168.3992       49.436058    -45.318611
   21.272972     11.55193     -36.996624      4.            1.            0.
    3.99891195    4.60127002    4.62685366    4.74484147    4.74947336
    4.84691426    4.89464746    4.9282915     4.96624477    5.04300011
    5.10647554    5.12977868    5.15345163    5.26989899    5.35531346
    5.36217444    5.46863222    5.47297204    5.55837262    5.59188381
    5.69326334    5.91970127    5.93264131    5.94903024    5.97750692
    5.99703165    6.06168485    6.10328188    6.21118272    6.32341251
    6.43977383    6.55442215    6.65428955    6.74195748    6.85437766
    6.89079041    6.93241521    7.02500901    7.08079584    7.28010074
    7.31159497    7.3559565     7.37380168    7.42564211    7.51835451
    7.58456865    7.61838206    7.62814047    7.64375154    7.6850454 ]
[  0.00000000e+00   0.00000000e+00   0.00000000e+00   1.00000000e+00
   0.00000000e+00   0.00000000e+00   0.00000000e+00   5.00000000e+00
   0.00000000e+00   0.00000000e+00   0.00000000e+00   1.00000000e+00
   2.00000000e+00  -4.81611060e+01   1.54581300e+02   6.01090200e+01
   6.90128630e+01  -1.27045390e+02  -6.39049800e+01  -1.63144670e+02
   4.39448010e+01  -4.47499010e+01   2.81360570e+01   7.13262480e-02
  -2.65973950e+01   2.00000000e+00   0.00000000e+00   0.00000000e+00
   3.70698971e+00   3.79226593e+00   3.80284881e+00   3.90343945e+00
   4.13083606e+00   4.23174940e+00   4.23578600e+00   4.31494975e+00
   4.32915998e+00   4.34698896e+00   4.59531360e+00   4.64242448e+00
   4.66713986e+00   4.69049252e+00   4.88030276e+00   4.98577429e+00
   5.01903375e+00   5.02314086e+00   5.02651467e+00   5.30364952e+00
   5.42408284e+00   5.46965826e+00   5.47797748e+00   5.48661703e+00
   5.53820063e+00   5.61493228e+00   5.66530157e+00   5.73743003e+00
   5.87993499e+00   5.91384146e+00   6.04012186e+00   6.05442167e+00
   6.09443280e+00   6.14933723e+00   6.15812468e+00   6.31878859e+00
   6.47004571e+00   6.51774946e+00   6.80296969e+00   6.82077726e+00
   6.85164618e+00   6.92740053e+00   6.94837742e+00   7.06029587e+00
   7.11384398e+00   7.11512661e+00   7.13998831e+00   7.20446390e+00
   7.30104598e+00   7.35587089e+00]
[   0.            0.            0.            0.            1.            0.
    0.            2.            0.            0.            1.            0.
    3.          -95.179367   -178.45262      67.65004      73.720695
 -131.78215     -94.748222   -164.1741       45.007977    -43.688404
   28.152651      1.6756134   -29.210497      3.            0.            0.
    3.25784675    3.3446185     3.48187086    3.63258868    3.73026542
    3.7485151     3.78090268    3.96200826    4.0779519     4.10830117
    4.11291829    4.22623434    4.52393732    4.5374747     4.6420823
    4.75441096    4.99595576    5.04071718    5.15914284    5.48891809
    5.49649989    5.52738311    5.58123703    5.68778771    5.77222675
    5.83808093    5.98156416    5.99038105    6.04381302    6.09999395
    6.22174419    6.31396381    6.34314046    6.35600432    6.4502152
    6.5344425     6.77903295    7.00241032    7.11303427    7.26043391
    7.29415353    7.31470074    7.32188546    7.36989406    7.42512522
    7.464434      7.48029791    7.69754296    7.75659761    7.81842321]
[   1.            0.            0.            0.            0.            0.
    0.           19.            0.            0.            1.            0.
    2.          -87.018089    170.94411      67.131073     62.44418
  178.88249      -0.7063753  -151.65335      46.539349    -45.443382
   23.890354      6.0754442   -35.656391      0.            2.            0.
    3.79076808    3.89439758    4.03467003    4.39619588    4.52070982
    4.60235919    4.70888147    4.729928      4.9970902     5.05456859
    5.0731552     5.1424275     5.1693979     5.28531298    5.32765344
    5.40582581    5.4165182     5.61247633    5.67767107    5.71012355
    5.74927939    5.82079986    5.8268785     5.96193051    5.9631362
    5.97520695    6.00187416    6.05637855    6.11502397    6.65014936
    6.71854496    6.90213897    6.95873296    6.99533647    7.00203251
    7.04620763    7.11825599    7.13068377    7.22756567    7.33996849
    7.37364877    7.37572288    7.42476366    7.49028709    7.49611665
    7.64380484    7.65011744    7.79491009    7.82304141    7.85252022]
[   0.            0.            0.            0.            0.            0.
    1.           15.            0.            0.            0.            1.
    0.          130.72693     101.35172      55.251789     77.311478
 -174.48253     115.85313    -143.65103      32.928444    -36.523571
   24.944901     -3.1207325   -19.92692       0.            1.            0.
    6.21295276    7.14381442    7.62815943    7.96398519    8.14176347
    8.29371597    8.45553632    8.76457853    8.78198547    9.58422141
    9.92381627    0.            0.            0.            0.            0.
    0.            0.            0.            0.            0.            0.
    0.            0.            0.            0.            0.            0.
    0.            0.            0.            0.            0.            0.
    0.            0.            0.            0.            0.            0.
    0.            0.            0.            0.            0.            0.
    0.            0.            0.            0.        ]
[   1.            0.            0.            0.            0.            0.
    0.           22.            1.            0.            0.            0.
    2.          -76.683701    175.54236      62.518364     77.609467
 -173.77728     -92.965729   -118.54607      39.778851    -32.091705
    9.2486029    16.710524    -34.690975      1.            1.            0.
    4.21371638    4.42056038    4.42088417    4.50496349    4.5312479
    4.56831723    4.64043468    4.6641065     4.7122661     4.87306564
    5.19089545    5.42341463    5.44460947    5.51717671    5.53937449
    5.56695509    5.62570316    5.65266445    5.65688085    5.71187276
    5.84934071    5.8663391     5.88419455    5.97878247    6.06683721
    6.17459797    6.26194497    6.35408622    6.36804546    6.40357244
    6.43824895    6.45749196    6.48775412    6.65565479    6.72551449
    6.74501565    6.78349364    6.93905597    7.04826344    7.1756431
    7.24556081    7.272255      7.28471399    7.42709448    7.49735518
    7.50154324    7.55527042    7.55977775    7.56903493    7.57427253]
[   0.            0.            0.            0.            1.            0.
    0.           13.            0.            0.            1.            0.
    2.          -79.44706     179.78786      61.326927     76.083473
 -144.27338     -50.028839   -172.39441      36.174984    -34.812546
   17.139383      7.4510078   -28.321844      3.            0.            0.
    3.73632719    3.76897995    3.79691562    3.93339283    4.01522292
    4.03202321    4.20420056    4.21441311    4.30530126    4.52989668
    4.54467906    4.57427465    4.59294429    4.71172443    4.73190485
    4.78279319    4.83665947    5.057346      5.14214758    5.20376354
    5.30195331    5.51665187    5.53119812    5.55454177    5.59062762
    5.62513106    5.64622863    5.67024159    5.68986502    5.8200102
    5.83501978    5.94398295    5.97360358    5.98338207    6.14838806
    6.19980074    6.38760454    6.60362154    6.70991133    6.8746572
    6.98710227    7.07916308    7.09503154    7.12211486    7.14928427
    7.42158463    7.59326737    7.63044331    7.67293335    7.81090527]
[   0.            0.            0.            1.            0.            0.
    0.            5.            0.            0.            0.            1.
    0.           47.808277   -163.75098      56.231266     73.295876
 -166.62766      95.63961    -139.74649      43.298744    -42.130272
   26.533419      3.2085147   -30.922478      0.            0.            0.
    4.42210916    5.12493903    5.18662942    5.69070428    6.27471464
    6.45788168    6.50630062    7.16309647    7.18185802    7.21829752
    7.34637891    7.40279968    7.73759892    7.83870351    7.87652538
    7.92550342    8.48475691    8.67412321    8.71291932    8.92794943
    8.9682109     9.0812627     9.2403693     9.27720157    9.2780183
    9.42280416    9.44009945    0.            0.            0.            0.
    0.            0.            0.            0.            0.            0.
    0.            0.            0.            0.            0.            0.
    0.            0.            0.            0.            0.            0.
    0.        ]
[   0.            0.            1.            0.            0.            0.
    0.            7.            0.            1.            0.            0.
    1.          -70.691719    167.60616      70.072853     65.642975
 -178.77522     -90.052116   -150.98047      32.940666    -36.093288
   23.594406     -3.315702    -18.466764      2.            1.            0.
    3.72610525    3.98801213    4.26943394    4.55235059    4.90871564
    4.95607741    5.27994229    5.28189268    5.28684673    5.31439117
    5.32115855    5.63163515    5.67368862    5.77870171    5.78156787
    5.78880604    5.82287743    5.86489202    5.90548922    5.96822533
    5.97114941    6.04290914    6.06108982    6.06631108    6.09278121
    6.09525707    6.11310334    6.13127549    6.26487592    6.31030203
    6.36416446    6.40138857    6.41721205    6.45893372    6.55818875
    6.59154133    6.6325856     6.68531591    6.76121111    6.86420428
    7.10743185    7.14227324    7.15115484    7.18927475    7.24862494
    7.29876304    7.33104502    7.34579925    7.36392014    7.50709957]
[  1.00000000e+00   0.00000000e+00   0.00000000e+00   0.00000000e+00
   0.00000000e+00   0.00000000e+00   0.00000000e+00   3.30000000e+01
   0.00000000e+00   1.00000000e+00   0.00000000e+00   0.00000000e+00
   3.00000000e+00  -8.28904880e+01   1.73289470e+02   7.64146880e+01
   6.88723140e+01  -1.67119090e+02  -6.79989620e+01  -1.58079960e+02
   4.06578710e+01  -4.05182380e+01   2.59622820e+01  -1.18694060e-01
  -2.64208640e+01   3.00000000e+00   1.00000000e+00   0.00000000e+00
   4.52638821e+00   4.64445915e+00   4.70003481e+00   4.83100750e+00
   4.87632247e+00   4.88794728e+00   4.89143131e+00   5.00208302e+00
   5.18977255e+00   5.19739302e+00   5.20314982e+00   5.28103884e+00
   5.38524301e+00   5.58777074e+00   5.65380642e+00   5.67813037e+00
   5.70178434e+00   5.70333000e+00   5.73749859e+00   5.75396888e+00
   5.82015031e+00   5.82402165e+00   5.83221363e+00   5.86949822e+00
   6.04421286e+00   6.05349844e+00   6.09652533e+00   6.17232438e+00
   6.40004339e+00   6.44378065e+00   6.56366436e+00   6.62946523e+00
   6.63245110e+00   6.75521227e+00   6.80721386e+00   6.91411723e+00
   6.97012842e+00   6.99247225e+00   6.99498477e+00   7.03308921e+00
   7.06316410e+00   7.08837553e+00   7.14653149e+00   7.22884330e+00
   7.46274284e+00   7.55628423e+00   7.59788877e+00   7.72920896e+00
   7.80645177e+00   7.80872812e+00]
[   0.            0.            0.            1.            0.            0.
    0.           18.            0.            1.            0.            0.
    2.          -63.473663    178.85669      52.295601     91.384094
 -148.06691     -55.149826   -155.51886      25.718199    -24.237005
   12.2994        4.5872307   -20.333914      5.            0.            0.
    3.7470021     3.79008727    3.84814656    4.12187945    4.12199584
    4.13441945    4.1359294     4.16871935    4.22968517    4.34277986
    4.47022404    4.58038257    4.7496555     4.81649862    4.86683347
    5.26297979    5.3418887     5.34492463    5.36516052    5.3731354
    5.3880273     5.62991385    5.74282382    5.79109107    5.79927755
    5.8554092     5.87085672    5.92587924    5.93278988    5.97603765
    6.09069571    6.12239197    6.12832524    6.20192001    6.26325079
    6.40504993    6.46841252    6.51236284    6.52806151    6.54823231
    6.7112568     6.80305038    6.90142838    7.06901803    7.28217366
    7.2960405     7.3825942     7.43730177    7.47189064    7.52290312]
[   0.            1.            0.            0.            0.            0.
    0.           18.            1.            0.            0.            0.
    2.          -56.212505   -145.36659      54.87299      75.978348
 -169.83667     -20.220009   -161.00822      37.527748    -36.657082
   20.905149      2.332968    -26.041801      2.            0.            0.
    3.51719498    3.58744026    3.59149824    3.65787772    3.89124945
    4.31703338    4.49341695    4.6475207     4.84050284    5.04885509
    5.07503952    5.12142889    5.17652572    5.22884399    5.24043205
    5.31690321    5.5173793     5.54093737    5.75975442    5.85653178
    5.9449913     6.00198515    6.0493616     6.05641154    6.35599267
    6.51076561    6.56061674    6.62458373    6.68801798    6.870381
    6.8815797     7.03940293    7.06030138    7.07739461    7.13590834
    7.14410154    7.20926192    7.21371129    7.30099568    7.47480497
    7.49245332    7.69725108    7.74383079    7.77891913    7.79608788
    7.88722561    7.96703851    7.97534661    7.99102768    7.99520855]
[   0.            0.            0.            1.            0.            0.
    0.            7.            0.            1.            0.            0.
    1.           71.338135    137.78619      47.08913      71.26812
 -163.35513      58.973709   -142.78246      38.232635    -40.771076
   25.079319      0.73727888  -25.680004      0.            2.            0.
    3.56478047    3.61259211    3.71593238    3.98122944    4.04460408
    4.07985154    4.14770975    4.50004496    4.51329701    4.69357671
    4.71061364    4.75104479    5.05783374    5.2790718     5.38646099
    5.42394528    5.48987555    5.5662704     5.94161767    5.99640105
    6.17297614    6.21485656    6.80013449    6.93403935    7.43061654
    7.47582029    7.55000739    7.61330171    7.64565855    8.05489243
    8.11947634    8.16289619    8.60894883    8.65136356    8.75557149
    8.88175651    8.88194482    9.0495996     9.07751056    9.74975649
    0.            0.            0.            0.            0.            0.
    0.            0.            0.            0.        ]
[   0.            0.            1.            0.            0.            0.
    0.           30.            0.            0.            0.            1.
    1.         -142.866      -137.0677       84.860779     77.0625
 -154.42476     -60.215313   -159.51567      49.336914    -46.034405
   27.023783      5.3803363   -34.247375      2.            1.            0.
    3.84727581    3.96719486    3.97842231    4.06515727    4.07536753
    4.07582986    4.09115281    4.12032621    4.20507135    4.58239089
    4.6753758     4.72168214    4.72354071    4.7527368     4.82522901
    4.99394607    5.37990166    5.38802458    5.4732627     5.55675679
    5.65041835    5.86683501    5.92817137    5.98175997    5.98720486
    5.99107782    6.03031214    6.03161726    6.06359459    6.13109162
    6.20003003    6.25026857    6.25300629    6.66381168    6.79905355
    6.81333291    6.82831511    6.88426412    6.89873579    6.90415924
    6.90855332    6.91518024    6.92462224    7.07058377    7.15350064
    7.24606879    7.25230421    7.27462712    7.29052933    7.30436329]
[   0.            1.            0.            0.            0.            0.
    0.            2.            1.            0.            0.            0.
    3.          -81.511284    176.1729       58.747089     80.889458
 -162.03694     -55.999943   -140.71904      38.801849    -35.27766
   19.942717      4.234199    -27.83057       2.            1.            0.
    3.34985546    3.40038941    3.47978573    3.58212746    3.651302
    3.91568489    3.9831843     4.07596246    4.12027732    4.1560907
    4.28756007    4.31967796    4.34242032    4.58938772    4.63943198
    4.71946051    4.72025739    4.72147181    4.74687246    4.75417637
    4.78253423    4.89292031    4.89796211    4.946589      4.96164897
    4.98301335    5.04524776    5.11552251    5.26606231    5.32717088
    5.39808094    5.44652244    5.51603694    5.64020949    5.75418009
    5.99754269    6.02847058    6.0309009     6.06683989    6.17562102
    6.24352796    6.27781206    6.32444254    6.36904762    6.51357916
    6.55269972    6.65469854    6.67717053    6.7088363     6.72890621]
[   0.            0.            0.            0.            0.            1.
    0.           13.            0.            0.            1.            0.
    1.          -56.557281    126.75978      71.125534     79.228668
  173.44801      23.150406   -158.11494      38.474976    -32.345108
   13.82564      11.338538    -32.531628      1.            3.            0.
    2.82931919    3.02719158    3.50501169    3.55416178    3.65818797
    3.94954455    4.08046465    4.12221719    4.16634835    4.16689595
    4.18275647    4.28894576    4.35421741    4.42919654    4.48193766
    4.50081415    4.62589499    4.65945135    4.68443275    4.80227946
    5.03608233    5.04039334    5.07767907    5.12732701    5.1503631
    5.21597044    5.26666857    5.38125401    5.42549002    5.44055777
    5.45223717    5.47140636    5.63856173    5.73642746    5.74625984
    5.75987511    5.82217995    5.91529725    5.99643739    5.99734172
    6.03422098    6.08954573    6.12273223    6.16607329    6.16611686
    6.22225427    6.31123838    6.37986655    6.43150394    6.44019156]
[   1.            0.            0.            0.            0.            0.
    0.            7.            0.            1.            0.            0.
    2.          -65.960602    162.79089      64.936783     70.787216
 -136.96262     -60.751263   -163.36092      42.834133    -38.540039
   17.728344     11.673843    -35.674309      3.            1.            0.
    4.30137026    4.39020023    4.52660364    4.54901402    4.5561685
    4.81378793    4.87411252    4.90258576    4.92575275    5.08395524
    5.18866853    5.19770187    5.21858657    5.35526196    5.38747398
    5.40826849    5.46899934    5.4744939     5.51326434    5.53630338
    5.61889433    5.65925114    5.6699806     5.73659362    5.99517234
    6.12568622    6.17898973    6.22139972    6.42132684    6.44276034
    6.5351482     6.54313297    6.55718562    6.58226547    6.59827911
    6.68738357    6.69562706    6.84252086    7.3855878     7.46557665
    7.50248469    7.53732497    7.55605614    7.68000956    7.70398739
    7.74856302    7.8245254     7.82634866    7.83537096    7.84631931]
[   0.            0.            1.            0.            0.            0.
    0.           16.            0.            1.            0.            0.
    3.          -72.019005    164.83679      63.120998     78.915031
 -153.55066     -57.420681   -151.84558      42.550709    -40.368641
   22.168304      5.1074514   -30.78097       3.            1.            0.
    3.27133854    3.34797995    3.55823395    3.63547791    3.6613888
    3.73505367    3.78343453    3.84804623    4.03491624    4.17128863
    4.23319853    4.24534033    4.25173496    4.26797043    4.28152395
    4.58310316    4.95252437    4.9572217     5.0758029     5.13034005
    5.18855218    5.28246959    5.40023905    5.42330061    5.43802275
    5.54840308    5.59414135    5.6241391     5.6905362     5.856951
    5.89718196    6.00906148    6.05946394    6.13260178    6.13385989
    6.19337374    6.3277644     6.44337638    6.56515502    6.56621035
    6.64011561    6.74898374    6.79275278    6.90949892    7.03034092
    7.03881841    7.08464389    7.08503413    7.13112109    7.22574596]
[   0.            0.            1.            0.            0.            0.
    0.           24.            0.            1.            0.            0.
    0.         -106.81149     156.25693     173.7193       71.961807
 -140.72342     -67.960716   -160.44238      37.705822    -39.18285
   25.262039     -1.242538    -24.957869      3.            1.            0.
    3.80226599    4.33688129    4.60132782    4.77507715    4.79930979
    4.96788509    5.19963752    5.2513526     5.41006413    5.45231801
    5.54825454    5.79870575    5.88740912    6.05424357    6.15700643
    6.22181408    6.32123819    6.46581862    6.55072256    6.80513171
    6.82590097    6.88136377    6.91863913    6.96534648    7.25229723
    7.2586272     7.27072168    7.37259288    7.49015093    7.49361869
    7.71274743    7.75268758    7.77775608    7.86201034    7.86766335
    8.00219905    8.21219938    8.21736743    8.38147684    8.41230932
    8.45586304    8.54861733    8.55044864    8.56774068    8.57481221
    8.57516699    8.59666463    8.61123212    8.62961373    8.67779181]
[   0.            1.            0.            0.            0.            0.
    0.           27.            1.            0.            0.            0.
    3.          -76.346191    171.38542      53.031681     83.415405
 -147.62242     -62.379833   -135.81058      47.539577    -44.760067
   21.171553      8.7412291   -35.857925      2.            1.            0.
    3.55659719    3.55907751    3.66762204    3.67030627    3.6852442
    3.73174231    3.73552963    3.86839389    4.17496395    4.24773794
    4.29716673    4.30885641    4.34879394    4.3555769     4.35917899
    4.5389079     4.62087917    4.62426111    4.65113846    4.70207219
    4.87592696    4.95211486    4.9569813     4.97720885    5.01930414
    5.07687509    5.21721267    5.31730993    5.48668235    5.51085342
    5.54001359    5.74374318    5.814035      6.05306969    6.06872985
    6.1526233     6.17675071    6.27629097    6.37259517    6.38959944
    6.41387891    6.46750353    6.5044062     6.63114754    6.71023716
    6.71296303    6.8496386     6.95106075    6.98079131    7.07190627]
[   0.            0.            0.            1.            0.            0.
    0.           24.            0.            1.            0.            0.
    0.         -106.81149     156.25693     173.7193       71.961807
 -140.72342     -67.960716   -160.44238      37.705822    -39.18285
   25.262039     -1.242538    -24.957869      3.            1.            0.
    4.36222888    4.50572036    4.7569417     5.09509416    5.20199008
    5.20552701    5.26431864    5.37191808    5.70099152    5.72903302
    5.77113098    5.81460512    5.8388748     5.97087016    5.99891872
    6.04388594    6.27239989    6.31399425    6.44003728    6.55354297
    6.62259985    6.64660261    6.85842745    6.89066929    6.90259259
    6.91824228    7.08123845    7.18710765    7.32623588    7.34734085
    7.38072144    7.40188242    7.44165307    7.46836893    7.50480224
    7.51890242    7.68169567    7.72159001    7.73844835    7.77701749
    7.82013704    7.83768433    7.87118259    8.04031426    8.07245685
    8.10025191    8.10998518    8.15605268    8.18474599    8.20718348]
[   1.            0.            0.            0.            0.            0.
    0.           15.            0.            0.            0.            1.
    0.          155.79779     170.6219       69.143433     77.972626
 -105.53078     -83.97773    -153.83751      41.857269    -38.310925
   20.362818      5.7006955   -30.316526      0.            0.            0.
    4.59117563    4.8893266     5.01244974    5.04440778    5.10096015
    5.16983325    5.19145958    5.43727949    5.45555436    5.56304236
    5.6544628     5.7657555     5.93923407    6.16036636    6.23688544
    6.30170813    6.34756407    6.37971773    6.42470893    6.78249356
    6.86662663    6.89963992    6.97647044    7.1386537     7.21539966
    7.51562114    7.52058205    7.63807091    7.64390624    7.73180077
    8.06776213    8.07720479    8.16786605    8.26599688    8.44751757
    8.56999049    8.6092073     8.69823961    8.75537726    8.90068028
    8.90320435    8.95596865    9.1209949     9.34164786    9.47876159
    9.58687594    9.64956014    9.69194195    9.71693622    9.74516427]
[   0.            0.            0.            1.            0.            0.
    0.           26.            0.            0.            0.            1.
    2.          -67.840393    175.19446      49.122692     74.218369
 -155.81389     -69.559853   -160.25545      45.958824    -47.780949
   32.032959     -3.3533373   -24.848454      2.            0.            0.
    3.57024944    3.57970357    3.58741228    3.7440818     3.81146781
    3.8611669     4.25430252    4.26228121    4.29602754    4.36843916
    4.50082027    4.58482376    4.67972565    4.81984311    4.88508489
    4.94696917    5.15981885    5.25319122    5.27448944    5.43173724
    5.4737624     5.56132453    5.58570416    5.63164268    5.86230751
    5.91061928    5.93124372    6.01136576    6.01424375    6.02163055
    6.0340877     6.15211889    6.21099889    6.3039374     6.32483035
    6.48284808    6.53043993    6.6542583     6.69213778    6.94298916
    7.0079718     7.01277188    7.03766402    7.04211515    7.05756333
    7.07563095    7.09375535    7.10047069    7.15869953    7.20293577]
[   1.            0.            0.            0.            0.            0.
    0.           28.            0.            0.            1.            0.
    2.          -33.388817   -164.56558      51.381588     74.771088
 -165.05339     -70.761177   -141.67303      37.622219    -35.226311
   19.70821       4.5631266   -26.357889      2.            1.            0.
    3.5027572     3.58224477    3.90772207    4.42002482    4.57004826
    4.60896578    4.71073691    4.77024171    4.82338575    4.86805229
    4.93993147    5.13355579    5.28384673    5.31983906    5.42266657
    5.43074422    5.64475999    5.66756631    5.73581645    6.00179668
    6.00185543    6.09432625    6.15938725    6.19036009    6.20317895
    6.29889314    6.38311819    6.40287743    6.49774848    6.7141102
    6.78939804    6.86010469    6.90751768    6.99487743    7.03183825
    7.257044      7.51871747    7.71456314    7.76179879    7.80997793
    7.83024254    7.84552567    7.87626516    7.89984991    7.9784071
    8.01188479    8.01360416    8.02788909    8.0360616     8.04385145]
[   0.            0.            0.            1.            0.            0.
    0.            2.            0.            0.            0.            1.
    2.          -64.23613     162.06532      69.147736     84.611221
 -113.85378    -130.86823    -155.31502      38.817432    -34.937687
   15.833429      9.8672295   -30.779608      2.            3.            0.
    3.70965151    3.86046403    4.10073743    4.29097079    4.30596336
    4.63717987    4.66186961    4.70304854    4.7460934     4.82024713
    4.88644388    4.99939183    5.00109097    5.01510178    5.12316764
    5.18385943    5.34553093    5.39128914    5.48173821    5.52174681
    5.68559393    5.71037392    5.79860173    5.90534504    5.99395228
    6.0186557     6.15948539    6.33124726    6.39494203    6.39909095
    6.5471172     6.69142902    6.69695192    6.74025195    6.88888657
    6.9385199     7.07055826    7.08705489    7.30788664    7.43481721
    7.54656974    7.6215941     7.65296425    7.76243889    7.79450556
    7.85971095    7.86200813    7.87524646    7.92240963    8.19088189]
[   1.            0.            0.            0.            0.            0.
    0.            8.            1.            0.            0.            0.
    1.          145.95694     164.35835      47.900097    139.85037
  -88.197906   -124.20029      47.483398    -38.507111     21.949856
    2.8088164   -26.366558     40.643711      0.            2.            0.
    4.57543105    4.67136861    4.69357671    4.86352763    5.16317322
    5.17891165    5.20554143    5.21562781    5.2940598     5.35549652
    5.49840608    5.61470128    5.65319665    5.71761367    5.81501436
    6.09262227    6.19929729    6.21062373    6.26872254    6.29155839
    6.33464172    6.43792382    6.70203386    6.76642802    6.84819837
    7.13860416    7.14681599    7.25441519    7.35312399    7.59741943
    7.71092986    7.81636323    7.92471634    8.1403262     8.55661016
    8.65356043    8.71186553    8.84884899    8.94575538    9.07604869
    9.20846885    9.23812933    9.31671166    9.46501305    9.48622374
    9.59303781    9.62585373    9.6436176     9.97246496    0.        ]
[   0.            0.            0.            1.            0.            0.
    0.            7.            0.            1.            0.            0.
    2.          -66.634865   -179.80217      50.367638     77.640091
 -152.06619     -61.902084   -160.07291      44.212341    -41.500648
   22.25732       7.6645713   -33.976788      3.            0.            0.
    3.41839738    3.53705491    3.61916754    3.90961594    3.96454418
    3.9906551     4.13681731    4.17056631    4.17944668    4.46992076
    4.50210952    4.54330999    4.71149343    4.74991002    4.77911971
    4.83878476    4.91970345    5.03773539    5.07469963    5.248501
    5.34629624    5.44742298    5.46336053    5.56174319    5.5730749
    5.66744416    5.81179313    5.85032099    5.85827749    5.92402198
    5.94696321    6.05077338    6.09590359    6.09982123    6.11807872
    6.3079204     6.40296957    6.41227235    6.51363147    6.51892019
    6.57795275    6.63899274    6.73298681    6.77882544    6.82830921
    6.91219388    6.98492617    6.99932708    7.02827922    7.23416204]
[   1.            0.            0.            0.            0.            0.
    0.            2.            0.            0.            1.            0.
    3.         -100.27131     179.59457      68.663246     67.321533
 -146.40622     -65.668983   -165.65572      46.006573    -44.623703
   24.850697      6.5414581   -32.526947      3.            0.            0.
    4.13970762    4.17066154    4.17424255    4.65407764    4.71673069
    4.72051006    4.74604834    4.79179357    4.80687706    5.13761904
    5.14196386    5.21093074    5.23164975    5.26443511    5.26837869
    5.27767894    5.58538351    5.62844001    5.67291151    5.77355647
    5.82537243    5.84494777    5.86983592    5.88757142    5.91224108
    5.91394429    6.01084236    6.05659163    6.5201678     6.55959569
    6.8355436     6.85662165    6.88576125    6.88646617    6.99811989
    7.07643711    7.36207241    7.58046916    7.63749906    7.67405331
    7.75602786    7.86094092    7.94690772    7.9567638     7.97019992
    8.07492917    8.12013803    8.12349764    8.19454148    8.26720298]
[   0.            0.            0.            0.            1.            0.
    0.            3.            0.            0.            1.            0.
    3.          -97.991241   -164.18674      64.391273     81.489708
 -144.2619      -56.893234   -151.89767      38.803093    -38.104256
   22.254976      3.1969006   -26.004835      2.            0.            0.
    3.83305382    3.87646483    3.94154915    3.94286579    3.95190409
    4.03053954    4.04511403    4.06920032    4.22781799    4.3478673
    4.36480176    4.64385415    4.67357422    4.68308665    4.72025739
    4.89954441    4.91083374    4.92306       4.94762369    4.98443101
    5.0243379     5.09069645    5.34029582    5.43194536    5.59546424
    5.60550845    5.73257098    5.74556666    5.8286104     5.83852927
    5.9689693     5.97754513    5.99520566    6.04337791    6.44027717
    6.45349259    6.66192985    6.66998328    6.67047385    6.72089295
    6.73643591    6.81425701    7.00684039    7.26237018    7.46961489
    7.51049356    7.55660751    7.5958481     7.59669674    7.68133649]
[   0.            0.            1.            0.            0.            0.
    0.           30.            0.            1.            0.            0.
    3.          -82.178703    168.8192       57.266518     71.846931
 -160.11404     -73.12072    -156.96849      43.525517    -44.980083
   29.941782     -1.3183407   -27.273161      3.            0.            0.
    3.7226778     3.79836648    3.85788129    3.92182984    4.02289472
    4.03416122    4.0673427     4.12328788    4.17041684    4.25710311
    4.53368743    4.63714672    4.64540636    4.73916972    4.7652813
    4.81662893    4.89030363    4.95349891    5.03425868    5.33610036
    5.36819       5.50161683    5.51677598    5.51946311    5.54568161
    5.61621202    5.69643267    5.72463083    5.73063859    5.77843716
    5.86632827    6.02111382    6.04306682    6.0495388     6.17579141
    6.20358576    6.26475806    6.57401332    6.68124743    6.71500007
    6.75648243    7.05744922    7.05838199    7.09104754    7.13841871
    7.17313546    7.20425103    7.22255555    7.26168238    7.27203922]
[   0.            0.            0.            1.            0.            0.
    0.           15.            0.            0.            0.            1.
    0.          155.79779     170.6219       69.143433     77.972626
 -105.53078     -83.97773    -153.83751      41.857269    -38.310925
   20.362818      5.7006955   -30.316526      0.            0.            0.
    3.27606645    3.64810966    4.06726996    4.20695887    4.29294776
    4.58004386    4.6577474     4.82700438    4.90461662    4.927738
    5.01667228    5.30829399    5.56487668    5.61896147    5.71116528
    5.84139304    5.85016053    5.90437123    5.92460314    5.92524299
    6.0207547     6.38742641    6.40801619    6.47540568    6.71769408
    6.99582288    7.0741819     7.07764317    7.24226343    7.26225554
    7.30391536    7.3265092     7.47760289    7.58012103    7.65985854
    7.6633702     7.67329867    7.81447948    7.83725581    7.89821024
    7.93765898    8.1000221     8.17168088    8.30148518    8.40675374
    8.44692224    8.55273129    8.58609975    8.87656439    9.07603987]
[   0.            1.            0.            0.            0.            0.
    0.            6.            1.            0.            0.            0.
    3.          -53.807568    173.68881      52.693645     77.776726
 -149.44757     -67.108261   -137.1642       42.540417    -38.585262
   18.507593      8.8091698   -31.026665      3.            1.            0.
    3.40119092    3.66296894    3.71480147    3.78415634    3.79018305
    3.81199776    3.86182437    3.87890237    3.92798889    3.97701811
    4.01017369    4.01874452    4.03916324    4.07172405    4.12941025
    4.19473522    4.21100467    4.39574388    4.5561685     4.77057117
    4.77530847    4.7876418     4.93498453    4.95349891    5.04048144
    5.04571983    5.08379493    5.16216228    5.20450677    5.54571904
    5.62183421    5.63873741    5.68093592    5.90116188    5.94698182
    5.99356982    6.12530937    6.32015411    6.3424504     6.3745954
    6.45871682    6.46028214    6.50557352    6.57132188    6.63727429
    6.7042776     6.75134237    6.76654657    6.77562099    6.79247009]
[   1.            0.            0.            0.            0.            0.
    0.           23.            0.            1.            0.            0.
    3.          -84.113503    149.12743      94.221031     76.141197
 -167.60696     -59.547192   -160.27357      33.964092    -30.989004
   14.96526       7.1969376   -25.150183      3.            1.            0.
    3.20650095    3.44766218    3.54256872    3.93282261    3.97113328
    4.19892056    4.31415082    4.48015704    4.58240229    4.71342365
    4.72111548    4.76534097    4.82787421    4.83701771    4.87438223
    4.92036371    4.9536613     5.04948212    5.08903006    5.10555892
    5.12640601    5.15975614    5.18492291    5.3888737     5.40117253
    5.54169077    5.62955015    5.71265881    5.75470133    5.79471124
    5.79878594    5.88215278    6.02233       6.04240642    6.17168416
    6.20754826    6.21236762    6.37806659    6.37981567    6.45167525
    6.48075212    6.52083616    6.54081218    6.78936055    6.79034263
    6.8349599     6.8500952     6.90765375    7.005375      7.05297917]
[   1.            0.            0.            0.            0.            0.
    0.            7.            1.            0.            0.            0.
    2.          -61.384602    178.26991      67.828323     72.283401
  174.57121     -77.587173   -148.07848      37.383602    -35.730389
   20.246424      2.6656492   -25.417807      1.            2.            0.
    3.92809136    4.31279039    4.43740346    4.51732706    4.58607382
    4.61123876    4.66456727    4.80542439    5.021609      5.05409011
    5.30176467    5.4767449     5.53974952    5.56236137    5.72297572
    5.91117301    5.91381621    6.00814867    6.04543632    6.04789447
    6.38699352    6.45974068    6.47832488    6.48790353    6.51815232
    6.57877735    6.65280249    6.71170655    6.72847244    6.80559713
    6.84127145    6.88386329    6.92363836    7.17172777    7.19169024
    7.2492186     7.37416643    7.39102659    7.39504963    7.43170471
    7.43334733    7.47239143    7.49349131    7.56054303    7.57825909
    7.58717394    7.58724474    7.66321731    7.68379629    7.8391925 ]
[   0.            0.            0.            1.            0.            0.
    0.           23.            0.            0.            0.            1.
    0.          -84.422417   -176.42017      56.55994      70.773735
 -133.04265     -52.165771   -138.98306      39.513866    -42.647488
   28.038589     -0.77126342  -25.541204      1.            0.            0.
    3.27756413    3.36378081    3.44630435    3.6858075     4.11866703
    4.15038981    4.25897275    4.36442256    4.64960925    4.7122661
    4.74194601    4.76184377    4.9194882     4.97932632    5.13606408
    5.14760672    5.16288923    5.19597068    5.39643242    5.52501294
    5.58806893    5.61536625    5.63121143    5.63592888    5.75740409
    5.80354242    5.87368356    5.94602022    6.04594928    6.1463819
    6.22331237    6.23748694    6.28665025    6.33598492    6.40927942
    6.74030127    6.88247579    6.97586711    7.09382745    7.29466804
    7.37319898    7.38078835    7.38299481    7.39396081    7.47944571
    7.67321315    7.81565548    7.81890026    7.87170211    7.94169789]
[   0.            0.            0.            1.            0.            0.
    0.           21.            0.            0.            0.            1.
    3.          -40.794464    143.79086      58.461224     76.57502
 -159.99869     -41.409313   -174.95174      36.469421    -40.346481
   33.06963      -8.9545135   -19.244202      2.            1.            0.
    3.34681974    3.75553786    3.85331494    3.91432073    3.91715772
    3.99322852    4.08440279    4.19124591    4.23237475    4.23991907
    4.28458141    4.36289998    4.43191754    4.60014081    4.63185585
    4.70517156    4.70748038    4.71331017    4.71791234    4.79912549
    4.99538944    5.14019033    5.16072796    5.27346028    5.40777756
    5.45119505    5.64985439    5.70662451    5.72210033    5.74941732
    5.75168389    5.81391497    5.90858001    5.92413924    5.93139452
    6.00370868    6.11201777    6.23427705    6.32213927    6.34319971
    6.45798228    6.55662337    6.59835734    6.63779885    6.91818106
    6.92710229    6.99114009    6.99272291    7.00097876    7.0510975 ]
[   0.            0.            1.            0.            0.            0.
    0.            3.            0.            0.            0.            1.
    1.          -92.442886    168.30957      78.670105     73.132095
 -115.60958     -80.024216   -163.34639      37.750656    -34.870892
   18.426529      6.399786    -28.020639      2.            0.            0.
    3.68461518    3.79053208    3.92848723    3.948794      4.03102863
    4.07055172    4.19662058    4.21071572    4.42663829    4.44616838
    4.5303952     4.58834794    4.6196224     4.76734402    4.87533413
    4.89833515    4.92857046    4.97400696    5.00732358    5.07762475
    5.14834262    5.19851508    5.24966938    5.30183951    5.58181837
    5.70926157    5.76121483    5.89729083    5.92046251    5.98881536
    6.05829909    6.06872985    6.1024804     6.1196053     6.11998767
    6.16240815    6.17910298    6.30912733    6.40553751    6.45829056
    6.48242602    6.49373893    6.53043905    6.64034417    6.66734618
    6.66858946    6.67364335    6.7536265     6.7746944     6.78448907]
[   0.            0.            0.            0.            0.            0.
    1.           18.            0.            0.            0.            1.
    2.          -83.065605    170.4913       65.15947      70.084099
 -159.62874     -72.543274   -159.46239      39.571453    -39.356842
   22.856064      3.2166805   -26.961987      3.            1.            0.
    2.9278389     3.21612603    3.23021388    3.45279275    3.56421635
    3.86778273    3.88588082    3.92401781    4.06953392    4.18308887
    4.28896294    4.48426788    4.50427161    4.6022063     4.6352381
    4.76501372    4.77623451    4.78505846    4.81920154    4.83050849
    4.96272542    4.98295429    5.04172628    5.08778328    5.10247082
    5.29092496    5.43239447    5.44824549    5.49775023    5.51115421
    5.69407289    5.86312294    6.01632002    6.01800534    6.0532086
    6.07709       6.15167589    6.15487949    6.16611686    6.31191112
    6.31812088    6.37163346    6.40869031    6.47420008    6.52544575
    6.56360837    6.64239821    6.79146349    6.80132797    6.81818282]
[   1.            0.            0.            0.            0.            0.
    0.            2.            1.            0.            0.            0.
    3.          -81.511284    176.1729       58.747089     80.889458
 -162.03694     -55.999943   -140.71904      38.801849    -35.27766
   19.942717      4.234199    -27.83057       2.            1.            0.
    4.21283385    4.31037261    4.45474447    4.52150469    4.54161168
    4.64385415    4.66758205    4.6787809     4.84010808    5.15041925
    5.15516653    5.18282272    5.28466825    5.3374181     5.5081921
    5.56471501    5.65281715    5.6583875     5.65966022    5.66080371
    5.74107697    5.96187396    6.06393609    6.08675542    6.14567034
    6.24753427    6.5427114     6.57030989    6.67582084    6.82163224
    6.82735017    6.88917811    6.89594606    7.04297924    7.10897021
    7.16144873    7.20748446    7.24862274    7.38845849    7.62956613
    7.69316639    7.80767069    7.9604183     8.07115375    8.07620663
    8.08642842    8.15408753    8.17398301    8.23723745    8.29468738]
[  0.00000000e+00   0.00000000e+00   0.00000000e+00   0.00000000e+00
   1.00000000e+00   0.00000000e+00   0.00000000e+00   1.00000000e+00
   0.00000000e+00   0.00000000e+00   1.00000000e+00   0.00000000e+00
   1.00000000e+00   9.99990000e+03   9.99990000e+03   6.86630780e+01
   8.16732560e+01  -1.76882520e+02  -5.60171170e+01  -1.40727910e+02
   2.80212150e+01  -3.67274400e+01   3.25614200e+01  -1.56712270e+01
  -7.73705240e+00   4.00000000e+00   0.00000000e+00   0.00000000e+00
   4.95628647e+00   5.09771443e+00   6.03035703e+00   6.09024179e+00
   6.13806058e+00   6.14914877e+00   6.27276670e+00   6.46835458e+00
   6.65913911e+00   6.82292979e+00   6.82886528e+00   6.89184186e+00
   7.16635832e+00   7.29053225e+00   7.40762145e+00   7.47647912e+00
   7.55209300e+00   7.71117372e+00   7.83197608e+00   7.83906313e+00
   7.89947281e+00   7.94844274e+00   8.24244391e+00   8.25292132e+00
   8.44613894e+00   8.52886169e+00   9.01804723e+00   9.02122965e+00
   9.09544025e+00   9.28344377e+00   9.30194053e+00   9.31346950e+00
   9.38307097e+00   9.61557070e+00   9.67997611e+00   9.69080100e+00
   9.70153218e+00   9.89693948e+00   9.92088326e+00   9.94211928e+00
   0.00000000e+00   0.00000000e+00   0.00000000e+00   0.00000000e+00
   0.00000000e+00   0.00000000e+00   0.00000000e+00   0.00000000e+00
   0.00000000e+00   0.00000000e+00]
[   0.            1.            0.            0.            0.            0.
    0.           19.            1.            0.            0.            0.
    3.          -50.102451    160.59415      59.225399     81.623711
 -140.00113     -61.958282   -155.03986      38.33316     -31.985085
   12.655211     13.149062    -34.416504      2.            1.            0.
    3.14867015    3.40663959    3.45808128    3.53488661    3.61182474
    3.72093463    3.7357746     3.75211722    3.84326719    4.02671521
    4.11087229    4.12738609    4.2560171     4.26482666    4.28073051
    4.31352198    4.37040245    4.41030703    4.46430052    4.48728604
    4.50379917    4.54413549    4.6496015     5.15228485    5.17091195
    5.17163115    5.41437465    5.51110631    5.5451319     5.69501472
    5.71364008    5.77009548    5.77311227    5.8438444     5.8968631
    5.90147324    6.00673472    6.07842413    6.10262858    6.20253821
    6.31878859    6.36661021    6.46128416    6.51517041    6.55983109
    6.57132339    6.65401873    6.70753819    6.73699061    6.76569214]
[   0.            0.            0.            0.            1.            0.
    0.           22.            0.            0.            1.            0.
    2.         -116.59746     171.29051      75.75766      82.684944
 -156.63867     -69.457207   -154.687        33.925644    -30.254519
   13.865485      7.9474454   -26.827957      2.            1.            0.
    3.98709659    4.16947311    4.30782037    4.31344457    4.40107764
    4.51215543    4.52835552    4.61984964    4.63386541    4.86236542
    5.03573787    5.05397629    5.11795609    5.17456834    5.37836432
    5.50303001    5.54553516    5.6328727     5.64410437    5.78848403
    5.80307247    5.94700945    6.06412962    6.13226911    6.15809853
    6.19781833    6.28129541    6.3977323     6.52404979    6.52535552
    6.64581974    6.72603958    6.77511007    7.00298615    7.01049503
    7.0246057     7.04850805    7.09186581    7.19867221    7.29177197
    7.34017867    7.37671133    7.4894012     7.53376893    7.55227363
    7.63268674    7.65205032    7.66429511    7.6849266     7.77046899]
[   0.            0.            0.            0.            0.            0.
    1.           23.            0.            0.            0.            1.
    0.          -84.422417   -176.42017      56.55994      70.773735
 -133.04265     -52.165771   -138.98306      39.513866    -42.647488
   28.038589     -0.77126342  -25.541204      1.            0.            0.
    4.61049118    4.65624875    4.94927737    5.03016887    5.05216742
    5.08126089    5.1136815     5.2091014     5.30690495    5.47919299
    5.58314019    5.65721317    5.7616559     5.83979666    6.11666542
    6.15485258    6.16264946    6.17459797    6.25802261    6.31283049
    6.36877744    6.37162638    6.48246787    6.50187193    6.68096669
    6.72434849    6.72589094    6.7465087     6.78350478    6.80941724
    6.82259617    6.8965711     6.98182633    7.03087241    7.13065544
    7.1371126     7.21772666    7.25105976    7.2582063     7.26641903
    7.28777385    7.37270937    7.44114526    7.55068684    7.55643336
    7.60545675    7.70262623    7.74304536    7.78977307    7.82040105]
[   1.            0.            0.            0.            0.            0.
    0.            5.            0.            0.            0.            1.
    2.          -71.385513    179.99998      54.797787     76.86512
 -136.21646     -71.802147   -148.48535      36.742805    -34.665703
   18.558414      5.6614356   -27.662346      2.            2.            0.
    3.91111402    4.44365051    4.68158124    4.76410204    4.81213529
    4.83813005    4.99795589    5.09292952    5.0948019     5.232442
    5.344528      5.46729019    5.65803651    5.72365882    5.74267302
    5.83219489    5.87365933    5.88553973    5.93745031    6.03387512
    6.0706531     6.07130881    6.08293286    6.08525155    6.11714052
    6.12368229    6.18518283    6.45405525    6.74191037    6.83105388
    6.92423603    6.94401524    6.9468866     6.95098169    6.95414172
    7.08037722    7.17114651    7.2594937     7.3123187     7.47835362
    7.49896581    7.50453627    7.58787549    7.73954252    7.77261704
    7.78680363    7.79488053    7.86016074    7.99495162    8.07065516]
[   0.            0.            0.            0.            1.            0.
    0.            8.            1.            0.            0.            0.
    1.          145.95694     164.35835      47.900097    139.85037
  -88.197906   -124.20029      47.483398    -38.507111     21.949856
    2.8088164   -26.366558     40.643711      0.            2.            0.
    4.13545212    4.40847304    4.55624801    4.75104479    5.27354582
    5.61870242    5.85496435    6.28402583    6.48820384    6.58417577
    6.69304762    6.75342316    6.75712226    6.85645982    6.91508237
    7.1628835     7.1830641     7.22525589    7.22971509    7.24501804
    7.42694423    7.54597293    7.78941778    7.84860804    7.95671522
    8.14959283    8.40225963    9.03995492    9.05527801    9.16484255
    9.18548553    9.24043128    9.24202224    9.50321814    9.56091882
    9.81134041    0.            0.            0.            0.            0.
    0.            0.            0.            0.            0.            0.
    0.            0.            0.        ]
[   1.            0.            0.            0.            0.            0.
    0.           15.            0.            1.            0.            0.
    3.          -80.803696    168.2254       74.505547     78.136101
 -147.54027     -75.963089   -158.0117       32.883514    -30.177574
   15.322826      6.2190213   -25.065443      3.            2.            0.
    3.9267673     4.37313011    4.50340078    4.51160351    4.53953021
    4.5640353     4.69540361    4.72145509    4.90287617    4.9466649
    4.95252437    5.01461019    5.1342463     5.22261712    5.25216781
    5.30023084    5.32239469    5.40367857    5.41863956    5.52991054
    5.58859932    5.60149434    5.7371568     5.80618781    5.8129046
    5.9361455     5.94209113    6.15440513    6.20146068    6.29126799
    6.29512916    6.47384211    6.57549413    6.60252695    6.61231585
    6.61740909    6.64752098    6.67494851    6.72232524    6.80927762
    6.85814329    6.947669      7.02746502    7.11605641    7.13229759
    7.36845371    7.46688035    7.48464937    7.49738266    7.58949183]
[   0.            0.            1.            0.            0.            0.
    0.           13.            0.            0.            0.            1.
    0.           53.72142    -140.54922      61.842831    140.75352
 -103.09381     -69.99794     -63.049221    -36.379288     24.232214
   -2.4977133   -19.919174     35.158936      0.            0.            0.
    6.56830692    7.90165229    8.04477944    8.18863092    8.23369988
    8.31475296    8.34911493    8.4437878     8.44698926    8.57225353
    8.83345245    8.93017779    8.95131975    9.05388889    9.06349828
    9.64934444    9.77907653    9.99416658    0.            0.            0.
    0.            0.            0.            0.            0.            0.
    0.            0.            0.            0.            0.            0.
    0.            0.            0.            0.            0.            0.
    0.            0.            0.            0.            0.            0.
    0.            0.            0.            0.            0.        ]
[   1.            0.            0.            0.            0.            0.
    0.           10.            0.            0.            0.            1.
    0.          137.83864    -169.39862      51.994511     75.638206
 -125.35459    -118.44212    -145.27162      36.83181     -41.426449
   31.358698     -8.3380938   -18.430159      0.            0.            0.
    4.54944498    4.8262335     4.90981942    4.9155897     5.18164359
    5.18243629    5.21138412    5.66050743    5.67255746    5.74858819
    5.75845403    5.79590436    6.00712741    6.05922274    6.42025764
    6.49821964    6.57209576    7.01244826    7.14791054    7.14941702
    7.16731926    7.18404795    7.21145341    7.23579997    7.4037536
    7.40912106    7.42540337    7.56588531    7.60109683    7.63148997
    7.70472949    7.71504203    7.79328139    7.83512256    7.85420934
    7.87100527    7.89490015    8.00047523    8.06874346    8.1417651
    8.24013137    8.32889948    8.37687269    8.45065549    8.50340703
    8.52454009    8.57591637    8.58869037    8.6250961     8.67077446]
[   0.            0.            0.            1.            0.            0.
    0.            8.            0.            0.            0.            1.
    3.          -78.392212    168.86328      75.7444       74.151695
 -170.98303     -57.074139   -158.62236      31.846094    -29.739288
   15.031216      5.415803    -24.57423       3.            2.            0.
    3.55044568    3.61110627    3.63358688    3.85132607    3.98812881
    4.08120628    4.3960922     4.45601286    4.48629179    4.53341582
    4.63385544    4.68723506    4.69115322    4.72569017    4.84290255
    4.86241936    5.02132219    5.06513408    5.4801591     5.52059934
    5.59738465    5.63414196    5.70429424    5.79126662    5.79291227
    5.83325332    5.87507982    5.94942418    6.08979051    6.09179575
    6.243329      6.33823332    6.34714433    6.39688988    6.57961593
    6.60634472    6.61316682    6.64611106    6.88527536    6.91890996
    6.96244915    6.99991765    7.18733623    7.23121976    7.26463868
    7.38350238    7.42231951    7.62055261    7.67111528    7.68846797]
[   0.            0.            1.            0.            0.            0.
    0.           11.            0.            1.            0.            0.
    3.          -71.38353     166.686        73.528999     86.449883
 -144.72076     -65.507362   -151.92247      31.463831    -30.320759
   18.077711      2.5970643   -22.043924      3.            0.            0.
    3.40045097    3.76914998    3.7913761     3.94434997    3.99804005
    4.08064378    4.1622693     4.38556949    4.45170139    4.46570548
    4.51167275    4.80981495    4.84452564    4.91674516    4.92381482
    5.02203444    5.06555803    5.07602689    5.19301688    5.25667117
    5.29595666    5.32051603    5.35551938    5.35560114    5.40412045
    5.43366907    5.86018277    5.99738825    6.01804917    6.02439244
    6.05783888    6.18764279    6.28808447    6.30637817    6.37332806
    6.38698071    6.39369155    6.43703975    6.46155778    6.48315731
    6.54601965    6.58907385    6.78742851    6.80772853    6.83873331
    6.90506458    7.05831346    7.06659623    7.07535349    7.0823362 ]
[   0.            0.            0.            0.            0.            1.
    0.           21.            0.            0.            1.            0.
    2.          171.50792     169.00095      56.927685     62.556046
 -146.30219    -149.916       -86.279724     39.617275    -46.075089
   34.783318     -9.8662138   -18.653879      1.            2.            0.
    3.7664933     4.38000422    4.51021916    4.56101235    4.65772699
    4.66415354    4.9365989     5.38420753    5.50705053    5.53432475
    5.58114237    5.97982842    6.13759574    6.42221754    6.75583436
    6.78727026    7.22762409    7.5258616     7.57383269    7.69660354
    8.10227771    8.21604069    8.35502143    8.47154183    8.62054518
    9.1822485     9.50686919    9.59400224    9.74205876    9.81052292
    9.81500346    9.94536788    0.            0.            0.            0.
    0.            0.            0.            0.            0.            0.
    0.            0.            0.            0.            0.            0.
    0.            0.        ]
[   0.            0.            0.            1.            0.            0.
    0.           17.            0.            0.            0.            1.
    3.          -76.384926    176.74026      73.678772     68.411156
 -136.19901     -54.307266   -170.20111      39.488037    -39.713318
   22.960442      1.717144    -26.4804        2.            1.            0.
    3.78793709    3.83519738    3.92255168    4.0247956     4.10139422
    4.12199584    4.16111334    4.20533848    4.38362634    4.41777209
    4.47097241    4.69539446    4.69717467    4.78368906    4.84014555
    4.84990023    4.94968292    4.98490384    5.0555859     5.0589963
    5.14342477    5.30360151    5.49447364    5.51516692    5.54675563
    5.60573836    5.63334542    5.74911332    5.84362628    5.8915147
    5.93306063    5.9708014     5.98755809    6.05134752    6.16500862
    6.23882945    6.24511577    6.33423321    6.44086469    6.49634287
    6.61717654    6.81277454    6.92747507    6.95677       7.13241742
    7.16562569    7.18530995    7.19343398    7.23958176    7.29759269]
[   0.            0.            0.            1.            0.            0.
    0.           24.            0.            1.            0.            0.
    2.          -33.358875    152.66129      52.58926      77.257233
 -144.36691     -87.337067   -163.9836       37.767956    -41.083023
   27.333942     -3.6485145   -22.452148      3.            1.            0.
    4.20034281    4.24992301    4.310688      4.33168712    4.39448469
    4.40531041    4.4745992     4.49051073    4.49634232    4.51593289
    4.5500497     4.60567366    4.87275978    4.88592802    4.96277498
    4.96972948    4.97565261    5.04100084    5.09293324    5.33884636
    5.40965125    5.544439      5.58385343    5.68953041    5.79589303
    5.83225196    5.92063352    5.96204191    5.96357749    6.05022916
    6.13042047    6.16828759    6.1692876     6.17537108    6.39370498
    6.43189816    6.45815472    6.48408612    6.58496636    6.73371515
    6.9178799     6.95686253    7.04804287    7.0494796     7.0597804
    7.14592348    7.26966571    7.46247741    7.49607403    7.53586512]
[   0.            0.            0.            1.            0.            0.
    0.           35.            0.            1.            0.            0.
    2.          -73.19313     178.72159      53.538521     82.081474
 -142.97421     -79.209076   -165.74196      43.416805    -36.839523
   16.168554     10.238695    -32.088673      3.            0.            0.
    3.67731186    3.7157412     3.84877771    3.96685371    4.00187485
    4.04971501    4.25751966    4.28480272    4.28931082    4.31434473
    4.31624058    4.40218849    4.47354214    4.54092534    4.62179141
    4.78479052    4.81644726    4.82583736    5.07284201    5.1735306
    5.42177569    5.47233472    5.5037545     5.59734781    5.63323441
    5.65880622    5.7099045     5.719222      5.73070171    5.77066513
    5.94211642    5.97452673    6.04657503    6.07879524    6.14916092
    6.17363224    6.28071074    6.29519102    6.38824112    6.43019239
    6.46490466    6.49576391    6.72686194    6.92131484    6.97273731
    7.07473723    7.0990805     7.15968356    7.18767422    7.21016787]
[   0.            1.            0.            0.            0.            0.
    0.            8.            1.            0.            0.            0.
    3.          -57.960354    157.89415      61.957687     72.281174
 -155.77507     -62.372063   -161.57301      45.827866    -45.42865
   27.256201      2.7786174   -31.293039      2.            2.            0.
    3.23010924    3.31156941    3.62781059    3.64681361    3.67041131
    3.72873421    3.73031298    3.74513516    3.80183432    3.80983202
    3.84255984    3.89619608    4.25585086    4.28585453    4.34687798
    4.36848544    4.40858564    4.49056684    4.66798993    4.728215
    4.85616136    4.87425814    4.89732792    4.91935896    4.9784173
    5.13797082    5.18642449    5.29231763    5.33771183    5.40117045
    5.48449482    5.61266182    5.68314149    5.94769678    5.94902472
    6.04270683    6.05708045    6.083723      6.12437793    6.12760922
    6.1353225     6.31445597    6.35751302    6.36918884    6.37025281
    6.59489056    6.6001785     6.71756492    6.74159519    6.75630298]
[   0.            1.            0.            0.            0.            0.
    0.            3.            1.            0.            0.            0.
    3.          -88.674347   -167.59201      74.69223      74.560127
 -163.60274     -64.343384   -148.1304       35.461662    -38.011101
   27.459118     -3.4666183   -20.506529      2.            1.            0.
    3.29139923    3.33578218    3.48889563    3.58334499    3.63304478
    3.65210044    3.71467092    3.77373006    3.79931407    3.81342829
    3.87010322    3.96127303    3.96935795    4.06706773    4.3703506
    4.39415822    4.41088413    4.41549281    4.46170063    4.46714652
    4.64839595    4.65343059    4.75641839    4.80872178    4.91937939
    4.95176041    5.24409515    5.27058883    5.28103884    5.34188025
    5.34214369    5.39015833    5.41976529    5.85483787    5.85792246
    5.90438146    6.10106464    6.1920728     6.29096242    6.40173071
    6.41434339    6.4676614     6.53229955    6.59045775    6.6196497
    6.65634135    6.75028879    6.75244255    6.76853471    6.78547636]
[   0.            0.            0.            1.            0.            0.
    0.           14.            0.            0.            0.            1.
    3.          -73.010864   -179.66544      58.864418     70.359879
 -144.47179     -57.245987   -152.65337      39.572071    -40.741505
   22.78027       3.206867    -27.944542      2.            0.            0.
    4.03648622    4.15913618    4.2078115     4.27898583    4.33685774
    4.39597564    4.42639647    4.55572739    4.58161564    4.6286291
    4.79698847    4.9045616     4.922606      4.94073971    4.99875973
    5.08382527    5.12754097    5.1299632     5.13823889    5.2046022
    5.25069955    5.25293346    5.32977247    5.38696713    5.43580404
    5.46473747    5.5918564     5.67856216    5.76809822    5.8893495
    5.89817001    5.90488024    5.95245532    5.96368626    5.98319021
    6.07981363    6.23542917    6.26008127    6.28349799    6.32713199
    6.38367577    6.43056469    6.75348912    6.88510246    6.98415927
    7.16850361    7.17322383    7.34276417    7.36338119    7.45024059]
[   1.            0.            0.            0.            0.            0.
    0.            7.            0.            0.            0.            1.
    1.          -50.002438    145.29828      58.042973     72.902565
 -160.8055      -54.465866   -164.93988      42.311337    -39.192825
   18.889309      7.6771331   -31.905809      3.            1.            0.
    3.82664889    4.00643985    4.36844333    4.50577036    4.69790287
    4.75417554    4.92154664    4.99376673    5.00284798    5.12090469
    5.14845065    5.15947921    5.18942557    5.19737588    5.30996292
    5.34401093    5.4073206     5.50233377    5.69770079    5.83816439
    6.01872156    6.05035366    6.08512034    6.10624126    6.12471527
    6.16734801    6.18902878    6.23794182    6.25434514    6.34131116
    6.34794095    6.54807826    6.5794596     6.75357378    6.87089699
    6.8940651     6.97481105    7.07914588    7.08600326    7.16399564
    7.33402925    7.4511849     7.48619502    7.49621383    7.52416851
    7.5819784     7.66191832    7.72335939    7.8985638     7.92345212]
[   1.            0.            0.            0.            0.            0.
    0.            7.            0.            0.            1.            0.
    3.          -54.251781    170.95894      46.476154     83.841454
 -164.4476      -60.024067   -126.15087      38.144104    -37.046444
   22.152967      3.6604626   -27.037804      4.            1.            0.
    4.38035493    4.45104823    4.52875737    4.63267426    4.68088582
    4.70582284    4.75013563    4.90430639    5.04282771    5.08654606
    5.1649712     5.19204451    5.26150836    5.29307909    5.37867627
    5.43911418    5.48156484    5.61792689    5.75641742    5.75786877
    5.86497564    5.87686715    5.90359952    5.92951904    6.00056979
    6.33117121    6.51620559    6.57517535    6.67196661    6.7414224
    6.8203404     6.8750303     7.02956724    7.03521164    7.03621238
    7.15510062    7.26717878    7.47724622    7.77266112    7.79585289
    7.81975556    7.91805163    7.92372867    7.92778325    8.01062113
    8.02170711    8.13558525    8.16356297    8.16359258    8.25041395]
[  1.00000000e+00   0.00000000e+00   0.00000000e+00   0.00000000e+00
   0.00000000e+00   0.00000000e+00   0.00000000e+00   1.00000000e+00
   0.00000000e+00   0.00000000e+00   1.00000000e+00   0.00000000e+00
   0.00000000e+00   9.99990000e+03   9.99990000e+03   4.00999150e+01
   7.04303050e+01  -1.14101610e+02  -4.80293500e+01  -1.10382470e+02
   4.22370070e+01  -4.76168560e+01   3.45691720e+01  -8.01721380e+00
  -2.18630260e+01   3.00000000e+00   0.00000000e+00   0.00000000e+00
   4.68854091e+00   4.96652363e+00   5.17233538e+00   5.19981273e+00
   5.47353009e+00   5.51043621e+00   5.55852151e+00   5.64383629e+00
   5.69191443e+00   5.92866026e+00   6.10443732e+00   6.56456430e+00
   6.71841260e+00   6.89952368e+00   6.91892835e+00   7.08192245e+00
   7.12224563e+00   7.19255942e+00   7.55791024e+00   7.83083913e+00
   7.96298964e+00   8.14034178e+00   8.15065902e+00   8.85039415e+00
   9.10755312e+00   9.42563021e+00   9.46535673e+00   9.69056426e+00
   9.69060422e+00   9.80975222e+00   9.81429107e+00   9.83064111e+00
   9.83373993e+00   9.86734123e+00   9.92897778e+00   9.99401907e+00
   0.00000000e+00   0.00000000e+00   0.00000000e+00   0.00000000e+00
   0.00000000e+00   0.00000000e+00   0.00000000e+00   0.00000000e+00
   0.00000000e+00   0.00000000e+00   0.00000000e+00   0.00000000e+00
   0.00000000e+00   0.00000000e+00]
[   0.            0.            0.            0.            1.            0.
    0.           17.            1.            0.            0.            0.
    2.          -90.348289    176.92392      72.580002     73.386986
 -127.45393     -33.88932    -140.82675      36.631924    -31.137827
   10.09551      15.198152    -31.961428      1.            2.            0.
    3.33820824    3.51645145    3.54727485    3.59952313    3.69999991
    3.73823059    3.7576871     3.84640009    3.91695977    3.93497724
    3.97682332    4.23649722    4.29710221    4.30821969    4.38195133
    4.47876802    4.48561855    4.55355741    4.6769254     4.68992109
    4.7059935     4.87985106    4.93422277    4.979136      5.11759151
    5.13455929    5.21558016    5.31578978    5.38525888    5.42897872
    5.63803861    5.70804972    5.71697029    5.76742581    5.93163938
    5.98874293    6.0058288     6.0289451     6.03316051    6.18026534
    6.38425707    6.42036325    6.71425791    6.86884357    6.88171949
    6.9613781     7.09938051    7.11710646    7.11881027    7.20010275]
[   1.            0.            0.            0.            0.            0.
    0.            2.            0.            0.            1.            0.
    3.         -118.23516     175.74959      96.625931     69.55172
 -139.31706     -64.038673   -172.12656      35.233673    -33.448006
   18.386965      3.6192021   -24.899353      3.            0.            0.
    4.19590421    4.46282189    4.60996805    4.7314028     4.76324986
    4.78587796    4.84762158    4.89312674    5.06127982    5.09801858
    5.29552171    5.30372136    5.56173513    5.64275263    5.67827631
    5.68708917    5.81885123    5.8290644     5.8733689     5.95995317
    5.96889248    6.11167377    6.12562249    6.14762934    6.30024793
    6.56994826    6.60438451    6.77358872    6.89184186    6.90051493
    6.95877597    7.01158031    7.09664782    7.09762417    7.24096876
    7.29259991    7.63638921    7.75950408    7.83247595    7.96737871
    8.08831624    8.09520943    8.14928581    8.15643466    8.19090659
    8.23255101    8.25030757    8.45722018    8.51629764    8.62383022]
[   1.            0.            0.            0.            0.            0.
    0.           19.            0.            0.            0.            1.
    1.          -66.695       172.3989       60.513485     76.92025
 -167.17828     -84.274055   -131.59538      39.855724    -39.263729
   24.360209      2.3648815   -26.750414      2.            0.            0.
    4.19072615    4.42543972    4.54537747    4.64602983    4.6850455
    4.71564842    4.74151977    4.79367678    4.81244057    4.82893268
    5.02284758    5.08674337    5.15188615    5.1744277     5.18076946
    5.18438806    5.3263755     5.34376905    5.34985228    5.38399544
    5.39323794    5.39362528    5.42585315    5.53509849    5.54451447
    5.56407203    5.58371227    5.69256035    5.76469695    5.9018029
    5.9109132     5.91256911    5.92359275    5.99505927    6.01788209
    6.01925546    6.03598261    6.06744377    6.12896556    6.13194754
    6.136463      6.15394636    6.26882609    6.32262879    6.49522477
    6.52103952    6.522897      6.66156043    6.7128678     6.74331181]
[   0.            1.            0.            0.            0.            0.
    0.            8.            1.            0.            0.            0.
    1.          145.95694     164.35835      47.900097    139.85037
  -88.197906   -124.20029      47.483398    -38.507111     21.949856
    2.8088164   -26.366558     40.643711      0.            2.            0.
    3.56337698    3.70526527    3.71678217    4.00973026    4.07985154
    4.13879861    4.26268261    4.2694847     4.32968627    4.44903712
    4.48152919    4.8757486     5.31271719    5.38412501    5.51824658
    6.39678416    6.63913808    7.48294755    7.54789899    8.02486275
    8.50141084    8.54651793    8.81182778    9.15236857    9.23951464
    9.3312978     9.53365232    9.7623956     0.            0.            0.
    0.            0.            0.            0.            0.            0.
    0.            0.            0.            0.            0.            0.
    0.            0.            0.            0.            0.            0.
    0.        ]
[   0.            0.            1.            0.            0.            0.
    0.           27.            0.            1.            0.            0.
    2.         -100.55506     178.58929      97.006401     76.66349
 -142.7536      -77.828125   -161.27902      36.339409    -32.891697
   17.828592      6.4044719   -27.875992      4.            1.            0.
    3.6667875     3.78097248    3.84123652    3.88685079    4.01904394
    4.02670151    4.04669384    4.08937475    4.18622016    4.31319868
    4.51603283    4.67445932    4.77562494    4.82328625    4.9006635
    5.036662      5.0743163     5.31423989    5.35063588    5.43352502
    5.43523479    5.49605324    5.57596725    5.60106059    5.61923956
    5.69334337    5.8714305     5.89665778    5.90038306    6.01175397
    6.03667706    6.34726887    6.42576387    6.46315193    6.50892174
    6.54298155    6.5665996     6.58683605    6.69738975    6.75405675
    6.97947021    7.06208092    7.09546883    7.14536938    7.14804662
    7.29047158    7.40025572    7.41209505    7.46739642    7.504669  ]
[   0.            1.            0.            0.            0.            0.
    0.           16.            1.            0.            0.            0.
    1.          -75.489891    123.63031      78.716522     77.064453
 -161.02306     -51.08194    -144.26395      39.974174    -28.716713
    4.1592531    22.93652     -39.675095      1.            0.            0.
    3.59546399    3.64843461    3.91695977    3.9793389     3.98392742
    4.0705048     4.23217163    4.34426598    4.45243494    4.47092692
    4.54001934    4.56135526    4.61627799    4.87636806    5.09939459
    5.36509484    5.41760849    5.4930498     5.50817351    5.74291042
    5.81247833    5.92460314    6.02626963    6.14332931    6.1763475
    6.25678619    6.42290297    6.5325226     6.78249356    6.8601622
    6.87161213    6.88125689    6.90387488    7.17729199    7.21829897
    7.26551978    7.40319657    7.44482214    7.63461409    7.63731418
    7.68969562    7.84812695    7.90241221    7.9212866     7.98388509
    8.01299038    8.05874907    8.06274659    8.12485216    8.19195912]
[   1.            0.            0.            0.            0.            0.
    0.           35.            1.            0.            0.            0.
    1.          -10.016848    100.15865      74.313347     70.337173
 -178.36098     -90.688782   -119.55289      34.007935    -43.262783
   33.174374    -10.198579    -15.211537      1.            2.            0.
    3.71456837    4.60784293    4.63237215    4.66351064    4.69176798
    4.75441858    4.82679217    5.11358093    5.25654452    5.26363934
    5.47510129    5.50727957    5.63417181    5.83386212    5.94549297
    6.00194224    6.00354565    6.0446729     6.06956811    6.24541843
    6.27426002    6.39112497    6.50758696    6.69031559    6.87513466
    6.95711841    6.98257661    6.98862091    7.07717605    7.08108492
    7.12259423    7.17240589    7.18659729    7.20317861    7.29801724
    7.29942656    7.38339664    7.39909333    7.44110705    7.520585
    7.60167849    7.64777438    7.68579868    7.7109281     7.76762452
    7.86413824    7.87649216    7.99493519    7.99591916    8.05797002]
[   1.            0.            0.            0.            0.            0.
    0.           11.            0.            1.            0.            0.
    1.          -99.449562   -160.89388      60.929607     81.030342
 -151.49571     -68.034935   -155.92084      35.025055    -35.277119
   20.311337      1.5263653   -23.988657      3.            2.            0.
    4.52263152    4.58737159    4.63042317    4.78031604    4.80412517
    4.99730558    5.2768379     5.34657299    5.36376921    5.51244855
    5.53341188    5.5452051     5.61248845    5.89551381    5.97274651
    6.01670314    6.06073185    6.23273979    6.24135589    6.41613655
    6.58038348    6.63277434    6.74200363    6.74442319    6.77827801
    6.83253382    7.05790782    7.08194784    7.09065706    7.26787812
    7.42921439    7.53260376    7.54472394    7.64307239    7.6584479
    7.70848132    7.72279477    7.76768244    7.81464875    7.8242014
    7.89977462    7.95821114    7.96563155    8.08365432    8.11881078
    8.12205525    8.17510605    8.20919646    8.2347056     8.28027303]
[   1.            0.            0.            0.            0.            0.
    0.           23.            0.            0.            0.            1.
    0.          -84.422417   -176.42017      56.55994      70.773735
 -133.04265     -52.165771   -138.98306      39.513866    -42.647488
   28.038589     -0.77126342  -25.541204      1.            0.            0.
    4.14224425    4.60259621    4.68725681    4.82532057    4.8445654
    4.92603319    5.13195816    5.24791535    5.4358287     5.45070329
    5.48611707    5.59237646    5.80398595    5.99859972    6.10003097
    6.28274071    6.35860639    6.36804546    6.43388417    6.61656915
    6.8747853     7.03777435    7.06671421    7.16854232    7.18027691
    7.19490672    7.37723604    7.55040598    7.58778271    7.70581947
    7.7952115     7.88000509    8.23261146    8.29854903    8.31977883
    8.36940056    8.37438831    8.38753908    8.75909245    8.76584745
    9.00367746    9.00501951    9.08854966    9.12333299    9.25710643
    9.27994089    9.31768295    9.31882032    9.40572086    9.53883304]
[   0.            0.            1.            0.            0.            0.
    0.           11.            0.            1.            0.            0.
    2.          -52.453468    125.26083      79.957458     72.372406
 -146.44843     -63.953003   -158.9016       42.948277    -37.375473
   19.03775       8.6560316   -32.187458      3.            0.            0.
    3.81232171    3.83902976    3.90445316    4.08078516    4.17919329
    4.19780952    4.24626414    4.248363      4.38908913    4.55344851
    4.6656314     4.68030474    4.75904972    4.76748941    4.92342831
    4.95231819    5.07268806    5.14552587    5.18793279    5.25737177
    5.34425669    5.43130464    5.67914009    5.81170661    5.821807
    5.82578742    5.87176297    5.93457765    6.01928766    6.04505979
    6.08957818    6.15627749    6.16828987    6.3988145     6.43347343
    6.43467042    6.52093637    6.53824895    6.71710005    6.86883904
    6.90849807    6.94147547    6.95893682    6.97506917    7.01740844
    7.04878897    7.13811478    7.15292669    7.16037224    7.33047169]
[   0.            0.            0.            0.            1.            0.
    0.           21.            1.            0.            0.            0.
    1.         -113.09782    -174.38046      47.689182     83.17662
 -138.95212     -32.962971   -139.74599      42.758827    -44.486969
   27.957155     -1.2987502   -26.763529      1.            1.            0.
    3.29082459    3.5470219     3.63422862    3.68977621    3.81295197
    3.98044348    3.9853897     4.03171278    4.07871976    4.21368955
    4.69899375    4.70451956    4.82042575    4.83077935    4.85759461
    4.91942599    4.93278013    4.95066203    5.0054331     5.20831566
    5.25206431    5.43597371    5.4951187     5.50217799    5.53687624
    5.62056371    5.66938924    5.70520193    5.72216491    5.78551027
    5.87519272    6.01870553    6.01997458    6.04379276    6.35863848
    6.37721942    6.37974437    6.54825343    6.59327359    6.60716069
    6.6996415     6.78782583    6.79330087    6.83171586    6.94063308
    6.95452065    6.96054879    6.97236277    7.10470978    7.11517953]
[   1.            0.            0.            0.            0.            0.
    0.            8.            1.            0.            0.            0.
    2.          -60.511669    172.94583      69.199211     80.982491
 -160.22923     -16.512161   -172.55536      34.978184    -38.33987
   25.515585     -1.9379542   -21.241247      0.            2.            0.
    4.07034253    4.21949015    4.2219325     4.282303      4.39182687
    4.39586453    4.54224163    4.7264075     4.91743642    4.92910534
    5.0733403     5.12753124    5.22183719    5.2595049     5.36329658
    5.5099427     5.53258382    5.64475999    5.70342877    5.75919189
    5.93229546    6.02087456    6.04707568    6.22430583    6.24229469
    6.25659371    6.26514819    6.31230748    6.39589635    6.42923613
    6.43689752    6.44488163    6.47610648    6.48282616    6.71714965
    6.82418013    6.89065182    6.90066609    6.94841038    7.0000736
    7.00227085    7.12804211    7.22715125    7.24685411    7.2696527
    7.33211802    7.34867443    7.35494213    7.40503437    7.42193445]
[   1.            0.            0.            0.            0.            0.
    0.           18.            0.            0.            1.            0.
    3.          -73.818321    159.69315      68.565521     73.891403
 -170.47093     -58.725033   -156.99051      46.036396    -44.718918
   28.188747     -0.8134917   -28.368822      2.            0.            0.
    3.39720224    3.46450138    3.84640009    3.88645442    3.9685788
    4.09904846    4.22965328    4.56647845    4.57275159    4.69896933
    4.70388188    4.73593913    4.80346581    4.83921955    4.89364581
    4.92693055    5.07507412    5.13349314    5.18935439    5.24288265
    5.37463208    5.44008951    5.6444879     5.65146091    5.67471088
    5.96405682    5.97378129    5.9832524     5.99584233    6.01446297
    6.19967592    6.21436142    6.30669083    6.48394198    6.50201599
    6.5026608     6.5100292     6.65492862    6.69771293    6.84944363
    6.89799527    6.92524598    6.95172895    7.17479606    7.19106408
    7.26551978    7.27840307    7.31300912    7.31542678    7.39472726]
[   0.            0.            1.            0.            0.            0.
    0.           15.            0.            1.            0.            0.
    2.          -96.956001   -114.22839      69.125526     72.641144
 -178.23441     -40.432995   -158.03499      45.277637    -43.562454
   25.540546      3.1962268   -31.900448      4.            2.            0.
    3.39912367    3.43866641    3.46402005    3.52862262    3.56612061
    3.95826064    4.20095006    4.21606321    4.35747513    4.3597691
    4.49261145    4.56571327    4.78315048    4.81327613    4.86462508
    4.89278369    4.98361655    5.21728234    5.25775866    5.3814141
    5.4065153     5.57089539    5.59773606    5.65851803    5.66230644
    5.79599831    5.88875585    5.93316361    5.97054171    6.03338269
    6.10033084    6.32150653    6.3325524     6.38236062    6.43573178
    6.44939306    6.64626133    6.65896864    6.66459136    6.66616404
    6.81470736    6.86986545    6.91418566    6.94934872    7.05876093
    7.0841144     7.21682688    7.36184404    7.3744888     7.40198462]
[   1.            0.            0.            0.            0.            0.
    0.           13.            0.            1.            0.            0.
    2.         -137.08173    -154.88579      76.754745     70.496849
 -165.46722     -39.752182   -158.74416      45.475708    -45.143398
   27.896633      2.0869412   -30.656408      3.            1.            0.
    4.55728536    4.55734068    4.55986289    4.81814855    4.92989597
    5.04833116    5.16205732    5.28267306    5.2919398     5.51593442
    5.52824351    5.59255775    5.69164022    5.70398735    5.81286055
    5.81358736    5.87089283    5.91005781    5.91246848    5.99934956
    6.12415172    6.12603535    6.15844528    6.24360955    6.27730387
    6.42347729    6.51998936    6.52731042    6.55430644    6.69996006
    6.71100166    6.835613      6.88610464    6.8888845     6.95130078
    7.02709218    7.17661877    7.21344763    7.38677975    7.59001377
    7.59215831    7.61167944    7.61260955    7.61942451    7.62680903
    7.67692823    7.69813115    7.8380626     7.86506722    7.92317731]
[   1.            0.            0.            0.            0.            0.
    0.            9.            0.            0.            0.            1.
    2.          -79.239006   -174.00764      53.089603     72.784615
 -128.56357     -71.345459   -143.20921      44.151619    -49.126949
   34.010078     -4.667995    -26.447346      0.            0.            0.
    4.15474231    4.71860184    4.8491249     5.03663711    5.04161599
    5.04873546    5.11595597    5.1276722     5.15349482    5.31250424
    5.34366258    5.40855336    5.42635397    5.43036767    5.43363364
    5.43750491    5.48628897    5.51477865    5.6383635     5.76555494
    5.85545007    5.89207753    5.92430766    5.95052979    6.05350305
    6.06613359    6.07586965    6.13110296    6.22129973    6.26704117
    6.32263639    6.33779543    6.53999089    6.61445393    6.62416115
    6.69997597    6.71029965    6.75790707    6.81913985    7.19318315
    7.33941572    7.35919835    7.40779631    7.46915864    7.49624839
    7.55825206    7.59694916    7.67237488    7.81924135    7.82717062]
[   0.            0.            0.            0.            0.            0.
    1.            9.            0.            0.            0.            1.
    0.         -163.77121     176.50754      10.336907    151.2937
 -118.1713       65.544655   -106.31895     -33.292881     36.725136
  -27.349907      6.5588226    17.84417       0.            2.            0.
    3.19891743    4.2410397     4.34549384    4.69323163    5.6868976
    5.93023159    6.14666296    6.1528167     6.29507065    6.39216566
    6.55941819    6.76066711    6.80188082    6.80229665    6.93668793
    7.04194982    7.05353864    7.09421576    7.1431477     7.19741687
    7.2296066     7.4550045     7.56159576    7.56826323    7.74788634
    7.84945354    7.89232328    8.0896764     8.25977785    8.32267719
    8.34234966    8.39865072    8.40724424    8.41235755    8.57329724
    8.63824586    8.75620943    8.77980745    8.7944877     8.86727798
    8.93988539    9.02283869    9.13157134    9.18669788    9.19678328
    9.22483056    9.27234083    9.38003213    9.41146739    9.46369598]
[  0.00000000e+00   0.00000000e+00   0.00000000e+00   0.00000000e+00
   0.00000000e+00   1.00000000e+00   0.00000000e+00   1.90000000e+01
   0.00000000e+00   0.00000000e+00   1.00000000e+00   0.00000000e+00
   3.00000000e+00  -6.43850780e+01   1.79858720e+02   6.14482120e+01
   7.04808500e+01  -1.63450440e+02  -6.55009540e+01  -1.26196240e+02
   3.84342350e+01  -4.02819710e+01   2.40508000e+01   6.85280410e-02
  -2.46672860e+01   3.00000000e+00   2.00000000e+00   0.00000000e+00
   3.17788082e+00   3.19116751e+00   3.38373675e+00   3.42220787e+00
   3.42560551e+00   3.43165877e+00   3.46336783e+00   3.55432839e+00
   3.62598163e+00   3.64078976e+00   3.64357638e+00   3.71418394e+00
   3.76475835e+00   3.91603102e+00   4.14042810e+00   4.15007524e+00
   4.24459396e+00   4.31692353e+00   4.34318420e+00   4.39524595e+00
   4.47874203e+00   4.50487732e+00   4.84800384e+00   4.92694226e+00
   4.93288582e+00   5.08209930e+00   5.09579444e+00   5.30479081e+00
   5.53986713e+00   5.56450238e+00   5.69407289e+00   5.70754444e+00
   5.80537694e+00   5.83672174e+00   5.83759967e+00   6.04463744e+00
   6.06463437e+00   6.12233565e+00   6.24352799e+00   6.27816869e+00
   6.32260951e+00   6.35746852e+00   6.36579059e+00   6.42644333e+00
   6.47875757e+00   6.52689436e+00   6.57359899e+00   6.60904140e+00
   6.77478245e+00   6.81110927e+00]
[   0.            0.            1.            0.            0.            0.
    0.           10.            0.            0.            0.            1.
    1.          -62.287872   -170.86577      54.397728     82.32093
  175.38016     -75.511765   -171.61458      40.955883    -35.77047
   20.012636      7.0509057   -30.841356      0.            2.            0.
    3.12417226    3.51914042    3.54243147    3.64907276    3.69755788
    4.34168942    4.42292402    4.58032953    4.93511894    5.20829818
    5.26305392    5.29480002    5.48611458    5.58447065    5.67902965
    5.7307305     5.7781595     6.00729767    6.05945749    6.14475054
    6.24743157    6.3305316     6.36442344    6.36462637    6.38476972
    6.43297797    6.48607184    6.60943485    6.6479386     6.69661097
    6.73267653    6.85228786    6.90180649    6.90413746    6.98567356
    7.0014181     7.05795892    7.16517366    7.17092391    7.2056017
    7.23746095    7.24435742    7.38305895    7.40247577    7.4028429
    7.54233935    7.60961048    7.66938316    7.71989872    7.78250975]
[   0.            0.            0.            1.            0.            0.
    0.           11.            0.            1.            0.            0.
    1.          -99.449562   -160.89388      60.929607     81.030342
 -151.49571     -68.034935   -155.92084      35.025055    -35.277119
   20.311337      1.5263653   -23.988657      3.            2.            0.
    3.73340087    3.81458744    3.92685236    4.64250721    4.64638529
    4.84528163    4.85575245    4.87195664    5.02441357    5.0452581
    5.12475041    5.42320719    5.50590273    5.5548663     5.64087608
    5.76471413    5.80181646    5.93985395    5.99463486    6.04222503
    6.05939149    6.06897917    6.08744478    6.27114599    6.36352846
    6.40157019    6.41927453    6.6023685     6.63815337    6.70573009
    6.76144867    6.84460146    6.89115614    6.93608623    6.95318149
    6.9538995     7.0014181     7.04959746    7.13377587    7.1516259
    7.17136669    7.22783158    7.28566949    7.46615252    7.50713345
    7.53561202    7.56510318    7.58467042    7.59936993    7.65596064]
[   1.            0.            0.            0.            0.            0.
    0.           13.            0.            0.            1.            0.
    1.          -80.622108    175.92513      58.532097     73.300606
 -177.905      -106.06979     -57.498768     42.06461     -35.077602
   13.538934     15.447892    -37.250114      4.            2.            0.
    3.36742238    3.61149233    3.69212231    3.87458473    3.98019253
    4.21606321    4.3456387     4.40365391    4.47494856    4.60348438
    4.71867267    4.89537633    4.91714118    4.99654761    5.03658043
    5.06703107    5.14157875    5.22208007    5.38976828    5.42724882
    5.55251209    5.57064402    5.58091867    5.70669413    5.88769523
    5.89677086    5.98767316    6.04952956    6.10670845    6.12422551
    6.18339513    6.31657475    6.58101777    6.60078021    6.71016731
    6.75823216    6.77893363    6.93120216    6.9653594     6.98993039
    7.14364719    7.1872598     7.20901086    7.22227382    7.44414181
    7.44904176    7.59174085    7.67721548    7.78403321    7.83033637]
[   0.            0.            1.            0.            0.            0.
    0.           12.            0.            1.            0.            0.
    3.          -76.011711   -176.07777      54.4193       77.747391
 -145.00728     -69.194496   -161.27939      40.926632    -39.802986
   21.017521      5.5254183   -29.991365      3.            0.            0.
    3.58482412    3.62192748    3.83902976    3.94050049    3.99557842
    4.04614206    4.10031229    4.10687534    4.53051672    4.56973292
    4.57553784    4.64902469    4.70087161    4.75132774    4.79107153
    4.94339674    4.94462152    5.05760684    5.15655816    5.16995905
    5.29565411    5.41260847    5.43254354    5.45407739    5.60780441
    5.87303107    5.89026557    5.9187483     5.93718994    5.9851427
    6.01448484    6.11541021    6.14368815    6.18226964    6.27604945
    6.37993015    6.40168544    6.42835813    6.4475692     6.48454757
    6.50435812    6.53651991    6.72218982    6.79211458    6.86810955
    6.8945493     7.00490554    7.05478816    7.08317671    7.14117325]
[   0.            0.            0.            0.            1.            0.
    0.           15.            1.            0.            0.            0.
    3.          -88.028603    179.00908      63.976555     76.57029
 -171.5434      -63.858086   -132.92178      37.573917    -40.828194
   32.255733     -6.8746924   -19.952967      2.            2.            0.
    3.72040798    3.85368476    3.86912743    4.14552923    4.18407324
    4.19133521    4.34461539    4.47451058    4.48137003    4.51645828
    4.58239192    4.58265168    4.6225354     4.78505846    4.82164375
    5.03496559    5.11448938    5.13442898    5.28229996    5.3691979
    5.40294053    5.54663386    5.60068466    5.6569386     5.66603805
    5.68884451    5.69188574    5.80794376    5.91857576    5.97275396
    6.37995756    6.42777236    6.47772227    6.63201642    6.68382509
    6.74453052    6.78309018    6.89042248    6.89631956    7.09252814
    7.13427503    7.15722051    7.28670436    7.29333169    7.34403072
    7.3804243     7.40366877    7.45195602    7.60412648    7.6935983 ]
[   0.            0.            0.            1.            0.            0.
    0.           40.            0.            1.            0.            0.
    2.          -85.54425     166.83022      73.33812      74.765343
 -110.77499     -88.940781   -165.84947      45.018944    -40.744392
   20.911507      6.9472084   -32.027023      3.            0.            0.
    3.76194318    3.77764053    3.84822432    3.91051694    4.13153825
    4.23153048    4.27629295    4.35393575    4.35777006    4.43360455
    4.61048117    4.617026      4.66014655    4.71692151    4.73533866
    4.79055586    4.86295997    4.9638358     5.03037381    5.09158917
    5.120562      5.4831629     5.49234667    5.51876617    5.55021103
    5.74759087    5.77589263    5.8087244     5.84300487    5.84902891
    5.85255839    5.88255502    5.95619722    6.24295474    6.36195136
    6.4944165     6.50287474    6.53557627    6.59002852    6.59579064
    6.66197752    6.76948373    6.88602002    7.03593009    7.06088193
    7.25160568    7.3321372     7.51098915    7.62456452    7.64086124]
[   0.            1.            0.            0.            0.            0.
    0.            6.            1.            0.            0.            0.
    2.          -81.747063   -176.45226      60.629032     73.520622
 -133.94133     -77.029221   -173.44012      40.711174    -38.141979
   19.597672      6.5366602   -29.370768      2.            0.            0.
    3.37525645    3.5403428     3.66230345    3.70337443    3.87798629
    3.94027835    3.98417433    4.00603622    4.06276274    4.11261012
    4.20198294    4.30362317    4.47930717    4.63267426    4.73476986
    4.75745993    4.7875714     4.82827704    4.85518459    4.9906582
    5.19375169    5.25117678    5.39745846    5.41874895    5.42544201
    5.43085712    5.44386092    5.47020607    5.70698969    5.72911011
    6.05212248    6.05834249    6.16762839    6.23882945    6.26325079
    6.28548131    6.4274033     6.45084556    6.5310128     6.55188283
    6.5518927     6.5670443     6.67691813    6.70318718    6.72974928
    6.77032279    6.77468511    6.82431101    6.87268893    6.87523545]
[   0.            0.            0.            1.            0.            0.
    0.           30.            0.            1.            0.            0.
    3.          -84.331139   -174.66615      65.391441     69.96022
 -155.2397      -54.767712   -161.16685      37.59642     -35.743599
   17.548443      7.7326379   -30.211748      3.            1.            0.
    3.29982072    3.35723591    3.54310274    4.02155524    4.04505769
    4.34588697    4.41095556    4.48789135    4.54341363    4.56005013
    4.59052105    4.62551437    4.68137565    4.7073583     4.90110867
    4.92289452    5.12912997    5.2525912     5.30732634    5.45427134
    5.4554479     5.50340566    5.51136465    5.53447675    5.60715322
    5.62951628    5.70398562    5.83189299    5.92543958    5.97742265
    5.99569947    6.03060022    6.20352604    6.24787623    6.29241687
    6.44936347    6.48632035    6.50082603    6.50500793    6.54891247
    6.59532907    6.65456648    6.74572096    6.74691799    6.94611106
    7.04999363    7.05873571    7.08788514    7.12492111    7.1656086 ]
[   0.            0.            0.            0.            0.            1.
    0.           12.            0.            0.            1.            0.
    0.         -148.88028    -168.1183       55.064331     74.348419
  176.3526      -93.447449    -99.827988     40.855099    -43.279964
   29.066366     -2.118402    -25.55282       1.            2.            0.
    3.05317111    3.42726636    3.8718121     4.01928063    4.25480145
    4.44518273    4.50746832    4.62531163    4.71556294    4.80068439
    4.80748681    4.9490258     5.02975841    5.13553901    5.14869714
    5.18539075    5.27967163    5.41800435    5.42708837    5.51186289
    5.61396622    5.67237577    5.71263865    5.76897469    5.82225992
    5.9055043     5.94210797    6.00051576    6.0106253     6.21560456
    6.246052      6.31777038    6.34160309    6.55512782    6.5907287
    6.59843967    6.60410371    6.65041251    6.6882603     6.70662918
    6.71250249    6.75688426    6.83016365    6.84475454    6.86724005
    6.96867998    7.03695552    7.04233756    7.04692342    7.16924852]
[   0.            0.            0.            0.            1.            0.
    0.            6.            0.            0.            1.            0.
    2.          -69.590614   -169.11414      63.226929    147.0405
 -105.68698      -5.9650598   -95.131516    -30.941452     25.54221
  -10.159465    -10.706089     25.875698      3.            4.            0.
    3.16236637    3.47836931    4.00741163    4.16232597    4.55935252
    4.57874977    4.59861933    4.61824427    4.65337191    4.81850157
    4.84399214    4.86159403    5.16296796    5.23364375    5.33655228
    5.39768017    5.4439281     5.53366385    5.59545937    5.82559691
    5.83822175    5.84531293    5.87307601    6.08646945    6.15235247
    6.19711625    6.2730809     6.27856812    6.46853705    6.47807962
    6.76221005    6.83867547    6.97440642    7.00276705    7.10411081
    7.11607147    7.15194021    7.16019822    7.16363436    7.17702915
    7.22064119    7.24680996    7.29719481    7.29889805    7.3337349
    7.39203962    7.39911873    7.418314      7.48540179    7.48663389]
[   0.            0.            0.            0.            0.            1.
    0.           34.            0.            0.            1.            0.
    1.          -89.74926     166.54755      76.749535     76.648987
 -136.88956    -154.54393    -124.78854      31.162012    -30.981426
   16.249996      3.3506505   -20.727821      1.            3.            0.
    3.36155534    3.47215929    3.59578272    3.59858601    3.60273699
    3.82569881    3.93089073    3.97729023    4.09617188    4.42973584
    4.49561266    4.50540206    4.60224257    4.66588522    4.77827787
    4.79459276    4.90077566    4.9020089     5.09384935    5.26827516
    5.33858764    5.37242537    5.55879934    5.58049352    5.63572907
    5.69890859    5.71762294    5.77830526    5.85870216    5.9595271
    6.28802587    6.2904178     6.40200077    6.53241572    6.74158708
    6.78596943    6.83334836    6.86377786    6.88584116    6.90065139
    6.92475717    6.9427604     6.98376894    7.0317784     7.05618407
    7.24846215    7.316699      7.33336997    7.38350238    7.39226677]
[   1.            0.            0.            0.            0.            0.
    0.           30.            0.            1.            0.            0.
    3.          -82.178703    168.8192       57.266518     71.846931
 -160.11404     -73.12072    -156.96849      43.525517    -44.980083
   29.941782     -1.3183407   -27.273161      3.            0.            0.
    4.03354754    4.28957347    4.53384367    4.55541562    4.6045478
    4.67609302    4.83104001    4.99919536    5.02496902    5.26067508
    5.26204533    5.26433293    5.28169563    5.45324406    5.45796222
    5.54119817    5.62729844    5.68093592    5.74586199    5.78580303
    6.05772473    6.198111      6.23272347    6.26367464    6.31340242
    6.35220429    6.38441155    6.39233114    6.43178984    6.59686148
    6.59996762    6.77267635    6.79776478    6.81732655    6.91957712
    7.05680356    7.19642009    7.2337969     7.26745326    7.34997777
    7.44277464    7.53844978    7.55378072    7.64513766    7.79577739
    7.87082727    7.94429784    7.95023103    7.97492083    8.1808337 ]
[   0.            0.            0.            1.            0.            0.
    0.           30.            0.            1.            0.            0.
    3.          -82.178703    168.8192       57.266518     71.846931
 -160.11404     -73.12072    -156.96849      43.525517    -44.980083
   29.941782     -1.3183407   -27.273161      3.            0.            0.
    3.48989889    3.87743751    3.97419011    4.06913403    4.07841365
    4.25364728    4.30286498    4.31730277    4.45119734    4.4550356
    4.53878323    4.77481926    4.97868952    5.01004748    5.02800347
    5.20450677    5.2218828     5.2641547     5.33055175    5.36297059
    5.47029326    5.48477473    5.56644524    5.64535746    5.68562081
    5.69161564    5.70037688    5.79182043    5.9830729     5.99158126
    6.03274806    6.21797074    6.22258285    6.24753838    6.37690032
    6.49785731    6.53669392    6.57358514    6.6054119     6.75853942
    6.82505123    6.87685483    6.93017725    7.12398435    7.18810018
    7.274817      7.32963507    7.34262958    7.45405211    7.51974771]
[   0.            0.            1.            0.            0.            0.
    0.            4.            0.            0.            0.            1.
    2.          -95.105446   -169.37061      65.557297     72.844299
 -159.17554     -74.754036   -172.61479      41.727688    -37.30407
   18.05929       7.8442011   -30.317251      2.            1.            0.
    3.18326663    3.27642535    3.48589263    3.5112685     3.79494843
    3.80660756    3.92746279    3.93835629    4.03571489    4.13925284
    4.15440966    4.28755305    4.60399529    4.61013544    4.74909223
    4.93576453    4.99265712    5.03275888    5.05926535    5.15113703
    5.15390826    5.23653214    5.33675738    5.40565514    5.77637263
    5.81373253    5.82119908    5.85332364    5.85600102    5.86145486
    5.92005202    5.99862656    6.10183426    6.14434676    6.35848666
    6.55326953    6.57722257    6.63397003    6.6828311     6.74445058
    6.84134076    6.84476285    6.88221224    6.97580026    7.0443596
    7.05243687    7.11353788    7.15829584    7.17656719    7.17907523]
[   0.            0.            0.            0.            1.            0.
    0.           39.            0.            0.            1.            0.
    2.          -64.264183    163.31319      56.609032     88.475922
 -158.78949     -73.197685   -140.55989      36.696457    -33.080776
   16.623041      8.2777538   -29.827766      3.            1.            0.
    3.78589719    3.82231173    3.90374718    3.92365024    3.93585281
    3.94625244    3.95414236    4.01987575    4.49559857    4.51102544
    4.53921078    4.57726106    4.62388899    4.9638358     5.07357553
    5.10761735    5.23638163    5.25992127    5.31603975    5.72047497
    5.72261587    5.7733564     5.95611407    6.00184117    6.0824291
    6.15354592    6.19427553    6.25719256    6.53818842    6.890531
    7.02988678    7.09457409    7.17481334    7.2307699     7.24742415
    7.31277577    7.34642354    7.36687204    7.40423144    7.4672426
    7.49288677    7.54992701    7.64818563    7.68494009    7.75252787
    7.75438874    7.85944195    7.90469263    7.93361737    7.94984818]
[   0.            0.            1.            0.            0.            0.
    0.            4.            0.            0.            0.            1.
    3.          -77.868118   -172.88652      49.210766     79.919701
 -170.52882     -86.453583   -168.8143       28.89982     -36.777855
   30.175617     -9.2841902   -12.840497      2.            1.            0.
    3.28700677    3.4274229     3.77511211    3.8039774     3.93134905
    4.1555515     4.24090265    4.44476755    4.47759608    4.50225413
    4.53237253    4.65783865    4.82665255    4.96112254    5.07837591
    5.16407107    5.17797029    5.22689957    5.23652235    5.31404459
    5.3238123     5.4554904     5.55014754    5.60397744    5.90340418
    6.04771729    6.10441324    6.12068048    6.12638478    6.19868767
    6.20551745    6.26463729    6.39169613    6.40634027    6.41190149
    6.4259638     6.5703826     6.65066366    6.66901745    6.69438647
    6.78618901    6.82815405    6.8493008     6.90731964    6.96080444
    7.13473924    7.15563085    7.23482104    7.25339169    7.27256856]
[   0.            0.            0.            1.            0.            0.
    0.           13.            0.            1.            0.            0.
    2.          -92.315567    179.278        62.678894     81.417786
 -122.71538    -120.42252    -160.19009      36.299789    -42.231342
   32.718048     -9.4417734   -18.732517      3.            1.            0.
    3.59755987    3.65672547    3.84654585    3.87436967    4.12480888
    4.13944086    4.16842576    4.3011031     4.48538406    4.54310212
    4.56492539    4.57482353    4.74243116    4.83986405    4.86439122
    4.88235836    4.89379781    4.94640765    5.14173928    5.15110509
    5.3293493     5.47133419    5.49413113    5.51235642    5.67192912
    5.8029929     5.8070759     6.02475217    6.07504155    6.12655165
    6.13718409    6.14283194    6.14557714    6.24631169    6.28987021
    6.45528556    6.4765208     6.55566595    6.56229159    6.56369229
    6.62896421    6.79040901    6.87122837    6.88312178    7.01826341
    7.04585812    7.08100156    7.14761319    7.32362021    7.33818781]
[   0.            0.            1.            0.            0.            0.
    0.           10.            0.            1.            0.            0.
    2.          -98.947845   -175.13867      76.465385     76.56752
 -136.43051     -70.476036   -168.12019      42.649181    -41.422432
   23.829269      2.9230196   -30.396173      3.            0.            0.
    3.49833685    3.50331668    3.73071593    3.77451842    4.00153257
    4.00793348    4.02509111    4.03365688    4.24165408    4.31669558
    4.38596496    4.57741462    4.80473331    4.95371588    5.05229293
    5.10763282    5.2342458     5.26047286    5.35092496    5.42198441
    5.58579848    5.66571044    5.69180717    5.81122742    5.83683997
    5.85469687    5.98964708    5.99775579    5.99985448    6.05022498
    6.09564504    6.11303489    6.11466348    6.17899481    6.33546092
    6.34415517    6.52412808    6.58703384    6.7292171     6.80579842
    6.91546872    6.96039192    6.96458055    6.97961378    7.03141533
    7.05238012    7.09934018    7.20759463    7.22347058    7.2751637 ]
[   1.            0.            0.            0.            0.            0.
    0.           17.            0.            0.            1.            0.
    3.         -138.5179     -178.85754      72.702583     73.70974
 -163.17247     -34.437099   -165.6102       47.506397    -41.206158
   18.117563     12.592064    -38.675972      3.            0.            0.
    3.62273454    3.80783462    3.87189492    4.01574211    4.07535495
    4.41916182    4.49808693    4.57234843    4.79257318    4.86652681
    4.86695058    5.04313368    5.12553633    5.18629599    5.18850801
    5.22867575    5.25022269    5.32481079    5.42814717    5.48131288
    5.49770395    5.52065512    5.54123747    5.56009853    5.92693981
    5.92900131    6.31125522    6.31662999    6.39183706    6.40390019
    6.41230257    6.49903284    6.51843777    6.55420666    6.6345809
    6.72885289    6.80132797    6.86566884    6.94667987    6.95622739
    6.99000965    7.05435179    7.07466855    7.14567972    7.20740338
    7.22894951    7.28059527    7.29078066    7.30954124    7.37158477]
[   0.            0.            0.            0.            0.            0.
    1.            7.            0.            0.            0.            1.
    2.          -55.451286    175.58624      56.059097     75.849396
 -169.46181     -61.849251   -168.48663      39.713963    -41.688408
   29.259186     -2.4896288   -25.367037      2.            1.            0.
    2.96103269    3.57012297    3.64304711    3.74138099    3.74692565
    3.83323059    3.83793286    3.85661165    3.91682618    4.06318126
    4.06865764    4.1550335     4.17416696    4.17459009    4.2547715
    4.27045073    4.47975739    4.62644949    4.65178319    4.69134842
    4.84947581    4.93037343    5.14848526    5.19927217    5.21528916
    5.2398042     5.35063588    5.36298031    5.40383532    5.54568386
    5.56776332    5.64455584    5.73388416    5.84849324    6.14935826
    6.17320625    6.22204176    6.32325335    6.3630279     6.39868493
    6.41532503    6.44404676    6.45376334    6.6166339     6.67330991
    6.74203781    6.77453547    6.89573248    6.92246888    6.9513569 ]
[   1.            0.            0.            0.            0.            0.
    0.           14.            0.            1.            0.            0.
    2.          -75.399727   -155.76132      50.638844     87.636795
 -158.92729     -78.086685   -135.28128      31.114326    -27.910147
   13.02554       8.1767797   -24.62294       3.            1.            0.
    4.11394239    4.14692721    4.38099215    4.39628805    4.48772331
    4.52282066    4.61170523    4.61847638    4.7601257     4.8227174
    4.9760398     5.09517405    5.11955044    5.12437417    5.16826981
    5.22558377    5.2263121     5.24658942    5.26327498    5.38552662
    5.6937838     5.71708798    5.75507319    5.84335174    5.87342143
    5.9238645     6.06762981    6.09533171    6.09725124    6.12779583
    6.14675105    6.168934      6.18441036    6.21595983    6.36176655
    6.38760454    6.54333593    6.57906079    6.74547736    6.84878303
    6.924239      7.05098093    7.24777153    7.27079238    7.30141129
    7.3056259     7.31734522    7.34407135    7.4139201     7.54671667]
[   0.            0.            0.            0.            1.            0.
    0.            9.            1.            0.            0.            0.
    2.          -76.62867     177.1452       99.103882     72.632362
 -120.43166     -50.181904   -158.71477      39.141823    -38.350449
   22.741968      1.9100834   -27.009527      3.            2.            0.
    3.38319596    3.47804057    3.50639999    3.68445581    3.95399717
    3.9565506     4.11764168    4.20050319    4.2151354     4.2598195
    4.54713499    4.68905184    4.77590782    4.89550076    4.97050736
    5.02501745    5.12288912    5.13685962    5.16464846    5.31666879
    5.38152418    5.43426408    5.57514393    5.597956      5.60379387
    5.77954826    5.84697098    5.88027854    5.88066409    5.90263751
    5.91865542    5.92277221    5.99153294    5.9965218     6.11858213
    6.30727872    6.32686361    6.35719108    6.42222291    6.47044089
    6.50774655    6.51304089    6.62117946    6.64828804    6.8657108
    6.86931271    6.99132467    7.03414097    7.1267938     7.27524596]
[   0.            0.            1.            0.            0.            0.
    0.           13.            0.            1.            0.            0.
    2.          -68.087082    128.37381      67.912788     78.637451
 -153.20633     -59.860329   -160.40576      38.44706     -41.251072
   28.047699     -1.4913472   -24.881973      3.            0.            0.
    3.96808852    3.96825863    3.97090311    4.00662079    4.13496938
    4.20006606    4.31875162    4.40748287    4.45163272    4.527302
    4.55467349    4.58948697    4.58990653    4.69849058    4.71860973
    4.78298276    4.79698847    4.93339535    4.99005871    5.08302311
    5.13477553    5.30919254    5.36888709    5.48246522    5.54976356
    5.55991315    5.72404449    6.00599672    6.03790901    6.07277772
    6.17713138    6.37838082    6.41051521    6.44788578    6.47337128
    6.50921243    6.62461593    6.68523305    6.74040051    6.83816173
    6.92219014    6.99639113    7.09832717    7.30642604    7.34480818
    7.4503187     7.47651902    7.4927128     7.50492419    7.50528632]
[   0.            0.            0.            0.            1.            0.
    0.            3.            0.            0.            1.            0.
    2.         -139.47223     168.50507      79.148575     76.319321
  177.29498     -87.4646     -161.94313      38.213371    -39.993275
   26.563158     -2.577318    -22.971197      1.            3.            0.
    3.55451232    3.62828599    4.12791762    4.24675007    4.29138649
    4.50677652    4.53721011    4.71658717    4.82406774    4.82724376
    4.99211766    5.06109792    5.24737548    5.27275096    5.28396307
    5.37086902    5.38972403    5.4332496     5.45850732    5.50957473
    5.87595227    5.93022296    5.93651346    6.00993676    6.01046863
    6.02731934    6.08248303    6.24594891    6.5240971     6.61524833
    6.65143131    6.90878897    7.02243337    7.02341402    7.10548
    7.14559541    7.14859757    7.15961413    7.28078081    7.30979571
    7.33596418    7.43160182    7.48514674    7.53860909    7.56892811
    7.71943246    7.7770789     7.80299307    7.8619915     7.9251146 ]
[   0.            0.            0.            0.            0.            1.
    0.            3.            0.            0.            1.            0.
    2.         -139.47223     168.50507      79.148575     76.319321
  177.29498     -87.4646     -161.94313      38.213371    -39.993275
   26.563158     -2.577318    -22.971197      1.            3.            0.
    3.23610484    4.03808139    4.30579159    4.98692991    5.22755752
    5.33826288    5.38309901    5.90797985    5.95880588    5.99994805
    6.01218332    6.33227113    6.53998035    6.79290029    6.93255631
    6.94577703    7.09826831    7.10847865    7.13191455    7.29979453
    7.33648622    7.34394302    7.4432118     7.45070531    7.54846573
    7.64170439    7.70636409    7.73064329    7.78932904    7.81634773
    7.81751128    7.91151798    7.99414211    8.00480371    8.1301382
    8.15593315    8.31949403    8.34897128    8.43399961    8.44742204
    8.51695728    8.5855898     8.67100346    8.68590513    8.68962313
    8.70112655    8.73894563    8.81748093    8.87765271    8.89893822]
[   0.            0.            0.            0.            0.            1.
    0.            2.            0.            0.            1.            0.
    3.          -95.179367   -178.45262      67.65004      73.720695
 -131.78215     -94.748222   -164.1741       45.007977    -43.688404
   28.152651      1.6756134   -29.210497      3.            0.            0.
    2.8868943     3.19325733    3.39240655    3.4019365     3.49729814
    3.60876072    3.7274692     3.75487368    3.77770728    3.85645035
    3.93297335    3.94267516    4.015299      4.04884532    4.0636325
    4.1348102     4.23836792    4.28453584    4.30983444    4.3216355
    4.55340528    4.56165952    4.74969471    4.76005763    4.83893429
    4.87659502    4.87721705    4.95936322    5.15659061    5.21621968
    5.22245287    5.25979598    5.2861459     5.41047435    5.55502873
    5.6948523     5.7214245     5.7621383     5.89314937    6.00336589
    6.06566109    6.16758524    6.17873612    6.28100526    6.31449011
    6.55119095    6.56669875    6.60848466    6.70518354    6.81309208]
[   0.            0.            1.            0.            0.            0.
    0.            5.            0.            1.            0.            0.
    2.          -76.29174    -179.70193      66.994354     78.534584
 -121.65798     -95.899864   -148.75667      34.22723     -33.609894
   17.267149      5.0105147   -25.690884      3.            1.            0.
    3.53086742    3.74502299    3.91251106    3.95134849    4.05210835
    4.35030451    4.59661692    4.61013544    4.61204214    4.75995321
    5.06096076    5.09027286    5.13995019    5.21855406    5.2533762
    5.3209194     5.32313347    5.47582888    5.68003771    5.76953233
    5.94739215    6.07048564    6.15768843    6.17244243    6.25134527
    6.29300691    6.33669708    6.46305808    6.51982625    6.65532268
    6.76154463    6.7762083     6.79107549    6.91572986    6.92199181
    6.94175684    6.98451461    7.04435607    7.08817921    7.13392434
    7.22261038    7.30477199    7.32242213    7.34296578    7.48116588
    7.48765336    7.51378712    7.51798061    7.57292814    7.58927237]
[   1.            0.            0.            0.            0.            0.
    0.           23.            0.            0.            1.            0.
    3.          -81.754723    167.20193      67.514343     72.194328
 -136.87999     -87.030312   -147.1826       38.234455    -36.613209
   18.357279      6.967001    -29.053621      3.            1.            0.
    4.15189293    4.20091651    4.34734819    4.64079731    4.76352682
    4.8244912     4.91720922    4.97565261    5.00730078    5.15733418
    5.26235856    5.39291606    5.43007553    5.43140003    5.53294641
    5.54116423    5.55019988    5.61085748    5.70781864    5.77155103
    5.83243619    5.92800696    6.00330991    6.33390578    6.48721709
    6.50538926    6.53117219    6.60782865    6.6895758     6.74753748
    6.84713919    6.88806696    6.93354568    6.96393211    7.06351549
    7.15057458    7.20104329    7.20776084    7.21547801    7.29064712
    7.37788473    7.51563739    7.66334457    7.71089831    7.7694271
    7.77870379    7.88381651    7.96103119    7.99153448    8.00189926]
[  1.00000000e+00   0.00000000e+00   0.00000000e+00   0.00000000e+00
   0.00000000e+00   0.00000000e+00   0.00000000e+00   1.00000000e+00
   0.00000000e+00   0.00000000e+00   1.00000000e+00   0.00000000e+00
   1.00000000e+00   9.99990000e+03   9.99990000e+03   6.94898610e+01
   7.44620820e+01  -1.44404240e+02  -6.60250240e+01  -1.52967770e+02
   3.76745030e+01  -3.48182450e+01   1.42622080e+01   1.07283460e+01
  -3.14105050e+01   3.00000000e+00   0.00000000e+00   0.00000000e+00
   4.75899016e+00   4.79939621e+00   4.80780052e+00   4.92172462e+00
   4.96490836e+00   5.27773004e+00   5.34322576e+00   5.45159905e+00
   5.73997924e+00   5.80910098e+00   6.08375365e+00   6.16372638e+00
   6.29536294e+00   6.83510123e+00   7.02858580e+00   7.08884565e+00
   7.30206501e+00   7.41136732e+00   7.48514750e+00   7.77707890e+00
   7.87465188e+00   7.89568243e+00   8.02591198e+00   8.07402545e+00
   8.12034294e+00   8.34226047e+00   8.41964285e+00   8.43430508e+00
   8.49406069e+00   8.73813798e+00   8.96919426e+00   9.13655202e+00
   9.23139320e+00   9.34141594e+00   9.53017138e+00   9.57557304e+00
   9.98023320e+00   0.00000000e+00   0.00000000e+00   0.00000000e+00
   0.00000000e+00   0.00000000e+00   0.00000000e+00   0.00000000e+00
   0.00000000e+00   0.00000000e+00   0.00000000e+00   0.00000000e+00
   0.00000000e+00   0.00000000e+00]
[   0.            0.            0.            0.            0.            0.
    1.            3.            0.            0.            0.            1.
    2.          -75.634377   -170.2552       65.401421     65.479706
 -154.31052     -44.301258   -165.17906      38.747692    -40.833652
   23.363111      3.6125414   -27.70426       2.            0.            0.
    3.06716706    3.49641539    3.52437919    3.57044017    3.65368344
    3.69987062    3.761424      3.7785103     3.78044264    3.86491803
    3.87991069    3.94451901    4.06081295    4.13475644    4.15322115
    4.21813986    4.31166638    4.31221892    4.32854786    4.42130026
    4.4414694     4.56958515    4.6929456     4.77411054    4.90494572
    4.94378894    4.96731285    4.97517682    4.98597406    5.0319294
    5.38966838    5.46484982    5.59734781    5.60883379    5.7868882
    5.86197164    5.92628143    5.9477562     5.94954589    6.04417248
    6.14879221    6.28559692    6.31620795    6.32252722    6.38972806
    6.54880358    6.60956451    6.63321012    6.67447412    6.69854363]
[   1.            0.            0.            0.            0.            0.
    0.           20.            0.            0.            1.            0.
    3.          -63.366238    159.96495      63.988316     77.446526
 -164.80138     -38.577076   -159.31583      36.961243    -38.942215
   25.290258     -1.9356301   -23.577805      4.            0.            0.
    4.02331036    4.13971832    4.29490646    4.45522142    4.51803971
    4.59897741    4.64899264    4.6770304     4.82629281    4.94581418
    4.97832857    5.07015392    5.15164981    5.17272174    5.22676853
    5.26651312    5.37166543    5.48036989    5.5195351     5.53225469
    5.5983061     5.62313757    5.63161202    5.63453496    5.83137438
    5.89900041    5.90297991    6.05611148    6.15653374    6.20071816
    6.21685279    6.23888407    6.47752863    6.55963313    6.57267097
    6.71801396    6.78389289    6.86426521    7.02348471    7.06488143
    7.20811839    7.36450966    7.53819856    7.58306147    7.65229589
    7.66363119    7.72225692    7.79995751    7.84205445    7.88627782]
[   0.            0.            0.            1.            0.            0.
    0.           11.            0.            1.            0.            0.
    2.          -52.453468    125.26083      79.957458     72.372406
 -146.44843     -63.953003   -158.9016       42.948277    -37.375473
   19.03775       8.6560316   -32.187458      3.            0.            0.
    3.87124289    4.01481697    4.05645074    4.0934562     4.10687534
    4.17040776    4.1854886     4.25915976    4.35689547    4.36125827
    4.4687664     4.6085095     4.62550257    4.79884412    4.81956393
    4.84992767    5.0849568     5.1856729     5.30942154    5.37866109
    5.39527845    5.40712139    5.44291489    5.61409659    5.63285626
    5.64042416    5.64181316    5.77974706    5.78211763    5.85380973
    5.86943962    6.05247575    6.06814494    6.18493793    6.24198252
    6.31642605    6.38356935    6.537836      6.68075412    6.90047162
    6.97189444    7.03759501    7.19326823    7.20647503    7.221683
    7.22555539    7.27155241    7.35182672    7.40051429    7.45816325]
[   1.            0.            0.            0.            0.            0.
    0.           27.            0.            0.            1.            0.
    3.          -72.18615     163.19249      77.777359     65.134743
 -125.41247     -69.364037   -149.23923      43.783245    -40.236126
   18.025373      9.7759571   -32.910969      3.            1.            0.
    3.9178342     4.44427326    4.64503154    4.69833379    4.71256295
    4.85362445    4.89843512    4.90626839    5.13721652    5.19765221
    5.28522377    5.30358721    5.30674672    5.33642401    5.52120171
    5.53836921    5.55098393    5.55201245    5.55864432    5.6738824
    5.85392485    5.9575337     6.05051975    6.0615002     6.09905897
    6.24476287    6.33273116    6.42863487    6.54390317    6.62430334
    6.67402313    6.76302038    6.88383505    6.89609012    6.90236413
    6.92177532    6.94394214    7.11546764    7.12992864    7.47964689
    7.59111978    7.85568367    7.87803487    7.88136416    7.9388339
    7.99445086    8.00110783    8.01777669    8.02457015    8.03087177]
[   1.            0.            0.            0.            0.            0.
    0.           24.            0.            1.            0.            0.
    2.          -33.358875    152.66129      52.58926      77.257233
 -144.36691     -87.337067   -163.9836       37.767956    -41.083023
   27.333942     -3.6485145   -22.452148      3.            1.            0.
    4.44421574    4.47907406    4.61760449    4.62370824    4.63754317
    4.72926781    4.84478048    4.90460232    4.94906551    5.00310794
    5.03927857    5.06768784    5.06832115    5.13345349    5.2581757
    5.32597906    5.3836612     5.4275061     5.45679911    5.51411312
    5.52847672    5.58279792    5.59961681    5.61085748    5.62457924
    5.66903403    5.72500724    5.92475544    5.95634242    6.02024092
    6.12970773    6.21282544    6.27139983    6.27216257    6.2760158
    6.30298837    6.36053168    6.52720104    6.67108997    6.74239436
    6.84240048    6.84436592    7.19173171    7.32575682    7.50008934
    7.54124005    7.56383615    7.65539497    7.70194913    7.80187607]
[   0.            0.            0.            1.            0.            0.
    0.           15.            0.            0.            0.            1.
    3.          -66.716469    177.72237      62.488235     79.136124
 -164.04289     -67.386642   -156.66646      32.970829    -34.283962
   23.765862     -2.8263931   -19.766407      2.            1.            0.
    4.25171036    4.26838621    4.3215206     4.35343232    4.39893026
    4.42639647    4.4429471     4.51551803    4.55070381    4.66423513
    4.73351484    4.75208557    4.77177311    4.8153076     5.05930657
    5.17021059    5.29514841    5.32383063    5.4424862     5.48060712
    5.50789036    5.55243334    5.80589569    5.82116545    5.84376899
    5.84490673    5.91323563    6.01862759    6.04372524    6.07584359
    6.15975476    6.19711965    6.2072199     6.2245386     6.37597369
    6.54485276    6.58759369    6.58983566    6.67070864    6.79016371
    6.92772573    6.9432466     7.19339674    7.29184706    7.30200174
    7.3434341     7.61156977    7.61618182    7.6773318     7.67852146]
[   1.            0.            0.            0.            0.            0.
    0.            5.            0.            0.            1.            0.
    2.          -75.497536   -161.21785      47.424969     66.447327
 -148.93073     -75.201691   -136.22635      38.241291    -36.614426
   23.357109      1.6200331   -25.958733      3.            0.            0.
    4.28696915    4.32160636    4.35162036    4.42222183    4.63869812
    4.69576967    4.71410889    4.79240483    4.98617923    5.00838192
    5.06487004    5.17115788    5.20241436    5.24444617    5.28029207
    5.3155384     5.39355505    5.59498241    5.71423188    5.79146397
    5.80418529    5.88446216    5.9541666     6.1034719     6.18275835
    6.26413097    6.26667384    6.26944127    6.38547605    6.5063094
    6.54918944    6.54930264    6.66361393    6.86769484    6.88503264
    6.92235472    7.21921821    7.3256305     7.47386409    7.49551768
    7.52869328    7.53284501    7.58301578    7.64187912    7.65249614
    7.73532741    7.75026757    7.75906554    7.82852794    7.90212691]
[   0.            0.            0.            1.            0.            0.
    0.            9.            0.            0.            0.            1.
    2.          -79.239006   -174.00764      53.089603     72.784615
 -128.56357     -71.345459   -143.20921      44.151619    -49.126949
   34.010078     -4.667995    -26.447346      0.            0.            0.
    4.28050334    4.35130969    4.36664872    4.64662115    4.69726617
    4.73260301    4.75057992    4.76171873    4.79789988    4.80268164
    4.87972416    5.02836455    5.08576974    5.21070647    5.31449919
    5.37093897    5.45733794    5.49291673    5.5724467     5.58267236
    5.64680718    5.96070199    6.22913442    6.23307649    6.425438
    6.48325507    6.51303091    6.5184953     6.71621184    6.74254756
    6.76186856    6.84764191    6.93780138    6.97176007    6.97532427
    7.07384674    7.10079921    7.18386326    7.34338978    7.4111382
    7.42733997    7.42741198    7.47540614    7.53515445    7.57219632
    7.65754902    7.66957612    7.67771558    7.72438468    7.74234638]
[  0.00000000e+00   0.00000000e+00   0.00000000e+00   0.00000000e+00
   0.00000000e+00   1.00000000e+00   0.00000000e+00   1.00000000e+00
   0.00000000e+00   0.00000000e+00   1.00000000e+00   0.00000000e+00
   1.00000000e+00   9.99990000e+03   9.99990000e+03   8.07258910e+01
   7.31216740e+01  -1.59850360e+02  -5.99024240e+01  -1.34219650e+02
   3.37215770e+01  -3.39668730e+01   1.91925560e+01   2.61613800e+00
  -2.41216200e+01   4.00000000e+00   0.00000000e+00   0.00000000e+00
   2.95260233e+00   3.07393446e+00   3.39479003e+00   3.61350963e+00
   3.61743953e+00   3.79714931e+00   3.90217871e+00   3.97010987e+00
   4.01626736e+00   4.09951578e+00   4.13901395e+00   4.22119775e+00
   4.36009637e+00   4.40071519e+00   4.49220075e+00   4.73955820e+00
   4.80324762e+00   4.97522822e+00   5.35492785e+00   5.52882282e+00
   5.56571138e+00   5.71091612e+00   5.89359004e+00   6.24673070e+00
   6.29082911e+00   6.47411515e+00   6.58824939e+00   6.74096963e+00
   6.78808623e+00   6.81860595e+00   6.89087164e+00   6.96528356e+00
   7.07661983e+00   7.07984327e+00   7.14650466e+00   7.20574306e+00
   7.25944573e+00   7.31043460e+00   7.40886425e+00   7.44357127e+00
   7.56259661e+00   7.69530723e+00   7.78500700e+00   7.79056217e+00
   7.84602832e+00   7.85838863e+00   7.89552223e+00   7.94452930e+00
   7.94770386e+00   7.96047732e+00]
[   0.            0.            1.            0.            0.            0.
    0.           20.            0.            1.            0.            0.
    2.          -61.428436    166.62486      52.67326      76.151367
 -143.39343     -54.377174   -159.32797      43.434155    -40.320286
   22.027176      5.9257588   -32.327389      3.            1.            0.
    3.61444262    3.76083046    3.81845428    3.8472054     3.98171841
    4.19085407    4.25320359    4.27925249    4.34115423    4.367306
    4.38011727    4.42583925    4.48433188    4.50379917    4.98051246
    5.04382282    5.07957683    5.22540623    5.24477433    5.31260087
    5.32646195    5.64473562    5.66133264    5.77187774    5.796239
    5.8141105     5.81630983    5.87611908    5.90304358    5.96709374
    5.96939495    6.00595875    6.10040757    6.19449854    6.20872538
    6.23608681    6.25828994    6.30488156    6.30736825    6.65867781
    6.66688007    6.68707232    6.71599675    6.72539534    6.73827879
    6.81856731    7.01503486    7.11548777    7.1251766     7.13820856]
[   1.            0.            0.            0.            0.            0.
    0.           13.            0.            0.            0.            1.
    0.           70.675812   -119.82619      77.229012     80.361481
 -139.25458     -62.247704   -132.80035      34.343655    -42.441959
   33.657818    -11.316282    -15.522388      0.            0.            0.
    4.63660213    4.71350426    4.95093169    5.02047264    5.12750018
    5.4164702     5.4445247     5.47000891    5.63054167    5.66175795
    5.79232773    6.03296745    6.23612587    6.42839073    6.63073387
    6.76823937    6.98062973    7.11974469    7.15130892    7.57414892
    7.58153357    7.6803539     7.74220379    7.75371437    7.76335623
    7.81894622    7.87432313    8.0321768     8.03850095    8.07502133
    8.29207039    8.295343      8.32889948    8.46276642    8.47672031
    8.48244033    8.69083278    8.77638069    8.78638136    8.95703803
    9.02650821    9.04369804    9.1076285     9.11404041    9.12232695
    9.31021434    9.47006219    9.53753621    9.54352591    9.59669246]
[   0.            0.            1.            0.            0.            0.
    0.           19.            0.            0.            0.            1.
    2.          -93.61058     171.12387      65.560555     80.772881
 -165.53584     -72.927483   -156.71152      42.351154    -41.296101
   26.132984      2.2277408   -27.612158      2.            1.            0.
    3.77590328    3.85723356    3.89297439    4.05238512    4.1359294
    4.22385871    4.25813258    4.37393807    4.61892617    4.78667469
    4.80196175    5.01079933    5.10122621    5.11642131    5.12783767
    5.27916457    5.28829044    5.37207859    5.41448219    5.57538511
    5.62316457    5.66563767    5.72229261    5.75770532    5.79493384
    5.92032607    5.92744006    5.95256993    5.98711886    6.03406106
    6.0834274     6.18735477    6.20413557    6.22331902    6.24907408
    6.26108529    6.63579637    6.70071449    6.82115803    6.83432693
    6.89349109    6.97177024    7.03168277    7.06379852    7.11629985
    7.2175175     7.2419748     7.259171      7.26476385    7.32497931]
[   1.            0.            0.            0.            0.            0.
    0.            8.            0.            0.            0.            1.
    3.          -78.392212    168.86328      75.7444       74.151695
 -170.98303     -57.074139   -158.62236      31.846094    -29.739288
   15.031216      5.415803    -24.57423       3.            2.            0.
    3.79451472    3.99914488    4.46496328    4.4745416     4.52389872
    4.54981543    4.66116882    4.66648346    4.67389258    4.75925516
    4.79160295    5.04541183    5.1400337     5.14635735    5.17677559
    5.22779956    5.31707092    5.3317887     5.36982759    5.45603318
    5.50327128    5.5086283     5.78172336    5.95732622    5.96400744
    5.98683027    6.00256873    6.0365721     6.05380372    6.21637796
    6.30965685    6.47589401    6.49504843    6.49738512    6.53760097
    6.61265801    6.68724585    6.69571609    6.72447522    6.76135952
    6.95991659    7.13573424    7.19720294    7.3201835     7.34108659
    7.56404853    7.56501864    7.73592551    7.80353059    7.89025018]
[   0.            0.            0.            0.            0.            0.
    1.           31.            0.            0.            0.            1.
    1.          -42.696922   -176.25623      65.047928     80.006226
  157.03322      44.247437   -168.22672      33.499249    -32.630085
   16.598036      4.8050961   -24.538919      2.            4.            0.
    3.66681824    3.82067412    4.06246255    4.17992438    4.26091993
    4.26749537    4.30434726    4.40143678    4.4063059     4.99151608
    5.8187389     5.85185216    6.26041426    6.37010201    6.53415575
    6.57564398    7.01400269    7.21601291    7.39055921    7.65167796
    7.74432803    7.85609734    7.87096779    7.8938236     8.06002271
    8.27664883    8.35663019    8.45945418    8.60367225    8.61907547
    8.82315287    8.85327599    8.92402878    9.16164177    9.41091143
    9.65653951    0.            0.            0.            0.            0.
    0.            0.            0.            0.            0.            0.
    0.            0.            0.        ]
[   0.            0.            0.            0.            1.            0.
    0.           16.            0.            0.            1.            0.
    2.          -79.337776   -175.11459      61.122105     78.477036
 -168.49023     -57.651173   -144.69887      34.785973    -33.391354
   19.084244      3.5161915   -23.42882       3.            1.            0.
    3.84733511    3.91615338    4.04508172    4.17252361    4.17383959
    4.30118198    4.31493031    4.37322205    4.59326423    4.61037154
    4.6367875     4.73019333    4.80837082    4.91187321    4.96050275
    4.97848188    4.99242981    5.2550044     5.27401881    5.3304142
    5.33817243    5.58839655    5.65244011    5.74093568    5.86286272
    5.92216892    5.9256137     5.94524082    6.04504214    6.04596776
    6.12222618    6.1466173     6.18541868    6.63030295    6.69864108
    6.72835228    6.7299299     6.84312942    6.88085276    6.90562094
    7.00902185    7.08555426    7.11383985    7.15899802    7.16525043
    7.2522776     7.27303768    7.32793427    7.4753939     7.47709488]
[   0.            0.            0.            1.            0.            0.
    0.            6.            0.            0.            0.            1.
    0.          -67.75634    -169.19684      65.858986    146.71123
 -111.61626     125.14388    -106.98428     -42.145466     28.666889
   -4.7220678   -23.665386     40.624687      1.            1.            0.
    4.02077941    4.06948237    4.43627332    4.76933735    5.01975887
    5.02539132    5.16743271    5.1903404     5.36626507    5.46578409
    5.54743246    5.73875876    5.81453991    5.93619014    5.97101991
    5.97721889    6.15293953    6.15807841    6.1793102     6.19133814
    6.21467026    6.26127156    6.30760721    6.35064328    6.44805757
    6.48668247    6.51847819    6.71236403    6.74745436    6.77571792
    6.80233355    6.89319407    6.93375861    7.00572675    7.10087122
    7.13718819    7.16629709    7.1833007     7.30327849    7.30372062
    7.55635083    7.58125123    7.63499776    7.67039872    7.77009745
    7.77775608    7.81186603    7.8962773     7.98618867    8.03803415]
[   1.            0.            0.            0.            0.            0.
    0.           26.            0.            1.            0.            0.
    2.          -81.122078    175.81624      64.011414     76.01416
 -164.50824     -86.826927   -155.00034      43.128422    -41.427757
   23.922033      5.1493239   -31.96987       4.            1.            0.
    4.05623388    4.18546655    4.26275421    4.32747961    4.40045684
    4.53187475    4.65233444    4.69373562    4.73427671    4.74725281
    4.78582776    4.78818013    4.80010564    4.80043494    4.88872567
    5.07258227    5.13879025    5.3012483     5.31712445    5.32659804
    5.33770725    5.34272692    5.40240475    5.52120171    5.54232909
    5.6872779     5.74045197    5.78530233    5.85988003    5.86889924
    6.09609173    6.10352658    6.38587079    6.44980454    6.47525917
    6.51828074    6.51991068    6.57804311    6.77765452    6.95625802
    6.95775747    7.02649986    7.10393429    7.18480514    7.39297847
    7.45196955    7.48200884    7.63855731    7.68001297    7.71538318]
[   1.            0.            0.            0.            0.            0.
    0.            3.            1.            0.            0.            0.
    3.          -88.674347   -167.59201      74.69223      74.560127
 -163.60274     -64.343384   -148.1304       35.461662    -38.011101
   27.459118     -3.4666183   -20.506529      2.            1.            0.
    4.0363793     4.04197476    4.19132052    4.48167881    4.51140061
    4.59045566    4.74611824    4.77704408    4.88563302    5.0658422
    5.07829895    5.15401753    5.16230687    5.21780424    5.2535382
    5.27761895    5.35665319    5.46800209    5.60452045    5.62280949
    5.62643094    5.89320928    5.90225549    5.90387436    5.9754128
    6.00396169    6.03676917    6.06095656    6.11970881    6.17076339
    6.34164046    6.37550574    6.67054044    6.71960252    6.87544284
    6.9972188     7.08362392    7.22904583    7.26660956    7.34856361
    7.39432567    7.3987301     7.48437479    7.49518975    7.5152769
    7.53548464    7.63444211    7.80645177    7.82799903    7.87277565]
[   0.            0.            0.            1.            0.            0.
    0.           21.            0.            0.            0.            1.
    1.         -111.02574    -170.74635      66.070351     86.070251
 -168.61061    -109.00388    -153.97928      37.839272    -38.907028
   23.850733      0.92513853  -24.834196      1.            1.            0.
    3.88123613    3.95028056    3.96170437    4.05355544    4.06621091
    4.1371671     4.22946362    4.23844825    4.59897741    4.59921168
    4.61040592    4.64678233    4.80074189    4.82495277    4.98060399
    5.25954577    5.31669128    5.31679498    5.50395992    5.57595134
    5.59138277    5.6913521     5.88079507    5.91669517    5.98047912
    6.1683834     6.18618903    6.32119785    6.50339983    6.53289169
    6.78011548    6.8186085     6.82459628    6.84457553    6.8766056
    6.91549756    7.0418118     7.08303812    7.11480795    7.15882146
    7.21344334    7.35271569    7.35972863    7.40458381    7.40531197
    7.51497827    7.56917464    7.571547      7.57483841    7.57569242]
[   1.            0.            0.            0.            0.            0.
    0.           33.            0.            1.            0.            0.
    3.          -72.834496    171.21704      60.278629     81.321793
 -147.61864     -62.179695   -157.50636      40.631508    -37.218941
   20.372906      7.1379795   -31.027546      3.            1.            0.
    4.0838617     4.16279221    4.43297851    4.66029958    4.85013809
    4.8564263     4.88322774    4.89582423    5.05150663    5.15955144
    5.24034508    5.34823665    5.4412309     5.53350275    5.53436497
    5.55177622    5.57191543    5.61038006    5.62650941    5.64649405
    5.73915281    5.75650114    5.78420147    6.07071021    6.14573653
    6.31865926    6.50116195    6.50568753    6.57704387    6.60010651
    6.6611818     6.67943573    6.69570359    6.72957885    6.7356507
    6.82597382    6.91452645    7.06643286    7.09505995    7.12382365
    7.15364134    7.18487267    7.29117465    7.42465967    7.48654067
    7.53712334    7.56096005    7.6158616     7.62918261    7.66182121]
[   0.            1.            0.            0.            0.            0.
    0.            6.            1.            0.            0.            0.
    2.          -89.344482   -172.24847      56.891148     77.235901
 -126.67455     -54.096355   -158.5713       36.893948    -37.266697
   23.684387      1.0183717   -25.403584      3.            0.            0.
    3.4281214     3.65815551    3.91263404    4.62002865    4.64972315
    4.77834261    4.79585711    4.93233698    4.95102096    4.99439884
    5.04017779    5.06775145    5.17832479    5.27941677    5.31473728
    5.40638041    5.49475725    5.49925826    5.53016389    5.54964804
    5.68651298    5.82954752    5.84554146    5.85213759    5.85893342
    5.86927056    5.94564975    5.96024147    6.09547851    6.10012762
    6.13697825    6.23594023    6.25833191    6.3271533     6.46198278
    6.48953905    6.53229318    6.57763976    6.58733251    6.59154133
    6.63482076    6.66962009    6.68685179    6.86129107    6.93133227
    7.05772154    7.0974682     7.11904323    7.12366229    7.23343351]
[  0.00000000e+00   0.00000000e+00   0.00000000e+00   1.00000000e+00
   0.00000000e+00   0.00000000e+00   0.00000000e+00   1.70000000e+01
   0.00000000e+00   1.00000000e+00   0.00000000e+00   0.00000000e+00
   0.00000000e+00  -7.69884720e+01   1.79646100e+02   6.82853390e+01
   1.34916210e+02   9.99990000e+03   9.99990000e+03  -1.07813900e+02
  -3.70620880e+01   3.00771520e+01  -8.91017150e+00  -1.56195620e+01
   3.38357850e+01   0.00000000e+00   4.00000000e+00   0.00000000e+00
   3.93077912e+00   4.01313030e+00   4.21235262e+00   4.27805363e+00
   4.41177933e+00   4.71528558e+00   4.75456271e+00   4.88788442e+00
   5.05189736e+00   5.05846674e+00   5.10459768e+00   5.39981713e+00
   5.41121540e+00   5.45011061e+00   5.50341604e+00   5.64940310e+00
   5.77596403e+00   6.00631829e+00   6.02596458e+00   6.08619396e+00
   6.14549699e+00   6.15957691e+00   6.48354617e+00   6.48380103e+00
   6.65831857e+00   6.78920778e+00   6.88562775e+00   6.95105038e+00
   7.03844513e+00   7.07068382e+00   7.21906698e+00   7.25615659e+00
   7.28027101e+00   7.30394817e+00   7.35384057e+00   7.46359897e+00
   7.51365875e+00   7.52376361e+00   7.58686705e+00   7.59035598e+00
   7.60773841e+00   7.67087955e+00   7.74546460e+00   7.74887798e+00
   7.84051252e+00   7.95653231e+00   7.97298855e+00   7.99507271e+00
   8.07316317e+00   8.12752153e+00]
[   0.            0.            0.            0.            1.            0.
    0.           17.            0.            0.            1.            0.
    3.         -138.5179     -178.85754      72.702583     73.70974
 -163.17247     -34.437099   -165.6102       47.506397    -41.206158
   18.117563     12.592064    -38.675972      3.            0.            0.
    3.32143768    3.54574224    3.86379313    3.93143127    4.17284676
    4.17350918    4.21594294    4.31777203    4.41036621    4.45799957
    4.4924728     4.54295381    4.77300501    4.82620688    4.85619519
    4.90382774    4.913694      5.00452824    5.07666998    5.08553662
    5.18072644    5.23072759    5.28028099    5.28733655    5.3828513
    5.51115421    5.51156121    5.65397429    5.66892538    5.74935648
    5.75987511    5.76900592    5.78297741    5.84264813    5.86297978
    5.88437419    6.18736537    6.27826774    6.30917492    6.31582088
    6.3215616     6.39851185    6.48862231    6.72131425    6.83066103
    6.83904322    6.84520901    6.90444142    6.96329068    6.9976241 ]
[   1.            0.            0.            0.            0.            0.
    0.           10.            0.            1.            0.            0.
    2.          -63.69418     165.19516      63.867195     73.831749
 -149.02243     -70.190857   -163.26735      36.639019    -36.056503
   20.451992      3.078861    -24.778755      3.            1.            0.
    4.07060029    4.10215145    4.26807877    4.38517975    4.54436965
    4.59278419    4.78333452    4.80167854    4.82720865    4.85712765
    4.8798573     4.98382692    5.1246428     5.13244595    5.26765305
    5.29386579    5.29868102    5.34460169    5.34516457    5.35551938
    5.46562234    5.4943545     5.5596369     5.59877427    5.84360274
    5.99151626    6.00576275    6.11144998    6.1272149     6.15811454
    6.23620247    6.24315257    6.43260195    6.43523416    6.45314512
    6.48628604    6.58087826    6.68388604    6.72393598    6.77184275
    6.82752921    7.0444034     7.18130256    7.22623519    7.32965326
    7.38859362    7.39623831    7.48325561    7.61560534    7.79664918]
[   0.            1.            0.            0.            0.            0.
    0.           11.            1.            0.            0.            0.
    3.          -64.159439    171.16908      65.607651     80.183327
 -171.71346     -68.41777    -138.06883      35.758194    -38.040321
   23.361597      1.7278239   -24.767672      3.            1.            0.
    3.21963429    3.25018767    3.38373675    3.45007221    3.48528365
    3.56421635    3.60201268    3.61605125    3.63155547    3.74035071
    3.77299061    3.79486524    3.88067703    4.00525736    4.31120773
    4.34335586    4.35712008    4.40265544    4.46755396    4.58618158
    4.5940299     4.67244895    4.88132183    4.90580124    5.16727348
    5.1778152     5.27862177    5.28245154    5.30591306    5.4405485
    5.51056211    5.61810571    5.68640588    5.7548457     5.83903192
    5.85508419    5.96037398    5.99978775    6.05016131    6.1048247
    6.15908221    6.27424306    6.29052344    6.54128968    6.54931156
    6.56641861    6.65376958    6.66985185    6.6928535     6.74561561]
[   0.            0.            0.            0.            1.            0.
    0.            4.            0.            0.            1.            0.
    3.          -76.118286    153.07872      73.912598     67.330544
 -148.74409     -91.202713   -147.61497      30.667377    -33.063488
   21.036596     -3.639487    -17.163298      3.            1.            0.
    3.60998809    3.80885326    3.94761034    3.99548432    4.05899319
    4.08801444    4.30890419    4.33949847    4.40155372    4.44268407
    4.5163761     4.56280671    4.63500503    4.81464348    4.88030276
    4.95874932    5.07083037    5.12211594    5.29140901    5.46330951
    5.61396776    5.67563566    5.68788695    5.72034348    6.0194639
    6.08993742    6.13954267    6.14073056    6.22373967    6.28692665
    6.29248072    6.47543431    6.72051708    6.75193229    6.9916664
    6.99322957    7.04116054    7.09743531    7.10766958    7.13119994
    7.17630889    7.24626442    7.25240498    7.26044747    7.32334654
    7.34675642    7.43669762    7.44656988    7.49572868    7.56132917]
[   1.            0.            0.            0.            0.            0.
    0.            5.            0.            0.            0.            1.
    1.          -72.462502    169.71748      70.685013     69.634148
 -175.13022     -87.438271   -149.48094      38.08329     -39.204678
   25.53043      -0.80818254  -23.453613      1.            2.            0.
    3.53158033    4.01783718    4.03786709    4.17154797    4.19529102
    4.29403541    4.34154197    4.48639043    4.61824427    4.68178589
    4.69866757    4.70274236    4.88351372    4.92717573    4.98449913
    5.04065681    5.25118082    5.298449      5.49338165    5.49980689
    5.51604023    5.52319623    5.65083312    5.65569007    5.67929155
    5.83157779    5.85900906    5.87176198    5.99192424    6.01788338
    6.0362696     6.03925923    6.15631027    6.17255427    6.22567022
    6.25812642    6.37391832    6.38479235    6.52708192    6.55694349
    6.61237445    6.70269449    6.76549492    6.76903899    6.91680732
    6.92729913    7.01310803    7.08731549    7.10445592    7.13681272]
[   0.            0.            0.            0.            0.            1.
    0.           17.            0.            0.            1.            0.
    3.          -83.699463   -179.62936      63.988247     68.909225
 -156.07008     -74.91703    -128.43924      43.000938    -40.976871
   22.264172      7.4609032   -33.37204       3.            1.            0.
    3.27287699    3.36159654    3.4067144     3.49740728    3.51051013
    3.68753115    3.74431974    3.80913779    3.84413036    3.8866565
    4.01625745    4.0747523     4.09025055    4.20414601    4.25498711
    4.27072451    4.27592336    4.33582109    4.33727411    4.4245912
    4.47422306    4.68033128    4.90743721    4.93260561    4.98264666
    5.23857832    5.39462289    5.39507915    5.40859969    5.49634922
    5.54669881    5.55728173    5.66553279    5.8004781     5.8134199
    5.87867634    5.96869355    6.02650529    6.13963192    6.19515463
    6.48165115    6.61056014    6.64143915    6.64636039    6.65069067
    6.73535173    6.74427623    6.77038231    6.77752065    6.81087048]
[   0.            1.            0.            0.            0.            0.
    0.           25.            1.            0.            0.            0.
    3.          -59.55418     160.38583      50.391666     75.206406
 -167.80551     -72.235397   -138.36333      43.430561    -39.629486
   20.996239      7.8510542   -31.051752      2.            1.            0.
    3.47617719    3.48533116    3.56075106    3.56975162    3.6065919
    3.61007635    3.75487602    3.84504325    3.91621682    3.95414411
    3.9579992     3.9856996     4.05452333    4.06870447    4.2012576
    4.22990841    4.29368031    4.3067073     4.47474196    4.54425409
    4.60744612    4.6859985     4.75953947    4.76525487    4.81411716
    4.82985142    4.92080717    4.9466649     4.95887408    4.97754007
    5.29290288    5.35404511    5.41250694    5.55789336    5.56989943
    5.66653732    5.77734384    5.83996949    5.9855431     6.04837581
    6.06843697    6.18858963    6.26357179    6.28689952    6.37524069
    6.38771103    6.51639277    6.62134742    6.63642409    6.67709602]
[   0.            1.            0.            0.            0.            0.
    0.           15.            1.            0.            0.            0.
    3.          -93.939957   -169.36534      72.293846     75.705597
 -173.21394     -41.472343   -116.13356      40.454327    -34.731483
   15.683462     10.825674    -32.894119      3.            1.            0.
    3.34538866    3.49691639    3.66861666    3.69253707    3.73343321
    3.76670312    3.83641799    3.95820812    4.12380658    4.12853083
    4.17319199    4.39214285    4.4168202     4.45386698    4.47048938
    4.51127505    4.68003705    4.75941816    4.79849228    4.93448979
    4.96777706    5.01892591    5.09826736    5.11695566    5.33872834
    5.41364204    5.44730175    5.4530223     5.5259048     5.58207916
    5.74551778    5.77944659    5.82132445    5.94316903    6.01336149
    6.07170938    6.13458508    6.14797822    6.22924562    6.25408427
    6.25635493    6.35782457    6.37182436    6.53563006    6.59826988
    6.61630671    6.62021556    6.65126721    6.68046791    6.71859825]
[   1.            0.            0.            0.            0.            0.
    0.            3.            0.            1.            0.            0.
    2.          -69.441597    157.10153      62.489788     84.589676
 -152.17473     -55.707794   -174.77779      38.077488    -37.437843
   22.470133      2.4483259   -25.999367      4.            0.            0.
    4.35658591    4.37975672    4.41976087    4.51092265    4.58323536
    4.7091731     4.80173604    4.88678126    4.90230043    5.11583281
    5.11852924    5.17773709    5.19628983    5.20296606    5.22689957
    5.25979598    5.39292401    5.47933472    5.55666258    5.61323347
    5.78933885    5.79267795    5.86314288    5.86815469    5.93588131
    5.99497167    6.2919315     6.32030941    6.53111896    6.5344425
    6.55943739    6.5599649     6.65620055    6.66581039    6.72452167
    6.74010494    6.79082338    6.85669781    6.96893236    7.01052561
    7.02642544    7.42705323    7.42954862    7.4977812     7.50546844
    7.5614254     7.58059694    7.58682429    7.64269285    7.67837912]
[   1.            0.            0.            0.            0.            0.
    0.           27.            0.            1.            0.            0.
    2.         -100.55506     178.58929      97.006401     76.66349
 -142.7536      -77.828125   -161.27902      36.339409    -32.891697
   17.828592      6.4044719   -27.875992      4.            1.            0.
    4.33334845    4.40387411    4.45683624    4.54690103    4.71916931
    4.72999597    4.78333277    4.80716713    4.88394154    5.07330405
    5.10999767    5.19378725    5.22398317    5.30159974    5.53078236
    5.56080905    5.64758687    5.66970323    5.74113692    5.82385903
    5.82426659    5.84218588    5.8457967     5.92095889    5.93634523
    5.99009444    6.178257      6.24273697    6.26630884    6.36523309
    6.42131019    6.44404676    6.64449337    6.72668017    6.85990413
    6.9162557     6.92882515    6.96861696    6.99136229    7.01689846
    7.02055223    7.02642649    7.05457902    7.27403363    7.28117935
    7.54232864    7.55591348    7.65557333    7.67611884    7.77773153]
[   0.            0.            1.            0.            0.            0.
    0.            5.            0.            0.            0.            1.
    1.          -72.462502    169.71748      70.685013     69.634148
 -175.13022     -87.438271   -149.48094      38.08329     -39.204678
   25.53043      -0.80818254  -23.453613      1.            2.            0.
    3.39171172    3.60195956    3.70353299    4.07838794    4.35038058
    4.51978303    4.6197716     4.84533633    4.97332558    5.10607409
    5.29704816    5.41738576    5.52471975    5.65731548    5.67211664
    6.04089093    6.04651967    6.25249143    6.2730809     6.37396953
    6.52566223    6.58231437    6.76344904    6.76405989    6.76837877
    6.85361771    6.88553827    6.94436157    7.05440698    7.12868044
    7.19745644    7.22645104    7.24371195    7.30772018    7.33980311
    7.60999829    7.62401475    7.63632839    7.67780366    7.67926918
    7.75551814    7.7982289     7.91364877    7.9319387     7.99877373
    8.04444673    8.09833122    8.32485864    8.38174265    8.40278948]
[   0.            0.            0.            0.            1.            0.
    0.           24.            0.            0.            1.            0.
    2.          -74.998093    172.25017      66.969948     73.835205
 -136.58719     -70.511971   -155.97469      35.263939    -35.176197
   19.521839      1.4729949   -22.913305      3.            0.            0.
    3.55760421    3.64284518    3.87661854    3.88787502    4.00888586
    4.00933835    4.02132326    4.21186057    4.23293281    4.25876813
    4.60097093    4.61220312    4.69666964    4.76981078    4.7928326
    4.79781138    4.80051655    5.08107434    5.199011      5.25707395
    5.26891822    5.6585053     5.70306207    5.71291999    5.72544718
    5.78428263    5.92042831    5.98665023    6.02140217    6.05879506
    6.14233875    6.32769903    6.40133028    6.51694459    6.68821929
    6.72122766    6.83074651    6.96243883    6.96382855    7.03395243
    7.03552041    7.04831994    7.07063076    7.08729087    7.11608478
    7.18883308    7.21121092    7.23119032    7.304888      7.38288704]
[   0.            1.            0.            0.            0.            0.
    0.           32.            1.            0.            0.            0.
    3.          -81.628586    172.12901      69.926834     81.43354
 -168.15051     -61.74229    -135.22913      36.929974    -32.180447
   14.093034     12.07313     -31.813608      2.            2.            0.
    3.32141018    3.34735638    3.35600263    3.5929713     3.61752924
    3.67171882    3.73304324    3.7771213     3.79529863    3.82241846
    3.91981207    3.92590596    4.02884163    4.1007741     4.10223381
    4.12698599    4.27472566    4.38995823    4.42585835    4.53518517
    4.57165278    4.69862503    4.7955727     4.82597081    4.87341512
    4.89254559    4.92009603    5.02974779    5.24541014    5.29582752
    5.33642613    5.44481234    5.54754674    5.79850553    5.82367855
    5.87365933    6.01585027    6.04771729    6.1638189     6.20126765
    6.37251687    6.41168672    6.46841636    6.48240378    6.50586776
    6.51561027    6.53470874    6.66065105    6.66971771    6.71215733]
[   1.            0.            0.            0.            0.            0.
    0.           17.            0.            0.            1.            0.
    3.          -86.656685    160.67868      77.394157     77.415535
 -163.81062     -57.520149   -153.96458      44.742592    -41.601994
   22.501101      7.5527606   -33.678795      3.            1.            0.
    4.02650416    4.18883479    4.31354453    4.51179347    4.71323507
    4.74213928    4.77551363    4.92917051    5.10864623    5.13797082
    5.15055535    5.16245804    5.26703718    5.27335753    5.30060931
    5.30700436    5.39616922    5.4712638     5.55983127    5.64914056
    5.82421519    5.91226332    5.98380913    6.0214213     6.07887194
    6.18322667    6.3351563     6.35997603    6.41527787    6.41895164
    6.64618532    6.69642434    6.73447066    6.96877578    7.08508363
    7.12527605    7.17348463    7.24172175    7.32745117    7.39303244
    7.39985221    7.43765756    7.43984932    7.53660927    7.75649612
    7.77784762    7.86785102    7.88631707    7.90609525    7.93285336]
[   1.            0.            0.            0.            0.            0.
    0.           33.            0.            0.            1.            0.
    3.         -100.11523     178.38286      79.226051     71.286674
 -163.61823     -61.57629    -137.02991      35.403542    -40.824879
   33.653091    -11.696018    -16.061043      4.            2.            0.
    4.29647738    4.34297706    4.37256816    4.38995823    4.42506554
    4.49426594    4.52588941    4.6964327     4.81748883    5.03095614
    5.06695454    5.12896667    5.22733895    5.2986956     5.33078565
    5.33216365    5.4827767     5.57124503    5.64239957    5.73599563
    5.8605469     5.87961298    5.8915905     5.97519303    5.97877698
    6.02614262    6.25440489    6.34929435    6.50852404    6.51394446
    6.53068947    6.54909587    6.64914355    6.73516551    6.74384799
    6.82747817    6.83534748    7.03964836    7.11574458    7.42904254
    7.53545227    7.67080458    7.68703965    7.78805427    7.8270524
    7.85409961    7.97183019    8.00083387    8.0120277     8.05859851]
[   1.            0.            0.            0.            0.            0.
    0.            4.            0.            1.            0.            0.
    1.         -128.09827    -138.267        87.531654     74.55175
  173.51616     -79.885811   -161.28737      33.427742    -40.906059
   31.686892     -9.6928425   -15.751187      3.            3.            0.
    4.64547192    4.79801452    4.87368658    4.92856811    5.11582823
    5.39473832    5.56337985    5.85244599    5.91115995    5.93621025
    6.06585131    6.11864928    6.26168875    6.28475872    6.30524338
    6.40593032    6.65422327    6.82102624    6.87923666    6.92050697
    7.01988089    7.16388182    7.16754365    7.33470624    7.33648622
    7.38097008    7.50611186    7.67559898    7.764795      7.77831009
    7.78958481    7.9238973     7.93435399    7.94040672    8.06886219
    8.07819309    8.12930315    8.27023626    8.27156212    8.33721465
    8.3388512     8.38153107    8.3897433     8.44544826    8.67600631
    8.70580195    8.75026504    8.76807201    8.99247908    9.0047756 ]
[   1.            0.            0.            0.            0.            0.
    0.           32.            0.            0.            0.            1.
    3.          -70.25412     176.01208      42.470039     73.6679
 -163.30244     -67.782372   -160.69093      40.094444    -40.630737
   24.114389      3.3253715   -27.794184      2.            1.            0.
    3.80619374    4.41961886    4.57316658    4.6370968     4.68026462
    4.74607331    4.7741543     4.79040102    4.80122841    4.92548376
    5.04503139    5.08006682    5.14880969    5.15860662    5.23185124
    5.23471433    5.32068897    5.4412309     5.54158135    5.58131426
    5.59986407    5.61368012    5.79323192    5.79327821    5.79783144
    6.048145      6.06087133    6.06795603    6.10822468    6.13351007
    6.14371481    6.17605504    6.25289074    6.52602445    6.56617802
    6.61179016    6.65916912    6.70339893    6.74585357    6.74912504
    6.8172315     7.03990276    7.0516615     7.06808942    7.23032728
    7.28741735    7.32812753    7.42811159    7.45252371    7.57151103]
[   1.            0.            0.            0.            0.            0.
    0.           36.            1.            0.            0.            0.
    1.          -74.291359    177.2589       61.102638     74.318428
  157.87314      41.925846   -169.76923      39.545269    -42.147461
   30.993406     -5.1464696   -22.947226      0.            2.            0.
    3.8723068     4.57323982    4.64199996    4.64904432    4.68993202
    4.97865694    5.00697061    5.09027507    5.52352821    5.5635918
    5.59222005    5.71699115    5.77837916    6.00354565    6.0142325
    6.03387576    6.13959292    6.43770532    6.65809256    6.68073416
    6.76353207    6.78507167    6.79961315    6.83505538    6.85428603
    6.92213313    7.11518062    7.14607603    7.62326948    7.63158742
    7.82959765    7.87937902    7.99101145    8.11852888    8.1857998
    8.33520935    8.54840201    9.0526915     9.12692272    9.17300199
    9.18183696    9.3643845     9.5439476     9.93423936    0.            0.
    0.            0.            0.            0.        ]
[   0.            0.            0.            0.            1.            0.
    0.            8.            1.            0.            0.            0.
    2.          -60.511669    172.94583      69.199211     80.982491
 -160.22923     -16.512161   -172.55536      34.978184    -38.33987
   25.515585     -1.9379542   -21.241247      0.            2.            0.
    3.20233535    3.25143745    3.42176765    3.77342547    3.78001656
    3.80889264    4.01107477    4.09206863    4.209026      4.26541777
    4.29974819    4.32850221    4.39587354    4.46819872    4.76195952
    4.78137784    4.8254176     5.0111488     5.07083747    5.13815917
    5.2704343     5.43206487    5.43221217    5.45044291    5.58785096
    5.59278578    5.67742777    5.75728341    5.79503441    5.88745306
    5.89697354    5.90392848    6.11392966    6.19036009    6.41010885
    6.42292769    6.4786523     6.53953015    6.60093974    6.66647661
    6.75999101    6.78802775    6.84352841    6.86493154    6.94893006
    7.01444314    7.05121296    7.06791892    7.16730696    7.37418605]
[  0.00000000e+00   0.00000000e+00   1.00000000e+00   0.00000000e+00
   0.00000000e+00   0.00000000e+00   0.00000000e+00   2.20000000e+01
   0.00000000e+00   1.00000000e+00   0.00000000e+00   0.00000000e+00
   1.00000000e+00  -4.42087900e+01   1.63622770e+02   6.62043530e+01
   1.51895260e+02   9.99990000e+03   9.99990000e+03  -1.00006260e+02
  -4.27944070e+01   2.84068430e+01  -1.84291880e+00  -2.45962050e+01
   4.35322760e+01   3.00000000e+00   1.00000000e+00   0.00000000e+00
   3.74813252e+00   3.99686341e+00   4.20548518e+00   4.35973894e+00
   4.56065149e+00   4.71323039e+00   4.72886475e+00   4.85983078e+00
   4.98186617e+00   5.00557321e+00   5.00701108e+00   5.21133360e+00
   5.22315750e+00   5.26789107e+00   5.31669128e+00   5.32157459e+00
   5.35033241e+00   5.53453200e+00   5.53959052e+00   5.64062211e+00
   5.87182533e+00   6.05090635e+00   6.05560336e+00   6.06852052e+00
   6.08056489e+00   6.15067518e+00   6.27168681e+00   6.45175965e+00
   7.09836631e+00   7.26944650e+00   7.35465987e+00   7.36766975e+00
   7.40626262e+00   7.40980744e+00   7.53738696e+00   7.56036481e+00
   7.57127831e+00   7.59748360e+00   7.65555876e+00   7.70346866e+00
   7.75460456e+00   7.83492072e+00   7.83976335e+00   7.84517510e+00
   7.87255660e+00   7.92330260e+00   8.24022021e+00   8.24059164e+00
   8.24345262e+00   8.26429500e+00]
[   0.            0.            0.            1.            0.            0.
    0.           10.            0.            1.            0.            0.
    2.          -98.947845   -175.13867      76.465385     76.56752
 -136.43051     -70.476036   -168.12019      42.649181    -41.422432
   23.829269      2.9230196   -30.396173      3.            0.            0.
    3.67866875    3.71999978    3.8803182     3.97871609    4.10534993
    4.18594908    4.24252256    4.28307446    4.47354441    4.59192813
    4.62677202    4.76702477    4.79347153    4.82575855    4.92081239
    4.96556062    5.18185866    5.18847387    5.40104348    5.46055754
    5.50076068    5.52639724    5.5281929     5.77547044    5.82108623
    5.88813995    5.94555651    6.03103985    6.05754155    6.1203976
    6.20494324    6.28385944    6.28696221    6.32062224    6.41950532
    6.42893635    6.46222749    6.73410623    6.74726892    6.76106425
    6.95079731    7.03814141    7.10916988    7.12189814    7.3539454
    7.3942104     7.42167648    7.51680408    7.52741803    7.54069875]
[  1.00000000e+00   0.00000000e+00   0.00000000e+00   0.00000000e+00
   0.00000000e+00   0.00000000e+00   0.00000000e+00   1.00000000e+01
   0.00000000e+00   1.00000000e+00   0.00000000e+00   0.00000000e+00
   1.00000000e+00   9.99990000e+03   9.99990000e+03   5.29011730e+01
   7.48544010e+01  -1.58765500e+02  -6.00273400e+01  -1.59990430e+02
   3.54564970e+01  -3.76827280e+01   2.68658750e+01  -4.69694420e+00
  -1.93984790e+01   3.00000000e+00   1.00000000e+00   0.00000000e+00
   4.24551958e+00   4.50145551e+00   4.56746944e+00   4.76704261e+00
   4.98355529e+00   5.10350262e+00   5.16259120e+00   5.16732991e+00
   5.22000487e+00   5.28763270e+00   5.43636904e+00   5.86495880e+00
   5.91246695e+00   6.00306025e+00   6.03036899e+00   6.29783289e+00
   6.41973982e+00   6.50385039e+00   6.86397874e+00   6.94547646e+00
   6.98482266e+00   7.08464259e+00   7.24756992e+00   7.30206045e+00
   7.64755903e+00   7.66319194e+00   7.72502380e+00   7.76379587e+00
   8.19909352e+00   8.37665964e+00   8.71572602e+00   8.90049005e+00
   8.90160625e+00   9.10912838e+00   9.34895002e+00   9.48316929e+00
   9.67711728e+00   9.73351827e+00   9.77077504e+00   9.92302039e+00
   9.98043676e+00   0.00000000e+00   0.00000000e+00   0.00000000e+00
   0.00000000e+00   0.00000000e+00   0.00000000e+00   0.00000000e+00
   0.00000000e+00   0.00000000e+00]
[   0.            0.            0.            0.            1.            0.
    0.           17.            0.            0.            1.            0.
    3.          -81.677361   -179.44856      64.481689     72.175407
 -134.74434     -69.957947   -159.21292      42.79528     -37.284088
   18.958473      8.8030128   -32.736687      3.            1.            0.
    3.56979906    3.63877406    3.75731341    3.91027215    3.94342508
    3.95288035    4.03043324    4.19753364    4.33956824    4.38634847
    4.46766935    4.4813589     4.64497485    4.70625662    4.80973485
    4.86207806    4.8925139     4.9684446     5.00579745    5.33505327
    5.34920901    5.37946111    5.40468952    5.53497881    5.6944
    5.73213391    5.74204853    5.829438      5.83792377    5.96688411
    6.09414778    6.10170914    6.24850682    6.40475459    6.50255354
    6.50263881    6.65824415    6.66574454    6.83175364    6.88512356
    6.88514057    6.97118674    7.11131708    7.24103993    7.24313055
    7.27743551    7.29107359    7.3358791     7.56173176    7.60637409]
[   1.            0.            0.            0.            0.            0.
    0.           18.            0.            0.            1.            0.
    3.          -85.866814    175.5914       84.995682     80.652802
 -145.14114     -62.779839   -165.87859      33.19273     -35.443119
   23.606348     -1.7094911   -20.718594      3.            0.            0.
    3.76635054    3.98377546    4.28969441    4.53683532    4.73388825
    4.73852181    4.77817917    4.79583944    4.84309999    4.90101595
    4.91680047    5.23697164    5.33581049    5.34375733    5.38702311
    5.40391361    5.46178252    5.56254138    5.60104185    5.61247633
    5.63783927    5.68429264    5.84079561    5.96309855    5.97804344
    6.01970353    6.08890105    6.20149474    6.26551911    6.29427544
    6.36684446    6.39789482    6.68274595    6.9460068     6.99046702
    7.09270874    7.09532965    7.12136045    7.24073442    7.34280856
    7.41954308    7.54894061    7.58007997    7.60178191    7.61702962
    7.61943311    7.62330732    7.7293793     7.83382024    7.86864761]
[   0.            0.            0.            0.            1.            0.
    0.           22.            0.            0.            1.            0.
    3.          -95.780876   -168.19312      48.518658     78.471062
 -176.62413     -83.842392   -130.08678      42.160522    -31.687336
    8.0823784    19.251505    -37.904236      4.            2.            0.
    3.53663628    3.59122034    3.74657936    3.79365321    3.85331494
    3.89538034    4.05749407    4.09373791    4.12865734    4.22017617
    4.75496083    4.82853142    4.88630216    4.91941525    4.92053388
    4.95682934    5.11722772    5.22607389    5.57654761    5.59688904
    5.73832604    5.97409105    5.99701623    6.03450125    6.17348257
    6.2541852     6.26291056    6.31801063    6.76545715    6.8183273
    6.88338409    6.88680988    6.89349236    6.92325405    6.97523899
    6.97728752    7.01583312    7.07618699    7.11263274    7.12915789
    7.2216533     7.22258357    7.22450147    7.24116301    7.24576076
    7.43491545    7.50380605    7.57360283    7.58964729    7.61342509]
[   1.            0.            0.            0.            0.            0.
    0.           15.            1.            0.            0.            0.
    3.          -93.939957   -169.36534      72.293846     75.705597
 -173.21394     -41.472343   -116.13356      40.454327    -34.731483
   15.683462     10.825674    -32.894119      3.            1.            0.
    3.97230543    4.2719631     4.41444024    4.47658994    4.50200069
    4.68291561    4.72579707    4.7825448     4.89293234    5.02362991
    5.04913311    5.34446226    5.38754027    5.39530173    5.42389457
    5.43814982    5.55863019    5.58502369    5.60085512    5.61311742
    5.72256274    5.7377056     5.77930483    5.80361911    5.96482557
    6.03172548    6.17845597    6.41332745    6.44802143    6.47844246
    6.50780829    6.52542008    6.59060311    6.66359495    6.70513675
    6.70612107    6.81371606    6.92288302    7.00045231    7.3691096
    7.41902425    7.42416006    7.53041344    7.63868383    7.6545584
    7.79044944    7.85197037    7.8549578     7.87197031    8.01411453]
[   1.            0.            0.            0.            0.            0.
    0.           16.            0.            1.            0.            0.
    1.         -100.11155     164.00299      73.990524     75.113213
 -175.96124     -77.534393   -146.93806      36.159512    -34.746872
   17.283121      7.7629852   -28.775906      4.            1.            0.
    4.19822943    4.20028329    4.65594113    4.68530115    4.70257513
    4.72598369    4.73094559    4.75632364    4.8767        5.00389032
    5.04913311    5.28437115    5.33872834    5.40326904    5.52995031
    5.64555363    5.77912548    5.79294592    5.93255788    5.95665287
    5.95849767    5.9808903     6.00409137    6.01736585    6.03931669
    6.11646981    6.17243926    6.32801491    6.48394761    6.50781131
    6.6683712     6.71551296    6.82335276    6.85936467    6.89265146
    6.9449205     6.96957176    7.02978427    7.1750703     7.17637077
    7.21945569    7.41063951    7.72212852    7.77294605    7.89833584
    7.94141846    8.02067637    8.13439667    8.19559847    8.20964634]
[   0.            1.            0.            0.            0.            0.
    0.           36.            1.            0.            0.            0.
    1.          -74.291359    177.2589       61.102638     74.318428
  157.87314      41.925846   -169.76923      39.545269    -42.147461
   30.993406     -5.1464696   -22.947226      0.            2.            0.
    4.40478255    4.96636547    5.29198235    5.61207881    5.74257251
    5.96294843    6.07387409    6.16428303    6.21871223    6.2521215
    6.30079901    6.51520785    6.53757906    6.94735066    7.03436901
    7.13950363    7.24872576    7.25593357    7.41137745    7.53453898
    7.70603412    7.9214076     7.96420082    7.98672104    8.37269156
    8.58500104    8.6514827     8.67468909    8.79470394    8.79721226
    8.96126644    9.07170315    9.12823351    9.13846774    9.25629191
    9.34392806    9.35403689    9.36819429    9.37485946    9.39557779
    9.54030168    9.59788299    9.62427422    9.66879383    9.8813542
    9.88677451    9.9805406     0.            0.            0.        ]
[   1.            0.            0.            0.            0.            0.
    0.            6.            0.            0.            1.            0.
    3.          -57.718204    166.092        58.564407     75.625168
 -160.2533      -80.175232   -144.1053       32.957306    -42.148632
   35.346821    -13.972091    -13.562079      3.            0.            0.
    4.3837721     4.427721      4.55249726    4.6496015     4.6619594
    4.7600178     4.78153644    4.79703399    4.88951782    4.89113796
    4.95147559    4.95315726    5.20131211    5.37005046    5.39287162
    5.40604102    5.44650228    5.50363576    5.53820063    5.54999907
    5.56778998    5.61636678    5.66407064    5.70958179    5.71596407
    5.78504135    5.98728599    6.01208384    6.06149038    6.16335661
    6.37423608    6.47698839    6.4970125     6.5998837     6.61645892
    6.62041365    6.70215575    6.79878518    6.81207039    6.81392463
    6.90408326    7.10070336    7.42109869    7.49338136    7.62376687
    7.66643995    7.67813268    7.78653636    7.79917436    7.82317594]
[   1.            0.            0.            0.            0.            0.
    0.           20.            1.            0.            0.            0.
    0.          160.73721    -158.77242      45.822853    136.87079
 -123.58237     -44.265942    -54.784725    -34.719349     14.690321
   12.058622    -34.468235     43.485882      1.            1.            0.
    4.67676228    4.94980472    5.07986194    5.17708463    5.23914799
    5.36355314    5.37933661    5.41329714    5.43347644    5.68321205
    5.70448687    5.91346165    6.23524604    6.32156706    6.36686127
    6.50007565    6.51820231    6.70108469    6.7205056     6.91944195
    7.01871819    7.0767158     7.12867937    7.17373314    7.21883645
    7.23072925    7.42819433    7.52944521    7.53588255    7.58868712
    7.59854342    7.73729468    7.75268434    7.788918      7.88071758
    7.97389711    8.01792055    8.15372754    8.15720393    8.22293285
    8.30206376    8.3150369     8.45659389    8.51101646    8.51789141
    8.52834716    8.58433158    8.60560278    8.64562658    8.70535467]
[   0.            0.            0.            0.            1.            0.
    0.           26.            1.            0.            0.            0.
    3.          -82.249779    164.1355       78.936813     78.763596
 -109.22336     -94.815987   -171.68744      43.5816      -40.927113
   25.772636      1.3227862   -29.201401      2.            2.            0.
    3.61436668    3.7837641     3.84263366    3.88247239    3.95414411
    4.02688247    4.04251883    4.16696528    4.45647526    4.49027209
    4.54847575    4.57468682    4.58022563    4.60404696    4.79376526
    4.8378696     4.85517869    5.02881734    5.63430086    5.73575548
    5.73850312    5.83227954    5.97792448    6.0782977     6.12906469
    6.13304874    6.18664534    6.26388768    6.4119358     6.53063446
    6.71886483    6.74636304    6.76894646    6.84437927    6.92992383
    6.96549449    6.97476229    7.02047593    7.05624736    7.07910816
    7.15739522    7.25690225    7.37845521    7.3865687     7.39948221
    7.41919605    7.45206699    7.5227739     7.55011737    7.55588027]
[   1.            0.            0.            0.            0.            0.
    0.           15.            0.            0.            0.            1.
    0.          130.72693     101.35172      55.251789     77.311478
 -174.48253     115.85313    -143.65103      32.928444    -36.523571
   24.944901     -3.1207325   -19.92692       0.            1.            0.
    4.56800749    4.75436584    5.45965817    5.92172587    6.07086776
    6.17109169    6.80338895    6.87169709    7.12487211    7.67811528
    8.11095929    8.2228784     8.23527504    8.30444922    8.33181651
    8.4760809     8.47608507    8.70180192    8.77409255    8.78011245
    8.80757168    8.92495327    8.95028233    8.96126137    8.98368256
    9.02017193    9.05138101    9.11892971    9.15672009    9.28574648
    9.40339404    9.42428546    9.43632279    9.44690062    9.67219081
    9.83307067    9.96894509    9.97939218    0.            0.            0.
    0.            0.            0.            0.            0.            0.
    0.            0.            0.        ]
[   0.            1.            0.            0.            0.            0.
    0.           17.            1.            0.            0.            0.
    2.          -90.348289    176.92392      72.580002     73.386986
 -127.45393     -33.88932    -140.82675      36.631924    -31.137827
   10.09551      15.198152    -31.961428      1.            2.            0.
    3.87817899    4.38108408    4.52073783    4.56135526    4.63318475
    4.89364581    5.34613895    5.45196084    5.47931872    5.60927245
    5.85462674    5.85971813    5.92823481    6.32967757    6.37324002
    6.45552434    6.49363046    6.53084458    6.72672474    6.73254339
    7.04136232    7.2155557     7.30972857    7.31429118    7.3144791
    7.4165513     7.48528979    7.56514867    7.61152756    7.65527829
    7.89552276    7.98843807    8.03436243    8.04901641    8.11996521
    8.18016962    8.26193926    8.3050561     8.47191569    8.56694563
    8.72344538    8.76066848    8.77889453    8.78158657    8.79880063
    8.8754033     8.92877883    8.93090117    8.95608779    9.07603987]
[  1.00000000e+00   0.00000000e+00   0.00000000e+00   0.00000000e+00
   0.00000000e+00   0.00000000e+00   0.00000000e+00   1.30000000e+01
   0.00000000e+00   1.00000000e+00   0.00000000e+00   0.00000000e+00
   1.00000000e+00  -7.38316040e+01   1.73601460e+02   5.06475910e+01
   7.67652510e+01   9.99990000e+03   9.99990000e+03  -1.53400670e+02
   3.73743780e+01  -3.75095180e+01   2.33214050e+01  -9.34608160e-01
  -2.23162400e+01   3.00000000e+00   1.00000000e+00   0.00000000e+00
   3.87045788e+00   3.99106436e+00   4.05569154e+00   4.09058507e+00
   4.29529375e+00   4.71040753e+00   5.00876300e+00   5.26409524e+00
   5.27134006e+00   5.46782163e+00   5.47584920e+00   5.50960867e+00
   5.64358994e+00   5.68633126e+00   5.83481341e+00   6.07259760e+00
   6.27552014e+00   6.30433655e+00   6.46440173e+00   6.60048980e+00
   6.63001550e+00   6.64779423e+00   6.80065038e+00   6.93411743e+00
   7.24207861e+00   7.40676105e+00   7.62137971e+00   7.67022628e+00
   7.77356896e+00   7.80130854e+00   7.92112048e+00   7.95988741e+00
   8.01316450e+00   8.08213570e+00   8.12639531e+00   8.19292816e+00
   8.22538872e+00   8.22817917e+00   8.23388023e+00   8.31787040e+00
   8.38885797e+00   8.44288071e+00   8.49661222e+00   8.56186654e+00
   8.64631229e+00   8.79785602e+00   8.84033770e+00   8.85024362e+00
   8.85330724e+00   8.85571361e+00]
[   0.            0.            1.            0.            0.            0.
    0.           32.            0.            0.            0.            1.
    2.          -88.441902    160.83728      68.574806     67.431076
 -159.20764     -69.320587   -154.3076       49.296478    -44.439049
   22.219069      9.1632795   -37.044151      2.            0.            0.
    3.28374907    3.4004992     3.56498571    3.84503227    3.84670726
    3.86657218    3.97103695    4.17685241    4.26144714    4.33926003
    4.74294996    4.77097798    4.80211737    4.88286679    4.97946142
    4.98248836    5.05918613    5.11737006    5.19761718    5.27002133
    5.287097      5.30952136    5.42145365    5.51465383    5.63067757
    5.7319004     5.77940649    5.85792246    6.01164821    6.02364597
    6.11008152    6.18455211    6.22340625    6.28692972    6.33198069
    6.5264964     6.63121193    6.64512598    6.7810351     6.80648473
    6.97012842    6.97337582    6.99021211    7.03323814    7.08140052
    7.11160721    7.15722479    7.1888267     7.20915188    7.22047423]
[   1.            0.            0.            0.            0.            0.
    0.            5.            0.            0.            1.            0.
    3.          -66.93119     171.29027      65.356819     76.485229
 -156.4687      -30.534161   -150.6165       37.715118    -36.70541
   21.109711      2.3869593   -25.301926      4.            1.            0.
    3.83825365    4.17483858    4.33313575    4.50779899    4.74007147
    4.80295628    4.84830063    4.96019492    4.96024496    5.00994731
    5.03389245    5.26283182    5.33375661    5.37732182    5.44217436
    5.46548009    5.5437014     5.58102179    5.61701249    5.65804559
    5.71753237    5.71855871    5.79569366    5.82158954    5.95394348
    6.29145791    6.29254653    6.37627955    6.58564273    6.59756471
    6.68747673    6.69946998    6.73115191    6.76235951    6.76786095
    6.80278837    6.8733473     6.91810869    6.94857469    6.98440372
    6.9849821     7.08813906    7.23419711    7.47268989    7.48538671
    7.67024451    7.83612557    7.84262112    7.89279468    7.89968656]
[   0.            0.            0.            1.            0.            0.
    0.           13.            0.            0.            0.            1.
    2.          -58.830627    144.86131      72.108017     82.506348
 -151.55154     -49.033138   -154.05365      38.493118    -40.541306
   26.559233     -0.99563628  -24.821093      2.            0.            0.
    3.54141444    3.78583563    3.92295668    3.98155452    3.98563741
    4.03608529    4.2502579     4.30789973    4.43337369    4.51891382
    4.53900724    4.57139053    4.59821295    4.61285842    4.63338
    4.6859808     4.69283088    4.889109      4.9820807     5.33123075
    5.37472089    5.38618326    5.48726169    5.51243341    5.5196154
    5.53529794    5.58426909    5.63156988    5.67118922    5.69792314
    5.69893947    5.70494137    5.71362125    5.88965091    6.09667242
    6.169445      6.30584283    6.33323998    6.33904732    6.35868924
    6.43974514    6.47069429    6.48705694    6.52004504    6.60392345
    6.80740478    6.94356472    7.00971794    7.06437737    7.08050454]
[  0.00000000e+00   0.00000000e+00   1.00000000e+00   0.00000000e+00
   0.00000000e+00   0.00000000e+00   0.00000000e+00   1.20000000e+01
   0.00000000e+00   1.00000000e+00   0.00000000e+00   0.00000000e+00
   0.00000000e+00   9.99990000e+03   9.99990000e+03   3.83990360e+01
   7.03607410e+01  -1.36158080e+02  -6.78409880e+01  -1.63466520e+02
   3.88019560e+01  -3.56244390e+01   1.77925400e+01   7.08130460e+00
  -2.75791380e+01   3.00000000e+00   0.00000000e+00   0.00000000e+00
   4.14753984e+00   4.78279319e+00   4.91476538e+00   5.05080247e+00
   5.20660073e+00   5.23719303e+00   5.51796399e+00   5.59526381e+00
   5.78605629e+00   5.99293167e+00   6.16027225e+00   6.23168833e+00
   6.26200269e+00   6.33248733e+00   6.43024663e+00   6.44162265e+00
   6.95301750e+00   6.95706130e+00   6.95824628e+00   6.96780983e+00
   7.07041289e+00   7.17466253e+00   7.23361091e+00   7.43276721e+00
   7.47855756e+00   7.48538487e+00   7.64389405e+00   7.73012836e+00
   7.80295426e+00   7.81970805e+00   7.86302806e+00   7.89802859e+00
   7.99458502e+00   8.01710389e+00   8.19867318e+00   8.31576079e+00
   8.37579505e+00   8.59105649e+00   8.59372467e+00   8.80496814e+00
   8.92763066e+00   8.97954523e+00   9.06966713e+00   9.07037723e+00
   9.25288044e+00   9.46858499e+00   9.47930015e+00   9.51892115e+00
   9.52157741e+00   9.52591433e+00]
[  1.00000000e+00   0.00000000e+00   0.00000000e+00   0.00000000e+00
   0.00000000e+00   0.00000000e+00   0.00000000e+00   4.10000000e+01
   0.00000000e+00   1.00000000e+00   0.00000000e+00   0.00000000e+00
   2.00000000e+00  -5.35755390e+01   1.51208820e+02   5.28275030e+01
   8.01429750e+01   9.99990000e+03   9.99990000e+03  -1.78655640e+02
   3.74076080e+01  -3.85667690e+01   2.50793110e+01   1.60912470e+00
  -2.58726690e+01   3.00000000e+00   0.00000000e+00   0.00000000e+00
   4.27591828e+00   4.43791480e+00   4.62362226e+00   4.84426124e+00
   4.95498755e+00   4.98408779e+00   5.00695945e+00   5.06014173e+00
   5.24444877e+00   5.26219594e+00   5.47067841e+00   5.50694451e+00
   5.68674519e+00   5.82562321e+00   5.88255502e+00   5.94195550e+00
   6.20879021e+00   6.24213708e+00   6.46714020e+00   6.59055727e+00
   6.63321589e+00   6.64399800e+00   6.73078801e+00   6.84145945e+00
   7.11579876e+00   7.20733063e+00   7.30977178e+00   7.44536129e+00
   7.51320096e+00   7.57834967e+00   7.62656796e+00   7.67993312e+00
   7.77507272e+00   7.88787409e+00   7.94752757e+00   7.95676380e+00
   7.99769850e+00   8.01084095e+00   8.21013179e+00   8.35014498e+00
   8.39430368e+00   8.42500806e+00   8.49655266e+00   8.57380891e+00
   8.62287125e+00   8.63769268e+00   8.69405968e+00   8.70136057e+00
   8.75053187e+00   8.75282446e+00]
[   1.            0.            0.            0.            0.            0.
    0.           27.            0.            0.            1.            0.
    3.          -71.186752    168.80011      66.058929    144.21062
 -110.8232      145.99049     -85.800056    -36.175503     24.724863
   -1.5046721   -23.462706     38.309528      3.            1.            0.
    4.17685845    4.40088266    4.47446127    4.47997416    4.62354428
    4.86751458    4.87321971    4.96850569    5.04124148    5.06060808
    5.0877786     5.18536711    5.22335438    5.29975724    5.36792484
    5.36954599    5.53506515    5.53732831    5.60245692    5.79089889
    6.13458508    6.17373028    6.20595693    6.22662597    6.29837942
    6.46038497    6.5110777     6.58170743    6.6511377     6.71854058
    6.81892275    7.10004105    7.23097993    7.45391519    7.48078426
    7.52473074    7.61745535    7.82049974    7.88199086    7.91434402
    7.99534519    8.04765725    8.22660691    8.23210218    8.41335079
    8.43575971    8.44803251    8.45654399    8.52311102    8.5574253 ]
[   0.            0.            0.            0.            0.            1.
    0.           18.            0.            0.            1.            0.
    3.          -73.818321    159.69315      68.565521     73.891403
 -170.47093     -58.725033   -156.99051      46.036396    -44.718918
   28.188747     -0.8134917   -28.368822      2.            0.            0.
    3.20515631    3.5198567     3.52011821    3.87993682    3.9118126
    3.91217446    4.02225782    4.03731437    4.15107399    4.18187617
    4.19721382    4.21414354    4.37344639    4.43424496    4.43628003
    4.53274051    4.57438619    4.61994503    4.88524161    5.05187071
    5.08604641    5.10374687    5.10374857    5.1362049     5.26627581
    5.30615626    5.45586749    5.46674364    5.49099151    5.60532311
    5.66358715    5.69352456    5.83758566    5.89616349    6.02328982
    6.02565823    6.04003423    6.11906281    6.18026534    6.19767066
    6.40624053    6.42326792    6.52758403    6.54929107    6.57364743
    6.59757401    6.70565952    6.7494858     6.78065582    6.80003265]
[   1.            0.            0.            0.            0.            0.
    0.           10.            0.            1.            0.            0.
    0.          179.13091     153.31905      28.359995    146.13126
  -83.755554    149.74344    -122.205       -34.012669     23.181335
   -2.3920379   -20.759699     34.510803      0.            2.            0.
    3.88434709    4.39734443    4.66326681    4.76078559    4.78248127
    4.86584501    5.08851674    5.20634163    5.20955389    5.25306357
    5.32085408    5.44140809    5.44890602    6.07556857    6.08388553
    6.51847125    6.65372983    6.79060153    6.79094059    6.98460974
    7.05856891    7.19618037    7.32075555    7.39594572    7.45053781
    7.6730103     7.75393563    7.83725514    7.93192012    7.99573715
    8.00050824    8.03440718    8.4730555     8.60027057    8.6556251
    8.7358506     8.84157666    8.8829896     8.89306768    8.93841249
    9.31967632    9.34461851    9.47017455    9.496453      9.76889233
    9.84138874    9.86455627    9.93240148    0.            0.        ]
[   0.            1.            0.            0.            0.            0.
    0.           20.            1.            0.            0.            0.
    2.          -82.812393    175.0399       59.708813     78.989037
 -148.99931     -56.556618   -123.09288      36.768875    -36.147842
   23.436539     -1.879719    -21.813864      4.            1.            0.
    3.17700328    3.45121562    3.48640459    3.82410083    3.85277773
    3.91603102    4.07256454    4.23449544    4.39148484    4.52351625
    4.59742982    4.60135482    4.61531616    4.73197004    4.73951531
    4.80350042    4.8808457     4.94006048    4.99748635    5.10073293
    5.11773279    5.15276017    5.19982951    5.28911151    5.39087016
    5.40716037    5.43485282    5.46298863    5.510071      5.51471705
    5.58083421    5.74007158    5.87715169    6.0818852     6.13696859
    6.16908045    6.17346665    6.21464168    6.26365601    6.28973457
    6.2938539     6.31673462    6.36008068    6.39014761    6.51251267
    6.54798263    6.5744531     6.5994698     6.65984233    6.76618296]
[   0.            0.            0.            0.            1.            0.
    0.            7.            1.            0.            0.            0.
    2.          -61.384602    178.26991      67.828323     72.283401
  174.57121     -77.587173   -148.07848      37.383602    -35.730389
   20.246424      2.6656492   -25.417807      1.            2.            0.
    3.47543999    3.57872912    3.75823437    3.77517045    4.24561255
    4.51939915    4.70102799    4.9428223     5.16568344    5.19702881
    5.28105969    5.38658127    5.47930009    5.5970704     5.65508901
    5.7874656     5.90905815    5.97859266    6.11977631    6.17167112
    6.2697499     6.28020641    6.29832169    6.31738255    6.3515826
    6.5026933     6.60056939    6.65822587    6.74052187    6.76081652
    6.77726892    6.96689656    7.0229536     7.03450081    7.10617614
    7.11153911    7.11219549    7.26455793    7.27468786    7.34666486
    7.38004442    7.38397285    7.3851989     7.41266955    7.5708561
    7.58399991    7.67572762    7.69586769    7.7601079     7.79684366]
[   1.            0.            0.            0.            0.            0.
    0.           10.            1.            0.            0.            0.
    3.          -72.968262    164.55287      59.575207     81.993378
 -145.04893     -51.853443   -154.19554      43.009792    -39.784031
   22.243448      5.2296329   -29.87113       2.            0.            0.
    3.92332315    3.93918007    4.09897523    4.23212749    4.27925525
    4.30811727    4.41980828    4.47059489    4.62606045    4.68905184
    4.76340122    4.78712259    4.86833522    4.88460793    5.03631661
    5.16233611    5.16973591    5.19754761    5.41833861    5.55633553
    5.65865053    5.70957968    5.81964724    5.88021065    5.95585904
    5.9811011     6.17200783    6.36767135    6.79863176    6.80322299
    6.81404392    6.89988412    7.00896562    7.07196122    7.07294999
    7.10766188    7.16697173    7.34442366    7.43090772    7.45436345
    7.48459591    7.66555729    7.6770122     7.73963284    7.74694177
    7.7550424     7.82128412    7.84997842    7.85099198    7.88969284]
[   1.            0.            0.            0.            0.            0.
    0.           24.            0.            1.            0.            0.
    3.          -73.747299    166.36957      65.836525     79.537636
 -127.496       -76.24897    -167.23961      43.57888     -40.467548
   24.680965      3.5096705   -28.636576      4.            1.            0.
    3.74138914    4.18117202    4.19781185    4.27182731    4.45190334
    4.83447538    4.8953741     4.91769161    4.95974028    4.97671476
    5.04984642    5.10555892    5.12472759    5.16181616    5.29578459
    5.32765955    5.48647107    5.69377138    5.72008594    5.77693186
    5.77729382    5.80989958    5.81839677    5.84212101    6.08809608
    6.15762019    6.29653225    6.31857686    6.45893792    6.62325792
    6.66776537    6.70202085    6.70382859    6.75339232    6.80427087
    6.8425149     6.8582637     6.91972449    6.92031684    6.94937469
    6.99327063    7.10373362    7.11654421    7.12056828    7.32947363
    7.33259033    7.48301701    7.50966644    7.75016442    7.80067485]
[   0.            0.            1.            0.            0.            0.
    0.           23.            0.            1.            0.            0.
    2.         -129.77829    -178.15675      70.472908     75.699799
 -146.55421     -78.733414   -170.20761      43.845634    -35.767891
   13.596653     15.243303    -38.395546      3.            0.            0.
    3.13496108    3.50495574    3.54509114    3.62376816    3.83379847
    4.08407889    4.10367335    4.29282406    4.82009136    4.86816971
    4.9166849     4.95936945    5.01330505    5.03521387    5.07610015
    5.08521904    5.11520133    5.12148306    5.12707078    5.46529755
    5.46642214    5.57728419    5.59392563    5.81208599    5.91728192
    5.91903871    5.94850979    5.95849578    6.04483819    6.05489863
    6.06895813    6.09269032    6.14353197    6.35265511    6.43827709
    6.45456752    6.56510007    6.63988192    6.64984248    6.67271634
    6.80017628    6.8774014     6.91099159    7.03534557    7.04319058
    7.06056504    7.0782785     7.09048403    7.1428708     7.19206883]
[   1.            0.            0.            0.            0.            0.
    0.           19.            0.            0.            0.            1.
    2.          -93.61058     171.12387      65.560555     80.772881
 -165.53584     -72.927483   -156.71152      42.351154    -41.296101
   26.132984      2.2277408   -27.612158      2.            1.            0.
    4.02488513    4.29088828    4.41556546    4.45972666    4.47967272
    4.537376      4.61786545    4.64764935    4.80558754    4.86711845
    4.99809422    5.07107459    5.12096464    5.19377781    5.32420917
    5.37055557    5.40282594    5.45465921    5.4794842     5.48611836
    5.51922865    5.68379328    5.70694531    5.94714582    5.96669975
    6.07959505    6.12442253    6.14184178    6.15326868    6.20192001
    6.30390599    6.51255787    6.55030385    6.58189424    6.61186393
    6.73643082    6.75055194    6.78591345    6.78828066    6.84835902
    6.90495085    7.07483026    7.12147713    7.19660579    7.23447366
    7.2764395     7.30478636    7.32152235    7.48887334    7.57593595]
[  0.00000000e+00   0.00000000e+00   0.00000000e+00   0.00000000e+00
   0.00000000e+00   1.00000000e+00   0.00000000e+00   1.00000000e+00
   0.00000000e+00   0.00000000e+00   1.00000000e+00   0.00000000e+00
   1.00000000e+00   9.99990000e+03   9.99990000e+03   7.05448230e+01
   7.19158020e+01  -1.50086620e+02  -8.70518650e+01   1.76923920e+02
   4.83713990e+01  -4.44492800e+01   2.38570310e+01   8.11253830e+00
  -3.66650120e+01   3.00000000e+00   1.00000000e+00   0.00000000e+00
   3.18228550e+00   3.49977679e+00   3.50754736e+00   3.65870652e+00
   3.69914236e+00   3.85546939e+00   3.86004481e+00   3.94157463e+00
   4.10986226e+00   4.11231686e+00   4.20142328e+00   4.35141841e+00
   4.50015524e+00   4.70030739e+00   4.98053223e+00   5.21133360e+00
   5.25089373e+00   5.28361487e+00   5.59188207e+00   5.77218025e+00
   6.04325089e+00   6.37375245e+00   6.39590302e+00   6.59832024e+00
   6.95798882e+00   6.99016354e+00   7.04256185e+00   7.10903699e+00
   7.13482582e+00   7.14941738e+00   7.17470889e+00   7.27545837e+00
   7.29840512e+00   7.33215227e+00   7.40721055e+00   7.41609710e+00
   7.46031438e+00   7.46437053e+00   7.46852576e+00   7.53547954e+00
   7.55287361e+00   7.84635163e+00   7.86355479e+00   8.25438190e+00
   8.38102181e+00   8.44075692e+00   8.47653921e+00   8.51386935e+00
   8.54684176e+00   8.62919702e+00]
[   0.            0.            0.            1.            0.            0.
    0.           10.            0.            0.            0.            1.
    0.          -58.891834   -158.14461      77.795547    152.40717
 -101.54442      47.370495   -117.15169     -41.109474     29.19165
   -4.4441762   -22.979456     40.607101      0.            0.            0.
    5.66924192    5.72465863    5.95568956    6.48139113    6.63671984
    6.64508824    6.74254756    6.75806044    6.7844243     6.98757186
    7.02615249    7.09963813    7.18459088    7.20531529    7.28604769
    7.28718059    7.31831637    7.32931865    7.350436      7.41826792
    7.51895363    7.52516893    7.59694916    7.74304093    7.77188194
    7.87582866    7.91678362    7.99513742    8.10353163    8.14958458
    8.31600701    8.37336706    8.37459425    8.50909873    8.66702622
    8.73139998    8.75997007    8.81086808    8.95255259    9.00557643
    9.09102099    9.23103817    9.39920068    9.44637648    9.65814794
    9.72597147    9.7964697     9.82812635    0.            0.        ]
[   0.            0.            1.            0.            0.            0.
    0.           14.            0.            0.            0.            1.
    0.         -177.55527    -167.23349      49.779804     74.837852
 -154.90042       9.0496731  -140.4646       45.436825    -46.520882
   27.461815      1.3331015   -29.380627      0.            0.            0.
    3.55607039    4.65373054    4.7834225     4.79068643    4.86628609
    5.01242458    5.13238656    5.43049149    5.55251209    5.5969839
    5.61027968    5.92112958    6.24586297    6.96415319    6.97449148
    7.10998315    7.14692948    7.15121866    7.22163142    7.64631052
    7.70473564    7.73422813    7.74733487    7.78352683    7.78695623
    7.99924936    8.11114734    8.15704928    8.4484978     8.55729243
    8.67302057    8.88292602    8.93967113    8.96856572    9.14298452
    9.31693009    9.36771374    9.47235694    9.63290702    9.66775112
    9.74424717    9.79682642    9.87711322    9.95501202    9.9608535
    9.96303829    9.96534003    0.            0.            0.        ]
[   0.            1.            0.            0.            0.            0.
    0.            3.            1.            0.            0.            0.
    3.          -75.292526   -174.83168      52.349747     75.049728
 -170.67633     -62.637871   -137.16776      35.760517    -37.7505
   23.926226     -2.0342278   -22.224352      2.            1.            0.
    3.22758372    3.27091847    3.34835698    3.41399946    3.42939078
    3.55904746    3.6026709     3.73568032    3.76608355    3.89058884
    3.91991197    3.93001616    4.16138828    4.32893189    4.37146657
    4.39748071    4.55164927    4.68754789    4.71560966    4.74286368
    4.74942372    4.78728975    4.80983113    4.85091043    4.91681909
    4.98807424    5.05150663    5.05811678    5.0738954     5.15178792
    5.22205584    5.40195159    5.81521234    5.88250022    5.94200488
    6.107657      6.14371481    6.14381434    6.1451204     6.17821402
    6.19920862    6.25536432    6.30787073    6.37212388    6.41233098
    6.6149509     6.66722347    6.67845695    6.77617746    6.77869102]
[  0.00000000e+00   0.00000000e+00   0.00000000e+00   1.00000000e+00
   0.00000000e+00   0.00000000e+00   0.00000000e+00   1.30000000e+01
   0.00000000e+00   1.00000000e+00   0.00000000e+00   0.00000000e+00
   1.00000000e+00  -7.38316040e+01   1.73601460e+02   5.06475910e+01
   7.67652510e+01   9.99990000e+03   9.99990000e+03  -1.53400670e+02
   3.73743780e+01  -3.75095180e+01   2.33214050e+01  -9.34608160e-01
  -2.23162400e+01   3.00000000e+00   1.00000000e+00   0.00000000e+00
   3.49308249e+00   3.82832594e+00   3.92195313e+00   3.99239012e+00
   4.16551789e+00   4.27987935e+00   4.32046066e+00   4.34055284e+00
   4.48915875e+00   4.72657486e+00   4.73784908e+00   4.82222477e+00
   4.84285197e+00   4.89347167e+00   4.98105230e+00   5.59988056e+00
   5.61413938e+00   5.65239622e+00   6.03979066e+00   6.34388834e+00
   6.54628927e+00   6.58953188e+00   6.73267640e+00   6.75188065e+00
   6.83811360e+00   6.87081199e+00   7.18933442e+00   7.51203841e+00
   7.58868233e+00   7.81859101e+00   7.82203338e+00   7.84095000e+00
   7.94503247e+00   8.04651294e+00   8.09601114e+00   8.09813770e+00
   8.11044029e+00   8.16410531e+00   8.19160801e+00   8.19385893e+00
   8.20555912e+00   8.21937467e+00   8.23813676e+00   8.24781735e+00
   8.25779291e+00   8.31619145e+00   8.32538288e+00   8.43520879e+00
   8.45417471e+00   8.54917780e+00]
[   1.            0.            0.            0.            0.            0.
    0.            8.            0.            0.            0.            1.
    3.          -82.992775    173.27771      72.774094     77.794014
 -156.41136     -66.099762   -165.61348      36.666382    -35.373814
   19.355701      4.7531209   -26.699419      2.            2.            0.
    3.92662891    4.34982152    4.52936859    4.60704721    4.69319571
    4.74653346    4.7728979     4.82253577    4.97054459    5.001322
    5.03120805    5.30244358    5.36459627    5.38186031    5.48620614
    5.51196201    5.54568386    5.61834959    5.65374091    5.87898788
    5.90045012    5.93541654    5.94221332    5.98150804    6.05597265
    6.20976439    6.32967615    6.38417573    6.5005161     6.64163342
    6.64399418    6.65754623    6.70563671    6.7467634     6.81390638
    6.84226061    6.87685179    6.87714302    6.98788009    7.09417157
    7.09470715    7.16665443    7.25441048    7.27083957    7.34076752
    7.37927066    7.40709619    7.44358784    7.57289664    7.70480377]
[   0.            0.            1.            0.            0.            0.
    0.           16.            0.            0.            0.            1.
    3.          -93.533218    175.05394      74.378143     74.744377
 -144.77502     -80.356094   -163.70839      43.46801     -41.374889
   21.856846      5.7315545   -32.019661      2.            1.            0.
    3.33789947    3.44498558    3.49430508    3.62938326    3.91858176
    3.95872969    4.04258288    4.10713298    4.2428591     4.26194885
    4.35434844    4.38218355    4.39893026    4.4142008     4.53524174
    4.6247195     4.77373199    4.80380726    4.8489192     4.97716999
    5.08231747    5.11930777    5.24408674    5.24732518    5.34636108
    5.56848216    5.67396662    5.69200391    5.84369049    5.84801869
    5.88941764    5.98535959    5.99702087    6.00484911    6.01169407
    6.03327044    6.08474543    6.1756242     6.26676617    6.30410239
    6.31196371    6.36265149    6.52783769    6.61779096    6.816783
    6.96446158    7.03189325    7.11348214    7.15234539    7.17327742]
[  0.00000000e+00   0.00000000e+00   0.00000000e+00   0.00000000e+00
   1.00000000e+00   0.00000000e+00   0.00000000e+00   1.00000000e+00
   0.00000000e+00   0.00000000e+00   1.00000000e+00   0.00000000e+00
   1.00000000e+00   9.99990000e+03   9.99990000e+03   5.98977510e+01
   7.03681790e+01  -1.62910200e+02  -7.38242420e+01  -1.67290480e+02
   5.30931780e+01  -4.77996410e+01   2.13192250e+01   1.19684960e+01
  -4.18264470e+01   4.00000000e+00   0.00000000e+00   0.00000000e+00
   4.70319957e+00   4.82471489e+00   4.96180843e+00   5.30311917e+00
   5.65985644e+00   5.89418837e+00   6.05698234e+00   6.24751075e+00
   6.52007007e+00   6.58397476e+00   6.58812648e+00   6.66247760e+00
   6.68859382e+00   6.83273779e+00   6.98664595e+00   7.19749509e+00
   7.24059079e+00   7.65399389e+00   7.66429997e+00   7.66618014e+00
   8.04712722e+00   8.05941981e+00   8.13420828e+00   8.19766195e+00
   8.27137251e+00   8.56396812e+00   8.89468359e+00   8.95958308e+00
   8.99470514e+00   9.04004394e+00   9.13447230e+00   9.15897929e+00
   9.33418788e+00   9.52397647e+00   9.68552895e+00   9.81852895e+00
   9.97887868e+00   0.00000000e+00   0.00000000e+00   0.00000000e+00
   0.00000000e+00   0.00000000e+00   0.00000000e+00   0.00000000e+00
   0.00000000e+00   0.00000000e+00   0.00000000e+00   0.00000000e+00
   0.00000000e+00   0.00000000e+00]
[   0.            0.            1.            0.            0.            0.
    0.            6.            0.            0.            0.            1.
    2.         -113.32286    -174.55014      87.897224     73.933601
 -115.32632     -77.506981   -158.11679      39.209965    -38.474125
   25.438335      0.20076893  -25.946114      0.            1.            0.
    3.80429353    3.93089073    4.10576074    4.21621938    4.24182807
    4.31570179    4.34996547    4.44122901    4.44817239    4.48484937
    4.55460427    4.58983215    4.59846846    4.62606581    4.68102934
    4.70762186    4.74745687    5.00773602    5.25482869    5.33100716
    5.42471739    5.42497767    5.52033865    5.52650114    5.57214785
    5.73595168    5.78137418    5.80419604    5.805211      5.88335471
    5.91780177    5.9881534     6.07282109    6.09936442    6.13072599
    6.15501658    6.31782965    6.39710141    6.42351069    6.45444032
    6.55949112    6.60050376    6.6160935     6.66074681    6.78184808
    6.793784      6.81385569    6.86343208    6.88447734    6.89368062]
[   0.            0.            1.            0.            0.            0.
    0.           10.            0.            0.            0.            1.
    0.          -58.891834   -158.14461      77.795547    152.40717
 -101.54442      47.370495   -117.15169     -41.109474     29.19165
   -4.4441762   -22.979456     40.607101      0.            0.            0.
    6.23876315    6.5418679     6.66145965    6.67260259    6.93780138
    6.99547952    7.01798826    7.19032173    7.42347776    7.44628465
    7.65259628    7.69888604    7.78390238    7.84251041    7.91419241
    8.05718893    8.10468332    8.17825984    8.20907071    8.33630366
    8.35664595    8.36456456    8.39966663    8.4209524     8.4336653
    8.44052905    8.54942841    8.59982266    8.61212966    8.85371093
    9.01822673    9.09889977    9.22807716    9.30880722    9.31236977
    9.4603968     9.52976698    9.72654888    9.77806436    9.81880868
    9.8764084     9.89356045    9.92535194    0.            0.            0.
    0.            0.            0.            0.        ]
[   0.            0.            0.            0.            1.            0.
    0.           10.            0.            0.            1.            0.
    3.          -69.219414    175.2245       52.481918     76.169754
 -122.29012    -105.46455    -173.84886      47.074245    -45.812363
   25.391983      5.1718392   -32.613258      3.            0.            0.
    3.5032568     3.52488432    3.53852059    3.86631082    3.88286215
    3.90904236    4.01739695    4.05485191    4.0689124     4.19780952
    4.36125827    4.508752      4.53778088    4.57937185    4.63209529
    4.64902038    4.7789788     4.87047346    4.90278922    4.95140424
    4.97557844    5.05654042    5.18117907    5.32984427    5.39368497
    5.50628336    5.73341759    5.74832732    5.87571215    5.90525189
    6.00678915    6.04230316    6.14795795    6.40305895    6.60038635
    6.66068004    6.72682368    6.77201453    6.78845041    6.83156767
    6.84620365    6.89743944    6.93894655    6.94030487    7.14827429
    7.26465207    7.4095524     7.414571      7.43269591    7.45677854]
[   0.            0.            0.            0.            1.            0.
    0.            2.            0.            0.            1.            0.
    3.         -100.27131     179.59457      68.663246     67.321533
 -146.40622     -65.668983   -165.65572      46.006573    -44.623703
   24.850697      6.5414581   -32.526947      3.            0.            0.
    3.58031814    3.63655382    3.91005781    3.95785758    3.95981834
    3.97079826    4.05934341    4.14951724    4.16794245    4.20865734
    4.44932824    4.47710432    4.55806809    4.69946154    4.74410763
    4.79089314    4.80668793    5.14202009    5.14897936    5.27665421
    5.3548593     5.37280015    5.40181319    5.45684772    5.80829513
    5.83476731    5.98856268    5.98887613    6.13374053    6.19649005
    6.20121163    6.35303473    6.37632748    6.53660051    6.5863116
    6.60970496    6.77529788    6.90326791    6.99425528    7.14284362
    7.17397856    7.18692819    7.28644405    7.28688274    7.32613792
    7.35809455    7.41143136    7.46225359    7.72136813    7.75603393]
[   0.            0.            1.            0.            0.            0.
    0.            7.            0.            1.            0.            0.
    2.          -66.634865   -179.80217      50.367638     77.640091
 -152.06619     -61.902084   -160.07291      44.212341    -41.500648
   22.25732       7.6645713   -33.976788      3.            0.            0.
    3.63047448    3.66336057    3.66937842    3.77140193    3.92857259
    3.95001597    4.03973896    4.12988838    4.23895452    4.28305333
    4.34167495    4.4467548     4.4850261     4.48588311    4.71314446
    4.71558451    5.03605124    5.12913067    5.14686984    5.19019577
    5.19902475    5.28752329    5.61661269    5.63983959    5.70295926
    5.74119765    5.80962286    5.81035581    5.83701441    6.07735746
    6.07943893    6.09117673    6.20194302    6.21273128    6.26084391
    6.26192044    6.28321396    6.28801498    6.30505768    6.3050791
    6.31617103    6.35487915    6.59893898    6.61429052    6.92443694
    6.94848992    7.0314125     7.16192442    7.17690233    7.18848036]
[   1.            0.            0.            0.            0.            0.
    0.           21.            0.            0.            0.            1.
    3.          -78.255089   -174.61832      60.142731     67.338051
 -153.34003     -76.48703    -155.76364      40.604805    -41.374001
   26.633253     -2.3866313   -24.627708      3.            2.            0.
    3.66843468    4.38028391    4.52166157    4.588547      4.67068021
    4.74964878    4.76845208    4.85462035    4.85757618    4.90736918
    4.97848216    4.98883426    5.07113631    5.11442443    5.15956339
    5.21931249    5.35366514    5.45958446    5.49768198    5.50238601
    5.63380012    5.68403525    5.6996135     5.77723253    5.81891843
    5.91698719    5.98834985    5.9890999     6.00296375    6.00595875
    6.05065798    6.07709255    6.09968296    6.16253003    6.25911074
    6.34280296    6.54128814    6.57022903    6.57208233    6.64046226
    6.8064534     6.822212      6.84038898    6.93133968    6.9344375
    6.99288562    7.06429109    7.16163986    7.20789761    7.26051173]
[   1.            0.            0.            0.            0.            0.
    0.           34.            0.            0.            1.            0.
    1.          -89.74926     166.54755      76.749535     76.648987
 -136.88956    -154.54393    -124.78854      31.162012    -30.981426
   16.249996      3.3506505   -20.727821      1.            3.            0.
    3.70123161    4.55209759    4.6921862     4.84831181    4.85425376
    5.1681004     5.22632017    5.25732199    5.48219979    5.62012849
    5.81333125    5.82053371    5.89419803    5.91322282    6.00505231
    6.06956811    6.214508      6.26175526    6.30284251    6.4922169
    6.49417395    6.52171062    6.55949112    6.60753196    6.63687719
    6.64748849    6.86925239    6.88945304    7.05270611    7.19351654
    7.1995642     7.38350794    7.44011187    7.44955484    7.45345971
    7.47435683    7.56905095    7.61248851    7.61934965    7.76841462
    7.79260557    7.79668944    7.81472784    7.84564296    7.96084627
    7.98162784    8.10506849    8.14147825    8.23805048    8.33131561]
[   0.            0.            1.            0.            0.            0.
    0.           20.            0.            0.            0.            1.
    0.          177.35446     147.91425      73.617523    127.7891
  -92.435791    -63.918163   -147.15865     -29.650074     15.96793
    4.2122645   -23.141676     32.781719      1.            1.            0.
    3.99760539    4.29265384    5.15239371    5.1622482     5.29287818
    5.97768006    6.15394636    6.17136826    6.23422123    6.62876161
    6.8074506     6.92662924    7.41649       7.4833667     7.5415099
    7.56776915    7.77514108    7.92773963    7.97436808    8.10504202
    8.12019848    8.18725749    8.21829846    8.31765072    8.32963761
    8.35621673    8.4029895     8.4199726     8.43219916    8.6456792
    8.67899036    8.73187269    8.84851421    8.90891474    8.92642664
    8.95445372    9.14623174    9.19001642    9.21993908    9.23287761
    9.35287947    9.38119085    9.39337462    9.46609897    9.48228861
    9.62542185    9.63992915    9.66627954    9.73668187    9.7768971 ]
[   0.            0.            1.            0.            0.            0.
    0.           26.            0.            0.            0.            1.
    2.          -67.840393    175.19446      49.122692     74.218369
 -155.81389     -69.559853   -160.25545      45.958824    -47.780949
   32.032959     -3.3533373   -24.848454      2.            0.            0.
    3.43254871    3.47687787    3.70061303    3.73388881    3.93481276
    3.98096838    4.01190244    4.09177916    4.12092518    4.34748654
    4.52702584    4.78727776    4.91202789    4.95967749    5.04930817
    5.13062026    5.13586931    5.23143606    5.32704917    5.4061703
    5.43964433    5.65337889    5.70060914    5.8255265     5.82669342
    5.8733659     6.12410557    6.14126778    6.14284443    6.15230618
    6.19431643    6.42654043    6.4503084     6.5141627     6.53157322
    6.54858776    6.59651472    6.65696346    6.6903067     6.80830872
    6.81490576    6.87868019    6.95175871    6.9919242     7.00183922
    7.04688837    7.05134431    7.10834663    7.20169163    7.25228785]
[   0.            0.            0.            0.            0.            0.
    1.           28.            0.            0.            0.            1.
    1.          -70.128716    171.2536       60.082638     80.517029
  179.771       -68.114571   -164.92412      31.932737    -29.415943
   15.757966      4.4749651   -22.471098      0.            1.            0.
    3.14583005    3.3235213     3.67391857    3.8640355     4.04960667
    4.21366178    4.53459297    4.71892459    4.81355935    4.89736665
    4.90890266    5.01674837    5.11051876    5.19549046    5.31070984
    5.34737805    5.38628827    5.77701349    5.96735754    6.11725077
    6.21071806    6.25445662    6.27595951    6.33273116    6.37990195
    6.47078877    6.49244456    6.50096665    6.61882546    6.78548818
    6.83028541    6.92007807    6.93340097    6.96357674    6.98468301
    7.04680618    7.04731222    7.05690024    7.1158417     7.13377587
    7.15564852    7.1686202     7.25283       7.2755469     7.29622169
    7.43292859    7.47058352    7.49350781    7.49983739    7.53021557]
[   0.            0.            0.            0.            1.            0.
    0.           25.            0.            0.            1.            0.
    2.          -83.0532     -153.74008      48.957527     76.554573
 -156.22005     -51.8508     -136.80167      35.872471    -35.691338
   21.146065      2.6016579   -24.014994      3.            1.            0.
    3.45787572    3.72530802    4.24673442    4.288961      4.31436499
    4.35460031    4.5450611     4.60372615    4.6572152     4.65861371
    4.6707143     4.70026038    4.77482167    4.79716541    4.93328258
    4.94277856    5.02353922    5.09231745    5.19751409    5.27514375
    5.27561905    5.31367944    5.31552077    5.33770725    5.54190986
    5.56674179    5.63199106    5.7002318     5.90872657    5.93351424
    6.13548077    6.14559294    6.19024229    6.59292542    6.60478086
    6.65843435    6.69770446    6.73253609    6.74676157    6.79494665
    6.99922016    7.04613827    7.1543629     7.22380223    7.3171057
    7.4440466     7.52086235    7.67153948    7.67779721    7.7689808 ]
[   1.            0.            0.            0.            0.            0.
    0.           24.            0.            0.            1.            0.
    2.          -74.998093    172.25017      66.969948     73.835205
 -136.58719     -70.511971   -155.97469      35.263939    -35.176197
   19.521839      1.4729949   -22.913305      3.            0.            0.
    4.29409139    4.54374079    4.55827211    4.57050349    4.59704441
    4.64458052    4.68531407    4.83320469    4.96790283    5.04492265
    5.05640363    5.06261006    5.24172004    5.24289857    5.32537226
    5.34200646    5.53333023    5.54141632    5.56758965    5.61924419
    5.66250339    5.71322662    5.76833014    5.84363063    6.02059709
    6.0734716     6.14998718    6.50448375    6.56951639    6.64341656
    6.70572368    6.71676713    6.75112435    6.75651344    6.86871443
    6.88367906    7.03001971    7.35089537    7.52892843    7.70272882
    7.76277943    7.775181      7.80765185    7.88966371    7.93238137
    7.93417657    7.9782981     7.99003924    8.10969103    8.16274317]
[   0.            0.            0.            0.            0.            1.
    0.            5.            0.            0.            1.            0.
    3.          -92.741653   -148.86852      58.23645      83.391182
 -161.11891     -76.058823   -131.88524      29.468534    -32.338696
   22.883165     -3.959481    -16.124208      2.            0.            0.
    3.11368271    3.19913757    3.59401082    3.68361198    3.69514867
    3.82233858    3.92875811    3.95170314    4.00725698    4.01297672
    4.19449821    4.2124116     4.2858507     4.48446143    4.53145301
    4.56895487    4.62057403    4.71667163    4.74925565    4.90722768
    4.91014583    5.02182639    5.17782515    5.23109728    5.24461825
    5.24773271    5.27132241    5.28738366    5.4114445     5.41183117
    5.54314804    5.54964804    5.59364046    5.63658544    5.64105437
    5.70376614    5.72119141    5.93257865    6.01335122    6.03988841
    6.0425239     6.05358652    6.14559275    6.15451117    6.20546953
    6.31416705    6.31565892    6.43751297    6.45893372    6.46023529]
[   0.            0.            1.            0.            0.            0.
    0.           20.            0.            0.            0.            1.
    2.          -54.471443    170.44669      62.14135      74.527931
 -131.62291     -87.287361   -162.02559      30.22097     -26.05171
    9.8565826     9.3388767   -25.261559      1.            1.            0.
    3.48445081    3.54292672    3.8348805     3.89287885    3.97194177
    4.04782628    4.15253494    4.19260139    4.42024977    4.63027664
    4.71331017    4.76802824    4.81847656    4.86373684    5.03121441
    5.06699658    5.14422122    5.36464425    5.51701927    5.69045052
    5.7649023     5.76785722    5.83642696    5.86920776    5.86962768
    5.87100357    5.91357624    5.93544418    5.97585877    5.97984164
    6.09359058    6.10955787    6.12262698    6.1552336     6.4043736
    6.51356613    6.5435077     6.6345453     6.67124583    6.70693838
    6.72432322    6.73124953    6.75663265    6.77986161    6.80513214
    6.85264922    6.96965781    7.04079325    7.05316126    7.11796612]
[   1.            0.            0.            0.            0.            0.
    0.           20.            1.            0.            0.            0.
    2.          -82.812393    175.0399       59.708813     78.989037
 -148.99931     -56.556618   -123.09288      36.768875    -36.147842
   23.436539     -1.879719    -21.813864      4.            1.            0.
    4.41895089    4.43087608    4.47316068    4.61978262    4.78470203
    4.79537343    4.96767795    5.14729665    5.23456667    5.28988375
    5.33007099    5.34801416    5.35012175    5.37698877    5.39080394
    5.40872545    5.47502483    5.52401666    5.65668979    5.86802515
    6.03864635    6.06463437    6.0716222     6.22666895    6.36868756
    6.51484715    6.52428819    6.52993025    6.66015284    6.6942635
    6.7104667     6.73259203    6.84001001    7.00539066    7.05433709
    7.27341141    7.36922556    7.46423411    7.50151462    7.75709467
    7.88696724    7.91675797    8.11930061    8.17108198    8.20057631
    8.22438963    8.26802149    8.41758521    8.52844607    8.58598172]
[   0.            0.            0.            1.            0.            0.
    0.           29.            0.            0.            0.            1.
    2.          -88.630341    178.77298      69.906647     66.715294
 -120.93365     -65.704659   -154.66113      42.740768    -41.414993
   24.225996      2.067343    -28.199814      3.            1.            0.
    3.89140858    3.91999071    3.93375668    4.05335666    4.08764489
    4.19700127    4.25147782    4.46908716    4.49629626    4.57158055
    4.66357299    4.66740345    4.77607099    4.81575024    4.82338575
    4.90700637    5.00551031    5.03575133    5.0500244     5.09309341
    5.25894005    5.27864322    5.28841673    5.30745024    5.33788243
    5.39547574    5.40285242    5.45807985    5.65327694    5.71162308
    5.77291633    5.88095572    6.09851847    6.10012762    6.11888976
    6.20937865    6.26289943    6.41673078    6.48793808    6.51502463
    6.7470124     7.08591219    7.13317993    7.27990308    7.33008689
    7.34370021    7.3504583     7.44851406    7.46706147    7.47458015]
[   0.            1.            0.            0.            0.            0.
    0.            5.            1.            0.            0.            0.
    1.          -85.194214   -175.61258      69.066742     61.405937
 -147.29903     -39.524906   -165.66916      45.260033    -51.708736
   35.316425     -4.3215528   -27.176535      1.            0.            0.
    3.67131252    3.73863631    4.34192093    4.92620963    5.01998803
    5.07887162    5.10296018    5.12988064    5.44346134    5.81408411
    5.82464841    5.82520913    5.96740711    6.01915474    6.11169791
    6.25850925    6.45084556    6.71667469    6.92034961    7.01840179
    7.03507305    7.17634423    7.22585682    7.31750124    7.49231963
    7.58913725    7.63663411    7.7108073     7.8753199     7.89147963
    7.90357467    7.9516041     8.0516904     8.22321591    8.23957629
    8.31323361    8.35341365    8.3838811     8.42647368    8.4301072
    8.43664728    8.46241711    8.52895956    8.55109327    8.61442634
    8.62475317    8.64855613    8.79825106    8.82860945    8.83497438]
[   0.            0.            0.            0.            0.            0.
    1.           19.            0.            0.            0.            1.
    2.          -93.61058     171.12387      65.560555     80.772881
 -165.53584     -72.927483   -156.71152      42.351154    -41.296101
   26.132984      2.2277408   -27.612158      2.            1.            0.
    2.92865863    3.41429536    3.6284214     3.68252822    3.69308614
    3.81581179    3.8636474     3.87210361    3.91878678    3.96469866
    3.9733953     4.03475662    4.10002837    4.1675615     4.21198251
    4.28888285    4.58758594    4.66025752    4.68533966    4.7303498
    4.7578183     4.81316297    4.85735588    4.92818756    4.94577636
    4.99133467    5.15324831    5.19279536    5.3880273     5.53670825
    5.65189527    5.69562574    5.75943497    5.77430498    5.84292375
    5.84954525    6.01542301    6.16615905    6.20148429    6.20586562
    6.36148096    6.41228564    6.4838906     6.49707364    6.77111461
    6.77481602    6.9597125     6.9667924     6.97909945    7.02453078]
[   0.            0.            0.            1.            0.            0.
    0.            4.            0.            1.            0.            0.
    1.         -128.09827    -138.267        87.531654     74.55175
  173.51616     -79.885811   -161.28737      33.427742    -40.906059
   31.686892     -9.6928425   -15.751187      3.            3.            0.
    3.95926711    3.997256      4.23721251    4.45958065    4.50902994
    4.83564234    4.87457607    5.02023329    5.13436154    5.13910436
    5.28790643    5.33826288    5.69813778    5.70284367    5.8604225
    6.08248303    6.24525818    6.26333352    6.32639971    6.39940605
    6.73304515    6.7640457     6.98890539    7.03978343    7.26139091
    7.2673269     7.30850441    7.33809684    7.49226463    7.53041816
    7.55672644    7.58328034    7.72321011    7.90517612    7.91967873
    7.92926799    8.14992909    8.23147613    8.24817353    8.26128873
    8.29735212    8.31640834    8.33613285    8.39872196    8.44304787
    8.48135709    8.56064089    8.73828129    8.8329537     8.84320293]
[   0.            0.            0.            1.            0.            0.
    0.           29.            0.            1.            0.            0.
    2.          -41.157394    144.59938      51.32711      74.040688
 -166.60194     -57.13821    -166.89067      46.603798    -40.161728
   20.32188      11.050541    -37.219067      3.            0.            0.
    3.75543994    3.80949975    3.86886394    4.06079284    4.09052314
    4.2117369     4.3835692     4.3969858     4.41414734    4.56005013
    4.59700781    4.63631702    4.67943796    4.72051129    4.75345903
    4.79116275    5.06757626    5.22078127    5.26903793    5.34707936
    5.49044557    5.52075484    5.54914842    5.60163556    5.61596595
    5.63189393    5.8876068     5.90846296    6.02605101    6.08669337
    6.15180239    6.20821494    6.25077232    6.35417017    6.36563695
    6.44509252    6.46046021    6.5445273     6.68079136    6.76735779
    6.94610686    6.96414069    7.17324819    7.25493699    7.2827543
    7.34718809    7.41485808    7.44580475    7.45451923    7.47600071]
[   1.            0.            0.            0.            0.            0.
    0.            5.            0.            1.            0.            0.
    1.          -67.305344    169.93315      52.08955      71.028732
  178.57411     -84.001785   -158.97278      43.457127    -43.94046
   28.732651      0.79598445  -28.264717      4.            0.            0.
    4.40383165    4.53156015    4.56056394    4.63629523    4.74705853
    4.74988614    4.75066444    4.77544371    4.82526268    4.82838376
    4.82869187    4.85816923    4.86085477    4.92502184    4.96096332
    5.01975887    5.04500349    5.11613234    5.1491685     5.31048113
    5.39450035    5.47318201    5.53171622    5.55690954    5.68755906
    5.70760638    5.76504427    6.06626212    6.22027179    6.26354472
    6.29393645    6.30302567    6.31446021    6.39018935    6.50032256
    6.50162578    6.53440253    6.5962401     6.96408131    6.96749935
    7.16400782    7.25479172    7.34082302    7.38769203    7.39105555
    7.4212717     7.43711906    7.45227538    7.49704693    7.66018218]
[   1.            0.            0.            0.            0.            0.
    0.           24.            1.            0.            0.            0.
    2.          -59.819878    161.45531      64.732368     80.256508
 -145.42892     -57.190186   -142.61423      39.671062    -34.188789
   13.430999     12.572373    -31.812428      2.            2.            0.
    3.91796168    4.39576979    4.42066362    4.57269451    4.81988752
    4.85181973    5.10771244    5.17690073    5.22048629    5.36985262
    5.43835585    5.48794466    5.54190986    5.57765986    5.641519
    5.83743665    5.90704396    5.93876274    6.00706214    6.07118672
    6.25216225    6.29312508    6.4572804     6.5561859     6.62346469
    6.64301671    6.74727831    6.75004067    7.03839411    7.04487084
    7.13991865    7.24217974    7.2503897     7.31814291    7.57145561
    7.60456651    7.60900364    7.66640497    7.68286369    7.68563311
    7.75489351    7.76841773    7.77097687    7.8832397     8.0771258
    8.08858754    8.09550706    8.15510009    8.16173076    8.19687624]
[   1.            0.            0.            0.            0.            0.
    0.           19.            1.            0.            0.            0.
    0.           63.897972   -133.16696      69.014755    150.45409
  -95.255493    -60.185112    -75.133797    -37.777527     35.18391
  -19.508806     -4.8306723    27.617146      1.            0.            0.
    4.53675856    4.65737157    4.94292134    5.18794166    5.36212093
    5.36282869    6.00345284    6.01044006    6.04087034    6.15818642
    6.36011175    6.53594381    6.57151777    6.70408844    6.82434442
    6.95668824    7.17478404    7.17953144    7.28334281    7.32080932
    7.3836301     7.45851961    7.48482379    7.62204041    7.80837583
    7.81854956    7.82427668    7.86304594    7.94195073    8.06607932
    8.12485877    8.16552846    8.34404977    8.34912746    8.38198122
    8.51769679    8.59336066    8.60706381    8.61696316    8.99837827
    9.0214438     9.05891401    9.11221461    9.13294693    9.1946105
    9.2758994     9.42242854    9.4579515     9.48172931    9.49278128]
[  0.00000000e+00   0.00000000e+00   0.00000000e+00   0.00000000e+00
   0.00000000e+00   1.00000000e+00   0.00000000e+00   1.00000000e+00
   0.00000000e+00   0.00000000e+00   1.00000000e+00   0.00000000e+00
   1.00000000e+00   9.99990000e+03   9.99990000e+03   8.20091860e+01
   7.66622240e+01  -1.61182500e+02  -6.98161160e+01  -1.48842670e+02
   3.07525350e+01  -3.83154790e+01   3.09616450e+01  -1.31519900e+01
  -1.12480300e+01   3.00000000e+00   1.00000000e+00   0.00000000e+00
   3.05073608e+00   3.41691335e+00   3.66590366e+00   3.89870749e+00
   3.92248964e+00   3.97968150e+00   4.02065605e+00   4.05780377e+00
   4.07596246e+00   4.13988289e+00   4.23408010e+00   4.45347827e+00
   4.60119437e+00   4.73540233e+00   4.97133471e+00   5.05641109e+00
   5.30640407e+00   5.66080371e+00   5.70397981e+00   6.06138241e+00
   6.20755598e+00   6.38082140e+00   6.47612916e+00   6.53514924e+00
   6.79590883e+00   6.87886433e+00   6.88311264e+00   6.96128780e+00
   7.07034354e+00   7.27222905e+00   7.52791580e+00   7.54019999e+00
   7.56524705e+00   7.58633119e+00   7.70827308e+00   7.72791446e+00
   7.75382726e+00   7.78398198e+00   7.78463413e+00   7.80487112e+00
   7.87682594e+00   8.03134797e+00   8.14075742e+00   8.15520932e+00
   8.17488325e+00   8.23194250e+00   8.24171595e+00   8.31906464e+00
   8.37373104e+00   8.38423917e+00]
[   0.            0.            0.            0.            0.            1.
    0.            6.            0.            0.            1.            0.
    2.          -69.590614   -169.11414      63.226929    147.0405
 -105.68698      -5.9650598   -95.131516    -30.941452     25.54221
  -10.159465    -10.706089     25.875698      3.            4.            0.
    3.02814972    3.02890302    3.09792435    3.34131628    3.35368357
    3.42784447    3.57727204    3.60162821    3.60577813    3.67780558
    3.74129681    3.79470783    3.81396689    3.9598957     4.0043307
    4.12155608    4.33240593    4.34298853    4.36131689    4.40370885
    4.42057294    4.51855803    4.66625773    4.72224892    4.77607883
    4.94421807    5.01590828    5.11681331    5.13521473    5.19736687
    5.20054878    5.25724254    5.51556581    5.61834174    5.64489036
    5.69849222    6.08548864    6.09254182    6.17809403    6.20335616
    6.30359854    6.37821996    6.49743943    6.51781527    6.55620565
    6.60981994    6.61431528    6.67668917    6.73899877    6.78481625]
[   0.            0.            0.            0.            1.            0.
    0.           17.            0.            0.            1.            0.
    2.          -90.920258   -179.73019      76.638908     70.211609
  173.14987     -35.839947   -160.9563       42.287914    -43.006214
   25.05492       5.216578    -31.507633      3.            1.            0.
    3.55967768    3.56038664    3.84552931    3.85602135    3.85821373
    4.04351878    4.05432602    4.14842736    4.37240419    4.37249022
    4.37322205    4.55221123    4.60594584    4.64911061    4.6594577
    4.82353066    4.91447837    5.1646176     5.32432321    5.50585476
    5.68212374    5.73778075    5.87272219    5.90985466    5.91679737
    5.92503776    5.98835186    6.10217691    6.25898966    6.301745
    6.36106373    6.49320089    6.6168441     6.73628753    6.79950569
    6.85141322    6.90229414    6.90561679    7.18845502    7.21773601
    7.29750112    7.3469841     7.35184571    7.43721493    7.51564067
    7.51864045    7.54761514    7.58208554    7.58602391    7.67627079]
[   0.            0.            0.            0.            0.            1.
    0.           22.            0.            0.            1.            0.
    3.          -77.114563    173.97067      63.723381     79.413017
 -156.04135     -52.830086   -156.36783      40.460949    -38.769188
   20.089672      8.1141119   -32.235394      1.            0.            0.
    2.79180032    3.3084675     3.38294073    3.49382151    3.54266614
    3.68023069    3.68238175    3.69100504    3.77945427    3.81396689
    3.82599865    3.8464869     3.99660496    4.07638917    4.08598498
    4.1192917     4.21496587    4.46770242    4.476198      4.47872894
    4.52710441    4.70274236    4.74377999    4.80183115    4.84399214
    4.85556873    4.90782196    4.96491789    5.00421646    5.00714446
    5.08961136    5.17951852    5.2240089     5.31770186    5.85634607
    5.91335628    5.92773141    6.04051303    6.12152966    6.13335306
    6.18028902    6.23337051    6.24564626    6.40302206    6.45281054
    6.46938814    6.50869007    6.58031769    6.64899071    6.70113325]
[   0.            0.            1.            0.            0.            0.
    0.            5.            0.            0.            0.            1.
    2.          -71.385513    179.99998      54.797787     76.86512
 -136.21646     -71.802147   -148.48535      36.742805    -34.665703
   18.558414      5.6614356   -27.662346      2.            2.            0.
    3.56859558    3.57561082    3.64146785    3.74039767    3.76487902
    4.16393       4.16650414    4.22454222    4.22760127    4.28305567
    4.43990052    4.44643507    4.53237253    4.63022282    4.67791961
    4.75357408    4.93102244    4.93737795    5.05555803    5.0928927
    5.21995804    5.33642613    5.35484035    5.3986363     5.51372296
    5.72736894    5.80672348    5.82722577    5.90302267    5.951588
    6.0289585     6.03731836    6.0674705     6.2330034     6.24542225
    6.26113048    6.64324283    6.7385007     6.74360722    6.75442441
    6.76242751    6.83119577    6.89153128    6.93901716    7.08021523
    7.0813064     7.09344929    7.19076214    7.23774346    7.31777581]
[   0.            0.            1.            0.            0.            0.
    0.           26.            0.            1.            0.            0.
    2.          -81.122078    175.81624      64.011414     76.01416
 -164.50824     -86.826927   -155.00034      43.128422    -41.427757
   23.922033      5.1493239   -31.96987       4.            1.            0.
    3.07114882    3.41069792    3.45787572    3.89809049    3.95527979
    3.97793456    4.23751811    4.52026302    4.78583908    4.79895684
    5.00753469    5.00873672    5.03612575    5.18090759    5.30508116
    5.47019792    5.65211122    5.65894752    5.78657884    5.81840089
    5.89274035    5.91666669    6.00199274    6.03789202    6.05856088
    6.26749208    6.26806374    6.41174467    6.43574207    6.48305452
    6.49513451    6.51941759    6.65080963    6.6999439     6.71405585
    6.71476158    6.78922534    6.79698001    6.80850892    6.83477002
    6.84942367    6.88359987    7.02087256    7.19898033    7.21250286
    7.21298479    7.26833168    7.27223351    7.33112418    7.33409517]
[   0.            1.            0.            0.            0.            0.
    0.           16.            1.            0.            0.            0.
    2.          -82.373085    165.99648      66.954727     75.385521
  176.60684      23.207298   -127.78924      41.883469    -34.971325
   14.323736     13.345721    -35.048958      1.            3.            0.
    3.45229043    3.78373659    4.18330968    4.64940287    4.86094216
    5.08923947    5.32481079    5.42485554    5.6701061     5.67239349
    6.12046341    6.2072097     6.23165319    6.26941209    6.44500968
    6.44812338    6.48862231    6.56573439    6.86487492    6.8903936
    6.91805727    6.9322226     7.13740114    7.14530566    7.14657455
    7.20044269    7.34004327    7.36853139    7.42811808    7.4301402
    7.45126679    7.76992892    7.77977035    7.79701298    7.96201548
    7.96894245    8.08963422    8.20490966    8.315553      8.37083648
    8.43259539    8.44455838    8.46537337    8.7062261     8.80082768
    8.86864441    8.87849383    8.88549717    8.96505696    8.98906544]
[   0.            0.            0.            0.            1.            0.
    0.           20.            0.            0.            1.            0.
    3.          -63.366238    159.96495      63.988316     77.446526
 -164.80138     -38.577076   -159.31583      36.961243    -38.942215
   25.290258     -1.9356301   -23.577805      4.            0.            0.
    3.59882685    3.77314196    3.78757232    3.80407542    3.87376427
    3.91737531    3.9252349     3.97727863    4.05355544    4.0988642
    4.19240098    4.21346334    4.28200781    4.29642398    4.31246599
    4.51951417    4.52673209    4.56754607    4.84453644    4.94566715
    5.13637351    5.22818055    5.33596455    5.49915772    5.5190615
    5.59943965    5.81716813    5.88993254    6.05037959    6.08113949
    6.26831849    6.37114755    6.4051338     6.49362832    6.52536791
    6.54531118    6.6690674     6.73262659    6.80234098    6.82588439
    6.96537486    7.16681031    7.26682746    7.32931563    7.35612371
    7.36377782    7.36635227    7.3798999     7.44972459    7.49302197]
[   0.            0.            0.            0.            1.            0.
    0.            3.            1.            0.            0.            0.
    3.          -76.634117    177.21848      67.306976     87.451164
 -130.43964     -77.768547   -156.23267      36.627537    -33.820919
   18.142128      6.1297984   -26.901937      3.            1.            0.
    3.50685389    3.75926228    3.77521727    3.80182703    4.12704072
    4.23186869    4.26000848    4.2802488     4.33872282    4.41472328
    4.46237222    4.46976078    4.5163761     4.62479987    4.70216711
    4.75288184    4.92647888    5.28405293    5.33539922    5.35464318
    5.42572994    5.70109141    5.72149898    5.87723217    5.94787866
    5.96685696    5.98009122    5.98698682    6.06993881    6.08436473
    6.30148488    6.37972895    6.48639761    6.69388585    6.84802783
    6.86758308    6.90245482    7.02774134    7.04549772    7.07257658
    7.10509968    7.11086057    7.14273863    7.20574306    7.21944649
    7.22158054    7.3340524     7.35652951    7.36420802    7.38848915]
[   0.            0.            0.            0.            0.            1.
    0.            8.            0.            0.            1.            0.
    1.          -77.822411    179.70128      61.05827      76.444214
  177.46448     -73.847733   -132.29247      40.022301    -37.424156
   20.691414      6.091814    -29.312847      1.            3.            0.
    3.30422333    3.67121255    3.78383615    3.94745929    4.19218691
    4.26101453    4.37393757    4.40073665    4.43917308    4.45746661
    4.54122907    4.75638698    5.11719166    5.16695553    5.19844675
    5.21891476    5.2397016     5.36318227    5.36948315    5.37696305
    5.37804949    5.39601685    5.5678302     5.61546542    5.63915883
    5.75679529    5.85074925    6.00019028    6.07177299    6.08069234
    6.23405351    6.26944992    6.41476213    6.41563236    6.44856879
    6.50217317    6.51847819    6.64660261    6.67607445    6.75281055
    6.84537389    6.88703449    6.90143283    7.07567299    7.08760986
    7.18224912    7.20337534    7.22894785    7.27072168    7.29243276]
[   1.            0.            0.            0.            0.            0.
    0.           16.            0.            0.            0.            1.
    3.         -102.81361    -160.19325      62.82933      75.646332
 -155.19762     -73.110405   -156.10941      36.297688    -37.724571
   24.451305     -0.97257078  -23.434729      2.            2.            0.
    3.84533641    4.19646719    4.41290113    4.51836721    4.62785154
    4.67551276    4.73138645    4.77793072    4.81342413    4.81837223
    4.90203895    4.99328145    5.08797945    5.15055535    5.18183151
    5.1972183     5.29667535    5.38952689    5.46520661    5.57104634
    5.64469542    5.6947161     5.70091342    5.74004071    5.79974035
    5.88257453    5.96195132    5.98784683    6.0374445     6.10081717
    6.16811939    6.18812629    6.31445597    6.32150653    6.34946108
    6.44626779    6.57651107    6.59012703    6.61768189    6.94630058
    6.97023702    7.09623168    7.13354739    7.16588542    7.21577995
    7.31073771    7.38927268    7.40785785    7.42680458    7.43752687]
[   0.            0.            0.            0.            0.            1.
    0.            9.            0.            0.            1.            0.
    3.         -119.48419     173.93576      68.170868     68.010727
 -133.97786     -56.327873   -161.23445      42.852551    -35.513271
   16.122044     10.618209    -33.348988      5.            2.            0.
    3.00584122    3.17900824    3.57036752    3.5759348     3.63180253
    3.75291151    3.85178315    3.88241289    3.94917567    3.99837026
    4.0163531     4.04385484    4.07868975    4.29755432    4.326505
    4.42394875    4.52493517    4.58032953    4.68528247    4.74406701
    4.83281137    5.08815391    5.11840463    5.15753865    5.22651748
    5.2930633     5.30007427    5.39544889    5.4732627     5.47784357
    5.54996645    5.57661937    5.73524361    5.74916116    5.8127159
    5.99477984    6.11865512    6.15447861    6.15783126    6.18681944
    6.20297279    6.21527742    6.25391118    6.27658599    6.30559877
    6.46709426    6.58735881    6.68596903    6.86403543    6.93096057]
[   0.            0.            1.            0.            0.            0.
    0.           11.            0.            1.            0.            0.
    1.         -127.11824    -159.1414       49.068096     69.725754
 -157.4409      -87.93129    -141.58334      45.895069    -42.461727
   24.534718      4.2351704   -30.610649      1.            0.            0.
    3.99935531    3.99952934    4.12659254    4.15473661    4.15979287
    4.49029521    4.51228558    4.59414275    4.62999544    4.67408837
    5.17136814    5.19326871    5.22419487    5.28873605    5.29590321
    5.33852547    5.41272071    5.5453918     5.64763394    5.65626559
    5.66827928    5.82540557    5.86669729    5.98109865    6.03617506
    6.03698998    6.08401533    6.09673552    6.16383915    6.31788401
    6.38635527    6.43647063    6.45213627    6.53352286    6.56031815
    6.56526166    6.60202008    6.77087238    6.77814408    6.84368404
    6.90725935    6.92361353    6.92510606    7.04820047    7.06805521
    7.08905687    7.11697561    7.13815404    7.17506879    7.21344037]
[   0.            0.            0.            0.            1.            0.
    0.           27.            0.            0.            1.            0.
    3.          -71.186752    168.80011      66.058929    144.21062
 -110.8232      145.99049     -85.800056    -36.175503     24.724863
   -1.5046721   -23.462706     38.309528      3.            1.            0.
    3.98177074    3.99152929    4.06644711    4.18567454    4.34720823
    4.35374721    4.45217996    4.50253613    4.5310503     4.61431361
    4.93774903    5.11266901    5.13854016    5.18547434    5.39255736
    5.64176046    5.64808998    5.65116652    5.8433269     5.93081267
    5.95839655    6.14797822    6.46038069    6.69016016    6.73144116
    6.75632731    6.77710911    6.81380577    7.15134522    7.16267039
    7.17112062    7.28449186    7.30386609    7.34782099    7.39995229
    7.42948071    7.44841151    7.47138162    7.47966497    7.48117037
    7.49860748    7.60742758    7.61370913    7.6481302     7.64897686
    7.81894098    7.88473414    7.89721139    7.94617599    8.05353617]
[   0.            0.            0.            0.            0.            1.
    0.           23.            0.            0.            1.            0.
    2.          -91.771294   -173.53986      58.154961     75.04512
 -114.17374     -82.644379   -147.79364      45.36729     -38.398525
   16.761082     11.297558    -35.576519      3.            0.            0.
    3.34328115    3.39940499    3.46365616    3.5426209     3.82757181
    3.98580831    4.02756705    4.07638917    4.18168648    4.36425567
    4.36514204    4.51700982    4.6882121     4.79828061    4.85212183
    4.86227817    4.92717573    5.03125524    5.07212585    5.15112694
    5.19877264    5.24881446    5.24889981    5.33494731    5.37425335
    5.38072989    5.43932154    5.56793958    5.5953603     5.74937216
    5.82938882    5.84999997    5.87268197    5.87711993    5.8806356
    5.96052054    5.96278205    6.02402712    6.10190168    6.17585919
    6.25249143    6.32146189    6.41935716    6.49066995    6.5923077
    6.66447352    6.69977477    6.70482211    6.71491553    6.72426141]
[   0.            0.            0.            0.            1.            0.
    0.           20.            1.            0.            0.            0.
    2.          -82.812393    175.0399       59.708813     78.989037
 -148.99931     -56.556618   -123.09288      36.768875    -36.147842
   23.436539     -1.879719    -21.813864      4.            1.            0.
    3.82470505    3.84135951    3.90021098    3.97700504    4.10492218
    4.19859617    4.31094501    4.4395265     4.5692038     4.58611633
    4.63689286    4.64843409    4.66669081    4.69375874    4.73005886
    4.88436923    4.93288582    4.96387121    4.9828691     5.05073005
    5.11521026    5.22399412    5.23192998    5.36464806    5.36577034
    5.37735648    5.40553754    5.63102266    5.82378617    5.96342536
    5.98525592    6.06907307    6.32689987    6.7282887     6.74537962
    6.75739771    6.82662416    6.87619536    7.01376791    7.07775748
    7.11357061    7.12559665    7.29015087    7.39858851    7.42559395
    7.65473679    7.65835571    7.66704604    7.70293094    7.7224544 ]
[   1.            0.            0.            0.            0.            0.
    0.            3.            0.            0.            0.            1.
    1.          -92.442886    168.30957      78.670105     73.132095
 -115.60958     -80.024216   -163.34639      37.750656    -34.870892
   18.426529      6.399786    -28.020639      2.            0.            0.
    3.86790664    4.10617855    4.39653535    4.46046668    4.65954831
    4.87877492    4.89991062    4.95507652    4.99516546    4.99973747
    5.01521437    5.0206308     5.15987328    5.21444245    5.22868798
    5.3744394     5.39299628    5.71431531    5.80607995    5.81802122
    5.90525703    5.95434642    5.96848149    6.00190119    6.02376756
    6.08201154    6.09166808    6.1526233     6.20832531    6.34902348
    6.3880564     6.54676761    6.55735323    6.57547234    6.64727901
    6.70409564    6.77264577    6.86348541    6.88216171    6.92344027
    7.00449956    7.11557776    7.12125471    7.24725343    7.3025074
    7.34731375    7.40007806    7.43229614    7.52947906    7.54474144]
[   0.            0.            0.            1.            0.            0.
    0.           11.            0.            1.            0.            0.
    1.           28.537254    154.64856      79.066269     75.204414
 -169.96292     -71.930161     58.711559     31.63011     -43.124699
   37.463921    -15.786938    -11.275136      0.            2.            0.
    4.5410348     4.56946652    4.67454618    4.73353793    4.79607095
    4.83372518    4.866601      5.02075238    5.29745583    5.35560894
    6.02689818    6.11000053    6.45570148    6.51705985    6.61688248
    6.70516681    7.23812945    7.57504378    7.8122635     7.87631648
    8.31680847    8.34124289    8.60764241    8.87980887    8.92589011
    9.30662017    9.48572284    9.66997852    9.75083456    9.77474217
    9.79944655    0.            0.            0.            0.            0.
    0.            0.            0.            0.            0.            0.
    0.            0.            0.            0.            0.            0.
    0.            0.        ]
[   0.            0.            0.            0.            1.            0.
    0.           10.            1.            0.            0.            0.
    3.          -72.968262    164.55287      59.575207     81.993378
 -145.04893     -51.853443   -154.19554      43.009792    -39.784031
   22.243448      5.2296329   -29.87113       2.            0.            0.
    3.47804057    3.55604754    3.89802838    3.91775104    4.17640538
    4.2151482     4.3463791     4.49623578    4.59056773    4.68059458
    4.7346906     4.90199648    5.11742771    5.16492448    5.18444079
    5.25142125    5.28137267    5.40944685    5.41934019    5.44332532
    5.44792753    5.49749432    5.52808024    5.58411517    5.58583134
    5.60521181    5.66519412    5.88763849    5.93887329    5.95252811
    6.02215615    6.07883466    6.08719552    6.23488297    6.30918349
    6.42410414    6.46144389    6.55217376    6.57519428    6.85744851
    6.9382519     7.01877828    7.07122837    7.11793148    7.12077016
    7.27891286    7.30140126    7.31783084    7.36454342    7.37252431]
[   1.            0.            0.            0.            0.            0.
    0.            3.            0.            1.            0.            0.
    2.          -90.644981   -176.21918      74.660431     82.606895
 -163.25703     -69.902016   -153.60202      32.15266     -34.247917
   20.918795      1.551669    -22.921759      4.            0.            0.
    3.83968078    4.0379929     4.13568539    4.43203772    4.60399529
    4.64062139    4.70102044    4.7074403     4.74531711    4.86210959
    5.03705145    5.10221233    5.14264536    5.2003683     5.36779317
    5.44466624    5.49306611    5.52552057    5.56383863    5.61280273
    5.6558038     5.70833819    5.89772524    5.92572202    6.0079519
    6.00817392    6.01777348    6.12465899    6.38506882    6.4508408
    6.56191899    6.57593732    6.60069339    6.62455106    6.62975218
    6.85238974    6.85499121    6.86690627    6.93120449    6.96483835
    7.16512941    7.21751803    7.35963083    7.36891053    7.40922088
    7.42752669    7.46545911    7.49144874    7.5748255     7.58380179]
[   1.            0.            0.            0.            0.            0.
    0.           17.            0.            0.            0.            1.
    1.          -85.965508    179.58455      70.588905     78.848724
  173.56873     -94.194427   -150.39948      31.037348    -33.95253
   23.532249     -3.4729946   -18.861029      2.            1.            0.
    3.78102109    4.43548733    4.46604915    4.4760674     4.53451473
    4.55224403    4.56915403    4.61163053    4.64412797    4.78608541
    4.85382669    4.8736671     4.96258886    5.06535597    5.06700647
    5.31214218    5.34606101    5.36876414    5.37165335    5.37381129
    5.37556628    5.38268337    5.38514046    5.38594346    5.43802275
    5.55847516    5.73403665    5.73996261    5.85975243    6.00937123
    6.0353651     6.11275009    6.14628889    6.21094981    6.24955421
    6.29137423    6.33041061    6.3644883     6.45149145    6.54167073
    6.59141556    6.59976573    6.68535851    6.73752398    6.93637958
    6.96927917    7.08385043    7.20945158    7.34759957    7.36755586]
[   0.            0.            0.            1.            0.            0.
    0.            9.            0.            1.            0.            0.
    2.          -83.739525   -169.46838      58.967171     79.42868
 -177.30165     -82.987617   -162.92587      41.471149    -43.171001
   27.054455      0.79031014  -28.698128      3.            2.            0.
    3.57728419    3.6819757     3.70614574    3.91444145    4.1362044
    4.44404868    4.50494218    4.6081676     4.69319571    4.69905854
    4.75190892    4.77876374    4.81480276    5.10335696    5.15929843
    5.17444432    5.25686949    5.41620038    5.59696016    5.64767522
    5.69165488    5.73909775    5.84089432    5.85966364    5.87925557
    5.94194723    6.1911779     6.20334006    6.26122123    6.26849452
    6.28568737    6.36030793    6.44077757    6.46066199    6.76889058
    6.7778598     6.88606643    6.90783251    6.95073219    6.96730338
    7.01878825    7.04513725    7.08861421    7.12590691    7.13754218
    7.17875825    7.19797036    7.22245754    7.2791436     7.28330089]
[   1.            0.            0.            0.            0.            0.
    0.            8.            0.            0.            0.            1.
    2.          -80.52137     174.6786       53.079151     88.910538
 -164.20186     -77.461731   -143.56776      40.853714    -40.054688
   26.259909     -0.38410428  -26.228746      3.            2.            0.
    3.8174879     4.38204083    4.55125887    4.63720179    4.64511122
    4.65247808    4.7643588     4.81357386    4.89848712    5.27832813
    5.33507729    5.4957808     5.55170705    5.62168986    5.63047068
    5.68111127    5.74293971    5.94847344    5.98611805    6.00781804
    6.26578016    6.28496591    6.49497819    6.49538393    6.53190302
    6.56659611    6.60522821    6.65157784    6.67090907    6.80931793
    6.88943229    7.00506599    7.01195225    7.03902401    7.08973597
    7.23260718    7.34901014    7.3946686     7.4321279     7.45226759
    7.63191073    7.77449287    7.82520809    7.93061668    8.20562747
    8.24759963    8.33784945    8.34053828    8.51375507    8.54933889]
[   0.            0.            0.            1.            0.            0.
    0.           21.            0.            1.            0.            0.
    2.          -64.281021   -177.16495      65.863548     76.997604
 -158.90572     -66.43557    -170.03069      43.349411    -45.204086
   32.437866     -4.5053263   -25.2686        4.            2.            0.
    4.26537539    4.49999203    4.5527395     4.57487788    4.61362269
    4.72424887    4.85027203    4.88879387    5.22631713    5.2416235
    5.33172742    5.35582151    5.42536263    5.4527672     5.49449828
    5.58623841    5.60581342    5.62653822    5.64209503    5.68246118
    5.72203574    5.78743912    5.795205      5.82481867    5.84989886
    5.85211878    5.85542614    5.86709365    5.88793777    5.97087794
    6.11016514    6.23781345    6.30376896    6.33580852    6.4649163
    6.50585787    6.51308666    6.5955109     6.6089936     6.69858319
    6.83224287    6.87082426    6.87357249    6.91229488    6.93213326
    6.94660062    7.2852602     7.31467287    7.33327175    7.3796769 ]
[   0.            0.            1.            0.            0.            0.
    0.           30.            0.            0.            0.            1.
    1.         -125.6601     -156.79832      63.867123     70.274918
 -159.51851     -99.527679   -158.31584      37.143066    -38.320518
   24.307049      0.28667364  -24.704983      1.            1.            0.
    3.44903005    3.82914366    3.99682245    4.3152427     4.4801966
    4.64385179    4.69137225    4.73516877    4.80914936    4.92431243
    5.12571085    5.26720864    5.34800647    5.42641066    5.44177695
    5.46514528    5.54881965    5.67389769    5.68818426    5.70866369
    5.8224701     5.86094735    6.16568136    6.37789226    6.48302162
    6.56206648    6.62926964    6.75297201    6.78437399    6.80514389
    6.81687956    6.88167164    6.98960628    6.99464886    6.99561021
    7.03066163    7.07095178    7.13409044    7.19958778    7.2099911
    7.23681356    7.30692017    7.6174928     7.64616986    7.64840074
    7.73740743    7.81513753    7.85391307    7.87961997    7.94760185]
[   0.            1.            0.            0.            0.            0.
    0.           23.            1.            0.            0.            0.
    3.          -81.601936    175.54552      63.883263     85.324547
 -166.06749     -88.760597   -151.11049      41.528389    -41.62569
   28.229883     -2.4687068   -24.112049      2.            2.            0.
    3.17693906    3.55859625    3.59050464    3.69817031    3.7081632
    3.71633605    3.76925144    3.90921916    3.99618191    4.01610615
    4.0357184     4.04023726    4.1131519     4.13652721    4.20137357
    4.22754214    4.25119338    4.35419967    4.37447692    4.53017032
    4.6247195     4.70333601    4.79028347    4.84874797    4.85181973
    4.9743417     5.02068904    5.03767595    5.13806835    5.16802355
    5.29315999    5.61739421    5.68973534    5.87506239    5.88472647
    5.96831574    6.01862759    6.09903933    6.18334654    6.23016292
    6.25091524    6.29326852    6.65552136    6.68588357    6.75127856
    6.80232724    6.87865863    6.91380047    6.91695599    6.93182603]
[   1.            0.            0.            0.            0.            0.
    0.            7.            0.            1.            0.            0.
    1.          -43.489182   -171.39781      62.360142     70.491135
 -164.30052     -63.981262   -158.92801      45.163406    -45.771156
   28.09409       2.2544644   -31.522537      3.            2.            0.
    3.59858601    3.64980366    3.91642203    4.45597326    4.46335257
    4.53341582    4.57970022    4.67870606    4.72282005    4.98738246
    5.00588166    5.05092795    5.17571369    5.18479203    5.36982759
    5.38040322    5.5007085     5.5744568     5.65489248    5.89788421
    5.98536281    6.11294393    6.15518546    6.20668089    6.28310428
    6.29231988    6.32540943    6.34425694    6.59326292    6.73375142
    6.78329133    6.7955767     6.80401235    6.81496726    6.85557286
    6.8580505     6.89368062    6.90328486    6.91675544    6.94312983
    6.95128772    6.96356847    7.00344608    7.01412331    7.11858952
    7.1316163     7.22615101    7.23164714    7.3788703     7.39307986]
[  0.00000000e+00   0.00000000e+00   0.00000000e+00   0.00000000e+00
   0.00000000e+00   0.00000000e+00   1.00000000e+00   3.80000000e+01
   0.00000000e+00   0.00000000e+00   0.00000000e+00   1.00000000e+00
   1.00000000e+00  -7.34584200e+01   1.72666060e+02   6.89751050e+01
   5.33389360e+01  -1.29184280e+02  -6.56479640e+01  -1.58748600e+02
   3.59982450e+01  -3.78671680e+01   2.40828080e+01  -5.93470220e-02
  -2.36014020e+01   2.00000000e+00   1.00000000e+00   0.00000000e+00
   3.81042677e+00   3.81870190e+00   3.95414236e+00   4.00753873e+00
   4.16979035e+00   4.25098652e+00   4.62521787e+00   4.69282940e+00
   4.73949625e+00   4.87372509e+00   4.92878724e+00   4.94175681e+00
   5.15948722e+00   5.77364124e+00   5.83654912e+00   6.19803959e+00
   6.28769119e+00   6.34017540e+00   6.40221555e+00   6.59935195e+00
   6.60301462e+00   6.64815395e+00   6.72467112e+00   6.77058777e+00
   6.90584064e+00   6.99555403e+00   7.01028383e+00   7.03266462e+00
   7.05591304e+00   7.07161509e+00   7.08178636e+00   7.09229097e+00
   7.11327475e+00   7.20044540e+00   7.21598474e+00   7.28494009e+00
   7.29238792e+00   7.46593092e+00   7.49687272e+00   7.49885563e+00
   7.55433312e+00   7.55619479e+00   7.55991954e+00   7.64323152e+00
   7.70347021e+00   7.89409604e+00   7.89866173e+00   7.94724782e+00
   7.96654011e+00   8.01961937e+00]
[   1.            0.            0.            0.            0.            0.
    0.           10.            0.            1.            0.            0.
    2.          -62.355766    170.27513      50.663612     71.941986
 -149.55695     -80.559731   -172.71367      39.389961    -41.692444
   24.066189      2.3154521   -27.499617      3.            0.            0.
    3.92742683    3.97953591    4.00729103    4.50818586    4.58728
    4.69141005    4.70742315    4.77248335    4.78062288    4.78827984
    4.79228202    4.80350042    4.89194196    5.05710187    5.1891637
    5.2588893     5.31319072    5.32382533    5.3267376     5.41556129
    5.43089179    5.46570566    5.48802968    5.61410836    5.67251654
    5.76241354    5.86881457    5.93828204    5.98298471    6.04362603
    6.04463744    6.04913097    6.07766902    6.21118405    6.29092501
    6.29658632    6.51636367    6.77435789    6.80717559    6.82024634
    6.99963447    7.02665893    7.08924861    7.09358081    7.15245011
    7.19492359    7.31502894    7.31679299    7.41583888    7.56671959]
[   0.            0.            1.            0.            0.            0.
    0.           18.            0.            1.            0.            0.
    2.          -69.070206    154.77039      79.670731     71.634445
 -157.76646     -86.038109   -163.19061      42.953857    -43.687653
   27.403431      0.66116011  -28.295654      3.            2.            0.
    3.98028698    4.03268205    4.18794301    4.23403567    4.51480016
    4.54761991    4.80973485    4.85015862    4.99144024    5.03759635
    5.04329311    5.09015583    5.16253038    5.32542361    5.45692028
    5.62064993    5.64722869    5.65093387    5.66282173    5.70380525
    5.88058508    5.91697509    6.061794      6.06398918    6.11170928
    6.1500017     6.22628041    6.23895885    6.29091856    6.32903119
    6.47307918    6.54195541    6.54385625    6.71699283    6.78330703
    6.86194256    6.87249758    6.87557762    7.04169729    7.05453175
    7.11881068    7.1334761     7.20406122    7.219322      7.25213658
    7.25936566    7.31211164    7.3449463     7.4308717     7.43413378]
[   0.            0.            0.            0.            1.            0.
    0.           28.            0.            0.            1.            0.
    2.          -71.880692   -134.75473      51.359631    150.10248
  -85.625511    164.24507     -79.510529    -30.45875      30.144308
  -17.814276     -2.1341417    20.88648       4.            0.            0.
    3.94597171    4.01896323    4.10290483    4.2130615     4.33186845
    4.48658538    4.54235506    4.54407832    4.67014048    4.73489996
    4.74040451    4.82334631    5.02331934    5.06716437    5.42657323
    5.58256261    5.59417752    5.86180602    5.95952153    5.98109865
    6.12755824    6.17569599    6.62484811    6.77258803    6.82544264
    6.87523718    6.9551549     7.01736615    7.02323886    7.03575711
    7.03695125    7.22699736    7.26181379    7.28128697    7.28573099
    7.28756967    7.43783749    7.44488025    7.50461018    7.56175522
    7.56746884    7.59863831    7.75943129    7.77468056    7.77837637
    7.78094995    7.85636705    7.88881203    7.90635635    7.94832573]
[   0.            0.            0.            0.            1.            0.
    0.           31.            1.            0.            0.            0.
    3.          -58.947201    175.99567      50.09687      85.467171
 -152.34724     -56.795502   -160.5705       38.241268    -35.599861
   19.16659       5.6933331   -29.073406      2.            1.            0.
    3.40181641    3.55053603    3.57850795    3.69571347    3.72991806
    3.76552073    4.19514742    4.21307498    4.39213933    4.4606418
    4.46458407    4.47994547    4.63095261    4.66261806    4.82841152
    5.18859392    5.25403801    5.31788475    5.33453293    5.71800961
    5.72853207    5.79434116    5.79769495    5.80003991    5.83277455
    5.89898276    5.98007236    6.01230847    6.08020978    6.15084479
    6.22817569    6.22822154    6.40859642    6.54901524    6.59360333
    6.63602409    6.71063705    6.80905918    6.90461544    6.93273512
    6.97556331    7.01195607    7.0941759     7.12501342    7.14064337
    7.17670333    7.24252852    7.41434838    7.4355312     7.52509811]
[   0.            0.            0.            0.            0.            1.
    0.           27.            0.            0.            1.            0.
    3.          -81.987518    151.4964       61.982285     73.627022
 -159.01807     -59.574818    179.1133       43.806637    -39.806732
   22.300488      5.0847287   -29.302439      3.            1.            0.
    3.11463391    3.50694533    3.57986907    3.62138529    3.63427035
    3.66634798    3.69027578    3.74516135    3.84843791    3.98143999
    3.98686995    4.04878632    4.13516419    4.27520832    4.2995011
    4.33542423    4.38048211    4.39015357    4.55678404    4.60346096
    4.74068702    4.82158203    4.85128337    4.8826279     4.95464604
    4.95785438    4.96480727    5.01864562    5.06342838    5.09173247
    5.10761842    5.43254354    5.66855393    5.78856227    5.79629028
    5.79833499    5.90736013    6.04865678    6.14734155    6.20664354
    6.2553305     6.30857709    6.32360592    6.44941544    6.52942943
    6.57922784    6.7684666     6.77662747    6.78234124    6.88687659]
[   1.            0.            0.            0.            0.            0.
    0.            7.            0.            1.            0.            0.
    2.         -137.94321     119.97654      42.052536     68.816689
 -157.78235     -75.750946   -163.96185      33.272129    -36.707405
   26.392744     -5.6262231   -16.837921      3.            2.            0.
    4.35305935    4.56918129    4.73096896    4.78081062    4.84545147
    4.85641151    4.98024853    5.14179878    5.16262546    5.1773872
    5.19160408    5.2086073     5.37629276    5.5421627     5.74402735
    5.74752502    5.80402411    5.89622427    5.9489778     6.04968697
    6.12831958    6.31677576    6.47843502    6.50519469    6.53068942
    6.57169416    6.77775527    6.80073353    6.85743639    6.92042529
    6.99123997    7.00963806    7.0566679     7.16284088    7.40658984
    7.41188008    7.42284293    7.44041353    7.46820433    7.50561583
    7.57872857    7.58204758    7.71860369    7.72682389    7.72839771
    7.76017741    7.76873535    7.83437514    7.83537831    7.8504996 ]
[   0.            0.            0.            0.            0.            0.
    1.           15.            0.            0.            0.            1.
    3.          -66.716469    177.72237      62.488235     79.136124
 -164.04289     -67.386642   -156.66646      32.970829    -34.283962
   23.765862     -2.8263931   -19.766407      2.            1.            0.
    2.79685309    3.33789947    3.42638174    3.47498286    3.55859625
    3.57222862    3.71343492    3.72177121    3.95309779    4.00154009
    4.11335394    4.2291073     4.40080783    4.43766697    4.56133822
    4.68059137    4.69487194    4.77674121    4.80121049    4.86103349
    4.88626397    5.07841905    5.12625307    5.34210637    5.44954974
    5.53810182    5.60464226    5.65846237    5.73511575    5.73541048
    5.80425337    5.93744799    5.96368626    5.99972322    6.09293213
    6.16951209    6.31084871    6.42622294    6.56337836    6.5920699
    6.65024846    6.66776168    6.70446037    6.76904769    6.79224079
    6.86304323    6.91930256    6.9786303     6.98578881    7.00427238]
[   0.            0.            0.            0.            1.            0.
    0.            6.            0.            0.            1.            0.
    3.          -57.718204    166.092        58.564407     75.625168
 -160.2533      -80.175232   -144.1053       32.957306    -42.148632
   35.346821    -13.972091    -13.562079      3.            0.            0.
    3.79566579    3.89268042    4.0313601     4.07653297    4.2412439
    4.31494975    4.35145624    4.70110295    4.95452821    4.9858911
    5.15096356    5.17091195    5.24839554    5.27018223    5.34512826
    5.3951595     5.41884871    5.42504458    5.4797336     5.50537023
    5.900714      5.98323543    6.00063395    6.01706464    6.09105007
    6.15922085    6.2387637     6.29649278    6.36589097    6.3771406
    6.42127116    6.44002119    6.48500076    6.63415746    6.73696388
    6.85294357    6.85538623    6.97328568    7.01542527    7.05893264
    7.13334684    7.13887172    7.14001597    7.17793371    7.21454454
    7.21867492    7.26145183    7.31004966    7.34556584    7.38967758]
[  0.00000000e+00   0.00000000e+00   0.00000000e+00   0.00000000e+00
   1.00000000e+00   0.00000000e+00   0.00000000e+00   1.00000000e+00
   0.00000000e+00   0.00000000e+00   1.00000000e+00   0.00000000e+00
   1.00000000e+00   9.99990000e+03   9.99990000e+03   6.99920810e+01
   7.40599210e+01  -1.42374790e+02  -6.02458500e+01  -1.73276210e+02
   3.68152200e+01  -3.01162530e+01   1.10425920e+01   1.18306310e+01
  -3.15848660e+01   3.00000000e+00   0.00000000e+00   0.00000000e+00
   4.23989198e+00   4.42203590e+00   5.13341451e+00   5.35033122e+00
   5.58723597e+00   5.67677225e+00   5.72072270e+00   5.83149142e+00
   5.93251688e+00   6.02158214e+00   6.16628503e+00   6.33839030e+00
   6.89872518e+00   6.93188725e+00   6.94198770e+00   6.96469467e+00
   6.99255639e+00   7.25454400e+00   7.34099659e+00   7.42517302e+00
   7.53590583e+00   7.61446206e+00   7.66180189e+00   7.75705407e+00
   7.81964771e+00   7.98519741e+00   8.09847777e+00   8.42111143e+00
   8.42529792e+00   8.51469609e+00   8.68910706e+00   8.78335608e+00
   8.78968319e+00   8.88555649e+00   9.00202634e+00   9.12855199e+00
   9.28800149e+00   9.28931867e+00   9.40532485e+00   9.63025803e+00
   9.78938585e+00   9.80898002e+00   9.83898338e+00   9.85378302e+00
   9.85759799e+00   9.90860628e+00   9.95867120e+00   0.00000000e+00
   0.00000000e+00   0.00000000e+00]
[   0.            0.            1.            0.            0.            0.
    0.           18.            0.            1.            0.            0.
    1.          -71.115883    160.26294      72.381256     67.073868
 -135.87338     -72.187408   -158.2825       35.525772    -37.654308
   23.327114      0.          -23.160542      3.            0.            0.
    3.20281099    3.36829725    3.63985773    3.77058955    3.79087345
    3.80124262    3.97135715    4.05409523    4.09025055    4.18053933
    4.26855264    4.34017759    4.36265       4.41039115    4.47147428
    4.52389287    4.75393914    4.7751796     4.99646001    5.11479906
    5.15540827    5.1924278     5.26307145    5.29748234    5.55674609
    5.74125499    5.83991229    5.88270206    5.91256911    6.0319257
    6.18248838    6.2154739     6.33807074    6.37320181    6.38702245
    6.50539022    6.52450786    6.58402208    6.60506333    6.80156586
    6.88043572    6.95101603    6.96630422    6.99110386    7.02103616
    7.05617982    7.07518193    7.13615097    7.14218982    7.17603119]
[   0.            0.            1.            0.            0.            0.
    0.           10.            0.            1.            0.            0.
    2.          -63.69418     165.19516      63.867195     73.831749
 -149.02243     -70.190857   -163.26735      36.639019    -36.056503
   20.451992      3.078861    -24.778755      3.            1.            0.
    3.38970509    3.61506889    3.75548557    3.8326956     3.97416029
    4.1622693     4.16620942    4.20371415    4.29950296    4.44929987
    4.49488831    4.52980795    4.54708732    4.73651424    4.79330442
    4.92614225    5.09349055    5.12006564    5.29906148    5.36868637
    5.54030644    5.55759698    5.56959027    5.67429857    5.71771758
    5.97433569    6.0209551     6.02844521    6.03291083    6.06786678
    6.09282536    6.14751861    6.24322448    6.30371908    6.31263178
    6.37849328    6.39760977    6.43086928    6.52220041    6.57554416
    6.58732681    6.71950326    6.7435368     6.83490148    6.90285629
    6.94084733    7.06930141    7.08015756    7.09567254    7.14582598]
[   0.            0.            0.            0.            1.            0.
    0.           22.            0.            0.            1.            0.
    1.           60.987438    179.36356    -153.39079      84.324394
 -119.63196     -42.033371     39.026585     35.956264    -35.955597
   17.4235        7.9854913   -28.374226      3.            0.            0.
    3.96284413    4.63273513    5.0858812     5.21837803    5.37601444
    5.62471399    5.78150208    5.80066694    5.95541933    6.03666278
    6.039404      6.14298392    6.23426791    6.24953759    6.25976655
    6.36474778    6.44522107    6.4681572     6.51670825    6.66293887
    6.71294151    6.85249914    6.90551932    6.91027088    7.01158511
    7.23323164    7.30413545    7.32240335    7.33232192    7.39045226
    7.39939896    7.41898553    7.49543782    7.49703228    7.56556314
    7.56776915    7.61380124    7.61416297    7.74436271    7.76971369
    7.78005222    7.89997277    7.9201636     7.93656957    7.94148337
    8.0200568     8.33935544    8.47083574    8.4757452     8.47587435]
[   1.            0.            0.            0.            0.            0.
    0.            9.            0.            0.            0.            1.
    1.         -112.22267    -179.34091      63.146652     72.779877
 -157.74203    -155.78557    -160.28401      40.442356    -39.494503
   22.983576      2.2598405   -26.973221      0.            1.            0.
    3.634919      3.74348714    3.74667002    3.77508266    3.81113809
    4.01227358    4.10765011    4.31480361    4.4536254     4.46819872
    4.6712021     4.77986231    4.84714538    5.12753124    5.15770196
    5.41153848    5.6290154     5.69132524    5.7385409     5.86245495
    5.89378916    6.13121273    6.14020361    6.33601454    6.55562449
    6.77876154    6.85199872    6.86287431    6.93340313    7.0423401
    7.04708601    7.07955149    7.11231547    7.19207605    7.20175808
    7.257044      7.26320495    7.38434249    7.38682649    7.39891457
    7.42370859    7.4335448     7.4389509     7.4745102     7.54703882
    7.72593871    7.78320605    7.94679609    8.07262654    8.24638194]
[   1.            0.            0.            0.            0.            0.
    0.            2.            0.            0.            1.            0.
    3.          -90.328758    153.99832      91.616196     77.552597
 -161.57379     -63.80373    -170.22116      35.532833    -34.130814
   19.716503      3.2538955   -24.135571      3.            0.            0.
    3.81312015    3.95996839    4.10325185    4.14390142    4.17194724
    4.40866443    4.62479987    4.65043697    4.70884976    4.7604268
    4.96060516    4.97522822    4.99539548    5.14303696    5.19212851
    5.20852436    5.21057897    5.23964471    5.28558483    5.48982601
    5.53226808    5.54855975    5.65871635    5.88310964    6.01209862
    6.02151547    6.1037458     6.17236154    6.22619817    6.29437626
    6.41269843    6.52571139    6.74597362    6.87287134    6.92314115
    7.02819806    7.18624587    7.23395183    7.6593423     7.68854394
    7.86635607    7.95618005    7.97981615    7.98666349    8.03438035
    8.08657288    8.10206081    8.21428991    8.28660008    8.30715956]
[   0.            0.            0.            0.            1.            0.
    0.           23.            0.            0.            1.            0.
    2.          -57.787201    160.08739      70.411942     74.340958
 -135.7179      -77.632439   -140.04613      45.370548    -37.700493
   15.43658      15.043641    -38.009689      3.            0.            0.
    3.43524633    3.60114752    3.61459358    3.98833416    4.02692794
    4.14258417    4.23708544    4.69708317    4.72205694    4.78931248
    4.8977528     4.99422822    5.10213244    5.15868661    5.25666935
    5.31688119    5.32805981    5.37256438    5.37491741    5.37808399
    5.38880319    5.58541315    5.61691285    5.62278272    5.6742078
    5.68616806    5.7677157     5.82242871    5.86141371    5.92269003
    5.95541933    6.25669245    6.32271706    6.54788411    6.62990404
    6.65602207    6.67164602    6.67841428    6.69839422    6.86510508
    6.88661063    6.88941139    6.92882103    6.93895866    7.00366823
    7.01348571    7.06933955    7.0957878     7.12496138    7.53497181]
[   1.            0.            0.            0.            0.            0.
    0.           19.            0.            0.            1.            0.
    3.          -87.577545   -172.20078      62.920845     72.391815
 -150.42247     -70.756813   -147.66637      44.623108    -42.871811
   26.413511      1.4716657   -29.749636      4.            0.            0.
    3.97232731    3.99381014    4.0239592     4.35556275    4.61994503
    4.65087013    4.68892029    4.69338556    4.78240195    4.82059952
    4.93480109    4.94770879    5.11790993    5.14422122    5.23391426
    5.24850761    5.25696997    5.25752077    5.29460498    5.4062902
    5.65146091    5.79925173    5.99091948    6.04629893    6.08110027
    6.13279509    6.14862303    6.15226814    6.19332565    6.35106294
    6.39058495    6.48176603    6.61897929    6.79162126    6.94020047
    6.94463819    7.12355976    7.35725967    7.4243562     7.52094897
    7.70393595    7.751644      7.92545911    7.98998492    8.03144985
    8.06670907    8.26283395    8.29043937    8.40509424    8.41401622]
[   0.            0.            0.            1.            0.            0.
    0.           31.            0.            1.            0.            0.
    3.          -86.114395    162.78627      85.882248     73.067299
 -151.46472     -64.584198   -165.42569      37.777229    -39.644829
   24.964317      1.1736985   -24.616768      5.            1.            0.
    3.19814784    3.64549526    3.95404441    3.97103695    4.01102684
    4.41572972    4.42935568    4.43468208    4.4928686     4.58826512
    4.70844853    4.77988969    4.86365647    4.86666317    4.90722768
    4.97777031    5.14162276    5.25939292    5.36973009    5.42115001
    5.44930963    5.54364435    5.58601247    5.69317352    5.75505253
    5.79445809    5.81002452    5.88555648    5.91414722    5.91484428
    5.94631833    5.99380035    6.10041       6.13840842    6.15494894
    6.18787631    6.24425255    6.43208639    6.58572027    6.5995716
    6.83453442    6.84785739    6.96932993    7.05134917    7.18425852
    7.25874275    7.35541039    7.41958247    7.45120046    7.45260255]
[   1.            0.            0.            0.            0.            0.
    0.           29.            0.            1.            0.            0.
    2.          -41.157394    144.59938      51.32711      74.040688
 -166.60194     -57.13821    -166.89067      46.603798    -40.161728
   20.32188      11.050541    -37.219067      3.            0.            0.
    4.30044898    4.40599901    4.45521816    4.57005955    4.59052105
    4.71182104    4.71964369    4.74407358    4.79830085    4.88841434
    5.04151551    5.1441641     5.1555778     5.19492061    5.19948541
    5.31492035    5.42413687    5.44167519    5.46078271    5.50919586
    5.55290981    5.68242336    5.75799206    5.9593068     6.08533132
    6.1273937     6.13678629    6.24376197    6.3583793     6.36916539
    6.53434988    6.53616883    6.56928749    6.64968429    6.65751709
    6.7550878     6.80414657    6.87400103    7.10903343    7.15801478
    7.18737851    7.22082923    7.27286279    7.30224844    7.35902807
    7.57977588    7.70121623    7.71504662    7.73522513    7.78059954]
[   1.            0.            0.            0.            0.            0.
    0.           12.            0.            1.            0.            0.
    1.         -127.02666    -158.59705      50.781849     86.062027
 -111.75449    -151.83319    -131.58406      36.968983    -36.581951
   22.190939      1.938459    -24.941021      1.            0.            0.
    3.78726627    3.82765009    3.85892877    3.9139915     4.42582752
    4.45958871    4.51115402    4.51905437    4.60649308    4.63274892
    4.69835626    4.8598042     4.86594451    4.98486745    4.99244909
    5.02096871    5.04346316    5.11060169    5.13159785    5.37867073
    5.45337094    5.5993066     5.73263002    5.73279943    5.75010906
    5.78233499    5.8092284     5.82321954    5.82550272    5.90894581
    5.90896884    6.06252462    6.15596719    6.32784622    6.33616852
    6.4496378     6.54508757    6.58446593    6.656661      6.6867268
    6.72592975    6.89643809    6.98626359    6.98816943    7.03075918
    7.07627554    7.20336201    7.23216449    7.31167589    7.34405074]
[   1.            0.            0.            0.            0.            0.
    0.            5.            1.            0.            0.            0.
    2.          -50.702824   -175.62494      70.772217     74.446754
 -162.94864      -9.4831114  -169.71083      39.310913    -38.073162
   22.311401      2.9820282   -26.500849      1.            1.            0.
    3.99886823    4.31990475    4.46865755    4.5739141     4.61113494
    4.61543838    4.63058302    4.87061263    5.01216477    5.03347954
    5.10797241    5.25088189    5.33196359    5.46604848    5.4744314
    5.55021445    5.68341886    5.77562852    5.87919504    5.95107059
    5.97791624    6.0348257     6.23038317    6.23181652    6.27220605
    6.29269725    6.42571743    6.49407819    6.56010651    6.65422327
    6.92813989    6.95694156    6.99219631    7.04003916    7.10690045
    7.19316794    7.2441761     7.29054542    7.50959425    7.58324615
    7.65477041    7.69596543    7.70586043    7.73257068    7.74158825
    7.74176519    7.79434342    7.81694079    7.91823092    7.98666768]
[   1.            0.            0.            0.            0.            0.
    0.           21.            0.            1.            0.            0.
    2.          -64.281021   -177.16495      65.863548     76.997604
 -158.90572     -66.43557    -170.03069      43.349411    -45.204086
   32.437866     -4.5053263   -25.2686        4.            2.            0.
    4.33638726    4.63378404    4.72117495    4.73675745    4.7895577
    4.83506728    5.00053041    5.09611515    5.12075377    5.13942602
    5.14668088    5.26187002    5.31292495    5.3200493     5.47947024
    5.61200627    5.62926344    5.68756427    5.79407256    5.91523969
    5.95120221    6.0683185     6.09397293    6.10776726    6.13926298
    6.19896026    6.20457287    6.27613996    6.31823718    6.3452864
    6.36641083    6.39276284    6.59365082    6.63569902    6.77877057
    6.80932167    6.82801977    6.88538827    6.88754013    6.90576091
    7.09761967    7.14744531    7.25401157    7.31829839    7.3679296
    7.41736734    7.5014439     7.52917911    7.5525593     7.62276907]
[   1.            0.            0.            0.            0.            0.
    0.           14.            0.            0.            0.            1.
    3.          -73.010864   -179.66544      58.864418     70.359879
 -144.47179     -57.245987   -152.65337      39.572071    -40.741505
   22.78027       3.206867    -27.944542      2.            0.            0.
    4.33216593    4.55887726    4.65581235    4.68366567    4.75966805
    4.83810955    4.84542742    4.99304592    5.04724742    5.05930657
    5.06128218    5.12893585    5.175548      5.25209671    5.40697697
    5.4290524     5.52046191    5.53207243    5.58187193    5.5994925
    5.70017599    5.81856705    5.94098054    5.94872517    5.95519154
    5.97388107    6.08123799    6.24167093    6.30228576    6.38528046
    6.40801063    6.50827565    6.58813747    6.604598      6.70127628
    6.74040051    6.78980264    6.85853962    6.91893714    6.98578881
    6.99933313    7.03250097    7.0485161     7.06345209    7.25767807
    7.26532529    7.31733848    7.53580766    7.5549709     7.63452118]
[   0.            0.            0.            1.            0.            0.
    0.           19.            0.            0.            0.            1.
    2.          -93.61058     171.12387      65.560555     80.772881
 -165.53584     -72.927483   -156.71152      42.351154    -41.296101
   26.132984      2.2277408   -27.612158      2.            1.            0.
    3.93513514    3.97556355    4.14468741    4.18795722    4.41461784
    4.43890648    4.47022404    4.51608201    4.5500162     4.56861471
    4.57528265    4.63728893    4.74618691    4.78205059    4.79090039
    5.14404123    5.23336367    5.29100917    5.36261295    5.41313351
    5.41558627    5.48838122    5.6290986     5.674347      5.82599194
    5.89480974    5.98626599    6.06617777    6.11195728    6.17613868
    6.22376333    6.24931953    6.30781994    6.37246133    6.40341048
    6.50782915    6.51149316    6.53693259    6.54317861    6.6857842
    6.76087311    6.81204173    6.81500112    6.97607262    7.07513951
    7.11287679    7.21398979    7.47677208    7.5041225     7.59634737]
[   0.            0.            0.            0.            1.            0.
    0.            9.            0.            0.            1.            0.
    2.          -55.747971   -158.13376      95.81884      84.517967
 -132.03477     -73.169029   -174.60455      41.95414     -33.709728
   12.019588     14.28048     -34.583862      4.            4.            0.
    3.00962112    3.66814683    3.89344249    3.94643782    4.12430669
    4.18016278    4.24207319    4.30554079    4.37554177    4.78075573
    4.90883531    4.92139894    5.11681331    5.16296796    5.19245421
    5.22667689    5.32983563    5.36092074    5.43099799    5.51157339
    5.52134679    5.53313496    5.65434525    5.68481805    5.79409607
    5.81547003    5.87134754    5.87517602    5.93828204    6.01065161
    6.29103112    6.3412387     6.43270195    6.49431354    6.64385477
    6.65560138    6.7990928     7.06392       7.09519124    7.11871387
    7.12461384    7.21807739    7.27873258    7.29178314    7.30683402
    7.32452489    7.39058092    7.41441134    7.45540373    7.48328186]
[   0.            0.            0.            1.            0.            0.
    0.           22.            0.            0.            0.            1.
    2.          -74.226166    176.95952      57.970837     71.099915
 -163.25471     -61.475147   -154.31927      39.823193    -37.636635
   20.661972      5.3310146   -28.656878      2.            2.            0.
    3.86772185    3.99888541    4.01125664    4.11215624    4.18619952
    4.32275497    4.39792562    4.55155784    4.61362269    4.7000074
    4.72421249    4.79503583    4.83506728    5.03422595    5.09753157
    5.10247004    5.19306931    5.23088767    5.28318237    5.30802981
    5.32550736    5.40918534    5.42070727    5.83073307    5.83320429
    5.87861786    5.89108707    5.99559617    6.03173044    6.06080144
    6.19052981    6.33390578    6.40981898    6.41935954    6.42253606
    6.52705617    6.5766627     6.71994117    6.72432773    6.78760115
    6.81792558    6.9980065     7.01107185    7.15955098    7.16084923
    7.18772601    7.33181918    7.3329095     7.40625021    7.57900523]
[   0.            0.            0.            1.            0.            0.
    0.           13.            0.            1.            0.            0.
    2.          -68.087082    128.37381      67.912788     78.637451
 -153.20633     -59.860329   -160.40576      38.44706     -41.251072
   28.047699     -1.4913472   -24.881973      3.            0.            0.
    3.527988      3.72843065    3.83365934    4.11685351    4.13517861
    4.18296434    4.37621585    4.61476911    4.6286291     4.67462804
    4.70147339    4.96856406    4.98791545    5.16705293    5.24947823
    5.25164667    5.31119405    5.31511541    5.3509937     5.45936571
    5.48004183    5.51307575    5.54365848    5.62090157    5.6243381
    5.67470987    5.82252952    5.85851015    5.99129575    6.05267688
    6.18361975    6.26615193    6.27286713    6.36353876    6.36457257
    6.40801063    6.4292945     6.54834944    6.77470857    6.95636722
    7.11073089    7.28719051    7.43890752    7.51115662    7.61224228
    7.63337741    7.66503728    7.68626032    7.82133171    7.91654601]
[   0.            0.            0.            0.            0.            1.
    0.           23.            0.            0.            1.            0.
    2.          -74.544899   -167.41243      59.287453     74.660286
 -147.30115     -45.496777   -127.19099      37.030701    -33.848213
   16.695635      7.2824636   -28.197964      1.            1.            0.
    3.60212615    3.6599719     3.83731534    3.93824782    3.94745929
    3.97045871    4.11764168    4.18302387    4.35226262    4.41310952
    4.47814522    4.66455877    4.71518797    4.95009845    4.9780938
    5.02691236    5.05353153    5.06074084    5.14515019    5.4506335
    5.50727379    5.59560062    5.61636625    5.61827005    5.77418548
    5.83650447    5.9093314     5.92195976    5.9231573     6.07685008
    6.20636411    6.20662577    6.20801107    6.22531677    6.22770631
    6.51326936    6.51555825    6.6299421     6.69330677    6.78314681
    6.79644428    6.81205689    6.81842057    6.88987729    6.92347126
    6.926064      6.94435391    7.02190971    7.04368803    7.06600878]
[   1.            0.            0.            0.            0.            0.
    0.            6.            0.            0.            0.            1.
    0.          -67.75634    -169.19684      65.858986    146.71123
 -111.61626     125.14388    -106.98428     -42.145466     28.666889
   -4.7220678   -23.665386     40.624687      1.            1.            0.
    4.01728516    4.04611493    4.43670094    4.5045227     4.51784855
    4.53658327    5.04437765    5.07481571    5.08161285    5.11719166
    5.13055205    5.13944876    5.21364554    5.21773692    5.31928224
    5.68218925    5.81736711    5.97488525    6.0068155     6.04541432
    6.11533854    6.16176378    6.16961771    6.23089028    6.23626437
    6.24093572    6.29393645    6.487922      6.5001644     6.5790754
    6.62288377    6.68425216    6.73367397    6.73526316    6.74036346
    6.76707308    6.7748192     6.87543205    6.88465011    6.92295245
    7.01503616    7.27773233    7.35049311    7.36058554    7.46078066
    7.52564725    7.56932242    7.61754991    7.67600157    7.77525193]
[  0.00000000e+00   0.00000000e+00   0.00000000e+00   0.00000000e+00
   0.00000000e+00   1.00000000e+00   0.00000000e+00   1.00000000e+00
   0.00000000e+00   0.00000000e+00   1.00000000e+00   0.00000000e+00
   1.00000000e+00   9.99990000e+03   9.99990000e+03   5.98977510e+01
   7.03681790e+01  -1.62910200e+02  -7.38242420e+01  -1.67290480e+02
   5.30931780e+01  -4.77996410e+01   2.13192250e+01   1.19684960e+01
  -4.18264470e+01   4.00000000e+00   0.00000000e+00   0.00000000e+00
   2.91019630e+00   3.43138219e+00   3.53717357e+00   3.58081660e+00
   3.61536457e+00   3.66615635e+00   3.84819177e+00   3.86765806e+00
   3.89445471e+00   4.01449034e+00   4.12372200e+00   4.13173260e+00
   4.27726050e+00   4.39891544e+00   4.41639875e+00   5.03421622e+00
   5.13593383e+00   5.25581480e+00   5.57264338e+00   5.59123587e+00
   6.01088670e+00   6.27037582e+00   6.51759809e+00   6.61806920e+00
   6.63455057e+00   6.73389429e+00   6.73561949e+00   6.79410856e+00
   6.96959730e+00   7.09856012e+00   7.22163778e+00   7.27581535e+00
   7.30814161e+00   7.32136761e+00   7.34191447e+00   7.35972866e+00
   7.36857851e+00   7.46689965e+00   7.47098880e+00   7.50923021e+00
   7.51197729e+00   7.51761092e+00   7.56543232e+00   7.56828009e+00
   7.99404170e+00   8.01253201e+00   8.02905868e+00   8.04921880e+00
   8.12500175e+00   8.12846657e+00]
[   1.            0.            0.            0.            0.            0.
    0.           28.            0.            0.            0.            1.
    2.          -80.858948    170.8392       60.736034     79.394508
 -169.10323     -57.77137    -154.38225      39.999413    -42.523247
   30.029154     -4.1926913   -24.296585      2.            1.            0.
    4.47194432    4.6129909     4.62222141    4.83865311    4.86249365
    4.86446202    4.97720885    5.00161591    5.07093449    5.16423484
    5.3013088     5.37832278    5.40051909    5.44658406    5.4694062
    5.62554849    5.65342138    5.65540597    5.67768451    5.71084839
    5.78506683    5.86723289    5.8871183     5.89340623    6.15394806
    6.2299523     6.26350391    6.43617365    6.53317221    6.61553285
    6.73090839    6.73860924    6.75171239    6.84142684    6.87721987
    7.07759276    7.092121      7.25180542    7.33957206    7.3627243
    7.48850565    7.52593635    7.56984879    7.59818251    7.61980901
    7.72579796    7.74017345    7.80379463    7.8077061     8.03634432]
[   1.            0.            0.            0.            0.            0.
    0.           17.            0.            0.            1.            0.
    2.         -115.10166    -129.40559      61.058037     81.154694
 -155.69957     -64.716904   -154.78609      34.424252    -34.108044
   21.455111      0.33161291  -21.460907      3.            1.            0.
    4.6065159     4.66470326    4.77123614    4.78433442    5.16903979
    5.19071021    5.21285321    5.24243116    5.26121182    5.35604235
    5.56769765    5.58085398    5.68429264    5.73608504    5.92778735
    5.95864697    6.03171553    6.17506565    6.19577797    6.28188113
    6.35629673    6.62717525    6.73053351    6.7743865     6.82335276
    6.85195851    6.90251854    6.9088505     7.02956372    7.03190954
    7.03809061    7.04212112    7.14577219    7.36374183    7.50917479
    7.51294398    7.63740255    7.6922448     7.70525472    7.73471517
    7.73557009    7.82317759    7.88074704    7.97853543    7.9934506
    7.99850635    8.05090293    8.06392789    8.13495061    8.1857162 ]
[   0.            0.            0.            0.            1.            0.
    0.           12.            0.            0.            1.            0.
    3.          -86.456955    173.80226      78.776215     74.767723
 -113.0474     -109.59364    -177.36136      38.588284    -42.373417
   33.194038     -9.8913746   -19.212761      4.            1.            0.
    3.52088923    3.57688006    3.57925342    4.02123953    4.17777975
    4.20111727    4.2115917     4.22388736    4.47270448    4.63843136
    4.64638529    4.71860973    4.78697714    4.80412517    4.81048196
    4.92319995    4.97402514    5.03008754    5.06628726    5.13995098
    5.31119405    5.46394784    5.59516194    5.74645016    5.78552455
    5.79069318    6.02365669    6.06037186    6.07267714    6.2464158
    6.24714305    6.36473315    6.74992029    6.92086777    6.92192332
    6.96234518    6.96741261    6.99691388    7.02252838    7.1038017
    7.25956037    7.29542152    7.30130583    7.3549446     7.45773875
    7.53021557    7.549912      7.54994698    7.57567678    7.71056215]
[   0.            0.            0.            0.            1.            0.
    0.           19.            1.            0.            0.            0.
    3.          -67.68602     164.60219      70.851265     78.358818
  176.72934      20.177883   -158.46761      41.004589    -35.669476
   15.128838     11.15        -33.14489       3.            3.            0.
    3.25559782    3.53656444    3.57296552    3.63062376    3.70039599
    3.93627304    4.12699638    4.17018261    4.18381061    4.22759224
    4.32963401    4.38244687    4.3932699     4.4576165     4.49595889
    4.57948017    4.6863411     4.7026755     4.80182669    4.84497609
    4.85546488    5.18560596    5.19832034    5.20121545    5.25820299
    5.38563901    5.66492723    5.68359281    5.68613032    5.7572629
    5.84065982    5.86306305    6.03060655    6.18377908    6.23543268
    6.33427745    6.44966147    6.68033419    6.69810406    6.75899473
    6.89044729    6.93405391    6.95421689    7.01618375    7.0615002
    7.11490549    7.13369146    7.15694962    7.33654987    7.5020161 ]
[   0.            0.            0.            1.            0.            0.
    0.           20.            0.            0.            0.            1.
    1.          102.92495     159.47142      56.087074    132.23294
   62.835381     72.447693   -115.36235     -31.537823     17.12328
    6.4909925   -27.198158     35.426819      1.            1.            0.
    4.1970628     4.48057907    5.02175454    5.24483707    5.60161344
    5.63641475    5.64802108    5.65301224    5.67864888    5.69626155
    5.7039536     5.78915587    5.86768219    5.87631563    6.06948006
    6.15563811    6.62033876    6.69180718    6.69589958    6.71602504
    6.78727026    6.80141276    6.86136267    6.8801298     7.00203251
    7.01691531    7.07208517    7.12364371    7.16798178    7.27701448
    7.42690623    7.50090247    7.51415557    7.55890513    7.82764763
    7.84771741    7.8942247     7.93196105    8.00561151    8.05882555
    8.0797196     8.19910957    8.25495038    8.27353019    8.30520533
    8.32986563    8.4437603     8.48614617    8.60006248    8.62481065]
[  0.00000000e+00   0.00000000e+00   0.00000000e+00   1.00000000e+00
   0.00000000e+00   0.00000000e+00   0.00000000e+00   3.30000000e+01
   0.00000000e+00   1.00000000e+00   0.00000000e+00   0.00000000e+00
   3.00000000e+00  -8.28904880e+01   1.73289470e+02   7.64146880e+01
   6.88723140e+01  -1.67119090e+02  -6.79989620e+01  -1.58079960e+02
   4.06578710e+01  -4.05182380e+01   2.59622820e+01  -1.18694060e-01
  -2.64208640e+01   3.00000000e+00   1.00000000e+00   0.00000000e+00
   3.66896495e+00   3.73430806e+00   4.01709656e+00   4.15625619e+00
   4.21179724e+00   4.47392840e+00   4.49359317e+00   4.64839595e+00
   4.67389576e+00   4.68650172e+00   4.74068127e+00   4.80211737e+00
   4.84256593e+00   4.99485528e+00   5.04222989e+00   5.14064085e+00
   5.23400605e+00   5.30609197e+00   5.39193303e+00   5.49839421e+00
   5.60749871e+00   5.68898416e+00   5.77927095e+00   5.89846378e+00
   5.91954797e+00   5.93281454e+00   5.94099592e+00   6.00827052e+00
   6.01507594e+00   6.05378645e+00   6.11488148e+00   6.20422095e+00
   6.25229715e+00   6.29916982e+00   6.36600638e+00   6.47374923e+00
   6.51358077e+00   6.64373251e+00   6.81607782e+00   6.96026509e+00
   6.96763695e+00   6.96901262e+00   7.00659310e+00   7.07737104e+00
   7.09629557e+00   7.10317586e+00   7.10341787e+00   7.24513495e+00
   7.28167579e+00   7.32832910e+00]
[   1.            0.            0.            0.            0.            0.
    0.           21.            1.            0.            0.            0.
    1.         -113.09782    -174.38046      47.689182     83.17662
 -138.95212     -32.962971   -139.74599      42.758827    -44.486969
   27.957155     -1.2987502   -26.763529      1.            1.            0.
    3.88057067    4.30907105    4.45448604    4.78584256    4.87199616
    4.90633526    4.95053141    4.95124543    5.22339847    5.2705109
    5.28003014    5.28411168    5.57292063    5.61693294    5.68890885
    5.7287585     5.78175745    5.82662523    5.89769555    5.92920047
    6.02774101    6.09364518    6.15567518    6.15818642    6.24265747
    6.28124682    6.34468424    6.3500714     6.39587072    6.55726861
    6.6754619     6.80214457    6.88898823    7.07545582    7.20753929
    7.21630154    7.31320787    7.31675397    7.33177158    7.34073234
    7.39793505    7.47326335    7.49981561    7.58406586    7.60895642
    7.72130968    7.78675532    7.85612521    7.96158605    7.96858025]
[   0.            1.            0.            0.            0.            0.
    0.           19.            1.            0.            0.            0.
    3.          -67.68602     164.60219      70.851265     78.358818
  176.72934      20.177883   -158.46761      41.004589    -35.669476
   15.128838     11.15        -33.14489       3.            3.            0.
    3.39718192    3.50203024    3.54636782    3.71458826    3.8522005
    3.8788623     4.02980784    4.23944945    4.29392612    4.38054463
    4.50689152    4.73690254    4.79552583    4.80112067    4.88015982
    4.98251012    5.18335866    5.19777459    5.27455182    5.31079944
    5.33705293    5.44683188    5.47770272    5.51117425    5.55333814
    5.63862951    5.75562918    5.80262044    5.83427344    5.84634945
    6.04032004    6.09552101    6.12353501    6.16899939    6.17941463
    6.21657796    6.22048436    6.25532629    6.34052437    6.37694401
    6.46266585    6.49538393    6.53501009    6.69133468    6.70256113
    6.70475905    6.76828271    6.89089103    7.02162678    7.09960923]
[   0.            0.            0.            0.            1.            0.
    0.           35.            1.            0.            0.            0.
    1.          -10.016848    100.15865      74.313347     70.337173
 -178.36098     -90.688782   -119.55289      34.007935    -43.262783
   33.174374    -10.198579    -15.211537      1.            2.            0.
    4.33021355    4.336625      4.47149528    4.47170906    4.50466844
    4.62153473    4.81034522    4.88554452    5.12811881    5.17359256
    5.44297755    5.47317565    5.52731882    5.57214785    5.81164779
    5.91322282    5.93749356    5.99816438    6.01402113    6.05393599
    6.10658822    6.18662197    6.23101389    6.26214974    6.31838457
    6.39283372    6.3962969     6.46979293    6.55444774    6.65144214
    6.67388778    6.73526021    6.82619845    6.87097106    6.9077357
    6.93950245    7.00105768    7.05542491    7.09155827    7.10612189
    7.11589517    7.11873192    7.1552559     7.17179894    7.19767514
    7.2035417     7.26074859    7.273445      7.46198495    7.46739765]
[   0.            0.            0.            1.            0.            0.
    0.           10.            0.            0.            0.            1.
    0.          -65.730698   -177.45847      69.556435    145.63087
  -88.262863     45.836384    -99.640938    -44.157173     28.575712
   -0.83298248  -29.673441     48.696869      0.            2.            0.
    3.44450755    3.92795395    4.08157537    4.90822416    4.98442169
    5.07965551    5.24183507    5.38178477    5.8957547     6.18184152
    6.19722184    6.46905356    6.62474404    6.80042019    6.84368404
    6.90432283    7.14670864    7.16554378    7.20472417    7.33813148
    7.36248867    7.52540829    7.54389059    7.58070088    7.59226613
    7.61315475    7.70669756    7.76137431    7.79469252    7.86272565
    7.92094374    8.11093876    8.149857      8.36497195    8.43241246
    8.58853825    8.64221242    8.71722343    8.77311231    8.78617919
    9.08518642    9.0958238     9.21177683    9.23375518    9.30817912
    9.43323371    9.63055781    9.67301537    9.68641049    9.72479232]
[   0.            0.            0.            1.            0.            0.
    0.           30.            0.            1.            0.            0.
    2.          -62.959663    157.89336      72.259209     72.707527
 -148.70482     -85.306587   -164.83566      41.750244    -40.623436
   20.982424      6.2105985   -30.775431      2.            1.            0.
    3.60727291    3.8750002     3.93375668    4.39634715    4.4851332
    4.58414352    4.70295612    4.81261077    4.81821884    4.87316001
    4.93085422    5.14162276    5.23620196    5.35994047    5.36964102
    5.64249537    5.6808205     5.68319645    5.69668884    5.72095546
    5.85200063    5.9692293     6.05025741    6.07089852    6.09183097
    6.12824887    6.14136911    6.29482099    6.29804369    6.31416705
    6.32669281    6.57763976    6.62669934    6.68279956    6.72295707
    6.86637798    6.93141894    6.95343789    6.95474252    6.96006314
    6.98774715    7.04111764    7.07463902    7.16207319    7.1978155
    7.22920108    7.34207302    7.34689765    7.38401675    7.42400717]
[   0.            0.            0.            0.            0.            0.
    1.           16.            0.            0.            0.            1.
    3.         -102.81361    -160.19325      62.82933      75.646332
 -155.19762     -73.110405   -156.10941      36.297688    -37.724571
   24.451305     -0.97257078  -23.434729      2.            2.            0.
    2.94597317    3.5556494     3.58263656    3.69489084    3.69860312
    3.7768206     3.78695735    3.80335029    3.84255984    4.04130351
    4.04961947    4.06840054    4.08810118    4.17828985    4.2455818
    4.29181769    4.30025832    4.33133057    4.51054208    4.55247266
    4.65073598    4.69895735    4.73800311    4.82127921    4.96483734
    5.02953894    5.12176336    5.15542619    5.16245804    5.1742613
    5.18485415    5.35665682    5.4065153     5.58554832    5.69731322
    5.78241113    5.93353265    5.97018685    6.236331      6.2918855
    6.33250237    6.34115813    6.34874296    6.43199545    6.56656967
    6.5958785     6.7125413     6.72065597    6.75497293    6.7759412 ]
[   0.            0.            0.            0.            1.            0.
    0.           12.            0.            0.            1.            0.
    0.         -148.88028    -168.1183       55.064331     74.348419
  176.3526      -93.447449    -99.827988     40.855099    -43.279964
   29.066366     -2.118402    -25.55282       1.            2.            0.
    3.4636467     3.82849239    4.65834972    4.80411087    4.80966129
    4.92017892    4.98764833    5.17574555    5.22427452    5.34907881
    5.35712824    5.40426815    5.49715909    5.60367039    5.8667648
    5.94944538    5.97440979    6.02463997    6.09561723    6.15263293
    6.17131877    6.17763154    6.24400001    6.31062196    6.43796098
    6.48951146    6.61954146    6.63684305    6.7667382     6.84920799
    6.91784436    7.01695875    7.09703761    7.10465741    7.13376969
    7.17750552    7.18109789    7.23520353    7.31402774    7.51102548
    7.5656079     7.58756767    7.87238323    7.87618264    8.01189433
    8.06081048    8.10657135    8.27645714    8.28942379    8.4269711 ]
[   0.            0.            0.            0.            0.            1.
    0.           15.            0.            0.            1.            0.
    2.          -70.400375   -178.6413       57.903561     72.527145
 -152.79518     -53.374947   -176.87506      46.833656    -43.647182
   22.8743        7.7022467   -34.943672      4.            0.            0.
    3.10496083    3.33575589    3.3739738     3.57148841    3.58164363
    3.69163059    3.73147141    3.75996212    3.76313077    3.76421518
    3.83337697    3.85848225    3.98943204    4.01256127    4.0283208
    4.08024847    4.11952134    4.13389135    4.23549188    4.25662863
    4.32245265    4.37444046    4.47612255    4.56887704    4.68737893
    4.77561494    4.78797203    5.11436126    5.13002721    5.15505856
    5.3704084     5.56839065    5.72412892    6.02622725    6.04811141
    6.06339437    6.13883072    6.14668318    6.24583967    6.28397518
    6.29350247    6.33867278    6.36792163    6.52917463    6.67349746
    6.73533169    6.76830327    6.80215338    6.80701676    6.81891541]
[   0.            0.            0.            1.            0.            0.
    0.            7.            0.            1.            0.            0.
    2.          -83.914497    173.59868      77.928543     78.615768
  178.16687     -48.455677   -145.00378      36.168835    -32.60923
   17.469677      5.7604799   -27.031576      3.            0.            0.
    3.9524018     4.02281838    4.16430737    4.19910801    4.35029494
    4.39251608    4.66798639    4.71641162    4.75731755    4.75942538
    4.77228361    4.79422008    4.84935607    4.89535037    4.95315726
    5.06184269    5.19112357    5.24839554    5.35656697    5.50303816
    5.54805385    5.62899554    5.74690141    5.76013574    5.81008342
    5.81397654    6.0159267     6.05554775    6.10006172    6.20649552
    6.30254462    6.30318823    6.36988548    6.42182643    6.51483967
    6.70888369    6.71554784    6.73035575    6.97818519    7.0930966
    7.1506043     7.22460127    7.3395165     7.44629584    7.45372515
    7.4742343     7.49529848    7.4992414     7.55246258    7.59210522]
[   1.            0.            0.            0.            0.            0.
    0.           18.            0.            0.            1.            0.
    3.          -67.242226    171.71033      62.824535     80.89431
 -152.18687     -65.239677   -154.64232      34.055584    -31.113443
   14.934269      7.7795782   -27.759516      3.            0.            0.
    4.21753803    4.54055561    4.56947404    4.57597566    4.70830718
    4.73795756    4.8443788     4.88785916    5.06328166    5.1178034
    5.19688924    5.28301573    5.37984718    5.39501187    5.42590842
    5.5108539     5.51467021    5.65462478    5.71406879    5.74032194
    5.97750692    5.97756095    6.07579999    6.11866998    6.12150617
    6.14195049    6.17836115    6.2459211     6.34165061    6.73984545
    6.83011267    6.84352865    6.9681264     7.01780662    7.04704659
    7.07524848    7.19944913    7.22721246    7.42088781    7.51310125
    7.63573693    7.63614023    7.63887936    7.69923146    7.72115354
    7.73869607    7.74276864    7.89305212    7.95058939    7.97392712]
[   1.            0.            0.            0.            0.            0.
    0.           26.            0.            0.            0.            1.
    2.          -82.099632    171.45419      60.569595     81.035652
 -169.38454     -61.610229   -158.20351      40.521801    -43.653378
   31.332249     -4.7529144   -22.83219       3.            1.            0.
    3.87618391    4.29628738    4.5133644     4.55333132    4.65767119
    4.76608059    4.98548288    5.05182096    5.11669731    5.13690346
    5.22754197    5.278852      5.3375409     5.442709      5.4504182
    5.48797867    5.49002765    5.56971522    5.69711783    5.72164088
    5.78594418    5.87310768    5.94600665    5.99723131    6.13624537
    6.35380231    6.37136505    6.42174164    6.55795392    6.60230464
    6.68431072    6.69136027    6.70375543    6.77234152    6.90786955
    7.13139569    7.15766037    7.16140697    7.24582748    7.39022887
    7.54438787    7.56825945    7.58317676    7.7117235     7.95482112
    8.17244879    8.29671283    8.30040043    8.31491995    8.41331809]
[   0.            0.            0.            0.            1.            0.
    0.           16.            1.            0.            0.            0.
    2.          -62.685764    171.3018       51.341316     76.81134
 -140.21849     -28.967903   -113.16437      25.349373    -29.342447
   22.369387     -5.3841224   -14.354639      3.            2.            0.
    3.87499458    3.88337492    3.89664253    3.93077912    3.93680072
    3.95419348    3.9611708     3.99601906    4.12601003    4.26014252
    4.31765964    4.36561711    4.50323281    4.572725      4.60193867
    4.68859643    4.69472859    4.70161302    4.70846915    4.75426812
    4.83440371    4.87858625    4.95213996    4.96680426    5.08087222
    5.09192362    5.09391408    5.10616658    5.15846441    5.19203523
    5.27735496    5.41750701    5.45873918    5.59687991    5.7127687
    5.78196362    5.81865547    5.8618343     5.98191867    5.99503344
    6.17749352    6.18210212    6.26038607    6.48596179    6.83612946
    6.89346195    6.89741038    6.90046654    6.91916416    7.12803469]
[   1.            0.            0.            0.            0.            0.
    0.           14.            0.            0.            1.            0.
    2.          -93.590973   -176.97391      61.965794     81.992706
 -128.5434      -67.87014    -116.35116      30.502571    -29.393454
   15.69051       3.8804009   -21.257246      3.            0.            0.
    3.72855562    4.31199226    4.70371091    4.81294035    4.85511452
    4.98794504    4.99144557    4.9998892     5.00696306    5.05941357
    5.114011      5.14546155    5.15131831    5.15909361    5.18022234
    5.31529124    5.3217474     5.38267573    5.51184901    5.51811788
    5.5403158     5.63156988    5.65351017    5.7552329     5.77379223
    5.78421964    5.82983242    5.83822581    5.86154951    5.88302234
    5.8953226     5.9533194     5.98212411    6.04259353    6.11735483
    6.13067094    6.14537831    6.17576995    6.18845332    6.41298723
    6.42738176    6.46583314    6.4923867     6.61315822    6.62828087
    6.68033883    6.70199934    6.81384955    6.91287575    6.9315415 ]
[  0.00000000e+00   0.00000000e+00   0.00000000e+00   0.00000000e+00
   1.00000000e+00   0.00000000e+00   0.00000000e+00   1.00000000e+00
   0.00000000e+00   0.00000000e+00   1.00000000e+00   0.00000000e+00
   1.00000000e+00   9.99990000e+03   9.99990000e+03   8.20091860e+01
   7.66622240e+01  -1.61182500e+02  -6.98161160e+01  -1.48842670e+02
   3.07525350e+01  -3.83154790e+01   3.09616450e+01  -1.31519900e+01
  -1.12480300e+01   3.00000000e+00   1.00000000e+00   0.00000000e+00
   4.57379934e+00   4.83271584e+00   5.20251074e+00   5.52145545e+00
   5.63124714e+00   5.73628618e+00   5.80857436e+00   5.88028532e+00
   5.89905734e+00   5.91080656e+00   6.26645042e+00   6.57030989e+00
   6.75074326e+00   6.85721404e+00   6.96609953e+00   6.97350947e+00
   7.06090389e+00   7.14288772e+00   7.27967925e+00   7.28318894e+00
   7.57476783e+00   7.76063275e+00   7.80630340e+00   7.82905414e+00
   7.87385757e+00   7.94545540e+00   8.00637813e+00   8.34083652e+00
   8.37828806e+00   8.50285724e+00   8.66176361e+00   8.94329917e+00
   9.01234321e+00   9.14910360e+00   9.21866502e+00   9.27631004e+00
   9.27652926e+00   9.31024825e+00   9.31773447e+00   9.44928908e+00
   9.67657177e+00   9.74415604e+00   9.75874477e+00   0.00000000e+00
   0.00000000e+00   0.00000000e+00   0.00000000e+00   0.00000000e+00
   0.00000000e+00   0.00000000e+00]
[   1.            0.            0.            0.            0.            0.
    0.            6.            0.            0.            0.            1.
    1.          -96.167747   -171.28813      63.665154     81.965256
  174.81027     -97.990997   -151.89705      38.71524     -36.957657
   19.201715      6.9118819   -30.068096      1.            2.            0.
    4.20989478    4.34311941    4.34867878    4.4037612     4.43278634
    4.4457996     4.51161643    4.57523488    4.58194334    4.73516017
    4.80318579    4.83454709    4.94951187    4.96133724    5.02832173
    5.08294148    5.18907409    5.27137525    5.48038258    5.4862069
    5.55661094    5.58077185    5.59921455    5.65508901    5.65804559
    5.80844935    5.85836034    5.90607912    5.99165915    6.00204456
    6.04221223    6.19808449    6.2103392     6.38040578    6.38135671
    6.38181806    6.47069555    6.65280249    6.76904275    6.93284483
    6.94636324    7.11051856    7.11701626    7.20133987    7.37405786
    7.40847704    7.52137028    7.57840486    7.57883119    7.64703739]
[   1.            0.            0.            0.            0.            0.
    0.           17.            1.            0.            0.            0.
    2.          -90.348289    176.92392      72.580002     73.386986
 -127.45393     -33.88932    -140.82675      36.631924    -31.137827
   10.09551      15.198152    -31.961428      1.            2.            0.
    3.89643563    4.03778356    4.0705048     4.63246308    4.64753155
    4.73023327    4.76039283    4.88111996    4.90645416    4.92587987
    5.07507412    5.12683825    5.28702369    5.29352528    5.33436883
    5.40768127    5.45066294    5.5439065     5.54781594    5.59666563
    5.69404968    5.96685621    5.98992005    6.08173582    6.17237576
    6.19514901    6.35645702    6.37283928    6.38730574    6.4384123
    6.74805107    6.8151495     6.82410673    6.92121978    7.03540951
    7.21156716    7.38725675    7.40245266    7.70383514    8.02574851
    8.19658775    8.21805994    8.23553072    8.38079601    8.41405067
    8.45561763    8.55576762    8.69753664    8.76960123    8.78670163]
[   0.            0.            1.            0.            0.            0.
    0.           13.            0.            0.            0.            1.
    0.         -128.48721    -169.47093      65.197586     75.479836
 -168.53778     -75.453621   -153.60283      44.136032    -40.04166
   17.347242     10.320184    -34.934528      0.            0.            0.
    3.97960669    4.14434064    4.64300823    4.79299945    5.0234713
    5.03126302    5.53900884    5.650287      5.79276504    6.07400709
    6.16560999    6.19975658    6.20856071    6.33751989    6.36428745
    6.43907975    6.45381712    6.47936005    6.70825087    6.78757001
    6.89594188    7.2594347     7.3037989     7.36325076    7.37252975
    7.74319023    7.75313394    7.78949225    7.87432558    8.00839802
    8.01151317    8.06992293    8.34124289    8.3468994     8.34722854
    8.36197111    8.37339861    8.48922427    8.5307607     8.58012612
    8.7549881     8.79755203    8.8095825     8.87281278    9.0767539
    9.09015736    9.39220871    9.39658123    9.40211329    9.49888051]
[   0.            0.            0.            1.            0.            0.
    0.            7.            0.            1.            0.            0.
    2.          -65.960602    162.79089      64.936783     70.787216
 -136.96262     -60.751263   -163.36092      42.834133    -38.540039
   17.728344     11.673843    -35.674309      3.            1.            0.
    3.59128056    3.78431488    3.84477904    3.92730549    3.92941917
    4.01017369    4.02782839    4.10137398    4.1148705     4.13948609
    4.21074213    4.29938715    4.53942041    4.56283937    4.86672375
    4.90272748    4.99571354    5.14451103    5.24170871    5.26275302
    5.54615892    5.5761781     5.62788996    5.66270954    5.6965188
    5.72618957    5.7442161     5.81617441    5.82632999    5.96950959
    6.05578185    6.17732447    6.25287281    6.31267434    6.38171727
    6.410214      6.46660191    6.49133652    6.54101869    6.57756306
    6.633746      6.64394576    6.82848984    6.85891051    7.00138373
    7.02083497    7.09665618    7.15958965    7.18822617    7.21024585]
[   0.            0.            0.            0.            1.            0.
    0.           11.            1.            0.            0.            0.
    3.          -83.310555    165.51996      78.095291     65.257607
 -164.57735     -61.508686   -159.8974       45.229115    -39.824879
   18.140064     13.041396    -39.274403      3.            1.            0.
    3.5698749     3.69722371    3.7777012     3.81030856    4.03310725
    4.28543804    4.36377505    4.42629642    4.56746944    4.57398304
    4.58697809    4.63178892    4.71405199    4.71552963    4.89571104
    5.02506281    5.06583872    5.18501795    5.19698751    5.32295579
    5.4087348     5.48018494    5.69002706    5.74772621    5.8942218
    5.95466379    5.97612633    6.01714735    6.04085933    6.07770298
    6.12170772    6.32699198    6.4653937     6.50701104    6.66451805
    6.83578321    6.84386592    6.96488576    6.99744175    7.0503618
    7.06623186    7.10911781    7.21521406    7.27429614    7.58351614
    7.61985688    7.67554165    7.67742247    7.76958199    7.9135795 ]
[   1.            0.            0.            0.            0.            0.
    0.           17.            0.            0.            1.            0.
    3.          -83.699463   -179.62936      63.988247     68.909225
 -156.07008     -74.91703    -128.43924      43.000938    -40.976871
   22.264172      7.4609032   -33.37204       3.            1.            0.
    4.41938068    4.5441246     4.67995775    4.72712477    4.7655484
    4.95549861    4.99796711    5.05652363    5.11479906    5.12609127
    5.22733376    5.2365169     5.40241517    5.51402803    5.56365202
    5.63461697    5.65611552    5.75106607    5.79066154    5.81437365
    5.96223365    5.9789376     5.99256307    5.99742138    6.39354215
    6.51445521    6.57373731    6.62131691    6.63511768    6.64930972
    6.65747749    6.73151688    6.98185768    7.03981493    7.0618854
    7.09659295    7.38972279    7.47615854    7.48725023    7.49980964
    7.74028597    7.83016363    7.89431486    7.99344047    8.10339564
    8.23199129    8.24296113    8.25876044    8.29775461    8.39166497]
[   0.            0.            0.            1.            0.            0.
    0.            5.            0.            0.            0.            1.
    1.          -72.462502    169.71748      70.685013     69.634148
 -175.13022     -87.438271   -149.48094      38.08329     -39.204678
   25.53043      -0.80818254  -23.453613      1.            2.            0.
    3.6771187     3.90811098    4.04995084    4.1360031     4.49935488
    4.57239399    4.61805188    4.77078129    4.85067089    4.9880262
    5.01541861    5.13658896    5.30288973    5.35171325    5.38639127
    5.42355669    5.53366385    5.55602341    5.66101304    5.8806356
    6.03091708    6.04659937    6.1222421     6.18028902    6.32728446
    6.36034739    6.36802258    6.66936713    6.67457694    6.80257212
    6.84686586    6.84998767    6.89464562    6.90664865    6.98361703
    7.06011921    7.16814702    7.19151878    7.29769458    7.41398563
    7.4659003     7.51418075    7.52151776    7.57601777    7.58566864
    7.59646586    7.74695643    8.02894136    8.06077856    8.09183798]
[   0.            0.            0.            0.            0.            0.
    1.           25.            0.            0.            0.            1.
    2.          -97.939224   -172.19917      63.621651     69.610535
 -163.25342     -71.843513   -151.71779      43.992329    -39.555218
   18.024811     12.654447    -37.993332      2.            2.            0.
    2.92383557    3.29381128    3.30883145    3.37947782    3.651302
    3.67888933    3.75083645    3.79316003    3.82898334    4.03589788
    4.12211442    4.13064334    4.15745625    4.20649769    4.50133963
    4.55583107    4.74190567    4.80070352    4.93881439    5.04452961
    5.09983333    5.15782812    5.41262139    5.45988414    5.49145751
    5.5873358     5.61736211    5.68762535    5.77088948    5.79770284
    5.92324594    5.99520566    6.05009705    6.10165743    6.17341799
    6.21250243    6.29360553    6.30087193    6.34780017    6.3808214
    6.44028805    6.5267567     6.56176217    6.63425874    6.70875283
    6.75550788    6.77738363    6.85560382    6.97631351    6.98564449]
[   1.            0.            0.            0.            0.            0.
    0.           13.            0.            0.            1.            0.
    1.          -56.557281    126.75978      71.125534     79.228668
  173.44801      23.150406   -158.11494      38.474976    -32.345108
   13.82564      11.338538    -32.531628      1.            3.            0.
    4.14056746    4.5544413     4.5718834     4.63255656    4.66597385
    4.69136776    4.72317047    4.75669834    4.78375985    4.95060131
    4.95392736    5.07198255    5.0828521     5.16270965    5.17380096
    5.27476649    5.29002991    5.36953773    5.40736579    5.47716723
    5.48394781    5.49738206    5.54599144    5.70251269    5.90013841
    6.0025285     6.10512161    6.11119149    6.2570424     6.2766662
    6.29683345    6.36944959    6.37244546    6.46300496    6.55614974
    6.7607614     6.78779806    6.89669843    6.90245911    6.90705363
    6.96840086    6.9695468     7.03258999    7.10683342    7.19739434
    7.20937941    7.32561592    7.60062976    7.60803956    7.66661388]
[   0.            0.            0.            1.            0.            0.
    0.           21.            0.            0.            0.            1.
    3.          -78.255089   -174.61832      60.142731     67.338051
 -153.34003     -76.48703    -155.76364      40.604805    -41.374001
   26.633253     -2.3866313   -24.627708      3.            2.            0.
    3.93407499    4.03852362    4.13428412    4.19085407    4.43170336
    4.43648321    4.46864497    4.49918769    4.50563585    4.54489727
    4.62481182    4.80549539    4.8102148     4.85548976    4.86494423
    4.87505128    4.94188394    5.12855855    5.28590005    5.30392566
    5.35733745    5.38815616    5.49971988    5.53991603    5.59238319
    5.68170425    5.78470876    5.85548842    5.86126789    5.98936234
    6.0331501     6.03406465    6.07617783    6.23538164    6.27186011
    6.3322679     6.3770358     6.45938853    6.47671154    6.5302924
    6.6727136     6.70418122    6.76625703    7.00137912    7.08370768
    7.15470629    7.17505862    7.17991136    7.30779847    7.32278664]
[  1.00000000e+00   0.00000000e+00   0.00000000e+00   0.00000000e+00
   0.00000000e+00   0.00000000e+00   0.00000000e+00   2.10000000e+01
   0.00000000e+00   1.00000000e+00   0.00000000e+00   0.00000000e+00
   2.00000000e+00  -7.14793170e+01  -1.64684420e+02   4.32926290e+01
   8.13779830e+01   9.99990000e+03   9.99990000e+03  -1.52998430e+02
   3.68710820e+01  -3.78416820e+01   2.23877680e+01   2.21558360e+00
  -2.58683110e+01   3.00000000e+00   1.00000000e+00   0.00000000e+00
   3.91358508e+00   4.17737969e+00   4.50614780e+00   4.61811733e+00
   4.84501584e+00   5.14037971e+00   5.28487087e+00   5.32898106e+00
   5.48955852e+00   5.67094759e+00   5.68861742e+00   5.84271923e+00
   5.90170087e+00   5.92124647e+00   6.01685349e+00   6.06410165e+00
   6.08409781e+00   6.19924832e+00   6.36754031e+00   6.42292918e+00
   6.51570258e+00   6.85460186e+00   6.87585553e+00   6.96506888e+00
   7.04944717e+00   7.26496544e+00   7.27824046e+00   7.33750574e+00
   7.41547229e+00   7.41822182e+00   7.66496993e+00   7.73616207e+00
   7.85961258e+00   7.88840351e+00   7.90802046e+00   7.94214965e+00
   7.99214513e+00   8.00591285e+00   8.01353249e+00   8.11009666e+00
   8.13010703e+00   8.14305355e+00   8.15063790e+00   8.15267530e+00
   8.19868398e+00   8.23176937e+00   8.25056805e+00   8.26770412e+00
   8.28128576e+00   8.36207452e+00]
[   0.            0.            0.            0.            0.            1.
    0.            2.            0.            0.            1.            0.
    3.         -118.23516     175.74959      96.625931     69.55172
 -139.31706     -64.038673   -172.12656      35.233673    -33.448006
   18.386965      3.6192021   -24.899353      3.            0.            0.
    3.04106656    3.48413443    3.5458119     3.58859093    3.59891191
    3.60181987    3.61175164    3.72094186    3.80831695    3.80836244
    3.81073224    4.04806724    4.07432258    4.16822541    4.18388787
    4.20151044    4.2287363     4.39748071    4.52802094    4.62201315
    4.68659063    4.75512795    4.8208537     4.86159481    4.86222158
    4.88145317    4.96681026    4.98388193    5.04245187    5.06478645
    5.27805854    5.31354168    5.44990424    5.45433045    5.70874338
    5.90416897    6.03469767    6.14573653    6.15126724    6.18836343
    6.37234928    6.38087253    6.41329767    6.63470374    6.67200474
    6.77357889    6.77833562    6.81718181    6.83579586    6.87168292]
[   0.            0.            0.            0.            1.            0.
    0.           25.            0.            0.            1.            0.
    3.          -49.221386    160.474        54.378567     78.427322
 -143.51181     -70.237007    176.73666      39.798298    -42.899895
   31.929729     -5.450357    -22.271606      3.            0.            0.
    3.47056816    3.66714821    3.68413511    3.88302757    4.04420266
    4.04595719    4.14265285    4.16442922    4.20841557    4.24982898
    4.33626853    4.52702584    4.54328585    4.81984311    4.84874887
    4.95974028    5.12239341    5.18862007    5.26170951    5.47418786
    5.48963187    5.54565141    5.67780394    5.77345151    5.86071387
    5.88645524    5.9505373     5.9671103     6.06445268    6.1071218
    6.19387043    6.28050191    6.33334189    6.34801982    6.38429018
    6.39218267    6.43967666    6.45922913    6.49140572    6.58407567
    6.65583178    6.78693827    6.83883773    6.84743952    6.8519311
    6.90088153    6.921136      6.99165546    7.01594978    7.12048122]
[   0.            0.            0.            1.            0.            0.
    0.           26.            0.            0.            0.            1.
    2.          -82.099632    171.45419      60.569595     81.035652
 -169.38454     -61.610229   -158.20351      40.521801    -43.653378
   31.332249     -4.7529144   -22.83219       3.            1.            0.
    3.51326492    4.01877729    4.02771006    4.08027954    4.18471506
    4.20665039    4.33229181    4.42583151    4.42865726    4.45598254
    4.5317115     4.79749028    4.84522513    4.88734158    4.99438702
    5.29529394    5.39873962    5.40720106    5.41502063    5.51418344
    5.55295529    5.55644635    5.5749697     5.60715174    5.64788906
    5.64827797    5.69033165    5.79255401    5.8817816     6.017087
    6.22582804    6.25409424    6.28517821    6.375747      6.50062786
    6.80478067    6.81948263    6.85302694    6.8566284     6.9254814
    6.96973482    7.21689886    7.29746103    7.52393948    7.54762478
    7.60213658    7.61758154    7.62409408    7.70412073    7.77917748]
[   0.            0.            0.            0.            1.            0.
    0.           18.            0.            0.            1.            0.
    1.         -128.12926     162.65981     153.27007      78.132271
 -104.91734    -139.32748     -73.798843     46.521439    -47.153679
   26.338593      1.9958636   -31.04925       1.            1.            0.
    3.69619113    4.15832644    4.20080772    4.35290464    4.49903529
    4.90737271    4.97140577    5.20096009    5.39291025    5.61124948
    5.70984576    5.78994852    6.13340988    6.15514123    6.20683584
    6.2155058     6.29834794    6.30968928    6.35991628    6.41131925
    6.43187805    6.49109047    6.60542125    6.6183653     6.71952673
    6.76478588    6.82027509    6.8962481     6.93465081    6.95285202
    7.15176144    7.31285892    7.34570733    7.3802138     7.60435578
    7.60813112    7.80961969    7.89667057    7.90428671    7.93435618
    7.98535507    8.12554544    8.14487846    8.18953781    8.29006431
    8.34404977    8.39199874    8.7058821     8.78783529    8.84887151]
[   0.            0.            1.            0.            0.            0.
    0.            5.            0.            1.            0.            0.
    1.          -67.305344    169.93315      52.08955      71.028732
  178.57411     -84.001785   -158.97278      43.457127    -43.94046
   28.732651      0.79598445  -28.264717      4.            0.            0.
    3.23308428    3.43332954    4.15368272    4.38634499    4.55028588
    4.64930688    4.68392435    4.79294881    4.83774708    4.98503212
    5.15533901    5.30183951    5.31881701    5.32266818    5.34911516
    5.48710958    5.55824455    5.60858521    5.62862818    5.66425824
    5.71093932    5.73525485    5.87409438    5.88633288    5.9273441
    6.02891973    6.07761814    6.09392105    6.11662368    6.24639457
    6.28493727    6.2987676     6.31203426    6.32763027    6.38379585
    6.46137403    6.55417916    6.6384859     6.74745436    6.77264577
    6.82969353    6.84050335    6.88591705    6.9053813     6.93671523
    6.94908705    7.00362582    7.08570899    7.12503326    7.16272006]
[   0.            0.            0.            1.            0.            0.
    0.           12.            0.            1.            0.            0.
    1.          -69.889893    167.28772      84.344681    144.86496
 -127.45743      39.99118    -118.2437      -40.691242     27.843472
   -1.3117932   -26.011377     43.329327      0.            2.            0.
    3.69180955    4.04716409    4.12486243    4.30721527    4.33206504
    4.33403547    4.50235982    4.64754938    4.79858922    4.866601
    5.0510425     5.23042085    5.61511196    5.65393846    5.87384899
    6.70988025    6.72529351    6.79804531    6.87849295    7.12092788
    7.70898609    7.71574678    7.86956452    7.87432558    8.02128846
    8.32415158    8.42360274    8.68767415    8.69095441    8.95283452
    9.03035905    9.03776945    9.17270718    9.34685872    9.5131477
    9.59276641    9.78819213    0.            0.            0.            0.
    0.            0.            0.            0.            0.            0.
    0.            0.            0.        ]
[   1.            0.            0.            0.            0.            0.
    0.            4.            0.            0.            1.            0.
    2.          -80.707138    179.73607      67.664833     75.206009
 -150.76402     -56.819485   -167.6125       40.79298     -42.115643
   28.188589     -1.7554657   -25.745564      3.            1.            0.
    4.30764659    4.41392266    4.5471376     4.55164927    4.69937299
    4.82269081    4.96725303    5.15003822    5.17892913    5.22400205
    5.24226554    5.31875448    5.35154134    5.6052697     5.66110007
    5.7398485     5.81107677    5.87387511    5.97043592    6.00500106
    6.01461999    6.01850115    6.06519216    6.23059637    6.26944127
    6.61275012    6.68152115    6.81424377    6.83066354    6.90821141
    6.92532441    6.99529922    7.03335746    7.06412288    7.11864754
    7.17118176    7.25715313    7.28741735    7.32343516    7.55802634
    7.5933652     7.67766127    7.73230541    7.75163188    7.78829991
    7.84353009    7.89823632    7.92209025    7.97298395    8.00193741]
[   1.            0.            0.            0.            0.            0.
    0.           17.            0.            0.            0.            1.
    0.           56.841957   -150.18045      61.336685    148.12279
 -100.70815     -63.795307   -124.80917     -46.047447     30.564053
   -3.2526317   -27.221437     45.132988      0.            0.            0.
    4.43658       4.99703021    5.03437821    5.28589831    5.28769456
    5.53046839    6.65468812    6.74574322    6.80585339    7.31315027
    7.38742267    7.8820369     8.00472997    8.121566      8.26081052
    8.28540066    8.60377415    8.66369549    8.8832056     9.00390989
    9.0819391     9.11404356    9.11450874    9.15108242    9.16339988
    9.27578391    9.36268055    9.66699186    9.74713067    9.76379245
    9.92697128    0.            0.            0.            0.            0.
    0.            0.            0.            0.            0.            0.
    0.            0.            0.            0.            0.            0.
    0.            0.        ]
[   1.            0.            0.            0.            0.            0.
    0.            8.            0.            0.            1.            0.
    1.          -77.822411    179.70128      61.05827      76.444214
  177.46448     -73.847733   -132.29247      40.022301    -37.424156
   20.691414      6.091814    -29.312847      1.            3.            0.
    3.77372219    3.89156485    4.12755678    4.27662254    4.39823359
    4.41962183    4.45956624    4.49294628    4.61375211    4.6163253
    4.73417818    4.80608112    5.12281869    5.15667726    5.199303
    5.22299654    5.46625002    5.65908674    5.76553767    5.77418548
    5.86702113    5.89614039    5.96484766    6.30324791    6.30727872
    6.35278944    6.35490461    6.38117711    6.40674502    6.66950853
    6.69984727    6.74535756    6.75035117    6.97900221    7.00083953
    7.0204298     7.12621462    7.23712818    7.25894423    7.50131048
    7.77525193    7.83876679    7.92388034    7.93433351    7.94079829
    7.94675678    7.96811118    8.00843687    8.02868004    8.10684147]
[   0.            0.            0.            1.            0.            0.
    0.           21.            0.            1.            0.            0.
    2.          -82.659683    172.26154      73.718224     70.291519
 -152.29262     -59.479668   -160.16156      40.808857    -38.197872
   20.834875      6.6226749   -29.119335      3.            0.            0.
    3.74076132    3.74481768    3.90021098    4.02162789    4.0487343
    4.13983106    4.15311579    4.33194404    4.38194141    4.49591871
    4.74486045    4.80282159    4.82090247    4.96767795    5.04816147
    5.10073293    5.19002609    5.22075065    5.32825434    5.41349927
    5.49888018    5.60865187    5.64489036    5.69626943    5.72483633
    5.79437159    5.83198777    5.8529175     5.85860158    5.87635665
    5.89776101    6.05243739    6.05715958    6.24101922    6.24233369
    6.31783613    6.37273918    6.39928308    6.43145004    6.47876087
    6.53098887    6.75969733    6.79213266    6.8868078     7.04340212
    7.04955027    7.08261932    7.12627758    7.14548658    7.16558366]
[  0.00000000e+00   0.00000000e+00   1.00000000e+00   0.00000000e+00
   0.00000000e+00   0.00000000e+00   0.00000000e+00   2.90000000e+01
   0.00000000e+00   1.00000000e+00   0.00000000e+00   0.00000000e+00
   2.00000000e+00  -7.24205470e+01  -1.79757710e+02   6.25880810e+01
   7.21981050e+01   9.99990000e+03   9.99990000e+03  -1.65797640e+02
   3.87928240e+01  -3.72541240e+01   2.28193110e+01   2.26813960e+00
  -2.75689620e+01   4.00000000e+00   0.00000000e+00   0.00000000e+00
   3.47937944e+00   3.48652772e+00   3.49317376e+00   3.94356943e+00
   4.07666459e+00   4.12793132e+00   4.56054375e+00   4.58051245e+00
   4.61737246e+00   4.65359212e+00   4.66582220e+00   4.70000038e+00
   5.00546168e+00   5.03421622e+00   5.33117159e+00   5.53439304e+00
   5.62554849e+00   5.74829195e+00   5.79319155e+00   5.88882409e+00
   5.89870258e+00   6.06745024e+00   6.21158601e+00   6.26906736e+00
   6.65810230e+00   6.66178358e+00   6.70401485e+00   6.76245087e+00
   6.92817212e+00   6.93160396e+00   6.96859538e+00   7.02224720e+00
   7.09529720e+00   7.17911953e+00   7.19292464e+00   7.24873448e+00
   7.34290490e+00   7.35187836e+00   7.45667278e+00   7.47559824e+00
   7.63044894e+00   7.65529904e+00   7.70546218e+00   7.80634712e+00
   7.88182785e+00   7.93394057e+00   7.93534781e+00   7.95703182e+00
   7.96302492e+00   8.02122416e+00]
[   0.            0.            0.            1.            0.            0.
    0.           15.            0.            0.            0.            1.
    0.          130.72693     101.35172      55.251789     77.311478
 -174.48253     115.85313    -143.65103      32.928444    -36.523571
   24.944901     -3.1207325   -19.92692       0.            1.            0.
    4.96368624    5.0457549     5.68480013    5.93781349    6.11616834
    6.14982948    6.15295853    6.49328065    6.81442777    7.31757441
    7.54123369    7.63582045    8.03208307    8.12111105    8.17908886
    8.23888958    8.25200581    8.65702332    8.66257276    8.67783716
    8.68891642    8.70514875    8.81360844    9.14946664    9.2748132
    9.32458904    9.33573713    9.44180828    9.59159157    9.66271477
    9.72918224    9.752908      9.77950162    9.84358169    9.86928265
    9.88944124    0.            0.            0.            0.            0.
    0.            0.            0.            0.            0.            0.
    0.            0.            0.        ]
[   0.            0.            0.            0.            1.            0.
    0.           23.            1.            0.            0.            0.
    3.          -81.601936    175.54552      63.883263     85.324547
 -166.06749     -88.760597   -151.11049      41.528389    -41.62569
   28.229883     -2.4687068   -24.112049      2.            2.            0.
    3.68921385    3.82526015    3.87168413    3.89432809    4.02227468
    4.03907186    4.04908892    4.09940784    4.37214307    4.48515471
    4.61779489    4.725555      4.74679597    4.85324748    5.0652775
    5.08063813    5.11511025    5.41128202    5.65828367    5.87979922
    5.93737917    5.97456793    6.04579655    6.08833687    6.15178442
    6.31567727    6.32522515    6.40097462    6.61341187    6.65203436
    6.673377      6.75004067    6.77506887    6.85658338    6.86054061
    6.87128242    6.96881785    7.00131241    7.06181955    7.19696111
    7.20415404    7.3374364     7.40970952    7.4168175     7.47143429
    7.49971678    7.54608555    7.56502311    7.57421454    7.58304955]
[   1.            0.            0.            0.            0.            0.
    0.           10.            0.            0.            1.            0.
    3.          -69.219414    175.2245       52.481918     76.169754
 -122.29012    -105.46455    -173.84886      47.074245    -45.812363
   25.391983      5.1718392   -32.613258      3.            0.            0.
    3.90899322    4.17597472    4.2639238     4.50872603    4.63859869
    4.81956393    4.9330812     4.93984408    4.97066841    5.0404911
    5.05488272    5.08992168    5.13492432    5.34425669    5.43609579
    5.5392088     5.56198355    5.56833624    5.65208913    5.73202567
    5.73816638    5.76197528    5.76550485    5.78168123    5.92992961
    6.00862507    6.04466705    6.20700788    6.31976358    6.36682031
    6.3858824     6.53774424    6.59246043    6.70515065    6.77400783
    6.77675002    6.87025578    6.87992988    6.91963979    7.04180031
    7.16700564    7.37634394    7.503213      7.60735458    7.70315418
    7.91468022    7.92082102    7.98618732    8.03216017    8.03563006]
[   1.            0.            0.            0.            0.            0.
    0.           31.            0.            0.            1.            0.
    2.          -65.64167    -154.58177      54.176601     79.284874
 -167.76846     -67.06707    -113.68198      40.674671    -38.584469
   20.864944      5.1310658   -29.360977      1.            2.            0.
    3.80616176    3.93873386    4.19684649    4.43552335    4.47663167
    4.62380121    4.6302972     4.64278607    4.77715756    4.92167863
    4.97856536    5.02819084    5.0427811     5.10689831    5.19715557
    5.2145773     5.21742011    5.8742684     5.93211231    5.96612467
    5.96975064    5.98769549    6.19693178    6.21724022    6.25800779
    6.27919949    6.29465695    6.31496736    6.3827839     6.40442409
    6.42854366    6.5026933     6.50562169    6.51815232    6.64807096
    6.67589204    6.70690473    6.81310074    6.89026636    7.00174622
    7.04779971    7.16364622    7.2332703     7.24230384    7.27721385
    7.35378376    7.44143483    7.48045928    7.58023695    7.61455306]
[   0.            0.            1.            0.            0.            0.
    0.           11.            0.            1.            0.            0.
    1.          -99.449562   -160.89388      60.929607     81.030342
 -151.49571     -68.034935   -155.92084      35.025055    -35.277119
   20.311337      1.5263653   -23.988657      3.            2.            0.
    3.30885265    4.00125541    4.09381214    4.39094644    4.47958233
    4.63843136    4.66970761    4.76282763    4.88948026    5.05404296
    5.1631277     5.21732016    5.50451334    5.61675367    5.64917265
    5.67798816    5.73568816    5.82520403    5.83360954    5.87592242
    6.06314275    6.18721287    6.19276243    6.2230474     6.24450723
    6.27595951    6.3305316     6.34143062    6.3461013     6.38973606
    6.40661583    6.40962176    6.42061949    6.42118944    6.42795793
    6.46983739    6.56123691    6.74881894    6.83824508    7.0249619
    7.06667564    7.1425629     7.2162145     7.27016738    7.30470304
    7.31601162    7.40579231    7.47322042    7.49511497    7.49832621]
[   1.            0.            0.            0.            0.            0.
    0.           11.            1.            0.            0.            0.
    3.          -64.159439    171.16908      65.607651     80.183327
 -171.71346     -68.41777    -138.06883      35.758194    -38.040321
   23.361597      1.7278239   -24.767672      3.            1.            0.
    3.4685339     4.06410529    4.38719278    4.5620555     4.57426415
    4.6158743     4.62067773    4.83068014    4.83891384    4.85856672
    4.90341877    5.0777443     5.07849434    5.0820993     5.17278001
    5.26062223    5.46579464    5.50824784    5.51460132    5.53622309
    5.61127544    5.62385924    5.67251654    5.88955674    5.90297363
    5.97218192    6.04574177    6.056884      6.26864439    6.29540549
    6.31673462    6.32427397    6.59907135    6.70228723    6.7067998
    6.72792145    6.76415541    6.81344973    6.83968243    6.87439132
    6.90822941    6.96130116    7.03139473    7.10908907    7.30680394
    7.33984613    7.38712799    7.40478923    7.66825156    7.6733932 ]
[   0.            0.            0.            1.            0.            0.
    0.           11.            0.            1.            0.            0.
    3.          -71.38353     166.686        73.528999     86.449883
 -144.72076     -65.507362   -151.92247      31.463831    -30.320759
   18.077711      2.5970643   -22.043924      3.            0.            0.
    3.86495197    3.87304053    3.94844673    3.9928975     4.07495124
    4.11006009    4.23091816    4.3998428     4.66390389    4.70647984
    4.73651424    4.83746042    4.85712765    4.93140681    5.00161754
    5.01166404    5.0547292     5.08612557    5.20111206    5.238999
    5.46854844    5.50165354    5.50530997    5.58112269    5.67453876
    5.67607555    5.77884645    5.81629961    5.84792179    5.87867415
    5.92040667    5.92725515    5.93996749    5.9632304     6.01816226
    6.1659668     6.28310212    6.29134944    6.3618446     6.47265668
    6.61020206    6.71853865    6.83610112    6.90719078    6.92745131
    7.07669288    7.09710669    7.13650992    7.24560709    7.2704357 ]
[  0.00000000e+00   0.00000000e+00   0.00000000e+00   1.00000000e+00
   0.00000000e+00   0.00000000e+00   0.00000000e+00   4.10000000e+01
   0.00000000e+00   1.00000000e+00   0.00000000e+00   0.00000000e+00
   2.00000000e+00  -5.35755390e+01   1.51208820e+02   5.28275030e+01
   8.01429750e+01   9.99990000e+03   9.99990000e+03  -1.78655640e+02
   3.74076080e+01  -3.85667690e+01   2.50793110e+01   1.60912470e+00
  -2.58726690e+01   3.00000000e+00   0.00000000e+00   0.00000000e+00
   3.96940667e+00   4.03385276e+00   4.04557744e+00   4.07842297e+00
   4.11389884e+00   4.13153825e+00   4.26076700e+00   4.28277919e+00
   4.41586722e+00   4.52182876e+00   4.67075824e+00   4.83696026e+00
   5.00970253e+00   5.14564607e+00   5.28554780e+00   5.36050616e+00
   5.45875037e+00   5.52333860e+00   5.77284394e+00   5.87860002e+00
   6.00137450e+00   6.08292287e+00   6.16267023e+00   6.21455738e+00
   6.27880115e+00   6.42940437e+00   6.62357241e+00   6.64624326e+00
   6.72518681e+00   6.87840617e+00   7.08140713e+00   7.08875894e+00
   7.38514131e+00   7.48556222e+00   7.53967688e+00   7.55156992e+00
   7.64380096e+00   7.74572783e+00   7.75931118e+00   7.77842436e+00
   7.81738291e+00   7.83765983e+00   7.86436075e+00   7.90274497e+00
   7.92620137e+00   8.06116627e+00   8.06559492e+00   8.13926583e+00
   8.15849971e+00   8.16004240e+00]
[   0.            0.            0.            0.            0.            1.
    0.           12.            0.            0.            1.            0.
    3.          -67.14843    -176.54633      50.883392     89.048897
 -165.96646     -52.784584   -149.46078      43.536762    -39.694294
   20.181032      7.5848589   -33.414318      3.            0.            0.
    2.947564      3.36754055    3.39539111    3.40682891    3.5079632
    3.58475932    3.65040158    3.75732589    3.7576511     3.77064766
    3.77300245    3.78691455    3.95247385    4.00545803    4.05801074
    4.09815333    4.13944086    4.26329082    4.27897386    4.41199139
    4.45854481    4.53431311    4.71368939    4.90784295    4.93511039
    5.00613657    5.08717861    5.11320111    5.13923695    5.14686984
    5.2430699     5.24405021    5.39036536    5.47030202    5.54241949
    5.66744416    5.7558226     5.76425077    5.79936852    5.8729156
    6.22295646    6.2288385     6.34872318    6.36903741    6.61483302
    6.75424663    6.76724337    6.86496073    6.89937393    6.91208281]
[   0.            0.            0.            0.            0.            1.
    0.           21.            0.            0.            1.            0.
    3.          -83.872009    176.24788      76.920639     84.330566
 -151.88187     -72.420448   -159.00322      31.188606    -32.295464
   19.935165      0.97297311  -20.532824      3.            1.            0.
    3.10263244    3.21627015    3.48178002    3.48666938    3.49373213
    3.74503255    3.78338401    3.80954752    3.82949417    3.85491587
    3.86538133    3.90805499    3.93301694    3.9816156     4.01341823
    4.03238846    4.08077687    4.20519251    4.21927515    4.42416963
    4.48810079    4.52681774    4.53453795    4.5837556     4.61325912
    4.63062727    4.73788616    4.74204964    5.08552312    5.26490539
    5.34754108    5.56695509    5.63214257    5.76915916    5.80602632
    5.8836977     6.05344441    6.11500155    6.21349641    6.38173255
    6.4776837     6.48656936    6.63221747    6.64042566    6.80224418
    6.81373458    6.82458672    6.83090396    6.92184394    6.94243868]
[   0.            0.            0.            1.            0.            0.
    0.           21.            0.            1.            0.            0.
    1.          -66.495285   -174.58392      74.548332    145.2484
 -108.05978      80.913589   -150.48239     -30.540728     23.193766
   -6.7651787   -15.248821     29.068092      0.            1.            0.
    4.0375539     4.09639751    4.11863609    4.22133177    4.4534477
    4.45441088    4.47298247    4.58352005    4.59335962    4.70981912
    4.71533123    4.72989965    4.82595818    4.82893268    4.89087392
    5.01084912    5.02470639    5.08796998    5.09549657    5.1025288
    5.48276126    5.57396429    5.64951376    5.74696723    5.93822024
    5.95085329    6.07965957    6.1117634     6.26157179    6.30508487
    6.32048464    6.53490152    6.88506797    6.93422192    6.94456371
    6.96866251    7.01938484    7.04296823    7.15570231    7.33247561
    7.3360877     7.34518237    7.42590409    7.49992071    7.73923104
    7.74846585    7.7522245     7.8039797     7.92139735    7.92773963]
[   0.            0.            0.            0.            0.            1.
    0.           10.            0.            0.            1.            0.
    3.          -69.219414    175.2245       52.481918     76.169754
 -122.29012    -105.46455    -173.84886      47.074245    -45.812363
   25.391983      5.1718392   -32.613258      3.            0.            0.
    3.18016912    3.23724981    3.32518294    3.41188133    3.41793155
    3.49986145    3.54016312    3.77619431    3.78507056    3.81916716
    3.91109814    4.13607093    4.14389412    4.14425449    4.15290507
    4.20268794    4.2027616     4.466691      4.4703873     4.50168267
    4.50611714    4.53746491    4.55461019    4.62551437    4.71302478
    4.75904972    4.79884412    4.94543038    4.9836921     5.00231844
    5.08614862    5.14397682    5.16096194    5.19126347    5.54469365
    5.5627586     5.6417504     5.73085928    5.87449381    5.87628588
    5.90846296    6.07542583    6.08268331    6.18051812    6.24376197
    6.36222261    6.47435085    6.5738092     6.60691193    6.6693426 ]
[   0.            0.            0.            0.            1.            0.
    0.           22.            1.            0.            0.            0.
    2.          -76.683701    175.54236      62.518364     77.609467
 -173.77728     -92.965729   -118.54607      39.778851    -32.091705
    9.2486029    16.710524    -34.690975      1.            1.            0.
    3.9036898     3.99286208    4.11002245    4.20291175    4.51510507
    4.51811393    4.53360446    4.54440388    4.5837556     4.60193808
    4.72388199    4.77735254    4.84850104    4.86410186    4.98797443
    5.06655388    5.14375469    5.55617305    5.59107577    5.61099183
    5.64006003    5.70279127    5.90706554    5.97204099    6.04486266
    6.23320531    6.23748694    6.28571736    6.6142451     6.62212254
    6.6381852     6.63937584    6.72428791    6.75293889    6.83551414
    6.85856321    6.89619643    6.95273914    7.01878785    7.11200094
    7.22826893    7.25448614    7.36286253    7.37975888    7.39476071
    7.47781985    7.5110416     7.5133693     7.54019833    7.55556739]
[   0.            0.            1.            0.            0.            0.
    0.            9.            0.            1.            0.            0.
    2.          -83.739525   -169.46838      58.967171     79.42868
 -177.30165     -82.987617   -162.92587      41.471149    -43.171001
   27.054455      0.79031014  -28.698128      3.            2.            0.
    3.17185212    3.52302893    3.56875991    4.03002235    4.03011541
    4.06197656    4.11635291    4.17421137    4.31351465    4.53046622
    4.55772434    4.74048789    4.80457387    4.83023759    4.97054459
    5.0415788     5.14762282    5.23804673    5.6431185     5.66468904
    5.7083723     5.70899531    5.73351243    5.79599064    5.82327775
    5.85768406    6.02688102    6.02979822    6.09805078    6.12152123
    6.21611061    6.24218861    6.30934582    6.59951509    6.61160008
    6.62208253    6.65728814    6.68604832    6.72246694    6.74172214
    6.78771465    6.79490968    6.8445211     6.90594333    6.92338631
    7.03579827    7.04366692    7.06610382    7.10927049    7.14328395]
[   1.            0.            0.            0.            0.            0.
    0.           14.            1.            0.            0.            0.
    1.           66.254333    124.96001      85.689789     84.630592
 -114.70441     -34.294655   -162.93274      34.193081    -30.002136
   13.456411      7.5009046   -26.279831      0.            3.            0.
    4.35128218    4.75244041    4.88044502    4.97340951    5.02606945
    5.05146553    5.11350995    5.37847554    5.41531789    5.41794231
    5.52206949    5.57031982    5.99452036    6.13335718    6.24436322
    6.25442786    6.50217475    6.54967808    6.69000058    6.69711651
    6.80250469    6.91291043    6.96173179    7.14215965    7.54918618
    7.72314899    7.81638594    7.82891368    7.86345187    7.8821226
    7.8840425     7.9337576     8.06198939    8.12583065    8.14063409
    8.14651832    8.16000011    8.23030931    8.62356686    8.70394189
    8.82366037    8.8263696     8.89537786    8.90670551    9.00024768
    9.06573716    9.13196367    9.21037037    9.36970794    9.38991455]
[  0.00000000e+00   0.00000000e+00   0.00000000e+00   1.00000000e+00
   0.00000000e+00   0.00000000e+00   0.00000000e+00   2.10000000e+01
   0.00000000e+00   1.00000000e+00   0.00000000e+00   0.00000000e+00
   2.00000000e+00  -7.14793170e+01  -1.64684420e+02   4.32926290e+01
   8.13779830e+01   9.99990000e+03   9.99990000e+03  -1.52998430e+02
   3.68710820e+01  -3.78416820e+01   2.23877680e+01   2.21558360e+00
  -2.58683110e+01   3.00000000e+00   1.00000000e+00   0.00000000e+00
   3.82382600e+00   3.86459640e+00   3.91393307e+00   3.92882364e+00
   3.92903170e+00   4.13175940e+00   4.35925451e+00   4.40428701e+00
   4.46649627e+00   4.52271823e+00   4.60543956e+00   4.62690755e+00
   4.76448514e+00   5.13754717e+00   5.27518983e+00   5.58465767e+00
   5.71116445e+00   5.71317652e+00   6.07943846e+00   6.10129435e+00
   6.14293306e+00   6.20336599e+00   6.40751973e+00   6.50364831e+00
   6.66883900e+00   7.02136058e+00   7.02294018e+00   7.08809870e+00
   7.23349473e+00   7.25029291e+00   7.28215823e+00   7.43029957e+00
   7.43760079e+00   7.45623988e+00   7.56518973e+00   7.64961711e+00
   7.65825930e+00   7.74796445e+00   7.79870074e+00   7.80302767e+00
   7.89922304e+00   7.93108897e+00   7.93425051e+00   7.93892738e+00
   7.94828186e+00   7.99588504e+00   8.14404667e+00   8.18841809e+00
   8.25116852e+00   8.30572144e+00]
[   0.            0.            0.            0.            1.            0.
    0.            2.            0.            0.            1.            0.
    3.          -49.694035    168.64023      48.887939     82.680061
 -156.50137     -58.229366   -166.59346      45.006214    -40.53981
   21.703831      6.7118297   -34.143803      1.            1.            0.
    3.26631269    3.32971457    3.57972208    3.65357716    3.94157463
    4.13785071    4.2213779     4.32879057    4.45280127    4.50079785
    4.55448524    4.74106129    4.86117531    4.86291752    5.01908203
    5.14775101    5.17715215    5.21563196    5.37508951    5.4474243
    5.512406      5.52663391    5.55580403    5.63806346    5.71382006
    5.75579285    5.9528435     5.97312873    5.97628064    5.99364069
    6.14909689    6.15861129    6.36040265    6.38506882    6.50211899
    6.74950713    7.06298119    7.1064723     7.17123036    7.23549142
    7.24826181    7.25196847    7.52861582    7.71505411    7.78713622
    7.8725566     8.18568236    8.2624851     8.32389554    8.32674106]
[   0.            0.            0.            0.            0.            0.
    1.            7.            0.            0.            0.            1.
    1.         -119.01756     159.42714      53.34074      81.506836
 -122.25927     -37.882931   -167.72729      38.724369    -35.876522
   16.597654      9.2997141   -29.604218      1.            2.            0.
    3.56216523    3.77372219    3.8850241     4.18489043    4.3448334
    4.42956183    4.79345467    4.92389433    4.93264024    4.95601495
    5.22892213    5.39601685    5.47648846    5.5169916     5.55699915
    5.65960075    5.67621317    5.80680417    5.83433922    5.89181763
    6.06967027    6.23089028    6.35214822    6.47974232    6.55205528
    6.86180622    6.8803722     6.89645514    6.92487478    7.0795202
    7.1541473     7.29948956    7.49321168    7.52820883    7.57767672
    7.6226286     7.65545432    7.73304229    7.78457056    7.79580574
    7.82935494    7.96418471    7.99228306    8.02077157    8.07901338
    8.1131337     8.14389152    8.14468355    8.15898013    8.20738317]
[   0.            0.            0.            0.            1.            0.
    0.           21.            1.            0.            0.            0.
    0.          -79.521996   -120.41689      74.423256    134.8869
 -111.82456      68.059006     46.411823    -39.64735      19.713831
    9.8721313   -39.356052     49.22163       0.            0.            0.
    6.254208      6.57139205    6.837462      7.01419002    7.32936143
    7.36305006    7.6849266     7.76195069    7.84202838    7.9064801
    8.1009598     8.24976585    8.28454003    8.32050495    8.41925042
    8.603212      8.60382258    8.82909198    8.91905691    8.94019904
    9.04461122    9.05864349    9.07429208    9.20560173    9.25164907
    9.32054261    9.37876079    9.43035258    9.45345512    9.4614272
    9.57207976    9.62024313    9.64724027    9.69972236    9.7513286
    9.78645034    9.82083531    9.90030281    9.91634585    9.93319501
    9.98892026    0.            0.            0.            0.            0.
    0.            0.            0.            0.        ]
[   0.            0.            0.            0.            0.            0.
    1.           26.            0.            0.            0.            1.
    2.          -82.099632    171.45419      60.569595     81.035652
 -169.38454     -61.610229   -158.20351      40.521801    -43.653378
   31.332249     -4.7529144   -22.83219       3.            1.            0.
    2.92425098    3.36103558    3.36212286    3.58589902    3.65110359
    3.73043343    3.73894808    3.77873557    3.84949963    3.87893343
    3.9670898     3.98219572    4.09003155    4.11704142    4.25959939
    4.28379922    4.44595131    4.53754096    4.55072422    4.80299093
    4.95211486    5.02962088    5.06321479    5.07771957    5.26735067
    5.27400264    5.27404157    5.48094036    5.49528096    5.49554055
    5.55660908    5.61889848    5.71656655    5.7961094     5.94507576
    6.31178182    6.37159985    6.37207437    6.63900375    6.64192445
    6.64367185    6.66772844    6.67030643    6.70778927    6.71313296
    6.75858747    6.82241146    6.8883522     6.92733957    6.98348845]
[   0.            0.            0.            0.            1.            0.
    0.           12.            0.            0.            1.            0.
    3.          -67.14843    -176.54633      50.883392     89.048897
 -165.96646     -52.784584   -149.46078      43.536762    -39.694294
   20.181032      7.5848589   -33.414318      3.            0.            0.
    3.62604841    3.75542138    3.98979327    3.99822052    4.05635503
    4.21674122    4.32619214    4.49226386    4.52374203    4.55018835
    4.55783821    4.56492539    4.63178892    4.72305224    4.80990015
    4.89489499    5.16191031    5.30844263    5.42229522    5.48472706
    5.51658629    5.54143528    5.59990667    5.78917679    5.86142602
    5.87282771    5.89754618    6.04474479    6.22307154    6.32609018
    6.33615314    6.52930388    6.53874051    6.74189174    6.77831262
    6.80595758    6.82284339    6.89404639    6.96960636    7.04230536
    7.22534558    7.24774862    7.25899669    7.30015011    7.30859903
    7.31282786    7.3423441     7.4187757     7.57821232    7.58571007]
[   0.            0.            0.            0.            0.            0.
    1.           10.            0.            0.            0.            1.
    0.          -58.891834   -158.14461      77.795547    152.40717
 -101.54442      47.370495   -117.15169     -41.109474     29.19165
   -4.4441762   -22.979456     40.607101      0.            0.            0.
    6.0284694     7.24306615    7.82507815    7.84528035    8.11603811
    8.22352523    8.34286833    8.47584       8.49014272    8.49661768
    8.56551152    8.57786757    8.64188008    8.99094441    9.02818785
    9.14930656    9.2302278     9.24854484    9.25118313    9.25800994
    9.26991017    9.35956007    9.52695191    9.53387573    9.5989382
    9.7348226     9.79218599    9.83911756    9.84325355    9.85654531
    9.87887192    9.91700359    0.            0.            0.            0.
    0.            0.            0.            0.            0.            0.
    0.            0.            0.            0.            0.            0.
    0.            0.        ]
[  0.00000000e+00   0.00000000e+00   0.00000000e+00   0.00000000e+00
   0.00000000e+00   0.00000000e+00   1.00000000e+00   5.00000000e+00
   0.00000000e+00   0.00000000e+00   0.00000000e+00   1.00000000e+00
   2.00000000e+00  -4.81611060e+01   1.54581300e+02   6.01090200e+01
   6.90128630e+01  -1.27045390e+02  -6.39049800e+01  -1.63144670e+02
   4.39448010e+01  -4.47499010e+01   2.81360570e+01   7.13262480e-02
  -2.65973950e+01   2.00000000e+00   0.00000000e+00   0.00000000e+00
   3.05170403e+00   3.25618472e+00   3.56438198e+00   3.60004269e+00
   3.66840251e+00   3.72093463e+00   3.72518849e+00   3.78131711e+00
   3.89268042e+00   3.97325093e+00   4.04207616e+00   4.04884834e+00
   4.06901882e+00   4.19026242e+00   4.20242574e+00   4.26274137e+00
   4.44544690e+00   4.55249726e+00   4.60708106e+00   4.64494332e+00
   4.84631715e+00   4.86899726e+00   4.87467854e+00   4.92559679e+00
   4.98505238e+00   5.02544001e+00   5.05407431e+00   5.32778189e+00
   5.36739752e+00   5.56253578e+00   5.60701004e+00   5.64657941e+00
   5.64823778e+00   5.76431573e+00   5.85033360e+00   5.86709066e+00
   5.90304358e+00   5.93109835e+00   5.94555255e+00   6.07930587e+00
   6.12400663e+00   6.28692665e+00   6.37837228e+00   6.45123891e+00
   6.49224480e+00   6.53020669e+00   6.54737705e+00   6.55058789e+00
   6.55350169e+00   6.56449578e+00]
[   0.            0.            0.            0.            0.            1.
    0.           12.            0.            0.            1.            0.
    3.          -77.707474    176.87317      58.773754     80.356171
 -169.19446     -69.046799   -154.29759      31.090237    -39.804108
   33.283775    -12.275844    -12.39901       3.            1.            0.
    2.91855102    3.29350778    3.41927328    3.44331582    3.50761695
    3.63971027    3.66956063    3.82480686    3.89186426    3.90167312
    3.94683831    3.97707939    4.04254048    4.15568266    4.1795967
    4.23739884    4.31412652    4.43746788    4.57353333    4.57952439
    4.59789429    4.73633527    4.80864378    4.82222477    4.83890417
    4.84317204    4.96048516    4.96634763    4.96727373    4.96834789
    4.99242981    5.008763      5.23385168    5.32141214    5.35321347
    5.61514598    5.6435327     5.78614423    5.92650256    6.00513007
    6.0700552     6.09294124    6.28808447    6.29695779    6.30032104
    6.40753617    6.4301155     6.5153218     6.92650583    6.94132646]
[   0.            1.            0.            0.            0.            0.
    0.            8.            1.            0.            0.            0.
    3.          -86.565628    178.51418      61.707375     74.648048
 -138.981       -77.423309   -140.88637      34.335693    -36.036263
   22.493532     -0.23406798  -22.118671      2.            1.            0.
    3.60336067    3.83428797    3.84784037    3.85562545    3.86097008
    3.88440697    3.93382086    4.0739562     4.22077877    4.30395169
    4.32840392    4.33538592    4.37393518    4.39866084    4.4682643
    4.49075745    4.58285298    4.66443597    4.67096838    4.73324264
    4.78588058    4.8411734     4.90264464    4.94295051    5.01938665
    5.06484639    5.24187673    5.28674121    5.35563896    5.38146288
    5.45055662    5.53094158    5.57511477    5.75239695    5.79314453
    5.83779175    6.01141565    6.21012338    6.21022093    6.25415829
    6.39434662    6.50160052    6.57744277    6.61526159    6.6766184
    6.73579591    6.88559846    6.92554317    7.00323583    7.06419308]
[   1.            0.            0.            0.            0.            0.
    0.            3.            0.            1.            0.            0.
    3.          -72.492348    175.22951      74.646561     76.493248
 -146.42033     -31.441525   -161.8756       34.21851     -34.202759
   21.370953      1.9450104   -22.964529      3.            0.            0.
    3.71420012    3.86488004    4.17607408    4.2841871     4.4165458
    4.66260939    4.6939877     4.85028361    4.88563772    4.89808984
    4.97402574    4.98629377    5.07992146    5.12048859    5.26241202
    5.35081478    5.36499224    5.40603154    5.43540961    5.60193211
    5.60972577    5.65737217    5.72475404    5.73170468    5.77355647
    5.81243697    5.83208532    5.85672346    5.9021312     5.94565201
    5.98887613    5.99530295    6.34936027    6.36271672    6.44446155
    6.58289496    6.66897642    6.96017502    6.96397015    6.97528674
    6.99096575    7.02322571    7.22718483    7.26351994    7.2897162
    7.36170311    7.54690442    7.55985243    7.56712772    7.58463881]
[   1.            0.            0.            0.            0.            0.
    0.           32.            1.            0.            0.            0.
    3.          -81.628586    172.12901      69.926834     81.43354
 -168.15051     -61.74229    -135.22913      36.929974    -32.180447
   14.093034     12.07313     -31.813608      2.            2.            0.
    3.88932863    4.02560534    4.51007288    4.56680175    4.58255671
    4.58368972    4.78402878    4.80131843    4.82067252    4.89500369
    5.16120723    5.17174787    5.21068238    5.26764638    5.28091766
    5.30097205    5.4051315     5.41928229    5.42867559    5.4827767
    5.59555144    5.64568537    5.6894013     6.00262179    6.05189305
    6.08596764    6.15084479    6.16654841    6.32434601    6.32767033
    6.37113585    6.64780688    6.69135681    6.76133452    6.77482228
    6.96022379    7.03126043    7.34841697    7.50065258    7.5241605
    7.57549204    7.69509279    7.70554893    7.74854346    7.74917165
    7.82979676    7.85063438    7.86182543    7.88746329    7.89250348]
[   0.            0.            1.            0.            0.            0.
    0.           18.            0.            0.            0.            1.
    2.          -83.065605    170.4913       65.15947      70.084099
 -159.62874     -72.543274   -159.46239      39.571453    -39.356842
   22.856064      3.2166805   -26.961987      3.            1.            0.
    3.4634127     3.64191543    3.71519319    3.87527309    4.04647216
    4.21594294    4.33982862    4.36702993    4.60233301    4.70029223
    5.07156811    5.18204847    5.39553077    5.49544876    5.56009853
    5.60465162    5.60724378    5.74013619    5.84165777    5.84324448
    5.85508419    5.95305376    6.00024309    6.05249949    6.08277543
    6.11704903    6.14234993    6.17661606    6.27036412    6.27583375
    6.30330893    6.34393307    6.37352099    6.5093911     6.52696468
    6.64255353    6.70292777    6.72928268    6.78245286    6.82432515
    6.83760548    6.85597323    6.87098964    6.91598002    7.00716731
    7.0365167     7.11258171    7.13234819    7.14997579    7.17903497]
[   0.            0.            0.            0.            0.            1.
    0.           31.            0.            0.            1.            0.
    2.          -65.64167    -154.58177      54.176601     79.284874
 -167.76846     -67.06707    -113.68198      40.674671    -38.584469
   20.864944      5.1310658   -29.360977      1.            2.            0.
    2.87194725    3.50975965    3.73950349    3.77517045    3.89074407
    3.98530901    4.0047515     4.05722597    4.0976711     4.10692137
    4.30460318    4.32422394    4.35162983    4.50389826    4.52009997
    4.59527622    4.72888703    4.80318579    4.83916842    4.85894567
    4.89725409    5.00135166    5.15438436    5.24739073    5.29034879
    5.30176467    5.3968158     5.77017964    5.7733209     5.86352048
    5.99229666    5.99891193    6.07825414    6.12528402    6.16294393
    6.22990823    6.3153607     6.46689103    6.49475528    6.52997144
    6.5353782     6.60108839    6.61123975    6.69229045    6.82748286
    6.88165186    6.89945622    6.91655917    6.91942552    6.97704473]
[   0.            0.            0.            0.            0.            1.
    0.            5.            0.            0.            1.            0.
    3.          -77.492157    179.55544      64.854492     68.64991
 -143.69695     -76.788422   -146.64058      45.963196    -40.841022
   18.919109     12.230111    -36.876999      4.            1.            0.
    2.82146656    3.43100427    3.58108059    3.61866184    3.6484828
    3.67427383    3.67791487    3.69170078    3.70925736    3.71013168
    3.7264271     3.73482027    3.82485291    4.02200522    4.03538676
    4.05158835    4.16438686    4.23895542    4.33530172    4.43308531
    4.45610875    4.47747534    4.57446788    4.7835912     5.06700506
    5.1169759     5.12787758    5.1398916     5.14206949    5.15871528
    5.19306931    5.22936925    5.31853562    5.55719677    5.58623841
    5.60370968    5.87604523    6.13926298    6.27304274    6.42514376
    6.45120692    6.46600471    6.49817838    6.56307448    6.58665391
    6.60617411    6.78007261    6.8277385     6.92080822    6.96991859]
[  1.00000000e+00   0.00000000e+00   0.00000000e+00   0.00000000e+00
   0.00000000e+00   0.00000000e+00   0.00000000e+00   3.80000000e+01
   0.00000000e+00   0.00000000e+00   0.00000000e+00   1.00000000e+00
   1.00000000e+00  -7.34584200e+01   1.72666060e+02   6.89751050e+01
   5.33389360e+01  -1.29184280e+02  -6.56479640e+01  -1.58748600e+02
   3.59982450e+01  -3.78671680e+01   2.40828080e+01  -5.93470220e-02
  -2.36014020e+01   2.00000000e+00   1.00000000e+00   0.00000000e+00
   4.40476366e+00   4.51102544e+00   4.59152952e+00   4.97742768e+00
   5.05474349e+00   5.09115265e+00   5.12818204e+00   5.16988015e+00
   5.19123506e+00   5.33912843e+00   5.38368479e+00   5.47464485e+00
   5.67660755e+00   5.88138661e+00   5.89694082e+00   6.00751477e+00
   6.21355870e+00   6.22182230e+00   6.24481210e+00   6.35852513e+00
   6.72952994e+00   6.73168862e+00   6.80390737e+00   6.84965026e+00
   6.95522171e+00   7.26364201e+00   7.30649958e+00   7.32619819e+00
   7.44503830e+00   7.49933209e+00   7.66578018e+00   7.68407783e+00
   8.00206081e+00   8.02279545e+00   8.21911479e+00   8.44240732e+00
   8.53992910e+00   8.69261064e+00   8.75590665e+00   8.76877595e+00
   8.87919078e+00   8.89843291e+00   9.04352569e+00   9.23255536e+00
   9.27518491e+00   9.33502639e+00   9.34831387e+00   9.47100849e+00
   9.49295020e+00   9.51448157e+00]
[   0.            0.            0.            1.            0.            0.
    0.           30.            0.            0.            0.            1.
    1.         -125.6601     -156.79832      63.867123     70.274918
 -159.51851     -99.527679   -158.31584      37.143066    -38.320518
   24.307049      0.28667364  -24.704983      1.            1.            0.
    3.63956097    3.74918713    3.9023008     3.92050678    3.94891434
    4.26519934    4.33476857    4.4154994     4.66832581    4.80833606
    4.80920067    4.84737749    4.94527266    5.01580664    5.04973357
    5.16242554    5.38048336    5.49860947    5.68260358    5.7216448
    5.78359999    5.86571442    6.06678205    6.06871798    6.42148261
    6.48419693    6.63837473    6.81356116    6.90647896    6.94822863
    6.97276234    6.98919708    7.05561238    7.10301501    7.10532295
    7.12125589    7.23149525    7.30649296    7.38120118    7.39035908
    7.49238027    7.49284343    7.50100181    7.52484539    7.62403881
    7.68842588    7.80660823    7.85424063    7.93457307    7.95927437]
[   0.            0.            0.            1.            0.            0.
    0.            8.            0.            1.            0.            0.
    2.          -89.284439   -170.80368      71.111679     73.868256
 -168.80872      -8.0216208  -161.57175      38.046764    -40.348652
   26.632532     -0.85637999  -23.9189        2.            2.            0.
    3.39686013    3.64751851    3.76919166    3.82699656    3.96622769
    4.00651248    4.23778462    4.33297903    4.36120912    4.51165533
    4.67556832    4.80542439    4.83634986    5.09626803    5.16484951
    5.19861005    5.38617067    5.43368447    5.51901552    5.56137209
    5.6075605     5.79344708    5.80918551    5.80971081    5.8326897
    5.88252709    5.98577437    6.09767429    6.11183716    6.15783126
    6.19493536    6.2886159     6.3515826     6.4497016     6.60392362
    6.6479386     6.68446989    6.7614397     6.77547467    6.84634142
    6.93944437    7.08602322    7.1660467     7.21119304    7.22754358
    7.39345694    7.49673458    7.65177466    7.69760724    7.71876969]
[   0.            0.            1.            0.            0.            0.
    0.           35.            0.            1.            0.            0.
    2.          -73.19313     178.72159      53.538521     82.081474
 -142.97421     -79.209076   -165.74196      43.416805    -36.839523
   16.168554     10.238695    -32.088673      3.            0.            0.
    3.35480397    3.52579804    3.64893749    3.6756405     3.77256981
    3.96079315    3.96146436    4.03482852    4.07544073    4.27213872
    4.27734317    4.37564998    4.45731563    4.55439344    4.62317565
    4.70552173    4.8585281     4.93422775    5.12005651    5.24512908
    5.38966838    5.39556552    5.51568373    5.53085121    5.596051
    5.59848107    5.66543533    5.85553847    5.86068265    5.88206518
    5.91573162    5.92132909    5.95413012    6.04980044    6.10054599
    6.13482676    6.15173848    6.39703934    6.41478782    6.57790165
    6.5884462     6.72266026    6.73126005    6.76163579    6.81119273
    6.84932798    6.85305936    6.91612402    7.0372348     7.1019924 ]
[   1.            0.            0.            0.            0.            0.
    0.           21.            1.            0.            0.            0.
    0.          -79.521996   -120.41689      74.423256    134.8869
 -111.82456      68.059006     46.411823    -39.64735      19.713831
    9.8721313   -39.356052     49.22163       0.            0.            0.
    4.39660825    4.89129915    5.0059893     5.11039469    5.63422386
    5.78848403    5.82815914    5.89979819    6.18160802    6.24864325
    6.28821657    6.40201529    6.48584781    6.56449734    6.5710808
    6.7167654     6.79847727    6.86361718    7.32062978    7.35902484
    7.36567507    7.57573494    7.63932456    7.65644401    7.75930146
    7.86508189    7.86715578    8.01926881    8.07388063    8.09820122
    8.22073563    8.2375327     8.2633179     8.30063534    8.32471965
    8.33632912    8.4003045     8.44085329    8.70520797    8.77407889
    8.80196178    8.85924264    8.88978966    8.92301612    9.00133181
    9.01059355    9.14227799    9.1686913     9.32597928    9.34393672]
[   1.            0.            0.            0.            0.            0.
    0.           11.            0.            1.            0.            0.
    1.           25.15971     171.16577      71.016449    138.88847
 -111.17635     159.89436    -152.16673     -37.740601     21.449387
    4.9107127   -29.829401     42.941269      0.            1.            0.
    4.14371877    4.28956324    4.31843876    4.36486508    4.43195075
    4.51970527    4.64050379    4.75946528    5.07629881    5.09269604
    5.17715841    5.19423242    5.23603996    5.27855205    5.47577376
    5.48664236    5.51914576    5.53791757    5.56845678    5.62270825
    5.77674535    5.86900777    6.02346491    6.04746664    6.39170473
    6.54180655    6.73008901    6.91528492    6.92590134    6.94315967
    6.97654281    6.98719949    7.01067551    7.05597493    7.07267717
    7.0766367     7.17103902    7.20586961    7.24760179    7.40715181
    7.40845881    7.4352203     7.45131764    7.48078426    7.48118459
    7.50145085    7.51421798    7.5293442     7.59730994    7.63813044]
[   1.            0.            0.            0.            0.            0.
    0.            7.            0.            1.            0.            0.
    2.          -66.634865   -179.80217      50.367638     77.640091
 -152.06619     -61.902084   -160.07291      44.212341    -41.500648
   22.25732       7.6645713   -33.976788      3.            0.            0.
    3.99297314    4.12588582    4.19042986    4.42778325    4.64317702
    4.7248426     4.74579829    4.77295482    4.91448764    4.92809155
    4.96171015    4.98669579    5.11511015    5.25332866    5.34415317
    5.37549615    5.38585765    5.60407291    5.62627779    5.65361751
    5.72604125    5.73159498    5.7502224     5.78603097    5.80814674
    6.00370543    6.1684466     6.18061147    6.22295646    6.40611621
    6.42201371    6.49645178    6.54775451    6.58246325    6.63594499
    6.65138401    6.68952849    6.78904785    6.93159775    6.94770394
    6.95210095    6.99867861    7.33907787    7.40747903    7.44359542
    7.47367298    7.54529163    7.56881207    7.699554      7.72060905]
[   0.            0.            1.            0.            0.            0.
    0.           12.            0.            1.            0.            0.
    1.          -69.889893    167.28772      84.344681    144.86496
 -127.45743      39.99118    -118.2437      -40.691242     27.843472
   -1.3117932   -26.011377     43.329327      0.            2.            0.
    3.5039479     3.5099452     3.74182628    4.18357046    4.19201624
    4.45956354    4.65467437    4.81979981    4.83372518    4.98835316
    5.10466639    5.1907715     5.37957083    5.64684539    5.87254562
    6.56366201    6.7725392     7.88663882    7.97978134    7.98710982
    8.07434456    8.41618942    8.69454479    8.95945643    8.96361857
    8.99728742    9.0767539     9.12744305    9.24239881    9.90864102
    9.93605444    0.            0.            0.            0.            0.
    0.            0.            0.            0.            0.            0.
    0.            0.            0.            0.            0.            0.
    0.            0.        ]
[   0.            0.            0.            0.            1.            0.
    0.            4.            0.            0.            1.            0.
    3.          -91.130478    157.47981      83.703667     74.970459
 -163.77299     -65.160271   -157.48036      39.478031    -37.532955
   21.434065      4.1981997   -29.531828      5.            1.            0.
    3.3722385     3.65698716    3.72930832    3.77373006    4.04335957
    4.15104817    4.28187605    4.28686772    4.28728762    4.43873939
    4.51140061    4.70432112    4.81252772    4.86278963    4.867997
    5.12833337    5.16220155    5.23925788    5.42469218    5.72560997
    5.72974542    5.74262177    5.93428332    5.94225507    6.05785564
    6.06762422    6.09224754    6.13931239    6.20723352    6.50914834
    6.52271821    6.88467949    6.92764997    6.99724372    7.00587496
    7.02175734    7.13229779    7.17254037    7.1861386     7.20796166
    7.28129725    7.29094258    7.34784411    7.36823273    7.37635878
    7.39690604    7.48569744    7.51816974    7.5748933     7.67327498]
[   1.            0.            0.            0.            0.            0.
    0.           20.            0.            0.            0.            1.
    0.          177.35446     147.91425      73.617523    127.7891
  -92.435791    -63.918163   -147.15865     -29.650074     15.96793
    4.2122645   -23.141676     32.781719      1.            1.            0.
    4.64861265    4.71483927    5.17909637    5.20415914    5.21302701
    5.48324372    5.5805457     5.65209269    6.01477867    6.1117634
    6.27781035    6.39758207    6.55286922    6.9353842     6.950483
    6.95196373    7.03341072    7.04015162    7.04481542    7.19638229
    7.23323164    7.38523748    7.40749066    7.43754948    7.44403599
    7.62574674    7.63413852    7.82109706    7.82322436    7.85065411
    7.90751736    7.91211287    8.00182897    8.10053927    8.15253286
    8.18515196    8.36620437    8.38243933    8.4124453     8.45323458
    8.51608395    8.54373848    8.88066446    8.96897023    9.2482703
    9.40737803    9.42839441    9.43696093    9.48145191    9.48386777]
[   1.            0.            0.            0.            0.            0.
    0.           30.            0.            0.            0.            1.
    1.         -125.6601     -156.79832      63.867123     70.274918
 -159.51851     -99.527679   -158.31584      37.143066    -38.320518
   24.307049      0.28667364  -24.704983      1.            1.            0.
    4.17102365    4.19979535    4.20313948    4.24485493    4.36723318
    4.39913725    4.74551909    4.7921958     4.83085159    4.83380002
    4.93801261    5.01539878    5.0395537     5.20328374    5.34388355
    5.42867765    5.57585417    5.58414359    5.82062143    5.93075994
    6.05677402    6.10613426    6.26582802    6.53369779    6.57488539
    6.70533495    6.73941929    7.17049011    7.21179165    7.22098357
    7.32760251    7.49745604    7.54099379    7.55553579    7.62518677
    7.66278828    7.70727852    7.72276862    7.7765126     7.83528739
    7.88391644    8.10419229    8.13495       8.13791462    8.148238
    8.18095232    8.18377077    8.30144261    8.30987317    8.33849487]
[   0.            0.            0.            1.            0.            0.
    0.            7.            0.            0.            0.            1.
    1.          -50.002438    145.29828      58.042973     72.902565
 -160.8055      -54.465866   -164.93988      42.311337    -39.192825
   18.889309      7.6771331   -31.905809      3.            1.            0.
    3.72179396    4.22030695    4.4037265     4.4463688     4.56517981
    4.60028142    4.6731891     4.68064589    4.6817981     4.74580782
    4.80478595    4.80852002    4.8171421     4.92377459    4.93787254
    5.12542731    5.22461157    5.24357501    5.33295919    5.39411925
    5.51002128    5.64291229    5.80702054    5.80911514    5.81237529
    5.91411077    5.96849324    6.01708941    6.13148898    6.22226113
    6.22634532    6.24123603    6.29698665    6.32614697    6.48800493
    6.57582429    6.5800987     6.60886518    6.6478056     6.65097589
    6.70381748    6.77711203    6.7896161     6.80300974    6.86351675
    6.86533753    7.30830539    7.52297796    7.52662858    7.543036  ]
[   1.            0.            0.            0.            0.            0.
    0.           12.            0.            1.            0.            0.
    1.          -69.889893    167.28772      84.344681    144.86496
 -127.45743      39.99118    -118.2437      -40.691242     27.843472
   -1.3117932   -26.011377     43.329327      0.            2.            0.
    4.00797817    4.2006625     4.50425595    4.91868741    5.17057188
    5.23145391    5.27469865    5.28361595    5.29745583    5.30502319
    5.39973384    5.60601213    5.75765155    5.99299852    6.00171791
    6.05969425    6.07400709    6.14070783    6.18870716    6.46468576
    6.49927144    6.69923118    6.90158287    7.15855065    7.17362371
    7.31436742    7.64955195    7.72201678    7.8258747     8.03442782
    8.11880062    8.13035874    8.28402856    8.72257434    9.02689764
    9.13409017    9.55576638    9.75168837    9.8861105     0.            0.
    0.            0.            0.            0.            0.            0.
    0.            0.            0.        ]
[   0.            0.            0.            1.            0.            0.
    0.           13.            0.            1.            0.            0.
    2.         -137.08173    -154.88579      76.754745     70.496849
 -165.46722     -39.752182   -158.74416      45.475708    -45.143398
   27.896633      2.0869412   -30.656408      3.            1.            0.
    3.71027591    3.7784399     4.24046093    4.26911454    4.39500386
    4.4911636     4.57071834    4.62456545    4.68378303    4.83031983
    4.83796443    4.98811905    5.01514201    5.07540816    5.07703071
    5.1463311     5.15906597    5.16450722    5.18113209    5.26410121
    5.2816004     5.28717517    5.31107945    5.32180242    5.36948786
    5.41557519    5.46713615    5.61631183    5.67955501    5.74758073
    5.87488578    5.8867159     6.07762696    6.19496879    6.20707954
    6.22687472    6.23235242    6.26738789    6.3848095     6.38563362
    6.4293548     6.44951471    6.45213627    6.57218465    6.57265825
    6.60706036    6.85911126    6.90879593    7.06410631    7.08173261]
[   0.            0.            1.            0.            0.            0.
    0.           32.            0.            1.            0.            0.
    1.          -67.911491    171.39709      60.279037     72.264183
 -164.60645     -87.052078   -158.62274      41.040573    -43.728886
   30.524702     -4.1897011   -23.761362      4.            1.            0.
    3.65941435    3.84790827    3.84898704    4.09449306    4.15185844
    4.17009452    4.40796884    4.52009997    4.61422698    4.64424022
    4.7299704     5.0427811     5.04417871    5.19098627    5.22074961
    5.29078553    5.37375127    5.3931754     5.46645018    5.55406286
    5.56180672    5.78938068    6.127022      6.12720026    6.17163175
    6.26843318    6.28514615    6.29156571    6.34718543    6.51862758
    6.56164194    6.64840192    6.69543133    6.87892882    6.99979532
    7.08759866    7.08957892    7.11052776    7.14015817    7.28090756
    7.32547379    7.37014096    7.40787362    7.48120945    7.49031151
    7.57811147    7.57883119    7.60924616    7.70885266    7.75704915]
[   1.            0.            0.            0.            0.            0.
    0.           25.            0.            0.            0.            1.
    2.          -97.939224   -172.19917      63.621651     69.610535
 -163.25342     -71.843513   -151.71779      43.992329    -39.555218
   18.024811     12.654447    -37.993332      2.            2.            0.
    4.45064169    4.50880224    4.53575303    4.68901967    4.88528503
    4.9062968     5.08431563    5.15026318    5.17816263    5.24017145
    5.32977691    5.34715988    5.39000053    5.5401751     5.61048002
    5.98390639    6.01495708    6.02847058    6.05978185    6.06688702
    6.12185939    6.32910915    6.38294664    6.50137625    6.50139611
    6.52412799    6.52531915    6.62477446    6.68054508    6.77477579
    6.86667433    6.86997551    6.97388061    6.97607241    7.076967
    7.08875579    7.09399891    7.13582401    7.20539734    7.37483828
    7.4441854     7.58792994    7.60447982    7.60845269    7.62171453
    7.73317039    7.81701036    7.92944345    8.00160618    8.04484688]
[   1.            0.            0.            0.            0.            0.
    0.            2.            0.            0.            1.            0.
    1.          -86.739624   -178.63972      57.540066     80.368454
 -164.33655     -47.292427   -158.68742      42.907158    -36.919193
   18.004017      9.587182    -32.440372      3.            0.            0.
    3.80499911    3.87740803    3.87913476    4.5993787     4.61937299
    4.67006965    4.69667299    4.78123464    5.11800762    5.22049619
    5.32239261    5.33293757    5.35634709    5.41736901    5.42216574
    5.47746224    5.56344352    5.59558714    5.65396877    5.72824296
    5.876369      5.93949294    5.99414782    6.01057613    6.15422025
    6.32611737    6.3383903     6.51384998    6.64150771    6.65998566
    6.66925555    6.78958783    6.84802369    6.85875547    7.05436375
    7.11746214    7.34660459    7.36904051    7.37428183    7.80681555
    7.86480215    7.9257131     7.94026019    7.9430092     8.09730934
    8.23145382    8.2499847     8.27473225    8.31172529    8.3768171 ]
[   0.            0.            0.            0.            1.            0.
    0.            4.            0.            0.            1.            0.
    2.           39.902279    149.05138      32.842991    130.79576
 -100.13129     -85.127327    -64.198006    -29.755465     17.696218
    1.9119267   -21.776897     32.008602      3.            2.            0.
    4.27299359    4.45966825    4.47677716    4.58071589    5.00538298
    5.0633356     5.20990489    5.27017565    5.30692488    5.64286274
    5.75102844    5.8176395     5.82607719    5.95096345    5.99995201
    6.00509761    6.2722394     6.37560528    6.52869479    6.65575298
    6.68567343    6.71117792    6.75850325    6.76497435    6.79564612
    6.83367255    6.86098279    6.99000193    7.04827688    7.04879627
    7.06068185    7.06934652    7.09127108    7.11223859    7.12998735
    7.15392288    7.15995778    7.24058543    7.35494314    7.37622206
    7.43975373    7.60547499    7.64722468    7.67029329    7.67167564
    7.73015011    7.73678152    7.7503648     7.78868615    7.91773342]
[   0.            0.            0.            1.            0.            0.
    0.           33.            0.            1.            0.            0.
    3.          -72.834496    171.21704      60.278629     81.321793
 -147.61864     -62.179695   -157.50636      40.631508    -37.218941
   20.372906      7.1379795   -31.027546      3.            1.            0.
    3.61611349    3.73274085    3.98027967    3.98618389    4.01130819
    4.19699482    4.43034391    4.44113021    4.78728975    4.80122841
    4.81588113    4.86234793    4.89812957    4.94925531    5.04378138
    5.17919562    5.1942785     5.31780447    5.38591636    5.38879983
    5.38996355    5.44310992    5.53431967    5.61552916    5.65029675
    5.68588042    5.70874338    5.8772475     5.89101017    5.89861349
    5.90658301    6.0243428     6.19711255    6.2849267     6.28499068
    6.28759157    6.33255619    6.4716879     6.49374945    6.54684624
    6.61988249    6.92641698    7.04887145    7.16145889    7.17713364
    7.19349722    7.22375003    7.25314239    7.289186      7.37877427]
[   0.            0.            0.            1.            0.            0.
    0.           14.            0.            1.            0.            0.
    2.         -107.55801     179.86728      77.882736     72.787239
 -164.69263     -79.500648   -177.22188      33.452137    -32.252342
   18.775652      2.5009241   -22.887537      3.            0.            0.
    3.66833901    3.72006078    3.7784399     3.79920341    3.80439109
    3.85459883    4.12730622    4.23956053    4.39886513    4.50023798
    4.55728536    5.0339302     5.06731962    5.09901684    5.28971106
    5.46044906    5.51590424    5.65359145    5.67042386    5.67451952
    5.74155835    5.7752048     5.78262046    5.79342156    6.0839981
    6.1421695     6.18746671    6.18809187    6.3175277     6.4361111
    6.80927205    6.88136588    6.90827903    6.92072       6.95603836
    6.97980927    6.9870687     6.99308372    7.03028069    7.10110817
    7.1276339     7.15551119    7.16540091    7.21681985    7.24439404
    7.25747689    7.40252978    7.47025356    7.58290506    7.64045782]
[   0.            0.            1.            0.            0.            0.
    0.           12.            0.            1.            0.            0.
    1.         -100.08475    -177.9389       67.582672     86.065163
 -110.91209    -103.92101    -152.95604      48.639053    -44.617455
   23.73947       7.5386648   -36.529842      3.            1.            0.
    3.0507354     3.31520833    3.59915655    3.66665767    3.67972445
    3.9124238     3.97616963    4.07707635    4.10308411    4.22615844
    4.27213627    4.35712008    4.37925922    4.51304579    4.6486534
    4.64966761    4.65945135    4.66078308    4.80319911    4.90341877
    4.91632186    5.0148228     5.04177158    5.16157693    5.16521679
    5.21237039    5.29950349    5.46577859    5.47716723    5.6395427
    5.66093828    5.81003909    5.81811411    5.86312294    6.08044157
    6.1194116     6.13857061    6.21889566    6.22082666    6.22350385
    6.28903987    6.34959297    6.65968221    6.72576954    6.76882099
    6.85738305    6.86112568    6.90208926    6.91363812    6.97461206]
[   0.            0.            0.            1.            0.            0.
    0.           20.            0.            0.            0.            1.
    1.          152.04515     152.99773      56.7258       72.741821
  133.3284       44.800514   -165.18503      48.344273    -41.995018
   20.133125     10.751785    -37.669647      0.            1.            0.
    4.09446184    4.1907497     4.30898087    4.42610445    4.48776411
    4.76779786    4.82047653    4.89833914    4.96078553    5.03800718
    5.10054953    5.37981748    5.5935392     5.74735362    5.77904922
    5.8713069     5.99570653    6.15619133    6.26731066    6.43938855
    6.58277717    6.59329427    6.59496144    6.62805265    6.83540574
    6.92328778    7.01505584    7.03277492    7.08497811    7.10275151
    7.18207526    7.24358608    7.26569772    7.46215237    7.53407095
    7.74792863    7.95614173    7.97669679    8.08058538    8.08503706
    8.13676634    8.32547578    8.38583752    8.63303851    8.66474919
    8.69377788    8.9213106     8.92535768    9.17416894    9.26941062]
[   1.            0.            0.            0.            0.            0.
    0.           28.            0.            0.            1.            0.
    3.          -74.127113    176.03192      69.035515     83.4879
 -131.29819    -100.39596    -162.40738      41.060192    -39.911537
   22.502752      3.262068    -28.113626      3.            0.            0.
    3.57857442    3.92417835    4.09553873    4.63631702    4.75276317
    4.82158203    4.82400766    4.83105365    4.86130505    4.91788637
    4.99395696    5.017023      5.17573682    5.21998654    5.33776407
    5.55290981    5.62608291    5.67455256    5.75339894    5.77854684
    5.84089147    5.89173019    5.89843598    5.90643116    5.94523547
    6.00225287    6.033528      6.14885179    6.18052329    6.19473391
    6.28626889    6.72554828    6.78627491    6.80307506    6.86386364
    6.9051316     6.98915219    7.00973078    7.0159264     7.10280239
    7.15991661    7.23526029    7.28658147    7.4731691     7.49599906
    7.52429239    7.58125102    7.71164341    7.71457356    7.72227847]
[   0.            0.            1.            0.            0.            0.
    0.           13.            0.            0.            0.            1.
    3.          -70.155106    168.23051      58.006329     74.584694
 -169.65004     -61.354958   -157.99028      42.019276    -40.271484
   23.469748      4.4690957   -30.233555      2.            1.            0.
    3.81808895    3.94330272    3.99557842    4.11421062    4.14883669
    4.1797429     4.31641579    4.45166615    4.66084484    4.71099631
    4.77287569    4.93073281    4.95464604    4.95612081    4.9778805
    5.00600372    5.261222      5.30400857    5.35344225    5.42521311
    5.56907838    5.65708237    5.80792793    5.82637581    5.90563648
    5.90861225    5.92779681    6.0554062     6.06826862    6.33100938
    6.4033317     6.45899283    6.48569212    6.48575652    6.49050926
    6.57081275    6.62317643    6.71840223    6.80005363    6.94565289
    7.0361608     7.07189395    7.15819864    7.16080724    7.16992711
    7.19730613    7.22754978    7.24927438    7.25593543    7.30713042]
[   0.            0.            1.            0.            0.            0.
    0.           17.            0.            0.            0.            1.
    3.          -76.384926    176.74026      73.678772     68.411156
 -136.19901     -54.307266   -170.20111      39.488037    -39.713318
   22.960442      1.717144    -26.4804        2.            1.            0.
    3.55361843    3.59192945    3.66965958    3.77155336    3.82340907
    3.92599639    3.92627168    3.94489867    4.11599722    4.22968517
    4.25851658    4.48658146    4.65257627    4.73636637    4.80531544
    4.94002537    5.06265871    5.07772319    5.08011087    5.15198656
    5.161026      5.19436844    5.20452014    5.3081463     5.39663324
    5.57271121    5.79114489    5.95858802    5.9749307     6.05212248
    6.056907      6.062412      6.06698821    6.24328775    6.28480974
    6.37013736    6.37895376    6.40503683    6.40826512    6.43768695
    6.62411689    6.65626575    6.68299077    6.81870208    6.82470297
    6.87165111    6.88007596    6.97823808    7.00582704    7.06616319]
[   0.            0.            0.            1.            0.            0.
    0.           15.            0.            1.            0.            0.
    2.          -68.384277    163.61372      52.734444     75.026741
 -160.48907     -63.507698   -152.01759      45.575516    -40.08651
   17.973661     10.327635    -36.369492      3.            1.            0.
    3.88680694    3.94820849    3.98560901    4.17606162    4.31106303
    4.41468184    4.41973674    4.43159102    4.48626239    4.61037154
    4.6280298     4.70172601    4.70201891    4.804346      4.85059958
    4.87342815    4.89845595    4.90195557    5.27097439    5.35334769
    5.41512352    5.49921905    5.61514598    5.68799701    5.88685015
    5.90864608    5.98516234    6.06440464    6.17631705    6.1836344
    6.21364595    6.26872707    6.36654544    6.41522724    6.46875744
    6.52601815    6.57230777    6.69138833    6.71428519    6.95132918
    7.04948635    7.26421187    7.29796397    7.45022279    7.47574637
    7.58597445    7.71607122    7.74762914    7.75371705    7.91388574]
[   0.            0.            1.            0.            0.            0.
    0.            8.            0.            0.            0.            1.
    2.          -80.52137     174.6786       53.079151     88.910538
 -164.20186     -77.461731   -143.56776      40.853714    -40.054688
   26.259909     -0.38410428  -26.228746      3.            2.            0.
    3.80165792    3.83840704    3.94414804    4.11596555    4.19798589
    4.21079268    4.28916597    4.3321116     4.50177341    4.50617599
    4.51261689    4.52612457    4.55460355    4.56124783    4.77100561
    4.8000378     4.80833671    4.85522834    4.91923251    5.04503965
    5.21573357    5.35243367    5.39096664    5.41223857    5.42978179
    5.56974128    5.60003061    5.78727906    5.83676106    6.02001753
    6.12296458    6.12353501    6.36083949    6.43259623    6.44437548
    6.55748483    6.55975449    6.61972458    6.73433744    6.81296793
    6.98586825    7.08246602    7.08408617    7.12855462    7.13064757
    7.15361141    7.2326017     7.36555549    7.39308219    7.57158697]
[   1.            0.            0.            0.            0.            0.
    0.           27.            0.            0.            1.            0.
    2.          -88.784187   -171.37955      58.156139     78.661316
 -108.70699    -135.54758    -128.49792      40.052361    -35.224697
   19.292656      5.6039553   -28.467012      3.            0.            0.
    4.43589464    4.74234484    4.81273934    4.92322002    4.92366749
    4.93971217    5.26350322    5.40735147    5.54419804    5.65604104
    5.72657879    5.73173281    5.7822478     5.89207559    5.89940211
    5.9157265     6.14516081    6.51469981    6.53043993    6.95175871
    6.96023847    6.96051508    6.971674      7.00682582    7.0700088
    7.20224057    7.22164775    7.52401629    7.63909049    7.69567134
    7.74340045    7.74370426    7.76006448    7.94916763    8.09095005
    8.09459569    8.17881875    8.33917208    8.38222262    8.38718075
    8.40061646    8.40275824    8.4416452     8.4563508     8.48983975
    8.60248195    8.66806426    8.82515595    8.84072113    8.91978812]
[   0.            0.            0.            0.            1.            0.
    0.           21.            0.            0.            1.            0.
    2.         -139.96262     175.41588      66.59362      78.097786
 -152.89864     -95.05072    -142.22507      40.27573     -33.777248
   15.559875      9.9968405   -31.188236      1.            2.            0.
    3.24584283    3.55259129    3.62490512    3.93480114    4.01278451
    4.04554288    4.07642294    4.17954758    4.1907497     4.24900764
    4.29374186    4.31028087    4.35859305    4.37705187    4.42815292
    4.43591375    4.48846156    4.62298977    4.73009237    4.86677373
    5.0233692     5.03410861    5.16460117    5.20679309    5.28417631
    5.3205625     5.35854201    5.43821442    5.45082992    5.51207522
    5.55083425    5.55815331    5.6323155     5.64772989    5.78367394
    5.91419498    5.93483733    6.00523252    6.13028465    6.1653507
    6.18848509    6.22925855    6.32138004    6.49138916    6.5031154
    6.53044916    6.56872477    6.58935017    6.63520377    6.81593676]
[  1.00000000e+00   0.00000000e+00   0.00000000e+00   0.00000000e+00
   0.00000000e+00   0.00000000e+00   0.00000000e+00   3.40000000e+01
   0.00000000e+00   1.00000000e+00   0.00000000e+00   0.00000000e+00
   2.00000000e+00  -6.97277830e+01   1.72854780e+02   5.70465160e+01
   7.40163650e+01   9.99990000e+03   9.99990000e+03  -1.52869610e+02
   3.09906600e+01  -3.43936420e+01   2.62145790e+01  -5.76170540e+00
  -1.59916100e+01   4.00000000e+00   0.00000000e+00   0.00000000e+00
   4.23240271e+00   4.55260698e+00   4.68078531e+00   4.69742557e+00
   4.80515844e+00   4.86222158e+00   5.01148632e+00   5.13053643e+00
   5.31553092e+00   5.36618113e+00   5.40609354e+00   5.45759288e+00
   5.62650941e+00   5.71581063e+00   5.78999646e+00   5.84145497e+00
   5.87372091e+00   5.90658301e+00   6.14859083e+00   6.15827331e+00
   6.26647557e+00   6.29289708e+00   6.42367675e+00   6.59053055e+00
   6.85112899e+00   6.86746350e+00   6.98414916e+00   7.07653810e+00
   7.35226559e+00   7.49668179e+00   7.57715251e+00   7.64828227e+00
   7.77979154e+00   7.83724769e+00   7.96737871e+00   8.03713542e+00
   8.06933770e+00   8.08279000e+00   8.15587131e+00   8.18343074e+00
   8.20232849e+00   8.21058537e+00   8.23870059e+00   8.29457761e+00
   8.39630383e+00   8.44092261e+00   8.45200977e+00   8.56193923e+00
   8.64120227e+00   8.75200684e+00]
[   0.            0.            0.            0.            0.            0.
    1.           14.            0.            0.            0.            1.
    3.          -75.520561   -177.26804      55.418873     74.348274
 -161.46881     -53.192585   -164.05984      40.601643    -42.760578
   25.100485      1.5869595   -26.922958      2.            2.            0.
    2.95092927    3.20637735    3.42604417    3.48546614    3.48886396
    3.69807787    3.72787753    3.75487602    3.86268215    3.89175457
    3.94682791    4.07294341    4.14135474    4.36674314    4.37027488
    4.50236836    4.55881374    4.75612516    4.84952976    4.92858164
    5.02293688    5.06525879    5.07046618    5.1342463     5.19927072
    5.20107151    5.22881689    5.34204432    5.49799823    5.61046923
    5.63684299    5.85217037    5.90292093    5.92779681    6.12097631
    6.18664534    6.20503671    6.23565672    6.26831392    6.27024306
    6.29214523    6.48571611    6.49704506    6.52811896    6.66782869
    6.7034801     6.77510857    6.84339415    6.86538163    6.93163135]
[   0.            0.            0.            0.            1.            0.
    0.           19.            1.            0.            0.            0.
    3.         -116.77101    -166.44695      74.791656     73.95385
 -166.64154     -71.181297   -136.72292      40.582054    -35.616154
   17.989691      9.0498686   -32.271381      2.            1.            0.
    3.8669859     4.0408669     4.05075876    4.29956787    4.33836987
    4.52825926    4.56032418    4.58698161    4.61249371    4.65858879
    4.84232488    4.97062386    4.98954259    5.11472603    5.12621448
    5.15858677    5.16766473    5.22884399    5.37254903    5.45978685
    5.47429912    5.48425654    5.50051348    5.61030167    5.69019979
    5.78214179    5.79162141    5.80449166    5.87195555    5.90309239
    5.91976042    5.97235865    6.18230778    6.19244222    6.23997097
    6.25918912    6.27989286    6.40758355    6.73119931    6.88196605
    6.91735328    6.96860197    6.99098069    7.20859691    7.22912143
    7.2344684     7.29059631    7.29920824    7.31034276    7.31835581]
[   0.            0.            1.            0.            0.            0.
    0.           12.            0.            1.            0.            0.
    0.          -73.633789    168.82118      57.615601     77.061203
  177.34721     151.21873    -159.68828      36.931656    -30.772429
   13.843764      9.3489523   -28.721657      0.            0.            0.
    5.3748993     5.76568474    5.78674071    6.22257276    6.47765775
    6.47794079    6.51646516    6.56301874    6.67753133    6.70592119
    7.0664628     7.0699998     7.13503306    7.18474573    7.37013815
    7.40970678    7.45131764    7.63695965    7.77437388    7.85449805
    7.86260441    7.96440689    8.05546943    8.20780909    8.25768343
    8.26636644    8.38345214    8.46142483    8.49989741    8.52920733
    8.55230755    8.58878368    8.75320319    8.76502162    8.78638136
    8.84004534    8.88179982    8.90482593    9.09727744    9.15991561
    9.16722719    9.24797056    9.26406804    9.31763845    9.33472934
    9.41872643    9.41880558    9.53217217    9.62028357    9.62223031]
[   1.            0.            0.            0.            0.            0.
    0.            4.            0.            0.            1.            0.
    2.           39.902279    149.05138      32.842991    130.79576
 -100.13129     -85.127327    -64.198006    -29.755465     17.696218
    1.9119267   -21.776897     32.008602      3.            2.            0.
    3.86702396    3.95034049    3.99292439    4.28917285    4.40730373
    4.4662491     4.49260373    4.57575682    4.63114587    5.05221699
    5.05985241    5.12255832    5.14775815    5.17829811    5.24852025
    5.341669      5.35222023    5.37458063    5.52831504    5.66548905
    5.84040596    5.86410363    5.88347827    5.91978687    6.01460675
    6.1190388     6.14220196    6.15481727    6.25262909    6.36067227
    6.41972677    6.51684683    6.53467863    6.5703926     6.57349536
    6.59830301    6.62736195    6.87198064    6.95786192    7.02296613
    7.03748976    7.36207046    7.37636696    7.40352939    7.46591757
    7.56856566    7.7429713     7.85316336    7.86806927    7.87860172]
[   0.            0.            0.            1.            0.            0.
    0.           12.            0.            1.            0.            0.
    1.         -100.08475    -177.9389       67.582672     86.065163
 -110.91209    -103.92101    -152.95604      48.639053    -44.617455
   23.73947       7.5386648   -36.529842      3.            1.            0.
    3.4021226     3.60993131    3.65098852    3.98021906    3.98343837
    4.15073219    4.16695365    4.30419795    4.45563555    4.50305278
    4.55185782    4.56412503    4.5940299     4.6158743     4.67127288
    4.72473763    4.74562061    4.97534796    5.03636953    5.22023324
    5.22960361    5.26820733    5.27476649    5.2949145     5.30190522
    5.4158297     5.62803251    5.63856173    5.64636339    5.73413021
    5.79941278    5.80441113    5.85604602    5.97477705    6.12846839
    6.19506084    6.23254069    6.40636423    6.47420008    6.49663369
    6.50078959    6.51318265    6.58287907    6.62043245    6.64950891
    6.87041281    6.87357302    6.91259553    6.94739417    7.06011608]
[   0.            0.            0.            0.            0.            1.
    0.            5.            0.            0.            1.            0.
    2.          -75.497536   -161.21785      47.424969     66.447327
 -148.93073     -75.201691   -136.22635      38.241291    -36.614426
   23.357109      1.6200331   -25.958733      3.            0.            0.
    2.92014122    3.33276714    3.35591076    3.44265991    3.48248976
    3.50655725    3.61796029    3.62120129    3.72534499    3.80351133
    3.8085729     3.88144952    3.92080318    3.92518892    3.92798889
    4.06631323    4.11568442    4.25152382    4.27414958    4.44182799
    4.44862213    4.47286533    4.60352073    4.63647689    4.65754163
    4.81055688    5.03425868    5.14792605    5.16258786    5.23999585
    5.33610419    5.44016379    5.64535746    5.88189019    5.95428317
    6.00639052    6.0217196     6.1340132     6.1572141     6.30202222
    6.36094569    6.38441155    6.41889803    6.6899917     6.69563678
    6.69918202    6.71317728    6.7386832     6.74180074    6.75326039]
[   0.            0.            0.            0.            1.            0.
    0.            5.            0.            0.            1.            0.
    3.          -92.741653   -148.86852      58.23645      83.391182
 -161.11891     -76.058823   -131.88524      29.468534    -32.338696
   22.883165     -3.959481    -16.124208      2.            0.            0.
    3.95000768    4.03097642    4.07251829    4.10865926    4.17387276
    4.26376536    4.28659155    4.42092501    4.46947405    4.53133034
    4.64977274    4.69001141    4.82160272    4.86278963    4.93118186
    5.02289285    5.08242303    5.10808676    5.19569355    5.23188428
    5.26178106    5.73209821    5.77870171    5.90158355    5.90593993
    5.91886224    5.92877312    6.02296431    6.03220843    6.15165274
    6.3214072     6.358062      6.43906965    6.58844834    6.7213332
    6.78444625    6.83811527    6.87759476    6.88373642    6.9581725
    7.02378522    7.039809      7.07319317    7.10744503    7.19593762
    7.3063247     7.33857007    7.36683453    7.42468289    7.46106216]
[   1.            0.            0.            0.            0.            0.
    0.           10.            0.            0.            0.            1.
    1.          -62.287872   -170.86577      54.397728     82.32093
  175.38016     -75.511765   -171.61458      40.955883    -35.77047
   20.012636      7.0509057   -30.841356      0.            2.            0.
    3.85178315    4.04475279    4.097783      4.33719751    4.40237131
    4.51746457    4.55891131    4.59436486    4.70960705    4.79570478
    4.81762488    4.87195664    4.88948026    4.96235632    5.03888837
    5.13751309    5.22013441    5.2616411     5.27577953    5.52428351
    5.56712845    5.65342441    5.66384432    5.70471124    5.7161543
    5.84148933    5.88543273    5.90891199    5.90945537    5.96003689
    6.05390657    6.25827434    6.37487843    6.41613655    6.44718501
    6.73655771    6.80736035    6.91391314    6.99839629    7.04191876
    7.06814302    7.14903623    7.16938416    7.31328947    7.32621397
    7.49973816    7.55690647    7.77843396    7.7939615     7.81409708]
[  1.00000000e+00   0.00000000e+00   0.00000000e+00   0.00000000e+00
   0.00000000e+00   0.00000000e+00   0.00000000e+00   3.50000000e+01
   0.00000000e+00   1.00000000e+00   0.00000000e+00   0.00000000e+00
   2.00000000e+00  -7.44399800e+01  -1.59743190e+02   5.80285870e+01
   8.14943310e+01   9.99990000e+03   9.99990000e+03  -1.54818210e+02
   3.63539920e+01  -3.35066720e+01   1.60762560e+01   7.09492160e+00
  -2.80374640e+01   3.00000000e+00   0.00000000e+00   0.00000000e+00
   3.57883055e+00   4.30536508e+00   4.92504205e+00   4.95936322e+00
   5.12988555e+00   5.16423616e+00   5.40761201e+00   5.48385090e+00
   5.59328231e+00   5.77919986e+00   5.91430515e+00   5.91908928e+00
   5.94623898e+00   5.95223747e+00   6.02488181e+00   6.11907249e+00
   6.15121903e+00   6.32658091e+00   6.53056355e+00   6.65659875e+00
   6.86580557e+00   6.94221183e+00   6.95350359e+00   7.09074160e+00
   7.17707495e+00   7.18266166e+00   7.22442960e+00   7.27250899e+00
   7.29888892e+00   7.30245544e+00   7.31386063e+00   7.37725945e+00
   7.44917613e+00   7.50864260e+00   7.53111145e+00   7.56142540e+00
   7.67436745e+00   7.77458634e+00   7.85676559e+00   7.91466013e+00
   7.91967226e+00   8.09457571e+00   8.21482603e+00   8.27226645e+00
   8.34136330e+00   8.37342125e+00   8.44829762e+00   8.54860516e+00
   8.56415665e+00   8.62528316e+00]
[   0.            1.            0.            0.            0.            0.
    0.           19.            1.            0.            0.            0.
    3.         -116.77101    -166.44695      74.791656     73.95385
 -166.64154     -71.181297   -136.72292      40.582054    -35.616154
   17.989691      9.0498686   -32.271381      2.            1.            0.
    3.44723184    3.58546416    3.5891891     3.69204243    3.76977498
    3.78386823    3.89522992    4.06920971    4.07533689    4.11307767
    4.12473931    4.23688002    4.28028708    4.36123837    4.49727591
    4.56301799    4.70263358    4.75814151    4.83796715    4.86170411
    4.86320639    4.956624      5.07379248    5.10509144    5.11811084
    5.18022234    5.22095005    5.23393278    5.27070425    5.36012949
    5.44489955    5.62602915    5.74957414    5.9112647     6.03128871
    6.05641154    6.11641671    6.16890991    6.169445      6.26284959
    6.36105159    6.37105881    6.38431874    6.41209822    6.43830435
    6.50226369    6.57218832    6.58424098    6.67474368    6.69220649]
[   1.            0.            0.            0.            0.            0.
    0.           34.            0.            1.            0.            0.
    2.          -91.925156    173.14807      78.891655     62.714336
 -148.9962      -71.702881   -160.12955      45.609055    -39.306164
   16.783024     12.871318    -37.021664      3.            1.            0.
    3.97055992    4.15464733    4.17540065    4.33619618    4.37975831
    4.48935739    4.4968979     4.71135782    4.86278912    4.98837817
    5.00734907    5.07433084    5.12896667    5.13955979    5.16338686
    5.20693571    5.25701194    5.3381953     5.37960664    5.4263988
    5.54452403    5.7621383     5.83969983    5.84818624    5.90775348
    5.96094192    5.99673889    6.02584327    6.10675334    6.11337175
    6.13941188    6.15121903    6.32114608    6.47642572    6.4803948
    6.70706783    6.8550924     6.87113191    6.96166827    6.98084881
    6.99695579    7.10877434    7.14679415    7.2384241     7.34912235
    7.39563642    7.43858668    7.50526137    7.50815067    7.51122613]
[   1.            0.            0.            0.            0.            0.
    0.           22.            1.            0.            0.            0.
    1.           24.636076     96.532188     28.389242     77.146141
  168.82697      44.709988    -72.563972     38.130791    -41.714504
   32.904755     -7.774405    -19.402828      0.            3.            0.
    3.77841709    4.19785106    4.57893188    4.59602413    4.60826913
    4.60889257    4.82553554    4.90825995    5.04803934    5.48434656
    5.60112997    5.89706197    5.9919862     6.0064125     6.17676942
    6.18657324    6.3378025     6.53366113    6.56510007    6.59086271
    6.65076105    6.80094458    6.89986217    6.91942685    6.93009545
    7.06275006    7.39830691    7.40796111    7.8000645     7.82321851
    7.86719303    7.88095555    7.92510582    7.97434062    7.98570685
    8.02310904    8.11694972    8.21604069    8.42242286    8.5313611
    8.53191937    8.61356942    8.72357864    8.83869553    8.87565498
    9.13671969    9.14623099    9.1804283     9.2041456     9.44021212]
[   0.            0.            0.            0.            1.            0.
    0.           25.            0.            0.            1.            0.
    1.          -67.648102    173.08289      59.970486     74.021622
 -163.02351     -75.955841   -127.52677      38.836037    -41.128918
   24.754984     -1.8231673   -23.948236      4.            1.            0.
    3.95424597    3.98425584    4.09479168    4.19358223    4.33688129
    4.42865726    4.50572036    4.51701584    4.54981933    4.58563151
    4.5863245     4.58639139    4.6972422     5.02750617    5.11006709
    5.33761154    5.37703832    5.48666352    5.49528096    5.62068612
    5.63619439    5.67328755    5.92805093    5.98780696    6.14199519
    6.14667498    6.35380231    6.38039343    6.47313449    6.59985444
    6.78556832    6.89973221    6.90031516    6.93866912    6.97454209
    6.9973809     7.02020309    7.05515908    7.24281656    7.34215051
    7.42181282    7.52220189    7.53560543    7.5548076     7.77510284
    7.8522257     7.90881631    7.91071184    8.15491948    8.15613304]
[   0.            1.            0.            0.            0.            0.
    0.            5.            1.            0.            0.            0.
    2.          -50.702824   -175.62494      70.772217     74.446754
 -162.94864      -9.4831114  -169.71083      39.310913    -38.073162
   22.311401      2.9820282   -26.500849      1.            1.            0.
    3.55052917    3.5669226     3.56975311    3.7115893     3.81100725
    3.86504303    4.00757743    4.04377826    4.09071264    4.48130026
    4.49510585    4.61978277    4.77778161    4.79659239    4.84135722
    4.89882065    4.95017231    5.12952435    5.14460274    5.2594907
    5.31141936    5.61431632    5.65868546    5.77339823    5.89645062
    6.10607503    6.13121477    6.18641602    6.28861309    6.43891686
    6.6297278     6.64722691    6.66869521    6.95315685    7.12398074
    7.14765043    7.2088202     7.23811407    7.26485559    7.27440417
    7.39452622    7.41760425    7.43132361    7.54099379    7.59667223
    7.62127019    7.62403881    7.75193325    7.85205778    7.86367402]
[  0.00000000e+00   0.00000000e+00   0.00000000e+00   0.00000000e+00
   0.00000000e+00   1.00000000e+00   0.00000000e+00   1.00000000e+00
   0.00000000e+00   0.00000000e+00   1.00000000e+00   0.00000000e+00
   1.00000000e+00   9.99990000e+03   9.99990000e+03   6.94898610e+01
   7.44620820e+01  -1.44404240e+02  -6.60250240e+01  -1.52967770e+02
   3.76745030e+01  -3.48182450e+01   1.42622080e+01   1.07283460e+01
  -3.14105050e+01   3.00000000e+00   0.00000000e+00   0.00000000e+00
   3.35337921e+00   3.42213157e+00   3.43596837e+00   3.70922624e+00
   3.76050333e+00   3.79443100e+00   3.87767245e+00   3.90039115e+00
   4.04633763e+00   4.10019444e+00   4.80299800e+00   5.39389403e+00
   6.06819926e+00   6.71722902e+00   6.71975848e+00   6.79207104e+00
   6.85728988e+00   6.89365349e+00   6.94272707e+00   6.97892108e+00
   7.23435223e+00   7.28078081e+00   7.36619710e+00   7.47494463e+00
   7.59096188e+00   7.62903191e+00   7.84711463e+00   7.91084646e+00
   7.94715383e+00   8.17894571e+00   8.26107529e+00   8.36695290e+00
   8.37508556e+00   8.39275565e+00   8.46624453e+00   8.51695728e+00
   8.54200312e+00   8.87602577e+00   8.94049038e+00   9.12820292e+00
   9.14057973e+00   9.15037851e+00   9.28386754e+00   0.00000000e+00
   0.00000000e+00   0.00000000e+00   0.00000000e+00   0.00000000e+00
   0.00000000e+00   0.00000000e+00]
[   1.            0.            0.            0.            0.            0.
    0.            3.            1.            0.            0.            0.
    3.          -76.634117    177.21848      67.306976     87.451164
 -130.43964     -77.768547   -156.23267      36.627537    -33.820919
   18.142128      6.1297984   -26.901937      3.            1.            0.
    3.80933431    3.94297596    4.0862211     4.40708013    4.52382622
    4.63500503    4.63800737    4.86616684    4.89670652    4.9312558
    5.01996606    5.06752096    5.09768338    5.12826466    5.33423528
    5.44092257    5.48982601    5.53779766    5.55317665    5.68311061
    5.69734575    5.73175407    5.77176172    5.87570506    5.92212562
    5.92223416    6.12701559    6.21930478    6.23783796    6.4500508
    6.64396285    6.74750952    6.77105781    6.79394667    6.83364762
    6.89776066    6.91420186    6.92137105    7.04578342    7.14085909
    7.29911313    7.39607815    7.43467645    7.45864523    7.65530496
    7.65958037    7.67859776    7.74160582    7.766746      7.77751858]
[   1.            0.            0.            0.            0.            0.
    0.           12.            0.            0.            1.            0.
    3.          -67.14843    -176.54633      50.883392     89.048897
 -165.96646     -52.784584   -149.46078      43.536762    -39.694294
   20.181032      7.5848589   -33.414318      3.            0.            0.
    4.31478773    4.54626794    4.60357994    4.67887237    4.69520124
    4.7222915     4.8269321     4.83986405    5.10712477    5.21875695
    5.27255558    5.29355833    5.4674314     5.59446521    5.60387974
    5.65344728    5.65955363    5.65993755    5.66347087    5.6946445
    5.82616595    5.83682567    5.8567984     6.12028691    6.32164367
    6.498396      6.50701104    6.62131727    6.62833098    6.64294827
    6.8319505     6.86845507    6.8934976     6.9056627     6.95245007
    6.97890932    7.1019299     7.11792603    7.16480838    7.19899688
    7.38420437    7.59846759    7.66368865    7.81677724    7.92724668
    7.94913215    7.95921112    7.97183137    7.97684386    8.0519257 ]
[   0.            0.            1.            0.            0.            0.
    0.           10.            0.            1.            0.            0.
    2.          -75.115326    168.92728      64.622589     76.854347
 -120.81477     -45.994953   -163.23177      45.838474    -45.566891
   25.668495      3.7848589   -33.342224      2.            1.            0.
    3.2951318     3.61038043    3.84481184    3.89504197    3.97819398
    4.06024495    4.09170503    4.20350389    4.3047451     4.33438489
    4.38799969    4.4142585     4.44024657    4.46890114    4.4702447
    4.47590462    4.64112757    4.74878386    4.88286414    5.04330396
    5.11662878    5.12957035    5.14559868    5.15139766    5.28949877
    5.32491057    5.3808211     5.44582365    5.45163999    5.57623365
    5.60668124    5.64349996    5.83092478    5.84047825    5.87925557
    5.93832708    5.95069716    6.01676762    6.02979822    6.03412569
    6.06079643    6.1185977     6.16042881    6.23380316    6.32002819
    6.418733      6.50721196    6.55648779    6.63178607    6.77571749]
[  1.00000000e+00   0.00000000e+00   0.00000000e+00   0.00000000e+00
   0.00000000e+00   0.00000000e+00   0.00000000e+00   1.90000000e+01
   0.00000000e+00   0.00000000e+00   1.00000000e+00   0.00000000e+00
   3.00000000e+00  -6.43850780e+01   1.79858720e+02   6.14482120e+01
   7.04808500e+01  -1.63450440e+02  -6.55009540e+01  -1.26196240e+02
   3.84342350e+01  -4.02819710e+01   2.40508000e+01   6.85280410e-02
  -2.46672860e+01   3.00000000e+00   2.00000000e+00   0.00000000e+00
   4.54394762e+00   4.58611633e+00   4.58944341e+00   4.64916025e+00
   4.73302106e+00   4.85354976e+00   4.85542925e+00   4.88950460e+00
   4.95904036e+00   5.01863947e+00   5.17781520e+00   5.24097409e+00
   5.34801416e+00   5.49633786e+00   5.55691850e+00   5.56534070e+00
   5.59874915e+00   5.62149791e+00   5.90296158e+00   5.95032273e+00
   5.96003409e+00   5.96933996e+00   5.98345782e+00   6.12664057e+00
   6.30546231e+00   6.31191112e+00   6.44067890e+00   6.52537233e+00
   6.65303998e+00   6.73568587e+00   6.86488462e+00   6.95157336e+00
   7.04929125e+00   7.10124729e+00   7.10917877e+00   7.18311718e+00
   7.21024894e+00   7.21441158e+00   7.21944329e+00   7.32126464e+00
   7.46303168e+00   7.47753846e+00   7.56374594e+00   7.61155451e+00
   7.66079454e+00   7.75393089e+00   7.79943097e+00   7.81686988e+00
   7.87029218e+00   7.90495267e+00]
[   1.            0.            0.            0.            0.            0.
    0.           22.            0.            0.            1.            0.
    2.         -116.59746     171.29051      75.75766      82.684944
 -156.63867     -69.457207   -154.687        33.925644    -30.254519
   13.865485      7.9474454   -26.827957      2.            1.            0.
    3.76351141    4.0044554     4.05178032    4.21580594    4.43072516
    4.46698876    4.59115018    4.61713882    4.67463242    4.70358876
    4.75572428    4.75594141    5.02848211    5.07730266    5.09232519
    5.17805988    5.32758831    5.35814426    5.37798869    5.40415937
    5.428269      5.43077352    5.57130463    5.70941552    5.78643294
    5.81513416    5.97810167    6.1162777     6.12885361    6.17945218
    6.20326974    6.23462074    6.32818152    6.34154134    6.40411694
    6.52468795    6.53642685    6.59768113    6.7205056     6.73534887
    6.79847727    6.81044733    6.87402409    6.92507456    7.07866187
    7.20407754    7.21918917    7.42792884    7.54717819    7.58415545]
[   0.            0.            0.            1.            0.            0.
    0.           11.            0.            1.            0.            0.
    2.          -80.191383    179.05145      69.975998     80.668846
 -154.42244     -61.760208   -172.63129      41.860901    -32.435863
    8.5437584    16.940014    -36.967297      3.            0.            0.
    3.25169911    3.2951318     4.06025962    4.08863932    4.24422594
    4.41740312    4.41985203    4.63642146    4.65485533    4.68968526
    4.6917861     4.73046594    4.82733585    4.85065936    4.86669251
    4.91564382    5.05407004    5.07135644    5.18262798    5.21449656
    5.21652067    5.22837118    5.25963151    5.34480905    5.6109832
    5.67595812    5.69295828    5.76915916    5.8074274     5.80969338
    5.81418031    5.85460715    5.95780651    5.95989312    6.06057664
    6.0644241     6.13483501    6.18798569    6.39421416    6.39952828
    6.40430043    6.42804062    6.46384547    6.54116057    6.55909374
    6.55929835    6.68286021    6.71088381    6.72289924    6.94649361]
[   0.            0.            1.            0.            0.            0.
    0.            8.            0.            0.            0.            1.
    2.          -66.050713    175.06071      57.743244     81.598358
 -149.09103     -88.000534   -154.56525      41.440948    -38.646053
   21.343447      4.3100257   -28.988434      3.            1.            0.
    3.59808116    3.68256067    3.98942967    4.03973896    4.13833014
    4.32706837    4.34135985    4.46992076    4.65163063    4.93511039
    4.96325469    4.98210903    5.00212519    5.12083221    5.13777328
    5.16765237    5.17521592    5.34415317    5.36435355    5.44090251
    5.49248669    5.50903321    5.5983883     5.62866347    5.64340397
    5.76697042    5.84397114    6.04499169    6.14152698    6.1796932
    6.23033217    6.27523233    6.28609533    6.41706399    6.58133303
    6.59331279    6.6810842     6.71133313    6.73505239    6.73624318
    7.02109457    7.02210968    7.04216735    7.04799884    7.08781328
    7.10595053    7.17000862    7.1877216     7.22889501    7.23839537]
[   0.            0.            0.            0.            0.            1.
    0.           18.            0.            0.            1.            0.
    3.          -67.242226    171.71033      62.824535     80.89431
 -152.18687     -65.239677   -154.64232      34.055584    -31.113443
   14.934269      7.7795782   -27.759516      3.            0.            0.
    2.9698363     3.11257549    3.35094113    3.48298115    3.49840896
    3.5337399     3.5971497     3.61316777    3.70013865    3.80115716
    3.85162788    3.91012978    3.96230291    3.989988      4.00493441
    4.0264543     4.03616415    4.06212207    4.23416896    4.25935628
    4.31604887    4.35714858    4.36383243    4.39826208    4.66758589
    4.69887977    4.82485303    4.90687376    4.92395167    4.96866657
    5.25596245    5.32765955    5.39506898    5.44141072    5.75985777
    5.88934534    5.92709443    6.05167724    6.19534772    6.21597125
    6.2824193     6.3289806     6.34801982    6.47343963    6.54081218
    6.76430344    6.80723226    6.8086337     6.87902699    6.88564008]
[  0.00000000e+00   0.00000000e+00   0.00000000e+00   0.00000000e+00
   0.00000000e+00   1.00000000e+00   0.00000000e+00   1.00000000e+00
   0.00000000e+00   0.00000000e+00   1.00000000e+00   0.00000000e+00
   1.00000000e+00   9.99990000e+03   9.99990000e+03   6.94061580e+01
   8.23095020e+01  -1.50840440e+02  -5.82555350e+01  -1.52549150e+02
   3.84164850e+01  -4.11231350e+01   2.53425220e+01  -3.66374700e-01
  -2.45412730e+01   3.00000000e+00   0.00000000e+00   0.00000000e+00
   2.99899102e+00   3.42876895e+00   3.42998065e+00   3.66009321e+00
   3.78166811e+00   3.80642165e+00   3.84792048e+00   3.86242234e+00
   3.95590974e+00   3.99134688e+00   4.08086374e+00   4.10178362e+00
   4.16794245e+00   4.16859762e+00   4.45417370e+00   4.71673069e+00
   5.12261486e+00   5.16199369e+00   5.31495302e+00   5.31848292e+00
   5.54930113e+00   5.77284394e+00   5.97850281e+00   5.98126938e+00
   6.11075321e+00   6.20879021e+00   6.57089101e+00   6.67698778e+00
   6.74402195e+00   6.79120161e+00   6.97796632e+00   6.98024734e+00
   6.99258834e+00   7.09250568e+00   7.12822309e+00   7.15659350e+00
   7.17585234e+00   7.24921583e+00   7.28368101e+00   7.46002591e+00
   7.46606930e+00   7.48246705e+00   7.49088827e+00   7.49788835e+00
   7.58114050e+00   7.78885036e+00   7.85550256e+00   7.94510373e+00
   7.95441731e+00   7.98270697e+00]
[   0.            0.            0.            0.            1.            0.
    0.           22.            1.            0.            0.            0.
    3.          -78.457535    170.36818      56.582096     78.02916
 -161.65651     -60.909534   -144.88753      33.14035     -33.145519
   19.248833      1.7089187   -20.832876      2.            1.            0.
    3.24841609    3.29082459    4.09666056    4.09829476    4.28373926
    4.48515471    4.509638      4.51247581    4.55963745    4.59272771
    4.6970936     4.95053141    4.9582171     4.98105905    5.01522645
    5.17268416    5.19163593    5.28090245    5.33168514    5.35420905
    5.41498236    5.47254007    5.48738458    5.51859523    5.57794267
    5.61591139    5.62091274    5.68179976    5.80209641    5.93786965
    6.071431      6.09965044    6.09981754    6.11112654    6.14732573
    6.1487803     6.40721629    6.46254812    6.51579919    6.54224323
    6.54826927    6.71266958    6.73503854    6.79824138    6.85743907
    7.03818917    7.14096815    7.19352112    7.30801676    7.36863478]
[   0.            0.            0.            1.            0.            0.
    0.           13.            0.            0.            0.            1.
    3.          -70.155106    168.23051      58.006329     74.584694
 -169.65004     -61.354958   -157.99028      42.019276    -40.271484
   23.469748      4.4690957   -30.233555      2.            1.            0.
    4.02403061    4.18901046    4.21845501    4.21997074    4.31457812
    4.34310658    4.42352937    4.5329458     4.57553784    4.65813434
    4.80608613    4.93202167    4.95785438    5.02325297    5.05418629
    5.13878634    5.14615992    5.23873478    5.27141825    5.35896089
    5.48597111    5.49802486    5.54016285    5.58909299    5.62403906
    5.648472      5.93253388    6.00289162    6.01748451    6.07471999
    6.12146966    6.29214523    6.30374195    6.32815754    6.46863425
    6.51293203    6.57129035    6.63316468    6.67359247    6.68577258
    6.8613624     6.90249594    7.03982251    7.08619614    7.14516786
    7.18039532    7.20234774    7.28555269    7.41613018    7.45839449]
[   0.            0.            0.            1.            0.            0.
    0.           14.            0.            1.            0.            0.
    1.          -42.679104    121.82339      67.053642     78.464249
 -173.35765     -78.606339   -160.9841       36.59436     -39.926758
   28.388374     -4.0677009   -21.420492      3.            2.            0.
    3.80479717    4.09546689    4.14200203    4.26038159    4.54792736
    4.57447606    4.74243116    4.76589745    4.80293195    4.88884681
    4.899766      4.99226166    5.24324206    5.39360781    5.59603926
    5.61432985    5.6659453     5.67542619    5.75566794    5.82291159
    5.87482352    6.0873358     6.14697821    6.16650567    6.25949393
    6.27776504    6.34646204    6.38897121    6.47305522    6.48204979
    6.53489353    6.61296924    6.62133261    6.92410205    6.95090459
    6.99684578    7.02633956    7.04764499    7.04926968    7.11325185
    7.17893924    7.48206693    7.55201436    7.60320201    7.63504823
    7.70128251    7.81356595    8.01434793    8.02504596    8.06023122]
[   0.            0.            0.            1.            0.            0.
    0.            9.            0.            1.            0.            0.
    1.         -116.84681     179.13046      75.533806     72.189674
  175.13911     -90.468178   -164.72821      35.864647    -34.830441
   18.91815       4.3941374   -25.573675      0.            3.            0.
    3.5759068     3.62709206    3.7770912     3.83925223    3.95769673
    3.95849689    4.26797493    4.31735412    4.42404399    4.46287697
    4.59210016    4.71107458    4.79870342    4.97269573    5.07706278
    5.1938307     5.26952893    5.40438263    5.48140499    5.54411455
    5.6082492     5.61868484    5.87976984    6.00099852    6.12800105
    6.34519649    6.42292408    6.46905356    6.81374082    6.94357901
    6.9832566     6.99290223    7.1213748     7.1565616     7.16342211
    7.19999829    7.20223499    7.28687101    7.289226      7.2952707
    7.29891117    7.36184416    7.39007775    7.52540407    7.58591051
    7.60406375    7.63946392    7.64517946    7.64976578    7.69911551]
[   0.            1.            0.            0.            0.            0.
    0.           30.            1.            0.            0.            0.
    3.          -68.218071    178.54814      64.742027     79.847572
 -143.05287     -73.749596   -168.08194      41.002254    -38.910309
   22.065542      4.0780873   -28.764374      3.            1.            0.
    2.91810428    3.44603709    3.57850795    3.57876255    3.74584411
    3.82345459    3.89025244    3.89029528    3.90418921    3.97027206
    4.15513767    4.30609353    4.31913147    4.47383743    4.56402079
    4.66709856    4.69790287    4.76091846    4.84126328    4.89823452
    4.91011573    5.02407003    5.05949611    5.11408338    5.22162633
    5.33295919    5.38512032    5.52270397    5.57815181    5.72263657
    5.7362206     5.77598682    5.80550783    5.818286      5.89365434
    6.01974372    6.09491519    6.10110945    6.14007681    6.18595964
    6.31957187    6.33149485    6.3631296     6.42503821    6.46145684
    6.49425503    6.65905066    6.76030324    6.95829561    6.96625649]
[   0.            1.            0.            0.            0.            0.
    0.           14.            1.            0.            0.            0.
    1.           66.254333    124.96001      85.689789     84.630592
 -114.70441     -34.294655   -162.93274      34.193081    -30.002136
   13.456411      7.5009046   -26.279831      0.            3.            0.
    4.84492271    5.08129036    5.68901211    5.91509883    5.9868109
    5.99057627    6.09980213    6.27201352    6.52419099    6.71317722
    6.74379963    6.87678543    6.96770635    7.19691173    7.21077739
    7.52556359    7.60104595    7.76327722    7.95506269    8.2633868
    8.37474577    8.52923745    8.76243401    8.7632214     8.81368486
    8.97590905    9.00889723    9.2921067     9.30531856    9.32026188
    9.33667448    9.36826302    9.50747052    9.56885688    9.67426246
    9.72065715    9.86916126    9.88306761    9.95219567    9.97172472
    9.99631878    0.            0.            0.            0.            0.
    0.            0.            0.            0.        ]
[   1.            0.            0.            0.            0.            0.
    0.           19.            1.            0.            0.            0.
    3.          -50.102451    160.59415      59.225399     81.623711
 -140.00113     -61.958282   -155.03986      38.33316     -31.985085
   12.655211     13.149062    -34.416504      2.            1.            0.
    4.23971048    4.34705673    4.44983336    4.50737577    4.55363539
    4.81139257    4.82259108    4.8514469     5.11650594    5.17370931
    5.17598117    5.1920392     5.27728926    5.32646195    5.46361498
    5.52004698    5.55221805    5.5788096     5.59437276    5.72499833
    5.72875495    5.76479669    5.79050621    6.0640008     6.09015852
    6.21689393    6.55670298    6.66435487    6.70172258    6.77568596
    6.78135762    6.81341833    6.81472575    6.82884374    6.84162062
    6.84253001    6.97315165    7.01857679    7.3449463     7.38358589
    7.45370867    7.54564862    7.54924835    7.62480997    7.72300789
    7.73051079    7.84575847    7.9173453     7.92282788    7.97525255]
[   0.            0.            0.            0.            0.            0.
    1.            4.            0.            0.            0.            1.
    2.          -95.105446   -169.37061      65.557297     72.844299
 -159.17554     -74.754036   -172.61479      41.727688    -37.30407
   18.05929       7.8442011   -30.317251      2.            1.            0.
    3.01957855    3.45095172    3.53086742    3.54131557    3.56321605
    3.64537761    3.69949884    3.89558864    3.97328257    3.97774444
    3.9895585     4.02041214    4.0532236     4.06977574    4.3763987
    4.38559418    4.40626057    4.44757346    4.4604257     4.47106063
    4.76931601    4.88992984    4.96305522    5.07223095    5.15454413
    5.21014165    5.25617836    5.48169136    5.5554531     5.60082321
    5.62899723    5.65464121    5.80700588    5.85134345    6.02473889
    6.05037959    6.13459192    6.15937766    6.16185332    6.18220747
    6.23888407    6.35079885    6.49394015    6.56392304    6.59222237
    6.60069339    6.623825      6.88534308    6.90887131    6.96512994]
[  0.00000000e+00   0.00000000e+00   0.00000000e+00   0.00000000e+00
   1.00000000e+00   0.00000000e+00   0.00000000e+00   1.00000000e+00
   0.00000000e+00   0.00000000e+00   1.00000000e+00   0.00000000e+00
   1.00000000e+00   9.99990000e+03   9.99990000e+03   5.90135270e+01
   7.01698300e+01  -1.66514620e+02  -4.66722530e+01  -1.62143810e+02
   3.82171210e+01  -4.47265700e+01   3.31614380e+01  -5.83848380e+00
  -2.15123560e+01   3.00000000e+00   0.00000000e+00   0.00000000e+00
   4.07795190e+00   4.09261653e+00   5.16438989e+00   5.27021743e+00
   5.56247289e+00   5.56552512e+00   5.82072169e+00   5.82174275e+00
   5.95609538e+00   5.96604877e+00   6.24151566e+00   6.40123248e+00
   6.53713218e+00   6.65832591e+00   6.99919389e+00   7.05049728e+00
   7.09065516e+00   7.20251049e+00   7.27970597e+00   7.40687919e+00
   7.41383499e+00   7.58396081e+00   7.73532386e+00   7.81120167e+00
   7.83087953e+00   7.93883229e+00   8.04681048e+00   8.34555292e+00
   8.40837660e+00   8.55282182e+00   8.59726722e+00   8.66544691e+00
   8.85921205e+00   8.95921693e+00   9.06086255e+00   9.24426309e+00
   9.37283486e+00   9.37406708e+00   9.51997860e+00   9.57513029e+00
   9.67858832e+00   9.69962054e+00   9.72497905e+00   0.00000000e+00
   0.00000000e+00   0.00000000e+00   0.00000000e+00   0.00000000e+00
   0.00000000e+00   0.00000000e+00]
[  0.00000000e+00   0.00000000e+00   0.00000000e+00   1.00000000e+00
   0.00000000e+00   0.00000000e+00   0.00000000e+00   2.60000000e+01
   0.00000000e+00   1.00000000e+00   0.00000000e+00   0.00000000e+00
   2.00000000e+00  -7.57218020e+01  -1.77950530e+02   7.09471890e+01
   8.53928300e+01   9.99990000e+03   9.99990000e+03  -1.51668500e+02
   3.37538070e+01  -3.54916920e+01   2.23737850e+01  -3.60451970e-01
  -2.18024200e+01   3.00000000e+00   1.00000000e+00   0.00000000e+00
   4.08945057e+00   4.10525976e+00   4.20649769e+00   4.32911768e+00
   4.43393414e+00   4.64661997e+00   4.70467189e+00   4.78916609e+00
   4.81041328e+00   4.88528503e+00   4.90813928e+00   4.91051755e+00
   5.04524776e+00   5.15706369e+00   5.21926164e+00   5.70082531e+00
   5.70397981e+00   5.97022283e+00   6.06609383e+00   6.07254018e+00
   6.15359095e+00   6.24164947e+00   6.25775341e+00   6.35377416e+00
   6.54964002e+00   6.99287109e+00   7.06831700e+00   7.08447242e+00
   7.14969982e+00   7.40442374e+00   7.43898496e+00   7.49833509e+00
   7.57229572e+00   7.83445063e+00   8.00177822e+00   8.10137259e+00
   8.13455470e+00   8.21060934e+00   8.26599212e+00   8.28731553e+00
   8.34817440e+00   8.35380510e+00   8.49568980e+00   8.56780842e+00
   8.58802918e+00   8.59162264e+00   8.59436027e+00   8.66225296e+00
   8.69766701e+00   8.78958549e+00]
[   0.            0.            0.            0.            0.            1.
    0.            9.            0.            0.            1.            0.
    2.          -55.747971   -158.13376      95.81884      84.517967
 -132.03477     -73.169029   -174.60455      41.95414     -33.709728
   12.019588     14.28048     -34.583862      4.            4.            0.
    3.05338918    3.33089197    3.49964407    3.49990086    3.53237742
    3.57727204    3.69492089    3.76617901    3.8202369     3.8345441
    3.85503817    3.91277569    3.94288305    3.99339567    3.99933618
    4.07256454    4.29072758    4.37241558    4.46358687    4.50818586
    4.60379648    4.784629      4.91271862    4.9443851     4.96245031
    4.99010451    5.00369854    5.03751654    5.31432953    5.53761389
    5.56450238    5.5807699     5.61096153    5.70682943    5.85860158
    5.87611483    5.92291333    6.01017043    6.07803234    6.16035829
    6.26305067    6.33442201    6.35890895    6.37836729    6.42003773
    6.42586308    6.44108456    6.57257956    6.57644833    6.62508881]
[   0.            0.            0.            0.            1.            0.
    0.           21.            0.            0.            1.            0.
    2.          171.50792     169.00095      56.927685     62.556046
 -146.30219    -149.916       -86.279724     39.617275    -46.075089
   34.783318     -9.8662138   -18.653879      1.            2.            0.
    3.48610981    3.5414712     3.6913814     3.84785778    3.8966023
    4.03483152    4.07927755    4.282408      4.30144571    4.31382537
    4.36677191    4.42355533    4.4567275     4.48057907    4.63529233
    4.67766106    4.7136155     4.79712999    5.03052239    5.0335627
    5.1386608     5.1791993     5.34472793    5.37653319    5.67432801
    5.68586131    5.94491178    5.9679505     5.9905953     6.16308371
    6.17676942    6.44430006    6.69817534    6.74558725    6.83842933
    7.10299511    7.10841585    7.1679045     7.25371898    7.36258047
    7.50760025    7.51601166    7.63806595    7.68413758    7.6911516
    7.69217616    7.76673404    7.78597331    7.80681063    7.89108181]
[   0.            0.            0.            0.            1.            0.
    0.            2.            1.            0.            0.            0.
    2.          -73.276505    177.62636      61.839622     76.895973
  156.10431      38.293362   -159.46472      36.58569     -33.484226
   17.591602      6.7958107   -27.129629      2.            1.            0.
    3.62828599    3.79273756    3.94533434    3.95435438    3.98422634
    4.01756511    4.02510932    4.03586362    4.10019444    4.11123183
    4.11674669    4.23787974    4.27608931    4.51686945    4.52676028
    4.52703821    4.54442636    4.54581469    4.72484834    4.79939621
    4.96797243    5.03629383    5.06836314    5.08942866    5.2951983
    5.44528419    5.63396579    5.66609492    5.78086486    5.79135255
    5.82297449    5.86997291    6.12438598    6.28319509    6.30441574
    6.31274602    6.33227113    6.41367386    6.55188706    6.70098496
    6.89851361    7.45501975    7.48223632    8.51078865    8.54790157
    8.72542685    8.89497014    9.03865742    9.05686932    9.24353263]
[   0.            0.            0.            1.            0.            0.
    0.           12.            0.            1.            0.            0.
    3.          -76.011711   -176.07777      54.4193       77.747391
 -145.00728     -69.194496   -161.27939      40.926632    -39.802986
   21.017521      5.5254183   -29.991365      3.            0.            0.
    3.87421525    3.95409626    4.07377274    4.10286571    4.12283882
    4.26893612    4.31641579    4.32003895    4.42423159    4.4687664
    4.5329458     4.55344851    4.62801071    4.64067643    4.69456767
    4.92262502    5.00991483    5.11766661    5.15230627    5.16202119
    5.40544401    5.4798543     5.57920657    5.63909565    5.66098732
    5.6761563     5.70919887    5.76310157    5.76603795    5.79629028
    5.84799093    5.89947241    6.03615178    6.0653231     6.14588781
    6.23395242    6.29715854    6.33234884    6.4336613     6.51066616
    6.52748246    6.58372894    6.60486238    6.80192937    6.98265589
    7.01725723    7.09890565    7.11079623    7.21348458    7.25751845]
[   0.            0.            0.            1.            0.            0.
    0.           19.            0.            0.            0.            1.
    1.          -66.695       172.3989       60.513485     76.92025
 -167.17828     -84.274055   -131.59538      39.855724    -39.263729
   24.360209      2.3648815   -26.750414      2.            0.            0.
    3.5728888     3.76044614    3.80683271    4.05848128    4.4587539
    4.46114252    4.49710398    4.52389287    4.59879405    4.64240892
    4.67592755    4.72989965    4.76437996    4.77490199    4.83063015
    4.92058115    4.97735484    5.13490064    5.14362813    5.14420474
    5.33427485    5.50962806    5.52046074    5.59536233    6.08051338
    6.09162798    6.11335437    6.16065204    6.20781052    6.25738311
    6.32168177    6.37164927    6.40194147    6.43916368    6.47672408
    6.47970117    6.49151442    6.70314378    6.70727546    6.7759055
    6.81104261    6.83177224    7.19611385    7.3416567     7.35960957
    7.3873274     7.51548269    7.52320287    7.59352465    7.60814927]
[  0.00000000e+00   0.00000000e+00   0.00000000e+00   0.00000000e+00
   0.00000000e+00   1.00000000e+00   0.00000000e+00   1.00000000e+00
   0.00000000e+00   0.00000000e+00   1.00000000e+00   0.00000000e+00
   1.00000000e+00   9.99990000e+03   9.99990000e+03   5.56982800e+01
   6.71559830e+01  -1.61888600e+02  -6.81025310e+01  -1.79955750e+02
   4.17807730e+01  -3.96932560e+01   2.41116910e+01   3.11401300e+00
  -2.77799870e+01   3.00000000e+00   1.00000000e+00   0.00000000e+00
   2.95778894e+00   3.26814405e+00   3.36919087e+00   3.47530031e+00
   3.54815392e+00   3.66266468e+00   3.70125505e+00   3.82497786e+00
   3.95210424e+00   3.97029024e+00   4.00191909e+00   4.13556532e+00
   4.25888546e+00   4.49524654e+00   4.55989675e+00   5.04935234e+00
   5.26258273e+00   5.33403980e+00   5.57878908e+00   5.73912346e+00
   5.74285164e+00   5.85711605e+00   6.02575311e+00   6.11019077e+00
   6.30719652e+00   6.32878730e+00   6.55991622e+00   6.71937633e+00
   6.72307604e+00   6.80214080e+00   6.80525091e+00   6.85291951e+00
   6.86203217e+00   6.87554830e+00   7.05013942e+00   7.09217301e+00
   7.11712897e+00   7.22411444e+00   7.25206960e+00   7.38897525e+00
   7.40751885e+00   7.41292146e+00   7.53388728e+00   7.58075242e+00
   7.60985046e+00   7.84435495e+00   7.91745276e+00   8.07861885e+00
   8.09505754e+00   8.12022373e+00]
[   1.            0.            0.            0.            0.            0.
    0.           12.            0.            1.            0.            0.
    2.          -48.857712    154.95406      43.279236     76.841408
 -156.94839     -71.411743   -153.40779      33.987892    -33.621548
   21.771292     -0.66263831  -20.408798      4.            2.            0.
    4.44581646    4.53059458    4.53354214    4.57964526    4.65492113
    4.69451672    4.69631427    4.79385514    4.91428128    5.1228903
    5.1820351     5.22464972    5.22691924    5.22864391    5.40727787
    5.41873059    5.46308687    5.48869294    5.49147464    5.49562296
    5.55777685    5.62957206    5.64648313    5.7246128     5.74515108
    5.85196556    5.96310834    6.09329479    6.13524209    6.24181718
    6.33818236    6.3431371     6.51664882    6.53822232    6.55847136
    6.58719318    6.62535794    6.63399028    6.77003512    6.90452629
    6.91346236    7.00092175    7.18401959    7.44289479    7.51949079
    7.55156639    7.58338075    7.67191019    7.72323176    7.78785188]
[   0.            0.            0.            0.            1.            0.
    0.           24.            1.            0.            0.            0.
    2.          -59.819878    161.45531      64.732368     80.256508
 -145.42892     -57.190186   -142.61423      39.671062    -34.188789
   13.430999     12.572373    -31.812428      2.            2.            0.
    3.71906277    3.77076662    3.90752001    4.1131519     4.18023008
    4.41171504    4.59562632    4.68593176    4.68851479    4.74653637
    4.89214187    4.91999082    4.94277856    4.96197844    5.11511025
    5.29782298    5.35460563    5.44648314    5.68874301    5.82987903
    5.92720183    5.96275854    6.01520784    6.02041761    6.02101259
    6.16815932    6.30623883    6.39635632    6.42622294    6.63613021
    6.6515153     6.71945149    6.74922592    6.92601853    7.08710691
    7.0998498     7.17812279    7.1882054     7.19816473    7.20656058
    7.33112418    7.33202409    7.49127168    7.50768033    7.53311104
    7.53572794    7.53942269    7.54608832    7.54952923    7.65301303]
[   1.            0.            0.            0.            0.            0.
    0.           22.            0.            1.            0.            0.
    3.          -66.268814    170.4498       62.557274     71.877754
 -155.24498     -64.00032    -149.01833      40.665146    -35.435326
   15.622834     10.834997    -31.742203      3.            1.            0.
    4.23834611    4.46885663    4.49201894    4.57478575    4.70746658
    4.73243364    4.75861011    4.85197152    5.00258839    5.04108719
    5.04508148    5.23489148    5.31570215    5.39173724    5.49768198
    5.51618879    5.53226175    5.5920231     5.61207458    5.63143724
    5.64035016    5.64469699    5.67400694    5.73534808    5.77941306
    6.06812823    6.1162704     6.32054315    6.36979444    6.3770358
    6.4789506     6.48814553    6.5470327     6.56706152    6.67070214
    6.70112631    6.72798222    6.78474724    6.83841922    6.84446266
    7.21518969    7.22165437    7.38151799    7.444301      7.45702259
    7.56071573    7.56166709    7.57711196    7.58837168    7.63675191]
[   0.            0.            1.            0.            0.            0.
    0.           14.            0.            1.            0.            0.
    1.          -81.070724   -164.11479      48.694511     76.442184
 -164.82617     -61.046764   -159.46178      29.145098    -30.168053
   18.769255     -0.18130821  -18.541807      3.            1.            0.
    3.2859305     3.75347904    4.0537258     4.09165098    4.34541148
    4.55523205    4.6072265     4.6946934     4.7074239     4.82164375
    4.87607992    4.91083358    4.94207565    5.04356341    5.06936536
    5.43052838    5.45403217    5.47252696    5.59840527    5.59917861
    5.70066801    5.79276504    5.91809014    6.00783383    6.07398109
    6.14630849    6.32751645    6.47513115    6.51711193    6.61236717
    6.64842869    6.65858131    6.714144      6.78747124    6.84688312
    6.89577964    6.92376741    7.2752828     7.36687112    7.59554216
    7.74395412    7.76283041    7.82697164    7.85823645    7.86541605
    7.90905799    7.91948303    7.9458876     7.99300039    8.01661216]
[  0.00000000e+00   0.00000000e+00   0.00000000e+00   0.00000000e+00
   1.00000000e+00   0.00000000e+00   0.00000000e+00   9.00000000e+00
   0.00000000e+00   0.00000000e+00   1.00000000e+00   0.00000000e+00
   2.00000000e+00  -5.85552640e+01   1.57839890e+02   6.46460040e+01
   8.19212040e+01   9.99990000e+03   9.99990000e+03  -1.55330260e+02
   4.07202640e+01  -3.77171020e+01   2.43734780e+01   2.17690750e+00
  -2.68603800e+01   3.00000000e+00   1.00000000e+00   0.00000000e+00
   3.76458672e+00   4.03415584e+00   4.12673736e+00   4.25473447e+00
   4.27480568e+00   4.38367817e+00   4.48519764e+00   4.60479858e+00
   4.77579758e+00   4.80782745e+00   4.84592968e+00   4.98210903e+00
   5.02402997e+00   5.03724342e+00   5.59151362e+00   5.76062868e+00
   5.78667171e+00   5.94636938e+00   6.13696068e+00   6.52011354e+00
   6.58517051e+00   6.75369473e+00   6.80854349e+00   7.01357504e+00
   7.03952579e+00   7.15217997e+00   7.16120616e+00   7.20714546e+00
   7.48735051e+00   7.49571338e+00   7.53818234e+00   7.64240221e+00
   7.72740486e+00   7.76957509e+00   7.89104139e+00   7.90761815e+00
   7.91434232e+00   7.94229464e+00   7.94962828e+00   7.95220875e+00
   8.02103189e+00   8.02202594e+00   8.03187480e+00   8.20618497e+00
   8.24524947e+00   8.37941508e+00   8.41961399e+00   8.49579837e+00
   8.54535103e+00   8.59790453e+00]
[   1.            0.            0.            0.            0.            0.
    0.           17.            0.            0.            1.            0.
    2.          -90.920258   -179.73019      76.638908     70.211609
  173.14987     -35.839947   -160.9563       42.287914    -43.006214
   25.05492       5.216578    -31.507633      3.            1.            0.
    3.88310103    4.09746476    4.22661294    4.26865287    4.3193507
    4.46132544    4.65876619    4.74367204    4.85852416    5.04921015
    5.19366154    5.2436571     5.24998577    5.29217915    5.36574048
    5.44023014    5.4830061     5.49972776    5.5773736     5.59062242
    5.75004199    5.81288119    5.94035447    6.00897764    6.10999941
    6.12222618    6.30942077    6.41080007    6.43099482    6.45881997
    6.52492031    6.557744      6.70971102    6.90877921    6.9272044
    7.08180385    7.08791026    7.34894992    7.6289492     7.701987
    7.92378647    7.94021468    7.94912954    7.94978123    8.00097059
    8.01258621    8.0214344     8.02751286    8.045066      8.06913691]
[   0.            0.            0.            0.            1.            0.
    0.           25.            1.            0.            0.            0.
    3.          -82.428276    169.27071      77.066704     76.272255
 -163.10487     -55.615807   -148.58931      42.684132    -38.630219
   17.77286      11.462003    -35.915314      2.            2.            0.
    3.62345605    3.66988286    3.78103215    3.94361722    4.15180319
    4.33179781    4.33345683    4.48861495    4.55278153    4.68633992
    4.7162033     4.81644998    4.84502015    4.84632724    5.02111261
    5.2199337     5.30876783    5.31533234    5.355072      5.36976055
    5.54669881    5.5801537     5.75075707    5.7953613     5.81838049
    5.96201778    6.15828892    6.25413324    6.28809878    6.31145402
    6.34052344    6.34774341    6.41942026    6.64633877    6.8148838
    6.84819262    7.15962376    7.16824314    7.2600293     7.34619421
    7.38097302    7.42458622    7.43047542    7.43650797    7.4480075
    7.46405471    7.47243535    7.48679893    7.72203516    7.75248422]
[   0.            0.            0.            0.            0.            0.
    1.           28.            0.            0.            0.            1.
    2.          -80.858948    170.8392       60.736034     79.394508
 -169.10323     -57.77137    -154.38225      39.999413    -42.523247
   30.029154     -4.1926913   -24.296585      2.            1.            0.
    2.98512019    3.47937944    3.63330039    3.80742425    3.81016643
    3.81851243    3.82154068    3.88414571    3.95005541    4.01512866
    4.03490468    4.1656858     4.27958235    4.34246351    4.3555769
    4.36847928    4.42365916    4.60780097    4.78272089    4.81668073
    4.91126634    4.96056589    4.97652722    5.07148868    5.12165982
    5.13715807    5.16928619    5.45104262    5.51224513    5.58349372
    5.60945574    5.62261106    5.65383314    6.05440486    6.08201154
    6.1024804     6.22991179    6.27480511    6.33071994    6.49906487
    6.51759809    6.51919234    6.53759637    6.57910266    6.67968637
    6.71074601    6.81214972    6.85460051    6.89802537    6.91961993]
[  1.00000000e+00   0.00000000e+00   0.00000000e+00   0.00000000e+00
   0.00000000e+00   0.00000000e+00   0.00000000e+00   9.00000000e+00
   0.00000000e+00   0.00000000e+00   1.00000000e+00   0.00000000e+00
   2.00000000e+00  -5.85552640e+01   1.57839890e+02   6.46460040e+01
   8.19212040e+01   9.99990000e+03   9.99990000e+03  -1.55330260e+02
   4.07202640e+01  -3.77171020e+01   2.43734780e+01   2.17690750e+00
  -2.68603800e+01   3.00000000e+00   1.00000000e+00   0.00000000e+00
   4.30075913e+00   4.41186216e+00   4.66746665e+00   5.20247248e+00
   5.35209503e+00   5.38973791e+00   5.44431514e+00   5.44485861e+00
   5.63108553e+00   5.77037168e+00   5.90244938e+00   5.92947627e+00
   6.57537400e+00   6.67852190e+00   6.69896704e+00   6.74635570e+00
   7.02109457e+00   7.03649288e+00   7.14559164e+00   7.32323175e+00
   7.41621528e+00   7.46116163e+00   7.53209997e+00   7.67974289e+00
   7.74506708e+00   7.89083852e+00   7.90069902e+00   7.92574251e+00
   7.92724668e+00   7.94044165e+00   8.01906976e+00   8.09187237e+00
   8.17374558e+00   8.18327875e+00   8.20597159e+00   8.21643641e+00
   8.29032166e+00   8.37397607e+00   8.62443238e+00   8.67555694e+00
   8.70677340e+00   8.75913513e+00   8.87411248e+00   8.93625739e+00
   8.98983543e+00   8.99840956e+00   9.00420328e+00   9.05164405e+00
   9.10368724e+00   9.12756775e+00]
[   0.            0.            0.            1.            0.            0.
    0.           13.            0.            0.            0.            1.
    2.          -68.848289    171.47328      59.770962     91.913895
 -158.63268     -72.861588   -133.46989      27.875837    -30.139004
   19.044617     -1.9470217   -16.461355      2.            2.            0.
    3.74502233    3.81992817    4.0661991     4.1584661     4.2660093
    4.2791298     4.39491152    4.48331055    4.50888224    4.54701304
    4.56594644    4.65492113    4.66292198    4.80648332    4.97886915
    5.11533752    5.28079242    5.42764279    5.44559161    5.49798786
    5.54846458    5.55206867    5.61751159    5.65416196    5.72511587
    5.74696653    5.78243113    5.81569094    5.93609716    5.94841776
    6.0887599     6.14990868    6.16563968    6.48200251    6.53843349
    6.59757401    6.66605182    6.70195766    6.70878564    6.81025728
    6.88346742    7.0615441     7.14720281    7.15104422    7.1532615
    7.17501657    7.29027656    7.30452516    7.61206465    7.64591462]
[   1.            0.            0.            0.            0.            0.
    0.            2.            0.            0.            1.            0.
    3.          -68.307655   -178.9257       59.399097     84.797157
 -155.31828     -60.978416   -158.3531       42.215923    -33.513252
   11.593434     15.90189     -35.863228      3.            0.            0.
    3.77639458    4.17247201    4.17255985    4.42255657    4.680459
    4.89794789    4.93532031    5.06636904    5.06736785    5.07049287
    5.0753318     5.10461594    5.43197342    5.4351371     5.66366212
    5.7307986     5.83490483    5.84564834    5.85289109    5.87278393
    5.93887936    5.9754128     5.99362073    6.06564278    6.23878094
    6.26619517    6.3021148     6.72699324    6.78702454    6.84030953
    6.87913045    7.02988763    7.1279087     7.18062626    7.21810016
    7.23355929    7.47286343    7.50391778    7.82635495    7.86589074
    7.91369074    7.95957553    8.0296202     8.07619257    8.08308833
    8.29068822    8.42610692    8.43586067    8.44614113    8.51423127]
[   1.            0.            0.            0.            0.            0.
    0.           16.            0.            0.            1.            0.
    2.          -79.337776   -175.11459      61.122105     78.477036
 -168.49023     -57.651173   -144.69887      34.785973    -33.391354
   19.084244      3.5161915   -23.42882       3.            1.            0.
    4.41382063    4.51383635    4.55221123    4.66321759    4.74716013
    4.8334725     4.92399543    5.0756191     5.12140494    5.13970532
    5.15619437    5.24264897    5.2436571     5.26160022    5.40419922
    5.46744953    5.63643892    5.70823952    5.7198615     5.78614423
    5.79517645    5.80560441    5.98327323    6.00714389    6.0073346
    6.09072113    6.43525633    6.5371135     6.57230777    6.64787518
    6.81348419    6.86496268    6.87973954    7.00389615    7.05817914
    7.10203967    7.10788747    7.12637398    7.35094253    7.44774655
    7.51983814    7.54379444    7.62440863    7.69858844    7.74696314
    7.75127302    7.79391723    7.94702163    7.95319056    7.98237892]
[   0.            0.            0.            1.            0.            0.
    0.            3.            0.            1.            0.            0.
    1.          -94.643593   -173.79782      76.139206     80.673927
 -168.69382     -67.429932   -143.70255      35.346073    -36.901707
   26.709702     -3.1759498   -21.148478      3.            0.            0.
    4.13295424    4.19090532    4.22840489    4.28087649    4.32440287
    4.38137484    4.50892111    4.58417601    4.82183767    4.8930426
    4.8950602     5.02617721    5.08467602    5.09475286    5.15204077
    5.21567345    5.24869018    5.36290666    5.51696843    5.53978256
    5.56130869    5.56344352    5.57596991    5.59075044    5.59234987
    5.683949      5.86975522    5.91762878    6.01840336    6.26300396
    6.26470135    6.29601056    6.37200145    6.42917422    6.6331417
    6.64685677    6.6671833     6.71334027    6.75883556    6.77075387
    6.95046511    6.96101524    7.12906931    7.13876365    7.24686204
    7.32955398    7.34588601    7.39528381    7.50369475    7.56396239]
[   0.            0.            0.            0.            0.            1.
    0.           17.            0.            0.            1.            0.
    3.          -86.656685    160.67868      77.394157     77.415535
 -163.81062     -57.520149   -153.96458      44.742592    -41.601994
   22.501101      7.5527606   -33.678795      3.            1.            0.
    2.96221216    3.44045316    3.53534107    3.56880058    3.60578302
    3.75555387    3.75653039    3.80182759    3.80840044    3.82409483
    3.84289626    3.87026661    3.8798762     3.89619608    3.96703609
    4.01830361    4.05657476    4.05909352    4.0675033     4.33940579
    4.38901755    4.48893681    4.56881563    4.76378074    4.84133379
    4.96613579    5.01497261    5.02953894    5.11963037    5.13492015
    5.17990263    5.26246674    5.27519122    5.67494174    5.86317653
    5.90517092    5.94916119    5.99010234    6.31677576    6.34434127
    6.35711901    6.56632257    6.56968302    6.66367893    6.7131994
    6.71326149    6.7258358     6.76340212    6.8624353     6.87472721]
[   0.            0.            0.            1.            0.            0.
    0.            5.            0.            1.            0.            0.
    2.          -76.29174    -179.70193      66.994354     78.534584
 -121.65798     -95.899864   -148.75667      34.22723     -33.609894
   17.267149      5.0105147   -25.690884      3.            1.            0.
    3.59906391    3.73897063    3.94425186    3.97774444    4.34312185
    4.54269822    4.56079594    4.66552324    4.76841504    4.97866994
    5.03677607    5.05638253    5.05828502    5.19414927    5.20917004
    5.23653214    5.73881264    5.79052587    5.81007792    5.90588854
    5.94621957    5.96000359    6.08585785    6.09378361    6.11173339
    6.14894958    6.18893643    6.37407031    6.45018995    6.4874191
    6.69476904    6.74465175    6.93337561    6.97929659    6.98532599
    7.02457258    7.02683312    7.05068727    7.05274401    7.26024432
    7.33873137    7.3739815     7.38679394    7.38853183    7.58789207
    7.65015405    7.66095757    7.70294581    7.77903088    7.79300407]
[   1.            0.            0.            0.            0.            0.
    0.           20.            0.            0.            1.            0.
    3.          -70.8806      176.67003      67.582001     81.68708
 -145.62444     -51.256588   -171.5584       42.894073    -40.081585
   20.466793      7.4687891   -31.609322      3.            2.            0.
    4.146115      4.30726997    4.52470674    4.65418692    4.77645695
    4.8674195     4.897807      4.92605102    5.13754717    5.14156158
    5.21716833    5.3487515     5.36114634    5.45162388    5.45465921
    5.50224187    5.65189527    5.73475742    5.75905647    5.80245653
    5.93327402    5.94891265    6.19924832    6.37961657    6.45901203
    6.50782915    6.51018574    6.52658768    6.7226733     6.72321946
    6.81907812    6.82717432    6.93950414    6.97177024    6.9722959
    6.98233992    7.01068685    7.03879435    7.10255408    7.13877157
    7.28012218    7.34260658    7.3657709     7.39337066    7.39687368
    7.41769814    7.61278189    7.65552549    7.67645923    7.72943049]
[   0.            0.            0.            0.            0.            0.
    1.            8.            0.            0.            0.            1.
    2.          -80.52137     174.6786       53.079151     88.910538
 -164.20186     -77.461731   -143.56776      40.853714    -40.054688
   26.259909     -0.38410428  -26.228746      3.            2.            0.
    2.86674689    3.43761737    3.55801977    3.73253916    3.79398328
    3.8788623     4.02422361    4.10072606    4.14883814    4.19093324
    4.23944408    4.24537927    4.27411689    4.43788819    4.6225332
    4.64304766    4.67082376    4.92826425    4.94378071    5.12442033
    5.14103258    5.14375482    5.15011856    5.19394152    5.26651303
    5.3376363     5.45962317    5.49798219    5.7040258     5.70490574
    5.85116624    5.85908066    5.88803742    5.89061804    5.93086681
    6.0604892     6.12049559    6.25783476    6.32015201    6.5072441
    6.5295921     6.57011085    6.61507139    6.63070976    6.64569864
    6.77739669    6.80837114    6.81926414    6.87976598    6.95421689]
[   1.            0.            0.            0.            0.            0.
    0.           24.            0.            1.            0.            0.
    2.          -63.097748    179.38641      53.665318     79.766159
 -143.15158     -71.062843   -164.95422      42.517715    -37.428131
   16.86804      10.718307    -34.654819      3.            0.            0.
    3.96046293    3.97097353    4.61546844    4.68102468    4.69493587
    4.75666105    4.865212      4.86524352    5.04869408    5.0681349
    5.1185565     5.14256614    5.17281367    5.19203563    5.26378433
    5.55237434    5.63023987    5.67773574    5.70801856    5.75589445
    5.75638989    5.77683963    5.78020582    5.94891574    6.00361772
    6.19548492    6.21794607    6.25405757    6.25552302    6.50148335
    6.60339774    6.75873831    6.76380641    6.8031845     6.84067343
    6.90611873    6.91099159    7.00140242    7.08461395    7.13124365
    7.17316102    7.17730975    7.2349188     7.4069751     7.45823688
    7.54668598    7.58007997    7.64380484    7.694977      7.73298348]
[   1.            0.            0.            0.            0.            0.
    0.            5.            1.            0.            0.            0.
    1.          -85.194214   -175.61258      69.066742     61.405937
 -147.29903     -39.524906   -165.66916      45.260033    -51.708736
   35.316425     -4.3215528   -27.176535      1.            0.            0.
    4.34030018    4.42549353    4.56739176    4.83975132    4.84237334
    4.8979492     5.12935669    5.33016871    5.41694798    5.42740641
    5.49048054    5.57585394    5.94642794    6.04784146    6.06030282
    6.21464886    6.29284438    6.41708455    6.49526896    6.53323397
    6.5625956     6.61342662    6.76096776    6.83162926    6.95741395
    7.17375547    7.32257346    7.38798987    7.59892262    7.61086323
    7.69008281    7.83125168    7.89301646    8.09120717    8.15614663
    8.25659882    8.27961636    8.41973323    8.49161816    8.58027402
    8.61744903    8.64907032    8.69903046    8.74404335    9.2202988
    9.27288957    9.40040444    9.41236192    9.46264662    9.46462552]
[   0.            0.            0.            1.            0.            0.
    0.           22.            0.            1.            0.            0.
    3.          -66.268814    170.4498       62.557274     71.877754
 -155.24498     -64.00032    -149.01833      40.665146    -35.435326
   15.622834     10.834997    -31.742203      3.            1.            0.
    3.82019979    4.0128144     4.13017675    4.19096292    4.25428639
    4.40574839    4.44703709    4.48545424    4.56245036    4.73841765
    4.80549539    4.85601192    4.85757618    4.87200372    5.00516645
    5.04505795    5.06296539    5.08814118    5.13977907    5.1844915
    5.35853248    5.40467189    5.46726021    5.61779674    5.67287086
    5.75759244    5.87138662    5.90378525    5.97606488    6.04205287
    6.04891374    6.1025178     6.12635541    6.37015798    6.37495786
    6.42844796    6.49898383    6.55241926    6.67941682    6.70897442
    6.77756579    6.81963334    6.89422341    7.09740818    7.22454716
    7.2801895     7.30568481    7.31333307    7.33819743    7.3698296 ]
[   0.            0.            0.            1.            0.            0.
    0.           27.            0.            1.            0.            0.
    2.         -100.55506     178.58929      97.006401     76.66349
 -142.7536      -77.828125   -161.27902      36.339409    -32.891697
   17.828592      6.4044719   -27.875992      4.            1.            0.
    3.81228207    3.87667891    3.99958524    3.99988508    4.13918454
    4.20022821    4.3104756     4.33561949    4.41774376    4.58287127
    4.61055403    4.68165043    4.90473505    4.9235149     5.06639004
    5.11534272    5.16679223    5.20487285    5.23127383    5.30473359
    5.31499968    5.52522254    5.62831939    5.6562137     5.67342728
    5.77200335    5.82530956    5.84849324    5.88969208    5.99972684
    6.18823437    6.20751375    6.22020778    6.23081104    6.25450599
    6.28501694    6.56303103    6.56431969    6.56696543    6.64250865
    6.85449513    6.88756324    7.05395696    7.06784805    7.28759105
    7.32646897    7.34615035    7.44739432    7.46826624    7.47512545]
[   1.            0.            0.            0.            0.            0.
    0.           25.            1.            0.            0.            0.
    3.          -69.371193    175.12636      64.332916     73.08123
 -137.84712     -71.274559   -176.06         40.206615    -38.145992
   21.243208      4.3769879   -27.849546      2.            1.            0.
    3.9206637     3.92405863    4.1197237     4.61831782    4.62720266
    4.78662072    4.83246848    4.8336941     4.86898024    4.92594994
    5.03636996    5.11289683    5.21053768    5.2317458     5.38202621
    5.40345393    5.42106387    5.48833676    5.61333158    5.70366252
    5.70665263    5.73957307    5.88945253    5.94077861    6.06656323
    6.22531835    6.35114646    6.39224524    6.44290253    6.51336982
    6.72220695    6.72719604    6.73020845    6.79082979    6.86209991
    6.90451717    7.00100716    7.13654627    7.17879342    7.19590456
    7.22420501    7.32752469    7.46211887    7.49694124    7.50322819
    7.7033815     7.71783464    7.82152438    7.83627762    7.87446168]
[   1.            0.            0.            0.            0.            0.
    0.            6.            1.            0.            0.            0.
    2.          -89.344482   -172.24847      56.891148     77.235901
 -126.67455     -54.096355   -158.5713       36.893948    -37.266697
   23.684387      1.0183717   -25.403584      3.            0.            0.
    4.06770035    4.40414865    4.89555233    4.94291337    5.00842732
    5.18953385    5.26868837    5.39699033    5.41853063    5.43785355
    5.49664645    5.71020088    5.85790566    5.86489202    5.94089929
    5.96300714    6.00271802    6.01669961    6.15013945    6.2762748
    6.28201774    6.38518191    6.53735146    6.66741958    6.78304754
    6.78945149    6.79096519    6.92713665    7.11768137    7.13951583
    7.16878085    7.19452365    7.33857007    7.354377      7.37119949
    7.79211322    7.80531663    7.82214894    7.94405518    7.96135656
    8.29203631    8.37073995    8.48141734    8.49518356    8.67421043
    8.76634883    8.78092316    8.83954157    8.85323844    8.90597924]
[   0.            0.            0.            1.            0.            0.
    0.           34.            0.            1.            0.            0.
    2.          -91.925156    173.14807      78.891655     62.714336
 -148.9962      -71.702881   -160.12955      45.609055    -39.306164
   16.783024     12.871318    -37.021664      3.            1.            0.
    3.52617971    3.65371913    3.7546608     3.80091003    3.82801345
    4.0688505     4.14384223    4.22725385    4.25467773    4.29647738
    4.32210264    4.44216221    4.47391977    4.69575461    4.79040425
    5.0549564     5.06207301    5.06549836    5.0834797     5.25770518
    5.29458811    5.44179413    5.55502873    5.70376044    5.73955171
    5.77217174    5.83417203    6.01020292    6.22931674    6.25788814
    6.33224328    6.36163871    6.4174809     6.42468862    6.48464703
    6.69165498    6.7180577     6.81720465    6.81787031    6.8188318
    6.82922429    6.90132768    6.94221183    6.96098385    6.98149034
    7.02861733    7.11679381    7.35532971    7.40657444    7.61577451]
[   1.            0.            0.            0.            0.            0.
    0.            2.            0.            0.            1.            0.
    3.          -95.179367   -178.45262      67.65004      73.720695
 -131.78215     -94.748222   -164.1741       45.007977    -43.688404
   28.152651      1.6756134   -29.210497      3.            0.            0.
    3.5880167     3.80365876    3.84516244    4.451955      4.54205121
    4.5535619     4.64937972    4.75122176    4.86358799    4.91926171
    4.95653799    5.08028606    5.08495529    5.09359509    5.10865086
    5.23445179    5.23595193    5.27839224    5.443294      5.55666258
    5.65599467    5.75793196    5.76025089    5.84909216    5.86809329
    5.96604877    6.02797077    6.05134767    6.07380215    6.10818887
    6.20784645    6.30132351    6.53812608    6.54213635    6.66661401
    6.80797957    6.82245803    6.8961538     6.99439272    7.00814416
    7.12561976    7.17707495    7.23978004    7.64924751    7.73850439
    7.80171916    7.82742893    7.87895586    8.028965      8.03869951]
[   1.            0.            0.            0.            0.            0.
    0.            9.            0.            0.            0.            1.
    0.         -163.77121     176.50754      10.336907    151.2937
 -118.1713       65.544655   -106.31895     -33.292881     36.725136
  -27.349907      6.5588226    17.84417       0.            2.            0.
    3.65340948    4.55345732    4.65175971    4.6801339     4.7195026
    5.10524756    5.1414601     5.17370748    5.1883746     5.55899344
    5.62782091    5.92757873    5.98679465    6.07139432    6.10770865
    6.1603191     6.50949198    6.62634541    6.85567515    6.85583996
    6.97919127    7.05856891    7.08491088    7.19962292    7.23238536
    7.29771429    7.40953655    7.41313768    7.61330664    7.76015554
    7.79040149    7.81914061    7.87525023    7.94487553    8.0040672
    8.10771026    8.17292761    8.36550235    8.37113659    8.5149331
    8.6745089     8.69528503    8.70783905    8.72402368    8.87632231
    9.04852995    9.13090835    9.17663068    9.40124699    9.50215066]
[   0.            0.            0.            1.            0.            0.
    0.           14.            0.            1.            0.            0.
    1.          -81.070724   -164.11479      48.694511     76.442184
 -164.82617     -61.046764   -159.46178      29.145098    -30.168053
   18.769255     -0.18130821  -18.541807      3.            1.            0.
    3.85967836    3.99272777    4.06567439    4.13183351    4.41073236
    4.51645828    4.84249492    4.88561446    4.93811971    4.99088717
    5.07106282    5.30717893    5.35627844    5.47990241    5.50378832
    5.50883484    5.58751525    5.60035743    5.86645913    5.90228164
    5.91672423    5.93348079    5.94046958    6.04467051    6.1169537
    6.22340323    6.25575103    6.30497335    6.35019561    6.45381712
    6.46316563    6.48052193    6.60048369    6.72194986    6.95501509
    6.97421806    7.11823414    7.24088354    7.54195919    7.61365533
    7.64318172    7.65753471    7.75028381    7.75728657    7.78664044
    7.81209228    8.12790752    8.17970169    8.22545296    8.67237981]
[   0.            0.            0.            0.            0.            1.
    0.           17.            0.            0.            1.            0.
    2.          -90.920258   -179.73019      76.638908     70.211609
  173.14987     -35.839947   -160.9563       42.287914    -43.006214
   25.05492       5.216578    -31.507633      3.            1.            0.
    2.96612695    3.17416909    3.49272239    3.58404608    3.63123142
    3.67794262    3.76267477    3.7778223     3.82328475    3.87895694
    3.94307202    3.96571162    4.02796509    4.08165825    4.08589922
    4.09798311    4.12525064    4.27971345    4.38640429    4.41146147
    4.41556916    4.62366914    4.77940516    4.78495671    4.80981495
    4.93140681    4.95466657    5.04241306    5.06415463    5.11954388
    5.17083797    5.28744985    5.29906148    5.40142064    5.41887795
    5.52053515    5.69207563    5.84328658    5.93075181    5.97717582
    6.09480905    6.15811454    6.2668461     6.37657094    6.44291856
    6.52216296    6.54417589    6.61479713    6.83047485    6.83402274]
[   0.            0.            0.            0.            0.            0.
    1.           20.            0.            0.            0.            1.
    1.          152.04515     152.99773      56.7258       72.741821
  133.3284       44.800514   -165.18503      48.344273    -41.995018
   20.133125     10.751785    -37.669647      0.            1.            0.
    3.70982677    3.78904337    3.89879755    4.04554288    4.12984793
    4.19702208    4.26787946    4.33828121    4.42801179    4.49122004
    4.53198332    4.998905      5.07127402    5.68981899    5.8135171
    5.97471121    6.21654057    6.43262828    6.4527037     6.5352247
    6.53962369    6.55403699    7.01630341    7.10023827    7.16157372
    7.30215231    7.32127186    7.43192116    7.4925854     7.51559939
    7.54599503    7.56918199    7.71487979    7.75542701    7.92183246
    7.95542344    8.01927354    8.0269119     8.03343868    8.21453757
    8.28082847    8.37734706    8.38580195    8.3949068     8.45833478
    8.45849658    8.60897011    8.70201537    8.70258439    8.93646554]
[   0.            0.            0.            1.            0.            0.
    0.           14.            0.            1.            0.            0.
    1.          -74.515068   -143.28333      65.442535     80.4795
 -176.02043     -72.117836   -153.02307      38.367588    -36.845978
   22.755569      2.3506033   -26.13072       3.            1.            0.
    3.74280484    3.88921667    4.0402125     4.33368468    4.59934667
    4.63225344    4.64291027    4.7721448     4.84211944    4.85141964
    4.93630469    5.16199059    5.21860332    5.3029677     5.31699614
    5.39912949    5.40422058    5.437244      5.44459509    5.48664236
    5.49027212    5.50129258    5.54801843    5.62104526    5.62913919
    5.64558852    5.81433019    5.86572315    5.92075178    5.99031934
    6.05870897    6.08980949    6.13143411    6.29045531    6.35979004
    6.38017351    6.43363084    6.44170884    6.44802143    6.4559309
    6.48027567    6.56053427    6.56615055    6.58264109    6.60030705
    6.63658923    6.71380259    6.74375975    6.82641541    6.84957743]
[   0.            0.            1.            0.            0.            0.
    0.            7.            0.            0.            0.            1.
    2.          -55.451286    175.58624      56.059097     75.849396
 -169.46181     -61.849251   -168.48663      39.713963    -41.688408
   29.259186     -2.4896288   -25.367037      2.            1.            0.
    3.6020473     3.72163014    3.72814288    3.9054143     4.08777585
    4.29245527    4.51656584    4.64419442    4.70273912    4.77577193
    4.8158748     5.01798864    5.12187075    5.1480608     5.17736019
    5.20458282    5.23703563    5.3063682     5.48935787    5.5335362
    5.54800847    5.77897762    5.78974882    5.81610089    6.00407284
    6.102855      6.11507447    6.16140795    6.16756531    6.19523294
    6.21544765    6.30425705    6.46448048    6.64604722    6.65468947
    6.70870791    6.71912888    6.73291364    6.73942041    6.77363098
    6.82194843    7.05122267    7.09470715    7.11431844    7.12955074
    7.14804662    7.16481925    7.17968104    7.19943922    7.23266457]
[   1.            0.            0.            0.            0.            0.
    0.           24.            0.            1.            0.            0.
    0.         -106.81149     156.25693     173.7193       71.961807
 -140.72342     -67.960716   -160.44238      37.705822    -39.18285
   25.262039     -1.242538    -24.957869      3.            1.            0.
    3.9284842     4.78640388    4.80322332    4.86995715    5.05153637
    5.11959034    5.16695553    5.24615844    5.26802194    5.32053658
    5.37703832    5.39610682    5.51245499    5.57752834    5.62289443
    5.68552536    5.75131971    5.80343776    5.83789953    5.93004029
    5.93720997    5.96250967    6.00978529    6.07685008    6.07797952
    6.09841026    6.10566135    6.12806958    6.19495533    6.28833064
    6.36486886    6.37889056    6.41494418    6.41613559    6.43757595
    6.65764376    6.6624532     6.71831458    6.72003546    6.92050848
    7.10303802    7.13276991    7.19263444    7.19823552    7.27512114
    7.28542612    7.39860143    7.40448108    7.51077005    7.54525879]
[   0.            0.            0.            1.            0.            0.
    0.           30.            0.            0.            0.            1.
    1.         -142.866      -137.0677       84.860779     77.0625
 -154.42476     -60.215313   -159.51567      49.336914    -46.034405
   27.023783      5.3803363   -34.247375      2.            1.            0.
    3.57636577    4.04521714    4.06852437    4.16018795    4.20341989
    4.27787644    4.32559036    4.47000648    4.51668546    4.54223844
    4.63691868    4.68363196    4.80974027    4.86899079    4.99172092
    5.22651748    5.24816922    5.25182049    5.27213069    5.30910387
    5.36696665    5.43709763    5.45921832    5.51400128    5.85613492
    5.99587818    6.1192145     6.11978584    6.16074213    6.23524738
    6.30781866    6.31925105    6.39204833    6.53214215    6.53788736
    6.56117158    6.67523759    6.91342927    6.93584373    7.01488489
    7.0172192     7.07844425    7.1522439     7.23214456    7.27356929
    7.27721385    7.3570431     7.4581273     7.46380193    7.49729274]
[   0.            0.            0.            0.            1.            0.
    0.            2.            0.            0.            1.            0.
    3.          -68.307655   -178.9257       59.399097     84.797157
 -155.31828     -60.978416   -158.3531       42.215923    -33.513252
   11.593434     15.90189     -35.863228      3.            0.            0.
    3.49116503    3.49878146    3.71469877    3.80466099    3.86425419
    4.02031724    4.04894374    4.26407836    4.30625153    4.79009881
    4.79733056    4.81612439    4.88749126    4.90244897    4.90675447
    5.12048907    5.12800281    5.17048725    5.27346419    5.27533771
    5.47851851    5.60189194    5.7067712     5.75347383    5.77941295
    6.05718981    6.13945438    6.18200448    6.21838602    6.32125172
    6.37550574    6.46332655    6.51979968    6.58816986    6.71884795
    6.86987063    6.90608121    7.08300635    7.15367913    7.19924171
    7.30741192    7.485104      7.53770146    7.54157983    7.67254875
    7.68421593    7.72624993    7.8309661     7.90555091    7.96466715]
[   1.            0.            0.            0.            0.            0.
    0.           20.            0.            0.            0.            1.
    1.          -48.076031   -144.97858      66.663223    143.59573
 -100.36897      51.238312   -100.9251      -42.076214     24.777777
    4.9553914   -31.60121      46.561306      1.            1.            0.
    4.14317189    4.17660181    4.46469597    4.72354937    4.82909921
    4.88948939    5.01869772    5.0901102     5.10438954    5.14171308
    5.60590301    5.72216491    5.83157189    5.91512575    5.9252338
    5.92887071    5.99639893    6.02144542    6.0443886     6.09556625
    6.13340988    6.2373919     6.24914831    6.26618681    6.2905405
    6.3252591     6.5215167     6.71198543    6.71446114    6.74813019
    6.80895523    6.81929166    6.83010108    6.8528557     6.93329012
    6.94432681    6.94727899    6.9601625     7.00268734    7.09649807
    7.15500701    7.20753929    7.22683231    7.36863478    7.45043117
    7.54977085    7.56555718    7.58608999    7.61757886    7.70013466]
[   1.            0.            0.            0.            0.            0.
    0.           19.            0.            0.            1.            0.
    2.          -95.296013   -175.10246      79.084038     77.075897
 -119.98479     -62.592232   -146.6591       27.555754    -23.997324
   11.470284      6.6143489   -20.925949      1.            2.            0.
    4.05096882    4.0762774     4.13781319    4.25197462    4.51789721
    4.69624193    4.71152242    4.72863054    4.82485303    4.88054465
    4.89682215    5.12983164    5.16460117    5.32123514    5.32329314
    5.36960203    5.40873626    5.46261239    5.51467021    5.54015859
    5.71617322    5.9153022     6.01477871    6.07531017    6.08951872
    6.10703442    6.18636352    6.26415521    6.26731066    6.3248207
    6.35804426    6.37191538    6.37445184    6.42959193    6.43258735
    6.6353774     6.66965625    6.694303      6.724015      6.77935761
    6.81639954    6.84609575    6.89370721    6.93619814    7.03234851
    7.06554258    7.09165336    7.2115849     7.25631073    7.29317935]
[   0.            0.            0.            0.            0.            1.
    0.           15.            0.            0.            1.            0.
    2.          -70.778191    170.94035      73.486984     85.265968
 -140.38676     -64.998383   -140.9335       28.689091    -27.019054
   14.004726      3.670665    -20.816036      2.            2.            0.
    3.15553293    3.17966379    3.24100875    3.30764753    3.46204229
    3.59318975    3.67030108    3.68792528    3.77802363    3.83040784
    3.83622116    3.86762578    3.8879951     4.0456713     4.07161187
    4.33547035    4.40867471    4.45966825    4.4662491     4.7474598
    4.82452965    4.86122928    5.10190642    5.27735496    5.34348411
    5.47094961    5.6314791     5.77504831    5.80371973    5.9121079
    6.00036231    6.00072325    6.19034175    6.19986217    6.33458838
    6.60387938    6.61327192    6.68265904    6.69794462    6.7028946
    6.75245222    6.76317011    6.78097399    6.82776481    6.89973291
    6.92297804    6.92819034    6.94320179    6.95276027    6.95850583]
[  1.00000000e+00   0.00000000e+00   0.00000000e+00   0.00000000e+00
   0.00000000e+00   0.00000000e+00   0.00000000e+00   1.00000000e+00
   0.00000000e+00   0.00000000e+00   1.00000000e+00   0.00000000e+00
   1.00000000e+00   9.99990000e+03   9.99990000e+03   8.07258910e+01
   7.31216740e+01  -1.59850360e+02  -5.99024240e+01  -1.34219650e+02
   3.37215770e+01  -3.39668730e+01   1.91925560e+01   2.61613800e+00
  -2.41216200e+01   4.00000000e+00   0.00000000e+00   0.00000000e+00
   4.26996775e+00   4.55906084e+00   4.66018725e+00   4.75249422e+00
   4.82033031e+00   4.96060516e+00   5.09233999e+00   5.16768535e+00
   5.40700403e+00   5.41959157e+00   5.72306830e+00   5.84990727e+00
   6.03338631e+00   6.40320087e+00   6.49168404e+00   6.72213446e+00
   6.98345364e+00   7.16785299e+00   7.47960528e+00   7.60774699e+00
   7.68830860e+00   7.71242124e+00   7.73307851e+00   7.91566084e+00
   8.35112018e+00   8.69650894e+00   8.80940384e+00   8.92970465e+00
   9.04889519e+00   9.05150214e+00   9.08742222e+00   9.09462420e+00
   9.40239325e+00   9.61144761e+00   9.68567484e+00   9.82686767e+00
   9.93659007e+00   0.00000000e+00   0.00000000e+00   0.00000000e+00
   0.00000000e+00   0.00000000e+00   0.00000000e+00   0.00000000e+00
   0.00000000e+00   0.00000000e+00   0.00000000e+00   0.00000000e+00
   0.00000000e+00   0.00000000e+00]
[   1.            0.            0.            0.            0.            0.
    0.           10.            0.            1.            0.            0.
    0.          -74.864967   -144.07097      77.035034    128.34631
 -120.4632     -155.09399    -147.55208     -33.961838     16.975668
    7.8227282   -29.124786     37.70388       3.            2.            0.
    3.4832576     3.76111971    3.8718121     4.53803815    4.66845707
    4.83965005    5.11751053    5.24865527    5.29353425    5.2976159
    5.31983673    5.37201335    5.46556825    5.48015585    5.53632784
    6.09600554    6.17153638    6.2646688     6.31062196    6.40514918
    6.4332979     6.47285361    6.56477148    6.68099342    6.85743953
    7.00301259    7.11982743    7.46252047    7.48613137    7.49144655
    7.59369973    7.59661905    7.6819747     7.74379457    7.77756917
    7.78362751    7.81095433    7.89013362    7.94768773    7.97176797
    7.98471582    7.99369351    8.05303733    8.06911022    8.11255656
    8.15202137    8.17886135    8.23615444    8.43651072    8.43793489]
[   0.            0.            1.            0.            0.            0.
    0.           21.            0.            1.            0.            0.
    2.          -82.659683    172.26154      73.718224     70.291519
 -152.29262     -59.479668   -160.16156      40.808857    -38.197872
   20.834875      6.6226749   -29.119335      3.            0.            0.
    3.37237503    3.66824448    3.83739517    3.84135951    3.97977747
    3.98659275    4.35478537    4.47578071    4.49635781    4.6568801
    4.83822773    4.94988977    5.02167334    5.1518112     5.17738384
    5.25724254    5.33700194    5.34680085    5.46503637    5.51471705
    5.52401666    5.53053678    5.71591395    5.77536303    5.87611483
    5.89783695    5.97419135    6.16586091    6.23267831    6.26491273
    6.26721424    6.28787833    6.29519377    6.35478689    6.37245033
    6.40302206    6.42168568    6.4925481     6.50426001    6.52754839
    6.54669319    6.55411029    6.60810216    6.61093703    6.65493178
    6.65640102    6.66461032    6.67242556    6.84052288    6.92634709]
[   0.            0.            1.            0.            0.            0.
    0.            8.            0.            1.            0.            0.
    3.         -110.01463    -166.87274      63.972137     77.228554
 -157.85631     -51.374222   -159.04868      41.338577    -41.721264
   23.708061      2.6773725   -29.515957      3.            0.            0.
    3.6181832     3.67593397    3.84010672    3.85142432    3.91608668
    4.02281838    4.13429306    4.13519057    4.15253593    4.59247006
    4.60599558    4.62712759    4.68499534    4.75057992    4.77184159
    4.850518      4.86587732    4.96475325    4.98770476    5.00477475
    5.24657582    5.28405119    5.36853893    5.598276      5.59870583
    5.72020858    5.72703385    5.77481116    5.8046492     5.93310694
    5.97633434    6.00274794    6.09022921    6.13577181    6.17246152
    6.1735954     6.24260992    6.26935694    6.42395342    6.61445393
    6.69322851    6.87568112    6.8940533     7.00993633    7.09176009
    7.12958649    7.13724469    7.15236688    7.15574751    7.20529821]
[   1.            0.            0.            0.            0.            0.
    0.           26.            1.            0.            0.            0.
    3.          -54.497795    171.98297      45.356102     80.331085
 -166.16113     -68.252708   -149.83609      35.653759    -38.74625
   26.581022     -3.5642524   -20.845875      2.            2.            0.
    4.06204994    4.1396701     4.51100843    4.68754995    4.80174403
    4.81856039    4.84489637    4.95628774    4.96192556    5.06639004
    5.22681133    5.39466176    5.41016589    5.49473642    5.49605324
    5.53656811    5.60155638    5.62158777    5.64565772    5.70366252
    5.74113692    5.76093637    5.81841455    5.95882002    6.28061911
    6.34699459    6.42057944    6.4691129     6.48760046    6.59359918
    6.7910187     6.93584718    6.97776076    6.99091745    6.9942431
    7.10438225    7.11320424    7.27970527    7.36657921    7.38758541
    7.52555525    7.58548812    7.70480377    7.73632244    7.74598197
    7.77593535    7.78148477    7.91889881    7.93289292    7.93786653]
[   0.            0.            1.            0.            0.            0.
    0.           16.            0.            1.            0.            0.
    1.          -83.724037    169.97375      71.809059     71.577446
 -130.32869     -81.765526   -150.39688      46.539268    -41.741489
   17.811193     11.892753    -35.973534      3.            2.            0.
    3.31792228    3.86526153    4.057577      4.1305425     4.19133521
    4.24845851    4.27832073    4.30136173    4.33935126    4.43122712
    4.61359491    4.6839028     4.75054135    4.81501597    4.84116318
    4.89282422    4.90791537    4.96171274    5.00849629    5.02245289
    5.1109087     5.25579001    5.27096383    5.34424396    5.45721254
    5.71525795    5.96383328    6.02923106    6.03468137    6.12582801
    6.14177572    6.15943975    6.17229042    6.21118272    6.25653026
    6.39424567    6.55253443    6.59515042    6.70868421    6.72472343
    6.76868832    6.79822835    6.87939227    6.89775124    6.92384678
    7.00780539    7.10098229    7.14070682    7.20792622    7.21270044]
[   0.            0.            0.            0.            0.            0.
    1.            5.            0.            0.            0.            1.
    1.          -72.462502    169.71748      70.685013     69.634148
 -175.13022     -87.438271   -149.48094      38.08329     -39.204678
   25.53043      -0.80818254  -23.453613      1.            2.            0.
    3.58430083    3.8163116     4.02353533    4.48346202    4.66305581
    4.6657589     4.74575948    4.79828061    4.80183115    4.91429702
    4.91980698    5.14930984    5.21492672    5.24130957    5.34810724
    5.34828112    5.4439281     5.44986824    5.70296656    5.71639057
    5.72236712    5.84529726    5.87816702    5.95926496    6.0209306
    6.0513699     6.11683934    6.1599744     6.28137973    6.30462806
    6.45601496    6.47551677    6.49888691    6.57182641    6.60981994
    6.6420582     6.99322357    7.02276934    7.10717982    7.12975097
    7.13935839    7.21856932    7.23365475    7.28999765    7.36086769
    7.37368342    7.38932991    7.45694258    7.54299557    7.58276087]
[   0.            0.            1.            0.            0.            0.
    0.           16.            0.            0.            0.            1.
    3.         -102.81361    -160.19325      62.82933      75.646332
 -155.19762     -73.110405   -156.10941      36.297688    -37.724571
   24.451305     -0.97257078  -23.434729      2.            2.            0.
    3.43973814    3.56605693    3.62936294    3.95826064    4.08548507
    4.14280657    4.43603993    4.56893961    4.5779809     4.64509765
    4.70559446    4.7280417     4.8206757     4.96261096    5.00814869
    5.04166858    5.04685406    5.2273369     5.25359877    5.36148893
    5.43902782    5.51510352    5.56756433    5.57638979    5.58271649
    5.63230078    5.77157007    6.07711119    6.083723      6.11971002
    6.19609415    6.24584544    6.28771259    6.33346024    6.35711901
    6.41237107    6.41527787    6.42872894    6.4301555     6.44117531
    6.55018096    6.55776778    6.59268842    6.64066308    6.74689887
    6.75587243    6.79629922    6.83283459    6.8475731     6.89785867]
[   0.            0.            0.            0.            0.            0.
    1.           10.            0.            0.            0.            1.
    0.          -65.730698   -177.45847      69.556435    145.63087
  -88.262863     45.836384    -99.640938    -44.157173     28.575712
   -0.83298248  -29.673441     48.696869      0.            2.            0.
    4.68140754    5.05586592    5.75859534    5.85456154    6.31036427
    6.6309218     6.72956872    7.15609032    7.22732446    7.26420293
    7.30507948    7.46996886    7.54104348    7.57131522    7.61749271
    7.63279355    7.86515151    7.92660308    7.94143235    7.97021908
    7.98943538    7.9931989     8.16753593    8.19390962    8.19752184
    8.21501537    8.23598595    8.26549255    8.41445459    8.51501774
    8.53594585    8.55469616    8.55834312    8.6988835     8.79260636
    8.90304277    8.96709307    8.98128563    8.98660784    9.04722082
    9.19565919    9.30153351    9.33203632    9.33510771    9.36531034
    9.44898236    9.47221489    9.49182145    9.49488438    9.50049267]
[  0.00000000e+00   0.00000000e+00   1.00000000e+00   0.00000000e+00
   0.00000000e+00   0.00000000e+00   0.00000000e+00   2.60000000e+01
   0.00000000e+00   1.00000000e+00   0.00000000e+00   0.00000000e+00
   2.00000000e+00  -7.57218020e+01  -1.77950530e+02   7.09471890e+01
   8.53928300e+01   9.99990000e+03   9.99990000e+03  -1.51668500e+02
   3.37538070e+01  -3.54916920e+01   2.23737850e+01  -3.60451970e-01
  -2.18024200e+01   3.00000000e+00   1.00000000e+00   0.00000000e+00
   3.67888933e+00   3.82801136e+00   3.96859204e+00   4.10696211e+00
   4.22688168e+00   4.39296781e+00   4.42031301e+00   4.46291043e+00
   4.46536622e+00   4.77832443e+00   4.84990398e+00   4.89796211e+00
   5.23005887e+00   5.24017145e+00   5.25559484e+00   5.29256732e+00
   5.30640407e+00   5.58410792e+00   5.72331014e+00   5.95203652e+00
   6.16741558e+00   6.33539819e+00   6.38452825e+00   6.40000214e+00
   6.45359184e+00   6.53318028e+00   6.77943950e+00   6.79192006e+00
   6.87492504e+00   6.89388027e+00   7.00514065e+00   7.14828949e+00
   7.29908566e+00   7.46725986e+00   7.52910969e+00   7.52936391e+00
   7.66335717e+00   7.70862826e+00   7.77467106e+00   7.80135213e+00
   7.82085498e+00   7.88358441e+00   7.92779070e+00   7.94710032e+00
   7.95551034e+00   8.04241964e+00   8.07723088e+00   8.11972763e+00
   8.27027202e+00   8.32376654e+00]
[   0.            1.            0.            0.            0.            0.
    0.            4.            1.            0.            0.            0.
    2.          -75.483521   -165.69386      37.647083     79.965919
 -132.2475      -50.360802   -132.25916      40.564793    -35.395348
   17.333813      8.8466883   -33.228664      3.            0.            0.
    3.36330084    3.6852442     3.73675648    3.73894808    3.97666906
    4.01675106    4.06506332    4.30071851    4.30484447    4.4171039
    4.86095155    4.91418388    4.92502184    4.97053992    4.97194922
    5.00915623    5.07061172    5.1276039     5.13874943    5.16001692
    5.28702405    5.33182148    5.36519395    5.37338881    5.5151605
    5.67875609    5.88640157    5.91606176    5.95270321    5.97085816
    6.00575305    6.12174925    6.13624537    6.25409424    6.2823192
    6.28493727    6.30444813    6.31409087    6.34860867    6.37587144
    6.50298053    6.52968181    6.55100767    6.6127806     6.6222191
    6.75548463    6.87272506    6.94558732    6.96841469    6.98019225]
[   1.            0.            0.            0.            0.            0.
    0.           18.            0.            1.            0.            0.
    2.          -63.473663    178.85669      52.295601     91.384094
 -148.06691     -55.149826   -155.51886      25.718199    -24.237005
   12.2994        4.5872307   -20.333914      5.            0.            0.
    4.27154629    4.38296817    4.42091496    4.61047914    4.64410531
    4.74618691    4.76832228    4.77185358    4.88247198    5.02120671
    5.11642131    5.20683755    5.24504106    5.27180864    5.41243148
    5.42544201    5.45269108    5.48611836    5.49230879    5.54594469
    5.56872735    5.61082427    5.61894594    5.77293668    5.84362628
    5.86979354    5.99283946    6.056907      6.06607929    6.07742448
    6.10999661    6.16615905    6.18431127    6.25913003    6.336322
    6.33772478    6.50930688    6.52788918    6.62638543    6.75545236
    6.76349582    6.79335879    6.82474691    6.88348972    6.89267977
    6.91161398    6.91886163    7.1213829     7.3558644     7.36907313]
[   0.            1.            0.            0.            0.            0.
    0.            8.            1.            0.            0.            0.
    2.          -63.698608    172.19472      56.863934     80.312225
 -164.20979     113.48907    -153.61397      37.313694    -36.235191
   20.721327      3.2875354   -26.559652      0.            2.            0.
    3.56517079    3.81093411    4.24378211    4.32909116    4.69027258
    4.95967092    4.97884895    5.03190554    5.4425233     5.45509532
    5.49964878    5.61777357    5.66924199    5.76602215    6.13648795
    6.45880768    6.56453602    6.58792756    6.85202544    6.97753022
    6.99234416    7.12435985    7.2132611     7.25822821    7.34221828
    7.35132035    7.35477225    7.51028977    7.64863209    7.71974923
    7.79022392    7.94735504    7.97527432    8.04799516    8.12018638
    8.1951205     8.26773783    8.27725024    8.29455493    8.32365157
    8.43352074    8.46362287    8.48971514    8.60941477    8.63658432
    8.66812175    8.83766494    8.91513349    8.94548362    8.95707135]
[   1.            0.            0.            0.            0.            0.
    0.           16.            0.            0.            0.            1.
    2.          -79.288185   -173.93938      76.894501     62.030258
 -134.33232     -67.353577   -168.19896      34.416023    -31.630154
   15.946662      7.4445267   -26.854551      2.            1.            0.
    3.33798834    3.7202698     4.01200069    4.56887704    4.77822536
    4.82695935    4.86663086    4.87737737    4.88895893    5.08647661
    5.16583139    5.20354777    5.20389861    5.36643641    5.40185441
    5.58452064    5.64195508    5.68311432    5.6886658     5.71252295
    5.74542443    5.84462371    5.88810869    5.99742138    6.05925505
    6.09575417    6.10658399    6.18630226    6.26232636    6.41052563
    6.42424847    6.43177815    6.59583265    6.81705821    7.00410873
    7.01065589    7.03606151    7.12381872    7.13834006    7.1822249
    7.22195295    7.31091165    7.39552192    7.3984811     7.4034398
    7.4119993     7.44074823    7.46543472    7.4893527     7.50871859]
[   1.            0.            0.            0.            0.            0.
    0.            2.            0.            1.            0.            0.
    1.          -53.782558    156.71603      48.316902     75.55043
 -163.17012     -67.884888   -155.09398      47.991932    -49.126152
   34.61937      -3.1393707   -29.302326      3.            0.            0.
    3.73393822    3.86026532    4.53723983    4.62414998    4.84397378
    4.86942973    4.87718596    4.90141996    4.96828407    5.05514298
    5.1877751     5.27651231    5.35010431    5.38967867    5.44963282
    5.53140452    5.61609338    5.64383629    5.64642799    5.70529548
    5.79718866    5.8343387     5.93974977    5.97781745    6.03003521
    6.03749721    6.09426715    6.12243329    6.32838904    6.34394156
    6.46752651    6.53490206    6.63308165    6.66271166    6.79900495
    6.89488493    6.90125725    7.11428886    7.12076539    7.15015406
    7.21042033    7.21830865    7.27824046    7.52250619    7.5679278
    7.6627825     7.77295562    7.85796599    7.90500395    7.92780257]
[   1.            0.            0.            0.            0.            0.
    0.            4.            0.            0.            1.            0.
    2.          -82.578308    177.01901      58.344749     68.88768
 -137.81647     -78.696007   -148.55968      42.015736    -38.799477
   21.781483      4.5289588   -29.186453      2.            0.            0.
    4.06522093    4.21614735    4.36603826    4.4459881     4.59829604
    4.60118259    4.66200465    4.6631327     4.66609849    4.75739798
    4.76584078    4.86355277    4.86880762    5.08562772    5.0856758
    5.21169299    5.39490868    5.40603154    5.54276664    5.55816412
    5.66271133    5.6937555     5.71307389    5.71656793    5.72083386
    5.96995295    6.00967556    6.10142921    6.17923924    6.25433761
    6.28997899    6.28998028    6.32840846    6.33125574    6.70608926
    6.76456098    6.77263552    6.8786056     6.91577767    7.03982018
    7.11327475    7.32051958    7.35572388    7.39834937    7.45492624
    7.48650948    7.50437499    7.50911033    7.5415306     7.73682666]
[   0.            0.            0.            0.            1.            0.
    0.            3.            1.            0.            0.            0.
    3.          -75.292526   -174.83168      52.349747     75.049728
 -170.67633     -62.637871   -137.16776      35.760517    -37.7505
   23.926226     -2.0342278   -22.224352      2.            1.            0.
    3.60393579    3.60520168    3.70850302    3.80836244    3.86034974
    3.90309793    4.09214367    4.14160087    4.28875077    4.30298787
    4.3519724     4.5718759     4.72213582    4.89312674    5.07674138
    5.17171125    5.32344541    5.42776898    5.46502318    5.6365306
    5.76204903    5.77852013    5.83556482    5.84057846    5.98955005
    6.21328864    6.23960236    6.27026734    6.37737331    6.44327033
    6.54089086    6.83272168    6.85106932    6.87392879    6.90821141
    7.00288848    7.12581213    7.12892617    7.25887837    7.25993911
    7.26427576    7.26763688    7.34611773    7.39536259    7.41656333
    7.49599525    7.50498335    7.5638267     7.62592182    7.63723943]
[  1.00000000e+00   0.00000000e+00   0.00000000e+00   0.00000000e+00
   0.00000000e+00   0.00000000e+00   0.00000000e+00   1.00000000e+00
   0.00000000e+00   0.00000000e+00   1.00000000e+00   0.00000000e+00
   1.00000000e+00   9.99990000e+03   9.99990000e+03   5.56982800e+01
   6.71559830e+01  -1.61888600e+02  -6.81025310e+01  -1.79955750e+02
   4.17807730e+01  -3.96932560e+01   2.41116910e+01   3.11401300e+00
  -2.77799870e+01   3.00000000e+00   1.00000000e+00   0.00000000e+00
   4.63080923e+00   4.63321492e+00   4.71941303e+00   4.94760247e+00
   4.99333692e+00   5.20438127e+00   5.36231297e+00   5.56071393e+00
   5.93446680e+00   5.96367796e+00   6.03516841e+00   6.09892726e+00
   6.37782255e+00   6.86690449e+00   7.15922894e+00   7.21921052e+00
   7.42488004e+00   7.58316900e+00   8.05964451e+00   8.09681094e+00
   8.10354410e+00   8.10683818e+00   8.20355316e+00   8.37659697e+00
   8.50701197e+00   8.62163274e+00   8.78195558e+00   8.87173244e+00
   9.07018714e+00   9.07886481e+00   9.33458414e+00   9.42850862e+00
   9.45541964e+00   9.58164194e+00   9.60308865e+00   9.91010705e+00
   0.00000000e+00   0.00000000e+00   0.00000000e+00   0.00000000e+00
   0.00000000e+00   0.00000000e+00   0.00000000e+00   0.00000000e+00
   0.00000000e+00   0.00000000e+00   0.00000000e+00   0.00000000e+00
   0.00000000e+00   0.00000000e+00]
[   0.            0.            1.            0.            0.            0.
    0.            6.            0.            0.            0.            1.
    0.          -67.75634    -169.19684      65.858986    146.71123
 -111.61626     125.14388    -106.98428     -42.145466     28.666889
   -4.7220678   -23.665386     40.624687      1.            1.            0.
    3.7015291     4.03297472    4.30373711    4.39602488    4.66121645
    4.73222576    4.76228381    4.87737936    4.96096332    5.07676486
    5.10969542    5.13319112    5.39007171    5.44860382    5.50585143
    5.58867914    5.612383      5.71624854    5.85456891    6.09392105
    6.10416799    6.14262683    6.17812499    6.18377459    6.30013979
    6.33348107    6.43027493    6.51984288    6.65249625    6.79203913
    6.95947127    6.96534648    7.08760986    7.0886387     7.20027452
    7.33793625    7.37294656    7.55789193    7.66505864    7.68169567
    7.79143001    7.85149585    7.85511873    7.87055949    7.90453043
    7.90757998    7.90881631    7.94401912    7.98747382    8.00938161]
[   0.            0.            0.            1.            0.            0.
    0.           16.            0.            1.            0.            0.
    3.          -83.753883   -163.97783      50.026913     79.098984
 -151.70477     -66.183655   -158.46385      40.186661    -34.065994
   15.571444     10.60493     -31.755724      4.            2.            0.
    3.49181225    3.54686302    3.77453261    3.82210188    4.0561083
    4.11599722    4.38362634    4.45471991    4.51472456    4.57401632
    4.61065578    4.67829716    4.89946136    4.92092004    4.92516621
    5.10036124    5.28221026    5.33485023    5.35563896    5.40240851
    5.40858254    5.43775142    5.554931      5.63473356    5.68647765
    5.77129855    5.78165851    5.9534485     6.11706526    6.19143269
    6.24748579    6.30230025    6.31676265    6.34485633    6.41534678
    6.42508253    6.59647739    6.61129653    6.62729393    6.90454667
    6.90905426    6.91477243    6.94645998    7.085165      7.1260067
    7.14048256    7.16296743    7.31843616    7.41000298    7.46181135]
[   0.            0.            0.            0.            1.            0.
    0.           19.            0.            0.            1.            0.
    2.          -87.018089    170.94411      67.131073     62.44418
  178.88249      -0.7063753  -151.65335      46.539349    -45.443382
   23.890354      6.0754442   -35.656391      0.            2.            0.
    3.62872707    3.67449391    3.873247      3.90099737    3.95927137
    4.02566495    4.10278733    4.15475906    4.23137518    4.3743969
    4.58237899    4.61267798    4.66456552    4.75633504    4.75777642
    4.83770748    4.84309999    4.92057848    5.2108218     5.26401976
    5.42153424    5.49648902    5.68765636    5.86632452    6.00512868
    6.01091376    6.10825951    6.13481503    6.18962802    6.26843833
    6.36413037    6.52915833    6.55928797    6.59333511    6.63915029
    6.69680345    6.77760473    6.85591039    6.86243201    6.95480265
    7.00030615    7.12697486    7.21826342    7.22675635    7.2614923
    7.28396945    7.32408236    7.36116682    7.41072463    7.42194255]
[   0.            0.            0.            0.            0.            1.
    0.           24.            0.            0.            1.            0.
    2.          -58.481594    179.99998      48.743748     74.160271
 -152.18489     -56.912624   -165.11739      35.935452    -32.071301
   16.442205      6.4667196   -26.221676      3.            0.            0.
    2.9736511     3.4480502     3.53888835    3.65586502    3.65847116
    3.74852184    3.83158494    3.8651388     3.87179831    3.90524932
    3.97484021    3.9810589     4.13971853    4.17410812    4.43624602
    4.46890114    4.51600297    4.59234612    4.70315527    4.70941527
    4.7753445     4.94197272    5.03636996    5.11182558    5.14762282
    5.22741094    5.38342505    5.45723493    5.47870466    5.4890969
    5.50438538    5.55044887    5.64767522    5.6974597     5.82937901
    5.86092666    5.90484821    6.01272309    6.1463819     6.18657203
    6.28396852    6.3163179     6.4137257     6.41549602    6.5178696
    6.60444278    6.6381852     6.67441009    6.69839074    6.75866201]
[   1.            0.            0.            0.            0.            0.
    0.           18.            0.            1.            0.            0.
    3.         -127.48453    -163.6042       76.63903      70.107033
 -166.77393     -77.981407   -166.61261      41.458191    -44.274029
   28.885223     -3.0997095   -25.023127      3.            1.            0.
    4.09612376    4.32301216    4.35245646    4.44908403    4.49595889
    4.64692789    4.67741628    4.70516106    4.93916236    4.97610336
    5.10883583    5.11954388    5.15823597    5.16602857    5.28302065
    5.31417398    5.42829827    5.5290472     5.5889738     5.69763467
    5.79960801    5.82610612    5.88017886    5.89465288    5.92306448
    6.00005247    6.09239933    6.10999941    6.26916012    6.3356913
    6.42281326    6.59075766    6.59800805    6.60013846    6.73201685
    6.73628753    6.736526      6.78581023    6.79694478    6.93531436
    6.98774297    7.12138274    7.18012873    7.22922489    7.25110224
    7.26784949    7.36933079    7.37209752    7.39089931    7.45869873]
[   0.            0.            0.            0.            1.            0.
    0.           11.            1.            0.            0.            0.
    3.          -79.995575    179.45105      58.107723     72.128273
 -138.34628     -89.246346   -149.86806      42.310406    -44.878319
   27.496473      1.5250826   -28.833492      1.            1.            0.
    3.55947945    3.70999989    3.72884326    4.01598205    4.03802771
    4.05008154    4.1376224     4.26651788    4.28381276    4.3463791
    4.46002936    4.8014148     4.8171143     5.14516456    5.17971988
    5.19236206    5.19754761    5.35166229    5.51483628    5.54719277
    5.72443733    5.73754799    5.75694543    5.8121347     5.82110778
    5.91941756    5.93654852    6.1379442     6.19442891    6.22345655
    6.26735547    6.39155375    6.46242596    6.55847136    6.67847682
    6.88031692    6.93738118    7.01825749    7.07841481    7.11450545
    7.15621206    7.16049193    7.17533218    7.26028367    7.26085146
    7.28382712    7.33800162    7.35404545    7.38088804    7.47030506]
[  0.00000000e+00   0.00000000e+00   0.00000000e+00   0.00000000e+00
   1.00000000e+00   0.00000000e+00   0.00000000e+00   1.00000000e+00
   0.00000000e+00   0.00000000e+00   1.00000000e+00   0.00000000e+00
   1.00000000e+00   9.99990000e+03   9.99990000e+03   7.86346970e+01
   7.55149310e+01  -1.60068410e+02  -6.28029440e+01  -1.66951890e+02
   4.20653760e+01  -3.90894930e+01   2.22469140e+01   4.88053990e+00
  -2.97248760e+01   3.00000000e+00   0.00000000e+00   0.00000000e+00
   4.80760860e+00   4.90244897e+00   4.94928328e+00   5.44723001e+00
   5.49146568e+00   5.97536572e+00   5.99048141e+00   6.25969515e+00
   6.49202267e+00   6.64507887e+00   6.72699324e+00   6.83306962e+00
   6.88364818e+00   6.93076520e+00   7.00159103e+00   7.30132788e+00
   7.35494773e+00   7.65075743e+00   7.76930552e+00   7.88653239e+00
   7.89922493e+00   7.91373219e+00   7.94822757e+00   8.15293372e+00
   8.31490879e+00   8.92725581e+00   8.97292749e+00   9.07532585e+00
   9.16088065e+00   9.19544809e+00   9.23943244e+00   9.24120517e+00
   9.48601913e+00   9.49791565e+00   9.79446785e+00   9.88864186e+00
   9.89837229e+00   9.98660979e+00   0.00000000e+00   0.00000000e+00
   0.00000000e+00   0.00000000e+00   0.00000000e+00   0.00000000e+00
   0.00000000e+00   0.00000000e+00   0.00000000e+00   0.00000000e+00
   0.00000000e+00   0.00000000e+00]
[   0.            1.            0.            0.            0.            0.
    0.           21.            1.            0.            0.            0.
    1.         -113.09782    -174.38046      47.689182     83.17662
 -138.95212     -32.962971   -139.74599      42.758827    -44.486969
   27.957155     -1.2987502   -26.763529      1.            1.            0.
    4.7755955     4.93239995    5.17320257    5.34932692    5.44218504
    5.63709722    5.72789964    5.96174769    6.14732573    6.21850692
    6.2538981     6.28716892    6.31405009    6.31411458    6.44419443
    6.51340091    6.58412586    6.63237468    6.6636368     6.73077157
    6.75945982    6.82178225    6.83808612    6.83919063    6.85030837
    6.88344616    6.94308567    7.05054339    7.10821011    7.15860121
    7.17613894    7.17953144    7.27629101    7.40061555    7.4278169
    7.45709874    7.49042927    7.52556862    7.53582606    7.54606199
    7.61190461    7.65843066    7.68715446    7.70126673    7.70672078
    7.70755862    7.76840035    7.80127055    7.80475748    7.81135835]
[   0.            0.            0.            0.            0.            0.
    1.            8.            0.            0.            0.            1.
    3.          -78.392212    168.86328      75.7444       74.151695
 -170.98303     -57.074139   -158.62236      31.846094    -29.739288
   15.031216      5.415803    -24.57423       3.            2.            0.
    2.98882463    3.28992566    3.65074942    3.68493169    3.69571921
    3.72167511    3.79218599    3.84041944    3.85998976    3.94812549
    4.05524595    4.15205581    4.19157081    4.20202173    4.27549458
    4.38463604    4.43139266    4.63682725    4.71259035    4.73452667
    4.73768767    4.83161173    4.83714618    5.06044776    5.13585426
    5.17415687    5.19266953    5.34818802    5.53345323    5.55141619
    5.61028827    5.61950653    5.67621843    5.67899278    5.74166532
    5.93097328    6.05803343    6.23039433    6.29231988    6.34337156
    6.42763302    6.61416577    6.66432396    6.72185137    6.80046271
    6.83762589    6.94179487    6.94325236    6.94893817    7.02919721]
[   0.            0.            0.            1.            0.            0.
    0.           16.            0.            1.            0.            0.
    1.         -100.11155     164.00299      73.990524     75.113213
 -175.96124     -77.534393   -146.93806      36.159512    -34.746872
   17.283121      7.7629852   -28.775906      4.            1.            0.
    3.81749397    3.86368275    3.91067912    4.06510883    4.09642049
    4.16915756    4.37894583    4.41500302    4.42439291    4.47658994
    4.59172626    4.67447265    4.72448832    4.95473137    4.99466274
    5.01892591    5.20429994    5.36593185    5.37962692    5.48972912
    5.55588591    5.60769433    5.67157242    5.70559358    5.70873439
    5.78103132    5.97604726    6.02770725    6.07524542    6.17365706
    6.32776294    6.41270998    6.63305503    6.64996672    6.67704668
    6.70935877    6.85060549    7.06331724    7.1514545     7.21341893
    7.2500425     7.26433047    7.33262407    7.38813147    7.43382586
    7.44179597    7.45476523    7.47660698    7.47698062    7.47762892]
[   0.            0.            0.            1.            0.            0.
    0.           18.            0.            1.            0.            0.
    1.          -71.115883    160.26294      72.381256     67.073868
 -135.87338     -72.187408   -158.2825       35.525772    -37.654308
   23.327114      0.          -23.160542      3.            0.            0.
    3.69082753    3.88220322    3.94589189    3.96203217    4.03780062
    4.20446937    4.20609118    4.24058663    4.2870536     4.40782737
    4.4245912     4.49267791    4.53325908    4.5441246     4.5827531
    4.67592755    4.77905288    4.80880852    4.95711427    5.00279221
    5.0126916     5.08269625    5.17574889    5.27543453    5.54343975
    5.54807285    5.587247      5.59690506    5.69670589    5.72008742
    5.85055109    5.87599797    5.9018029     6.19084609    6.23743158
    6.49799574    6.50044306    6.66799886    6.80128907    6.9576916
    6.98915976    7.060132      7.22859485    7.26638443    7.28737135
    7.37847887    7.41216706    7.52617116    7.52769104    7.53288082]
[   0.            1.            0.            0.            0.            0.
    0.            2.            1.            0.            0.            0.
    2.          -73.276505    177.62636      61.839622     76.895973
  156.10431      38.293362   -159.46472      36.58569     -33.484226
   17.591602      6.7958107   -27.129629      2.            1.            0.
    3.87767245    4.0368197     4.31446368    4.56431253    4.5908018
    4.5920461     4.64949795    4.87295821    5.14763319    5.19049729
    5.35185337    5.57358546    5.63713811    5.734171      5.87240362
    5.89061452    5.92956558    5.93022296    5.97154995    6.23154298
    6.57267817    6.77237268    6.81199891    6.83626669    7.00491282
    7.045596      7.12072526    7.23643762    7.27912345    7.76738969
    7.83589263    7.86613856    7.91151798    7.91168913    8.07353772
    8.07402545    8.51617974    8.57816593    8.59921896    8.61263513
    8.68598197    8.73828129    8.82203549    8.84875943    8.96047432
    9.20264466    9.3093466     9.33336275    9.42735606    9.46807579]
[   0.            0.            0.            0.            0.            1.
    0.           18.            0.            0.            1.            0.
    3.          -85.866814    175.5914       84.995682     80.652802
 -145.14114     -62.779839   -165.87859      33.19273     -35.443119
   23.606348     -1.7094911   -20.718594      3.            0.            0.
    2.83707058    3.14465399    3.30794251    3.45309341    3.47673145
    3.52627111    3.61492039    3.62498588    3.64753569    3.74421827
    3.79801348    3.84810399    3.87788198    3.91876952    4.02566495
    4.04021374    4.04070371    4.05016558    4.05923773    4.09598143
    4.09711635    4.28713008    4.37187609    4.52070982    4.56395836
    4.728099      4.92156765    4.98085711    5.0411233     5.04256385
    5.1185565     5.12148306    5.17504203    5.18018511    5.61659655
    5.83656707    5.84378769    6.12994247    6.15128241    6.31707768
    6.31801828    6.37460836    6.39877373    6.46965472    6.50683011
    6.58041916    6.60012467    6.62357255    6.62646167    6.65809348]
[   0.            1.            0.            0.            0.            0.
    0.           29.            1.            0.            0.            0.
    2.            1.4829254   109.52236      43.845562     77.76181
 -164.44412     -74.693962   -164.03885      31.166323    -37.057503
   29.703159     -9.6783895   -13.50246       3.            1.            0.
    3.37072698    3.4187847     3.45073265    3.46288708    3.48760796
    3.65111514    3.69238715    3.73911185    3.81146112    3.82197963
    3.85127981    3.87788061    3.97520091    4.16048308    4.18085086
    4.18297399    4.34801084    4.42239603    4.46987233    4.47821622
    4.49309174    4.62643948    4.68702359    4.74246229    4.75757895
    4.91011573    5.00868772    5.20922611    5.27855335    5.43549087
    5.46941751    5.48086511    5.65431982    5.76099339    5.88206491
    5.94179718    5.96207244    6.07592443    6.1723763     6.17987134
    6.22634532    6.23794182    6.36171963    6.4004011     6.47404814
    6.53474689    6.64009476    6.80871614    6.98201356    7.03450132]
[   1.            0.            0.            0.            0.            0.
    0.           12.            0.            1.            0.            0.
    3.          -74.315666    176.79906      68.109955     75.223747
 -137.52306     -89.743919   -164.41971      33.061111    -34.901623
   21.565071      1.9591466   -22.813551      3.            0.            0.
    3.63731399    3.66159477    4.37825995    4.43719475    4.61280482
    4.66516562    4.69283088    4.76583397    4.77572558    4.79944668
    4.80915891    5.00806491    5.03122641    5.067984      5.08552312
    5.19582135    5.28352199    5.36294408    5.44424957    5.47496167
    5.59365946    5.60538891    5.6304743     5.69512143    5.72482241
    5.80616359    5.94219188    6.00825566    6.00901843    6.0154106
    6.0892743     6.19382624    6.25961891    6.31909308    6.35602257
    6.39206107    6.40430043    6.43655244    6.54578011    6.62024384
    6.6897939     6.78293995    6.79145735    6.84332147    6.84521849
    6.8491912     6.88993725    6.94765209    7.12173715    7.19392652]
[  1.00000000e+00   0.00000000e+00   0.00000000e+00   0.00000000e+00
   0.00000000e+00   0.00000000e+00   0.00000000e+00   2.60000000e+01
   0.00000000e+00   1.00000000e+00   0.00000000e+00   0.00000000e+00
   2.00000000e+00  -7.57218020e+01  -1.77950530e+02   7.09471890e+01
   8.53928300e+01   9.99990000e+03   9.99990000e+03  -1.51668500e+02
   3.37538070e+01  -3.54916920e+01   2.23737850e+01  -3.60451970e-01
  -2.18024200e+01   3.00000000e+00   1.00000000e+00   0.00000000e+00
   4.26495389e+00   4.36628122e+00   4.68039595e+00   5.07207307e+00
   5.11552251e+00   5.38869662e+00   5.39000053e+00   5.55170309e+00
   5.58733580e+00   5.62730721e+00   5.64087430e+00   5.74643773e+00
   5.94479184e+00   6.06138241e+00   6.39437598e+00   6.42958805e+00
   6.46435921e+00   6.60458623e+00   6.61768073e+00   6.82608341e+00
   6.83199012e+00   6.91085481e+00   7.06135906e+00   7.06203159e+00
   7.11865529e+00   7.45665257e+00   7.46198570e+00   7.75527603e+00
   7.95576555e+00   8.19519480e+00   8.23989144e+00   8.25715414e+00
   8.32702102e+00   8.49619513e+00   8.58692581e+00   8.65562502e+00
   8.65778413e+00   8.67539449e+00   8.74973387e+00   8.80698191e+00
   8.81928453e+00   8.85691957e+00   9.13714819e+00   9.33535299e+00
   9.40425851e+00   9.44062279e+00   9.44296897e+00   9.50167525e+00
   9.56351254e+00   9.58924921e+00]
[   0.            0.            0.            0.            0.            0.
    1.           17.            0.            0.            0.            1.
    3.          -76.384926    176.74026      73.678772     68.411156
 -136.19901     -54.307266   -170.20111      39.488037    -39.713318
   22.960442      1.717144    -26.4804        2.            1.            0.
    2.8725197     3.61561718    3.64770155    3.70337443    3.74161954
    3.77035777    3.79008727    3.81822293    3.87901957    3.89390704
    3.95845782    4.14335196    4.37101565    4.43319315    4.44344392
    4.47905676    4.57996102    4.60157915    4.61047914    4.74893221
    4.75402497    4.811297      4.86072699    4.95108804    4.98731907
    5.03374982    5.16376536    5.2211651     5.37699013    5.4712983
    5.58013464    5.90056802    5.93528322    5.98587586    5.99457878
    6.03332448    6.07916589    6.11706526    6.13747508    6.13934676
    6.15712894    6.38404589    6.47665076    6.48722625    6.61931416
    6.66433544    6.76819145    6.78130351    6.7899079     6.88417442]
[   0.            0.            0.            0.            1.            0.
    0.           26.            1.            0.            0.            0.
    3.          -54.497795    171.98297      45.356102     80.331085
 -166.16113     -68.252708   -149.83609      35.653759    -38.74625
   26.581022     -3.5642524   -20.845875      2.            2.            0.
    3.24276192    3.27780911    3.39949341    3.57004232    3.76119914
    3.82849678    3.85565813    4.15587601    4.25930551    4.33193309
    4.61007623    4.62720266    4.8914466     5.0743163     5.18432725
    5.2477482     5.29659455    5.30473359    5.68797536    5.70319169
    5.73764772    5.74937533    5.79906435    5.86471685    5.86772225
    6.03726611    6.16981594    6.18480725    6.30941306    6.31478586
    6.48984201    6.65988749    6.67021261    6.72055066    6.82746497
    6.85990413    6.87136172    6.88479836    6.9341388     6.97586472
    7.02925997    7.04130479    7.04409673    7.1491011     7.22195284
    7.23721907    7.30968736    7.33423562    7.39732379    7.40514262]
[   0.            0.            1.            0.            0.            0.
    0.            7.            0.            0.            0.            1.
    1.          -50.002438    145.29828      58.042973     72.902565
 -160.8055      -54.465866   -164.93988      42.311337    -39.192825
   18.889309      7.6771331   -31.905809      3.            1.            0.
    4.22382252    4.31155383    4.48181061    4.50332383    4.52947169
    4.5427187     4.64711368    4.66343771    4.68502617    4.8048074
    4.86831156    5.01999647    5.04846082    5.06073708    5.07973031
    5.28537359    5.33415658    5.35568124    5.45311556    5.47904452
    5.50043401    5.52587408    5.5601285     5.57241186    5.57815181
    5.81293795    5.86011726    5.88802446    5.95698601    5.96207244
    6.00075389    6.19196549    6.20888782    6.2386025     6.28474215
    6.32100125    6.4115111     6.49534003    6.58574183    6.62768566
    6.66110735    6.67205694    6.89830739    6.98768302    7.02338674
    7.057158      7.12324208    7.23847521    7.27229868    7.28687101]
[   0.            0.            0.            0.            0.            1.
    0.            4.            0.            0.            1.            0.
    2.          -92.309471   -177.96844      65.767609     67.320969
 -171.64122     -80.067345   -147.35358      43.011482    -40.464813
   20.527195      8.0317211   -31.977512      4.            1.            0.
    2.96864718    3.41429536    3.7314192     3.76309038    3.78790852
    3.80883013    3.86787895    3.90594038    4.00597686    4.2690045
    4.37350711    4.53039236    4.65609782    4.74005339    4.91739072
    4.92014634    5.12330957    5.12783767    5.13899699    5.14002896
    5.21665647    5.218549      5.23072045    5.23336367    5.3752336
    5.42106992    5.4794842     5.48428595    5.60990563    5.67282681
    5.79009497    5.79927755    5.81168711    5.82931619    5.86387371
    6.03332448    6.09304167    6.25913003    6.30267265    6.42332419
    6.52896898    6.57817921    6.58384006    6.62942157    6.68246837
    6.7417081     6.77478637    6.80610252    6.81963475    6.82470297]
[   0.            0.            0.            0.            1.            0.
    0.           15.            0.            0.            1.            0.
    2.          -70.778191    170.94035      73.486984     85.265968
 -140.38676     -64.998383   -140.9335       28.689091    -27.019054
   14.004726      3.670665    -20.816036      2.            2.            0.
    3.96886566    4.31936473    4.31980438    4.40216132    4.5262587
    4.726792      4.75426812    4.77735643    4.87754067    4.95483218
    4.9751467     4.99220637    5.01903604    5.04204774    5.22961272
    5.24215332    5.25893472    5.32037588    5.3975694     5.44617474
    5.52694939    5.59603926    5.6516951     5.68059649    5.74886795
    5.75771862    5.88348215    5.95188992    5.96114674    6.02440389
    6.02926405    6.09249202    6.12234216    6.13699224    6.15972534
    6.23329652    6.25059328    6.33992559    6.42436628    6.56155282
    6.60171983    6.67844888    6.69824514    6.72079107    6.80001576
    7.21906698    7.22932093    7.25923392    7.33901663    7.35932363]
[  1.00000000e+00   0.00000000e+00   0.00000000e+00   0.00000000e+00
   0.00000000e+00   0.00000000e+00   0.00000000e+00   1.40000000e+01
   0.00000000e+00   0.00000000e+00   1.00000000e+00   0.00000000e+00
   1.00000000e+00   9.99990000e+03   9.99990000e+03   5.89781270e+01
   6.15796970e+01  -1.44284290e+02  -7.40526580e+01  -1.63781810e+02
   4.27432480e+01  -4.45502130e+01   2.93873520e+01  -3.14951900e+00
  -2.61109010e+01   3.00000000e+00   1.00000000e+00   0.00000000e+00
   4.87342815e+00   4.87740249e+00   4.99918923e+00   5.17719117e+00
   5.30897409e+00   5.33158748e+00   5.38192909e+00   5.60450916e+00
   5.60509913e+00   5.96618971e+00   6.04694381e+00   6.09631216e+00
   6.22411474e+00   6.42164254e+00   6.71553782e+00   6.78949969e+00
   6.92183619e+00   6.99284426e+00   7.68174053e+00   7.84766767e+00
   8.17780479e+00   8.48722987e+00   8.64273726e+00   8.68735800e+00
   8.71060782e+00   9.01870896e+00   9.16889702e+00   9.18064771e+00
   9.20918890e+00   9.29664275e+00   9.42051329e+00   9.51229410e+00
   9.59089809e+00   9.64180032e+00   9.74044206e+00   9.97573735e+00
   0.00000000e+00   0.00000000e+00   0.00000000e+00   0.00000000e+00
   0.00000000e+00   0.00000000e+00   0.00000000e+00   0.00000000e+00
   0.00000000e+00   0.00000000e+00   0.00000000e+00   0.00000000e+00
   0.00000000e+00   0.00000000e+00]
[   0.            0.            0.            0.            0.            1.
    0.           20.            0.            0.            1.            0.
    3.          -70.8806      176.67003      67.582001     81.68708
 -145.62444     -51.256588   -171.5584       42.894073    -40.081585
   20.466793      7.4687891   -31.609322      3.            2.            0.
    3.0487617     3.59903552    3.65262516    3.70540657    3.71980328
    3.72271885    3.73216309    3.76414526    3.77601721    3.80514203
    3.823826      3.82535624    3.83231896    3.83264691    3.8454854
    3.94525934    3.95115904    4.1775036     4.27106908    4.29729656
    4.32958209    4.43780932    4.5061478     4.5226613     4.58012783
    5.07273394    5.11306775    5.27222192    5.66073445    5.67462788
    5.70380986    5.84292375    5.97982939    6.01003133    6.05703412
    6.12243329    6.1412895     6.2835956     6.34220036    6.39265655
    6.49165135    6.50045169    6.56170325    6.74119211    6.76661151
    7.04954849    7.13941625    7.1451531     7.15110412    7.259171  ]
[   0.            0.            1.            0.            0.            0.
    0.           12.            0.            1.            0.            0.
    0.         -146.8009      132.76237      53.942585    149.7869
 -106.88145     -59.447472   -123.07202     -43.513351     29.304461
   -2.9344494   -25.94809      43.299725      0.            1.            0.
    3.6942819     4.13260286    4.17448311    4.46383278    4.6929756
    4.91697501    5.32344146    5.77708941    5.9538909     6.32876217
    6.79493688    7.15248932    7.20505806    7.70261449    7.71105849
    7.95900825    8.01724157    8.02287819    8.05108742    8.13856146
    8.17287448    8.1959124     8.20155511    8.29200408    8.46381888
    8.49865117    8.54556063    8.65544284    8.78346464    8.84637145
    8.97113553    9.07167843    9.07405929    9.17403811    9.3379368
    9.47067741    9.52978592    9.55798909    9.70609217    9.72546245
    9.72885047    9.80754946    9.83669665    9.88023692    0.            0.
    0.            0.            0.            0.        ]
[   0.            0.            0.            0.            0.            0.
    1.           14.            0.            0.            0.            1.
    3.          -73.010864   -179.66544      58.864418     70.359879
 -144.47179     -57.245987   -152.65337      39.572071    -40.741505
   22.78027       3.206867    -27.944542      2.            0.            0.
    3.00753269    3.43459394    3.46765641    3.59283766    3.68822818
    3.78526603    3.92535345    4.00780573    4.06359289    4.15618405
    4.25171036    4.32229977    4.37272057    4.37562066    4.40329149
    4.44454036    4.47370337    4.54783105    4.57515857    4.68735585
    4.69487194    4.79785635    4.88502601    4.96973041    5.07095876
    5.11601614    5.22512888    5.27258483    5.30616891    5.34685395
    5.36888709    5.44703654    5.62819857    5.63199106    5.63323293
    5.82252952    6.16655928    6.29478741    6.32284857    6.35017632
    6.38885813    6.51320869    6.63299357    6.68741082    6.73644708
    6.80581965    6.91278227    6.91872307    6.92602347    6.93182603]
[   0.            0.            0.            0.            0.            0.
    1.           29.            0.            0.            0.            1.
    2.          -61.22261     171.66171      60.254158     77.363503
 -159.53671     -66.924065   -142.4166       32.358101    -32.926033
   21.682026     -0.59807098  -19.647602      3.            0.            0.
    3.04664239    3.37581364    3.66155389    3.69454941    3.745029
    3.79836648    3.85902214    3.86182437    3.89553746    3.91616693
    4.00558535    4.00624433    4.10596092    4.28161147    4.3187995
    4.32415298    4.37344741    4.38035033    4.40576939    4.43459477
    4.45119734    4.60267611    5.0102858     5.08698201    5.22232358
    5.22796716    5.3463981     5.46889882    5.56572619    5.67844624
    5.74923857    5.84515626    5.9549557     5.96950959    6.0217196
    6.02511299    6.198111      6.29062271    6.44183008    6.533548
    6.55718562    6.61332001    6.71267147    6.77174769    6.78840197
    6.92704515    6.93618453    6.96082071    7.10624317    7.11973416]
[   1.            0.            0.            0.            0.            0.
    0.            6.            0.            0.            0.            1.
    2.          -76.468948    160.46001      70.790512     75.993042
 -150.05846     -87.372856   -159.35094      33.215794    -33.953056
   19.406191      3.1308784   -24.481972      3.            2.            0.
    4.41181368    4.56993255    4.63748742    4.8171421     4.86958757
    4.96676906    5.05442905    5.09583895    5.11517371    5.18942557
    5.22440738    5.33295401    5.35568124    5.36896421    5.40999269
    5.46729019    5.55869372    5.64013228    5.64055376    5.73755677
    5.84933429    5.8526785     5.90811303    5.99964034    6.07735341
    6.08391621    6.09459659    6.14007681    6.15786961    6.17535453
    6.26113048    6.46446204    6.63075494    6.68363955    6.69351724
    6.71005883    6.77056603    6.8238393     6.8458588     6.8549439
    6.96670706    7.08462544    7.25397152    7.26343742    7.39167169
    7.4012121     7.73330072    7.75517689    7.82132992    7.97011061]
[   1.            0.            0.            0.            0.            0.
    0.           27.            1.            0.            0.            0.
    3.          -76.346191    171.38542      53.031681     83.415405
 -147.62242     -62.379833   -135.81058      47.539577    -44.760067
   21.171553      8.7412291   -35.857925      2.            1.            0.
    4.16822138    4.39620751    4.44645198    4.72684274    4.78420807
    4.8185286     4.8186461     4.84156861    5.26115353    5.26302491
    5.26735067    5.33182148    5.3375409     5.3534965     5.37867595
    5.53955994    5.58536484    5.73901163    5.76522949    5.77338703
    5.78506683    5.82635313    6.08390348    6.22582804    6.25827846
    6.30231819    6.45465082    6.59639159    6.6307389     6.66018191
    6.66075075    6.67968637    6.70512136    6.76392509    7.01189953
    7.04137793    7.04957198    7.13900012    7.29947885    7.35760244
    7.63164432    7.75564796    7.90152013    7.97501978    7.98015152
    8.01624144    8.12015292    8.2352396     8.28302112    8.38415566]
[   1.            0.            0.            0.            0.            0.
    0.           21.            0.            0.            1.            0.
    2.         -139.96262     175.41588      66.59362      78.097786
 -152.89864     -95.05072    -142.22507      40.27573     -33.777248
   15.559875      9.9968405   -31.188236      1.            2.            0.
    3.93635933    4.14569042    4.26370554    4.33828121    4.46505355
    4.69403857    4.70734337    4.72643748    4.76294348    4.88502114
    4.88948516    4.95809788    4.9731831     5.07168237    5.16652749
    5.35430507    5.39572008    5.41894374    5.48570275    5.54493169
    5.5935392     5.59502329    5.6677509     5.70059226    5.71749477
    5.73190002    5.76283975    5.7637275     5.83582023    6.01408786
    6.14743682    6.43887834    6.47412398    6.60524411    6.62923666
    6.73508535    6.7884351     6.78870913    6.80885177    6.84624985
    6.88194913    6.98963479    7.04110572    7.18050074    7.34130162
    7.35730341    7.38873126    7.42635903    7.44747923    7.50556275]
[  1.00000000e+00   0.00000000e+00   0.00000000e+00   0.00000000e+00
   0.00000000e+00   0.00000000e+00   0.00000000e+00   1.00000000e+00
   0.00000000e+00   0.00000000e+00   1.00000000e+00   0.00000000e+00
   1.00000000e+00   9.99990000e+03   9.99990000e+03   5.90135270e+01
   7.01698300e+01  -1.66514620e+02  -4.66722530e+01  -1.62143810e+02
   3.82171210e+01  -4.47265700e+01   3.31614380e+01  -5.83848380e+00
  -2.15123560e+01   3.00000000e+00   0.00000000e+00   0.00000000e+00
   4.44225592e+00   4.52393732e+00   4.55349378e+00   4.79589606e+00
   5.10439714e+00   5.19856357e+00   5.26352381e+00   5.26893838e+00
   5.44329400e+00   5.44910157e+00   6.02413351e+00   6.28467986e+00
   6.31300410e+00   6.44558254e+00   6.73309983e+00   7.42515641e+00
   7.52463289e+00   7.55922714e+00   7.68531465e+00   7.99376321e+00
   8.01333777e+00   8.08649234e+00   8.21607416e+00   8.39077010e+00
   8.46900140e+00   8.52356704e+00   8.55274035e+00   8.57308717e+00
   8.69328972e+00   8.84609372e+00   9.00101136e+00   9.37991477e+00
   9.43729992e+00   9.51559575e+00   9.64788864e+00   9.67822936e+00
   9.93957773e+00   0.00000000e+00   0.00000000e+00   0.00000000e+00
   0.00000000e+00   0.00000000e+00   0.00000000e+00   0.00000000e+00
   0.00000000e+00   0.00000000e+00   0.00000000e+00   0.00000000e+00
   0.00000000e+00   0.00000000e+00]
[   1.            0.            0.            0.            0.            0.
    0.            4.            0.            0.            1.            0.
    3.          -76.118286    153.07872      73.912598     67.330544
 -148.74409     -91.202713   -147.61497      30.667377    -33.063488
   21.036596     -3.639487    -17.163298      3.            1.            0.
    4.32361831    4.41523804    4.45147665    4.66713986    4.67869673
    4.70800904    4.75167383    4.78228047    4.91988985    4.97237592
    4.99925483    5.13503957    5.30411052    5.44070722    5.44092257
    5.45714652    5.50730209    5.51927058    5.56105851    5.65201136
    5.71971879    5.83259227    5.95959046    6.02243436    6.04555844
    6.37972895    6.45526613    6.49815462    6.5040846     6.53504854
    6.61601714    6.67337131    6.67742       6.71136971    6.83244436
    6.97493693    6.99384719    7.25820844    7.3327138     7.54447971
    7.6198478     7.64598923    7.71726916    7.75892822    7.76387449
    7.79241441    7.89268117    7.9294589     7.96906362    8.06900852]
[   0.            0.            0.            0.            0.            0.
    1.           13.            0.            0.            0.            1.
    2.          -58.830627    144.86131      72.108017     82.506348
 -151.55154     -49.033138   -154.05365      38.493118    -40.541306
   26.559233     -0.99563628  -24.821093      2.            0.            0.
    2.87487119    3.62406252    3.69204243    3.72207521    3.77903876
    3.78370103    3.88517309    3.92600302    3.97776458    4.09623423
    4.09733423    4.13963205    4.19651149    4.22233711    4.2272316
    4.31473055    4.32213949    4.32911924    4.33149084    4.48676557
    4.50976884    4.52068754    4.56980938    4.63069484    4.6769373
    4.75269059    4.96404931    5.01575897    5.0414952     5.08453591
    5.09895708    5.14546155    5.16440276    5.36721656    5.42024665
    5.5204971     5.61096343    5.90436198    6.00825566    6.0779506
    6.19441977    6.29972749    6.39188228    6.42357919    6.46980382
    6.49867025    6.50209676    6.52808468    6.63221747    6.69656148]
[   0.            0.            1.            0.            0.            0.
    0.           14.            0.            0.            0.            1.
    3.          -75.520561   -177.26804      55.418873     74.348274
 -161.46881     -53.192585   -164.05984      40.601643    -42.760578
   25.100485      1.5869595   -26.922958      2.            2.            0.
    3.39028545    3.58202542    3.73336218    3.89698497    4.11421062
    4.13406572    4.25129652    4.25837269    4.25893179    4.31325532
    4.31457812    4.46186641    4.75424679    4.76790847    4.88690616
    4.93715824    5.05169311    5.09008803    5.22206728    5.25127391
    5.33327624    5.43545703    5.52888861    5.69865326    5.74891257
    5.8617257     5.87593312    6.04837581    6.05045814    6.10474107
    6.11800513    6.30885509    6.30970115    6.31709629    6.6069732
    6.61487558    6.63953449    6.74560222    6.76698575    6.80927762
    6.9122637     6.93156333    7.06516682    7.14050029    7.27707345
    7.27957109    7.32814732    7.33668808    7.35236903    7.35635312]
[   1.            0.            0.            0.            0.            0.
    0.           28.            0.            0.            1.            0.
    2.           34.488342    147.74756      79.260956     57.664421
 -150.65637     -64.555984   -148.16487      43.941742    -39.766186
   20.526796      9.899601    -35.079346      3.            0.            0.
    4.6740434     4.75697984    4.78949917    5.10455169    5.1173309
    5.22862072    5.55758294    5.58760964    5.60020949    5.72063924
    5.98908475    6.2872084     6.35585426    6.44560308    6.47420714
    6.69890605    6.71267147    6.85202544    6.96493416    6.98731274
    7.00638179    7.15606103    7.18094059    7.45863698    7.49650092
    7.62596663    7.78850445    7.85368137    7.93081108    7.94399133
    8.00888311    8.01713216    8.04269441    8.06045604    8.3894487
    8.59640444    8.60937016    8.67345743    8.67669699    8.83935072
    8.85151304    8.93715138    8.94992883    8.98990636    9.01690484
    9.03532099    9.06075469    9.12124399    9.15529458    9.19276089]
[   1.            0.            0.            0.            0.            0.
    0.           24.            0.            0.            1.            0.
    2.          -58.481594    179.99998      48.743748     74.160271
 -152.18489     -56.912624   -165.11739      35.935452    -32.071301
   16.442205      6.4667196   -26.221676      3.            0.            0.
    4.49488272    4.63988091    4.69274891    4.73039244    4.76184377
    4.86899425    4.92306385    4.93814486    4.98470598    5.0904764
    5.16587757    5.19807487    5.2091014     5.2229902     5.23731307
    5.41056311    5.4323537     5.46496408    5.48833676    5.59237646
    5.6478083     5.65577247    5.73292578    5.86431276    6.13458569
    6.15001156    6.28703242    6.3892563     6.43892427    6.52776408
    6.55161696    6.59257368    6.79676716    6.87642413    7.17348622
    7.29544609    7.2982785     7.39437318    7.40666887    7.50954911
    7.52312273    7.52439858    7.60039103    7.71975255    7.72709399
    7.8353957     7.84065321    7.84885034    7.85783628    7.893653  ]
[   0.            0.            0.            0.            1.            0.
    0.            6.            1.            0.            0.            0.
    3.          -58.473301    174.50049      55.925182     79.81144
 -147.60574     -88.280762   -156.81941      32.396652    -32.391853
   20.112686      0.66910326  -21.301559      0.            1.            0.
    3.41430672    3.55724356    3.59243987    3.77431927    3.95158222
    3.95748235    4.02200522    4.04811622    4.12413058    4.16657264
    4.41990199    4.59687373    4.62938405    4.63662927    4.88625431
    5.04593349    5.1270275     5.72017887    5.75948       5.7616767
    5.82632995    5.91850137    5.95828521    6.06695096    6.08244149
    6.10671437    6.23331561    6.30428927    6.30958288    6.43704884
    6.44600023    6.4603517     6.54855608    6.66046275    6.67397201
    6.68135013    6.68337506    6.82217533    6.87921628    6.98542624
    7.11459215    7.11610512    7.12004208    7.14288489    7.17945425
    7.20271617    7.23626936    7.32406793    7.38029229    7.42961205]
[   0.            0.            0.            0.            0.            1.
    0.           27.            0.            0.            1.            0.
    3.          -72.18615     163.19249      77.777359     65.134743
 -125.41247     -69.364037   -149.23923      43.783245    -40.236126
   18.025373      9.7759571   -32.910969      3.            1.            0.
    2.93571503    3.38749761    3.42932601    3.66247006    3.67327365
    3.69058273    3.71350393    3.92488697    3.93064805    4.01683109
    4.02123953    4.04340103    4.04382076    4.04960667    4.11523198
    4.13002021    4.14751073    4.28581684    4.30915558    4.61115314
    4.70675699    4.83626164    5.04803082    5.0544301     5.0800088
    5.08461257    5.16567664    5.21732016    5.64087608    5.71081339
    5.71350129    5.73899535    5.84593486    5.97274651    6.01879186
    6.17995438    6.25989763    6.29752682    6.46157029    6.55139816
    6.83166535    6.90636419    6.91488625    6.97112777    6.99299765
    7.0529069     7.11083902    7.13956891    7.16913098    7.2541599 ]
[   0.            0.            1.            0.            0.            0.
    0.            3.            0.            1.            0.            0.
    3.          -72.492348    175.22951      74.646561     76.493248
 -146.42033     -31.441525   -161.8756       34.21851     -34.202759
   21.370953      1.9450104   -22.964529      3.            0.            0.
    3.49983561    3.60595117    3.6553295     3.72747104    3.78126677
    3.81898482    3.86272058    3.95563532    3.99895973    4.07925542
    4.24722432    4.43925359    4.4459881     4.44932824    4.54442202
    4.70365478    4.75098714    4.81577103    4.90257288    5.00012082
    5.22515383    5.26093811    5.28062648    5.28217517    5.45361784
    5.46310303    5.61561899    5.64772335    5.82537243    5.86577095
    5.90135739    5.90375073    5.90442991    5.98883138    6.15377574
    6.17436489    6.22872023    6.30301539    6.36577898    6.36819171
    6.40374292    6.54739208    6.56419361    6.5877701     6.62829567
    6.63084078    6.63217654    6.68430341    6.69738935    6.70180548]
[   0.            0.            1.            0.            0.            0.
    0.           30.            0.            1.            0.            0.
    3.          -84.331139   -174.66615      65.391441     69.96022
 -155.2397      -54.767712   -161.16685      37.59642     -35.743599
   17.548443      7.7326379   -30.211748      3.            1.            0.
    3.27138402    3.57935757    3.73225412    3.88132507    3.89684344
    4.17120855    4.23334752    4.27312894    4.35186838    4.3969858
    4.53746491    4.75824567    4.86543821    4.87551191    4.98418142
    5.10070976    5.1037378     5.15373648    5.1555778     5.21376932
    5.27261144    5.32069124    5.36138155    5.41619245    5.50643729
    5.6628384     5.89585144    5.93394461    5.96680914    5.97078142
    6.06604733    6.12119834    6.12755155    6.17827914    6.2347419
    6.2788125     6.34927447    6.39389228    6.40674997    6.49951972
    6.52680755    6.5619183     6.70517239    6.76366514    6.81975147
    6.84597692    6.95135303    7.02915116    7.07159039    7.10467481]
[   0.            0.            0.            0.            0.            1.
    0.           21.            0.            0.            1.            0.
    2.         -139.96262     175.41588      66.59362      78.097786
 -152.89864     -95.05072    -142.22507      40.27573     -33.777248
   15.559875      9.9968405   -31.188236      1.            2.            0.
    3.08771087    3.40303932    3.46208237    3.76524514    3.96093895
    3.98223316    4.46594085    4.49122004    4.52600235    4.67110315
    4.72412587    4.90696634    4.94836095    5.3146685     5.40558811
    5.59563681    5.69992581    5.74735362    6.08969101    6.10701892
    6.1614667     6.32205004    6.39186685    6.54483605    6.724015
    6.81546513    7.05270847    7.23722219    7.25206021    7.27122679
    7.28230423    7.40865696    7.54243731    7.55429545    7.56860736
    7.67191522    7.68700944    7.70294325    7.71185804    7.78976375
    7.79333587    7.79672897    7.83464098    7.88812269    7.95286334
    8.0201163     8.17067558    8.1723668     8.25124187    8.30133712]
[   0.            0.            0.            0.            0.            1.
    0.            3.            0.            0.            1.            0.
    3.          -97.991241   -164.18674      64.391273     81.489708
 -144.2619      -56.893234   -151.89767      38.803093    -38.104256
   22.254976      3.1969006   -26.004835      2.            0.            0.
    3.56574834    3.57555291    3.6629616     3.79306426    3.83066683
    3.85378608    3.92360804    4.0090606     4.03589788    4.07319634
    4.17040314    4.27490222    4.44256626    4.52147769    4.6457707
    4.67801366    4.70065494    4.90083465    4.9245477     5.12700761
    5.15112694    5.23456659    5.25712361    5.40603054    5.42303713
    5.4581289     5.52812819    5.55620694    5.60011279    5.60359867
    5.60848701    5.61775241    5.64020949    6.02253533    6.13914449
    6.16979674    6.32715251    6.34411837    6.35718166    6.40154556
    6.4622981     6.59374086    6.59623652    6.67737523    6.71703196
    6.72821375    6.76256876    6.86667433    6.89173965    6.90921749]
[   0.            1.            0.            0.            0.            0.
    0.           35.            1.            0.            0.            0.
    1.          -10.016848    100.15865      74.313347     70.337173
 -178.36098     -90.688782   -119.55289      34.007935    -43.262783
   33.174374    -10.198579    -15.211537      1.            2.            0.
    2.94872275    3.34015544    3.85131061    4.01033539    4.30670692
    4.3845376     4.85583156    4.96226413    4.98384446    5.0235399
    5.07620538    5.13150555    5.33986222    5.42471739    5.47014655
    5.73513941    5.76875247    5.78715196    5.84710282    5.88267408
    6.28555331    6.47012726    6.47423646    6.47961151    6.60838087
    6.71167149    6.83738338    6.83873298    6.84806046    6.85428603
    6.86410618    6.90149614    6.91125735    6.99122972    7.02089352
    7.03436901    7.08564381    7.28139643    7.41127874    7.53639607
    7.55244566    7.55370026    7.57500215    7.63380488    7.65234882
    7.65825129    7.79260557    7.82679555    7.86714452    7.89238374]
[   0.            0.            0.            1.            0.            0.
    0.           13.            0.            0.            0.            1.
    0.           53.72142    -140.54922      61.842831    140.75352
 -103.09381     -69.99794     -63.049221    -36.379288     24.232214
   -2.4977133   -19.919174     35.158936      0.            0.            0.
    5.70517527    6.71940099    7.01339298    7.07303446    7.08343545
    7.16763317    7.46742809    7.47495792    7.63798099    7.72588305
    7.96299253    8.33198673    8.48931526    8.5366217     8.64847968
    8.80153533    8.82054039    8.83446126    9.15189095    9.57239524
    9.70830029    9.78188592    0.            0.            0.            0.
    0.            0.            0.            0.            0.            0.
    0.            0.            0.            0.            0.            0.
    0.            0.            0.            0.            0.            0.
    0.            0.            0.            0.            0.            0.        ]
[  0.00000000e+00   0.00000000e+00   1.00000000e+00   0.00000000e+00
   0.00000000e+00   0.00000000e+00   0.00000000e+00   4.10000000e+01
   0.00000000e+00   1.00000000e+00   0.00000000e+00   0.00000000e+00
   2.00000000e+00  -5.35755390e+01   1.51208820e+02   5.28275030e+01
   8.01429750e+01   9.99990000e+03   9.99990000e+03  -1.78655640e+02
   3.74076080e+01  -3.85667690e+01   2.50793110e+01   1.60912470e+00
  -2.58726690e+01   3.00000000e+00   0.00000000e+00   0.00000000e+00
   3.61600150e+00   3.61841817e+00   3.84822432e+00   3.86456304e+00
   4.09972416e+00   4.12898438e+00   4.15342225e+00   4.68808132e+00
   4.79485137e+00   4.83899248e+00   5.07840945e+00   5.16139603e+00
   5.18368720e+00   5.23856601e+00   5.31495302e+00   5.31898126e+00
   5.41953912e+00   5.74216713e+00   5.75465568e+00   5.79340220e+00
   5.85577666e+00   5.86863210e+00   6.02032461e+00   6.06531692e+00
   6.14448468e+00   6.19053404e+00   6.24594719e+00   6.34464896e+00
   6.34784825e+00   6.75219074e+00   6.75844575e+00   6.79860747e+00
   7.15513814e+00   7.17963195e+00   7.20029727e+00   7.27570261e+00
   7.31804528e+00   7.32074667e+00   7.35732532e+00   7.39038398e+00
   7.45094739e+00   7.50960662e+00   7.58346611e+00   7.65331656e+00
   7.69821461e+00   7.71866683e+00   7.77276751e+00   7.77459134e+00
   7.81107289e+00   7.82400667e+00]
[   0.            0.            0.            0.            1.            0.
    0.            8.            0.            0.            1.            0.
    2.          -81.811577   -159.84352      61.213791     75.334496
 -160.69362     -25.169758   -162.33289      33.101398    -29.629421
   12.753028      8.2467642   -26.283049      0.            1.            0.
    3.63987433    3.7770912     3.84585555    3.93582317    3.97520091
    4.0354658     4.15755851    4.23378343    4.34730709    4.42961176
    4.45818739    4.48603385    4.49017392    4.58621048    4.61274507
    4.64711368    4.74580782    4.77498131    4.847336      4.91859879
    4.95377987    5.00490603    5.02562109    5.15947921    5.2045954
    5.27067443    5.28143597    5.37176751    5.37419463    5.48011974
    5.78911705    6.00281729    6.18650897    6.1881063     6.22683258
    6.238208      6.26189705    6.31224992    6.40236367    6.60701059
    6.73534197    6.81187697    6.85789822    6.89605563    6.95829561
    6.98975324    7.02738154    7.03057026    7.03789999    7.05747245]
[   0.            0.            1.            0.            0.            0.
    0.           14.            0.            1.            0.            0.
    1.          -74.515068   -143.28333      65.442535     80.4795
 -176.02043     -72.117836   -153.02307      38.367588    -36.845978
   22.755569      2.3506033   -26.13072       3.            1.            0.
    3.2323465     3.52932786    3.78254327    4.25947717    4.33792115
    4.47574885    4.74162183    4.75912213    4.91255428    4.93496242
    4.96158829    4.97979147    5.05264061    5.10515303    5.10891722
    5.141423      5.23748376    5.25084404    5.30855444    5.48956664
    5.54977252    5.62270825    5.6545842     5.68789984    5.7454868
    5.79397772    5.82250331    5.84745263    5.89248994    5.98458474
    6.05154683    6.09649653    6.12280934    6.14423637    6.34188731
    6.37539842    6.42119427    6.4794251     6.53563006    6.5369377
    6.56164071    6.5760184     6.59661631    6.6196732     6.64561885
    6.65300945    6.85081975    6.8880096     7.00045231    7.05470698]
[   0.            0.            0.            1.            0.            0.
    0.           23.            0.            1.            0.            0.
    3.          -84.113503    149.12743      94.221031     76.141197
 -167.60696     -59.547192   -160.27357      33.964092    -30.989004
   14.96526       7.1969376   -25.150183      3.            1.            0.
    3.80788221    3.8177438     3.84107868    4.04709551    4.29029659
    4.32184024    4.32774763    4.46942109    4.65357589    4.76016839
    4.86509611    4.96594916    4.96795889    4.9853583     5.01355969
    5.04207231    5.06952254    5.10638613    5.29342172    5.37916755
    5.40265863    5.46451517    5.48329359    5.59791127    5.71680285
    5.80230594    5.8758853     5.88934534    5.90080699    5.95788605
    6.00628254    6.0751847     6.09990134    6.10088704    6.14396362
    6.17419747    6.21373725    6.21523187    6.2313512     6.29653225
    6.35351426    6.53941326    6.54988002    6.55373201    6.59875998
    6.65620519    6.7353811     6.88424491    6.89018264    7.04598928]
[   0.            0.            0.            0.            0.            0.
    1.            6.            0.            0.            0.            1.
    1.          -96.167747   -171.28813      63.665154     81.965256
  174.81027     -97.990997   -151.89705      38.71524     -36.957657
   19.201715      6.9118819   -30.068096      1.            2.            0.
    3.38539199    3.60220274    3.87747493    3.94938673    4.13503295
    4.38735862    4.49672828    4.50389826    4.70468394    4.86913265
    4.89630472    5.03946728    5.25044341    5.28441766    5.41902502
    5.55811812    5.57053717    5.59163661    6.00699149    6.07884364
    6.12573652    6.21572577    6.54036404    6.56164194    6.59894504
    6.60364922    6.63294365    6.68747673    6.76406057    6.7697077
    6.77726892    6.80489984    6.84453123    6.86177381    6.86676005
    6.91114735    7.00640624    7.01034112    7.23965422    7.25790396
    7.26908655    7.27793674    7.38179471    7.43943266    7.4507865
    7.49515339    7.51159612    7.5126351     7.63143394    7.66080119]
[   0.            0.            1.            0.            0.            0.
    0.            8.            0.            0.            0.            1.
    3.          -78.392212    168.86328      75.7444       74.151695
 -170.98303     -57.074139   -158.62236      31.846094    -29.739288
   15.031216      5.415803    -24.57423       3.            2.            0.
    3.4082707     3.42867826    3.75545539    3.76588529    3.86046288
    4.15121844    4.15686524    4.1927286     4.64721833    4.70928656
    4.74351696    5.00600605    5.0089258     5.05092795    5.08652739
    5.15458543    5.15964374    5.26400534    5.39674996    5.48776133
    5.55605135    5.70497245    5.70771106    5.73536798    5.86987852
    6.08543751    6.098269      6.10212026    6.129012      6.27828335
    6.33972891    6.34678188    6.51412346    6.64435932    6.79900408
    6.81050881    6.85308632    6.95820554    6.96926627    7.02275779
    7.08902317    7.11925219    7.21685337    7.29103772    7.39658734
    7.39954463    7.41005856    7.45907602    7.46122671    7.51408626]
[   0.            0.            0.            0.            1.            0.
    0.           15.            1.            0.            0.            0.
    2.          -83.584518    152.5816       65.787674     83.692741
 -166.14552     -68.487488   -138.25131      41.479057    -39.694599
   20.767914      7.0453949   -30.870083      0.            3.            0.
    3.50933331    3.54164244    3.88282748    3.91191223    3.93921137
    3.93940503    4.12221719    4.22361047    4.28655069    4.32071414
    4.39045176    4.4301291     4.50101406    4.54457859    4.58675342
    4.6652914     4.70851841    4.75244041    4.86093482    4.90105088
    4.91017335    4.91702562    4.9365229     4.97790031    4.98201943
    5.03198983    5.09429256    5.12324383    5.14986426    5.23194077
    5.44972013    5.49512624    5.49738206    5.54800188    5.5971997
    5.70492779    5.79493955    5.80828264    5.8569024     5.86026557
    5.92441601    5.9362438     5.94172621    5.94645417    6.02486613
    6.14640926    6.27677906    6.44623642    6.4705985     6.4973198 ]
[   0.            0.            0.            0.            1.            0.
    0.           19.            1.            0.            0.            0.
    3.          -64.796036    159.05634      66.971718     75.603836
 -146.72171     -71.992317   -161.9528       39.387764    -39.837639
   24.480694     -0.44499388  -25.009964      2.            0.            0.
    3.78429142    3.80495109    3.97884583    4.07438556    4.10076845
    4.13314658    4.21612522    4.23241406    4.28027192    4.31246599
    4.48932127    4.49659658    4.5153981     4.67442438    4.92249404
    5.11947358    5.16526533    5.18734813    5.19162743    5.24859676
    5.57013655    5.70762476    5.76855291    5.79357623    5.81826874
    5.94249812    5.96996555    5.98961597    6.01591285    6.04929089
    6.05611148    6.29564639    6.35913273    6.51935518    6.52607071
    6.63211556    6.82655549    6.87068472    6.87981718    6.90981426
    6.97698026    7.01683835    7.02692537    7.15090096    7.1763388
    7.20195381    7.20852027    7.3204813     7.34102355    7.37181856]
[   0.            0.            1.            0.            0.            0.
    0.           26.            0.            1.            0.            0.
    2.          -91.475365   -162.5755       62.508904     71.179192
 -167.11879     -64.638885   -155.3244       40.667377    -40.74052
   25.844137      1.7347192   -27.83882       4.            1.            0.
    3.31971064    3.34909009    3.68159643    3.71806015    3.83748771
    3.96600734    3.97828772    4.25225263    4.27962727    4.33345683
    4.4661934     4.57189183    4.97494527    5.03176123    5.23316309
    5.29531672    5.30027962    5.31301723    5.3704084     5.54487197
    5.57847925    5.59813195    5.62130552    5.69972692    5.70348742
    5.73999135    5.75471456    5.89675763    5.98815833    6.00882623
    6.02737414    6.12205589    6.15226922    6.28079075    6.30990257
    6.4252861     6.46815551    6.50371126    6.50381326    6.5688076
    6.71600516    6.72306464    6.77114076    6.77634394    6.82135868
    6.84167367    6.88266497    6.91930411    6.94343136    7.03639428]
[  0.00000000e+00   0.00000000e+00   1.00000000e+00   0.00000000e+00
   0.00000000e+00   0.00000000e+00   0.00000000e+00   5.00000000e+00
   0.00000000e+00   0.00000000e+00   0.00000000e+00   1.00000000e+00
   2.00000000e+00  -4.81611060e+01   1.54581300e+02   6.01090200e+01
   6.90128630e+01  -1.27045390e+02  -6.39049800e+01  -1.63144670e+02
   4.39448010e+01  -4.47499010e+01   2.81360570e+01   7.13262480e-02
  -2.65973950e+01   2.00000000e+00   0.00000000e+00   0.00000000e+00
   3.61089761e+00   3.61986548e+00   3.64347429e+00   3.65115937e+00
   3.71659012e+00   3.74605158e+00   4.02029267e+00   4.07653297e+00
   4.19100089e+00   4.20047258e+00   4.23975245e+00   4.34950506e+00
   4.36690672e+00   4.40155372e+00   4.79986859e+00   4.87366170e+00
   4.91988985e+00   4.97176813e+00   5.10228456e+00   5.10638131e+00
   5.14721672e+00   5.23411504e+00   5.30091432e+00   5.30136360e+00
   5.51732105e+00   5.61326972e+00   5.63139648e+00   5.68674452e+00
   5.70958179e+00   5.73896634e+00   5.81221239e+00   5.90147324e+00
   6.09835836e+00   6.26079494e+00   6.32020656e+00   6.32347269e+00
   6.39052968e+00   6.41070895e+00   6.44248442e+00   6.62964575e+00
   6.68342081e+00   6.69686373e+00   6.74704718e+00   6.83778359e+00
   6.84281825e+00   6.84303326e+00   6.86189052e+00   6.95540275e+00
   7.02670008e+00   7.03479606e+00]
[   1.            0.            0.            0.            0.            0.
    0.           22.            0.            0.            1.            0.
    3.          -77.114563    173.97067      63.723381     79.413017
 -156.04135     -52.830086   -156.36783      40.460949    -38.769188
   20.089672      8.1141119   -32.235394      1.            0.            0.
    3.85727571    4.3679112     4.57884398    4.60625315    4.6178893
    4.62779192    4.78027254    4.80809355    4.85942206    4.89145234
    4.94421807    5.03294896    5.25567624    5.27260627    5.41451038
    5.41993902    5.4204322     5.48167444    5.53585634    5.55763093
    5.68946701    5.76598251    5.79521743    5.96365594    6.02396872
    6.06967307    6.13374063    6.24101922    6.28903223    6.35004962
    6.50768968    6.57919524    6.60810216    6.69194039    6.7905981
    6.81018663    6.81630557    6.91905139    6.92524216    6.97111339
    7.09479323    7.15541207    7.18044769    7.2862882     7.28809147
    7.34803095    7.42309114    7.4726553     7.63351083    7.64266635]
[   0.            0.            0.            1.            0.            0.
    0.           12.            0.            1.            0.            0.
    1.         -127.02666    -158.59705      50.781849     86.062027
 -111.75449    -151.83319    -131.58406      36.968983    -36.581951
   22.190939      1.938459    -24.941021      1.            0.            0.
    3.3158975     3.45647124    4.02908439    4.18839709    4.21690342
    4.25922716    4.56166852    4.67405024    4.70656075    4.74032736
    4.85484996    4.87913953    4.93486824    4.96249538    4.96797081
    5.08786247    5.17725094    5.22052901    5.30912802    5.35824085
    5.39552858    5.6354842     5.64039899    5.64131254    5.74085839
    5.81003739    6.03092301    6.21907556    6.23832009    6.31571744
    6.32346073    6.36484048    6.38410396    6.44957385    6.57915053
    6.80578755    6.8104994     6.81052222    6.83444668    6.8364556
    6.92636864    6.99290078    7.01671894    7.08909704    7.1219072
    7.49624715    7.5577869     7.58532405    7.5964053     7.62080629]
[   0.            0.            1.            0.            0.            0.
    0.            5.            0.            0.            0.            1.
    0.           47.808277   -163.75098      56.231266     73.295876
 -166.62766      95.63961    -139.74649      43.298744    -42.130272
   26.533419      3.2085147   -30.922478      0.            0.            0.
    5.35412016    5.84337928    6.27303994    6.64082578    7.00166724
    7.08043019    7.4741878     7.62130863    7.89914792    7.91476292
    8.00292027    8.14170675    8.19323415    8.20829829    8.2509742
    8.87837131    9.18749526    9.28635269    9.29186668    9.37186016
    9.72217844    9.86571106    9.89724271    0.            0.            0.
    0.            0.            0.            0.            0.            0.
    0.            0.            0.            0.            0.            0.
    0.            0.            0.            0.            0.            0.
    0.            0.            0.            0.            0.            0.        ]
[   1.            0.            0.            0.            0.            0.
    0.            3.            0.            1.            0.            0.
    1.          -94.643593   -173.79782      76.139206     80.673927
 -168.69382     -67.429932   -143.70255      35.346073    -36.901707
   26.709702     -3.1759498   -21.148478      3.            0.            0.
    4.40247456    4.44868635    4.44960798    4.4881941     4.53201168
    4.66424836    4.68981169    4.87915871    4.93493255    5.00422703
    5.09175237    5.21150615    5.22638415    5.32160793    5.33701295
    5.35086104    5.64109399    5.6541401     5.66847664    5.69325709
    5.75831576    5.78681279    5.87115827    5.91231956    5.92433134
    5.9289757     6.06632833    6.14971766    6.15422025    6.2179743
    6.49087647    6.5514057     6.61226185    6.64774372    6.65743271
    6.66891811    6.75826192    6.80857249    6.88053758    6.90771628
    6.95990322    6.98182907    7.20146388    7.41095943    7.42049494
    7.50812255    7.51251256    7.51499307    7.63058072    7.65924772]
[   0.            0.            1.            0.            0.            0.
    0.           21.            0.            0.            0.            1.
    3.          -78.255089   -174.61832      60.142731     67.338051
 -153.34003     -76.48703    -155.76364      40.604805    -41.374001
   26.633253     -2.3866313   -24.627708      3.            2.            0.
    3.56155265    3.6340243     3.76083046    3.8478744     4.20082021
    4.30692202    4.40142026    4.40484813    4.46802465    4.62031912
    4.76207081    5.00392019    5.00516645    5.04165161    5.05782553
    5.10036295    5.19138417    5.21227983    5.26820114    5.39955964
    5.42791172    5.63198534    5.65573411    5.75753347    5.77412282
    5.79695737    5.90842602    6.02866368    6.15103762    6.15221533
    6.20582062    6.31179292    6.52315206    6.56404324    6.63236945
    6.64269041    6.69821563    6.81146197    6.81553158    6.83841922
    6.89757078    6.93079878    7.04972723    7.05429458    7.080869
    7.10179524    7.14820321    7.18452622    7.19676983    7.24047611]
[   0.            0.            1.            0.            0.            0.
    0.            3.            0.            1.            0.            0.
    2.          -69.441597    157.10153      62.489788     84.589676
 -152.17473     -55.707794   -174.77779      38.077488    -37.437843
   22.470133      2.4483259   -25.999367      4.            0.            0.
    3.46051297    3.55357175    3.64836731    3.8903207     3.90982781
    3.93134905    3.94267516    3.9527966     4.0758263     4.11291829
    4.16779819    4.33743056    4.43460638    4.51078787    4.60162129
    4.6316582     4.75122176    4.89006346    5.006764      5.05004619
    5.21664839    5.4022985     5.41660362    5.46840319    5.49816422
    5.55735316    5.65548379    5.77456339    5.89442672    5.97455902
    6.04305351    6.0458554     6.10648205    6.30278843    6.40034434
    6.51532706    6.58772477    6.6399798     6.674717      6.76789274
    6.81184174    6.83743786    6.90771072    6.91778037    6.96354724
    6.96803768    6.98773747    7.0009806     7.03097748    7.09245014]
[   1.            0.            0.            0.            0.            0.
    0.            5.            1.            0.            0.            0.
    1.          -42.746807    160.81639      65.052231     75.316994
  178.22987     -92.375648   -128.978        36.844738    -36.171894
   20.060949      5.1901054   -27.386782      2.            1.            0.
    3.6463531     4.34320904    4.45013026    4.65640975    4.70167691
    4.72983889    4.74912233    4.76066347    4.82443216    4.91476156
    4.95397216    4.9726876     4.98185927    5.16521034    5.21593897
    5.25482869    5.26548913    5.36396528    5.54276664    5.62970892
    5.69436431    5.76196343    5.77332797    5.80738447    5.83614767
    5.84731019    5.87193499    5.93599835    6.11740774    6.14277512
    6.19021225    6.50924684    6.59885163    6.64731091    6.66954853
    6.67995269    6.73621725    6.75170106    7.08564381    7.11873192
    7.23381418    7.54797694    7.60182441    7.73068847    7.77353549
    7.80143156    7.86881739    7.92151248    8.31257124    8.37473604]
[   0.            0.            0.            0.            0.            1.
    0.           27.            0.            0.            1.            0.
    2.          -88.784187   -171.37955      58.156139     78.661316
 -108.70699    -135.54758    -128.49792      40.052361    -35.224697
   19.292656      5.6039553   -28.467012      3.            0.            0.
    2.81450807    3.30333966    3.49169434    3.66888811    3.67409127
    3.68760933    3.70551444    3.7091806     4.03403952    4.07657415
    4.1480158     4.35703195    4.8172172     5.02668995    5.06936536
    5.09093204    5.1975451     5.2445281     5.44709714    5.58863095
    5.60035743    5.60043757    5.69188574    6.15202784    6.16177009
    6.65696346    6.69869606    6.7195292     6.77582841    6.83652204
    6.99207477    7.01651288    7.15869953    7.17421094    7.18093341
    7.22693185    7.31532109    7.32926372    7.34575292    7.37520871
    7.48694941    7.6326033     7.74067751    7.77149049    7.79772845
    7.80215966    7.816439      7.88149889    7.8862581     7.9073266 ]
[   0.            0.            0.            0.            1.            0.
    0.           24.            0.            0.            1.            0.
    2.          -58.481594    179.99998      48.743748     74.160271
 -152.18489     -56.912624   -165.11739      35.935452    -32.071301
   16.442205      6.4667196   -26.221676      3.            0.            0.
    3.36378081    3.49483994    3.89972242    4.09648307    4.30897936
    4.47400418    4.52167179    4.58229492    4.60600893    4.68456284
    4.68725681    4.70063983    4.91524599    5.00704678    5.03016887
    5.0943714     5.18569476    5.34598333    5.42839693    5.46664977
    5.60224347    5.60400589    5.60891801    5.68931887    5.80808367
    5.81157518    5.8251738     5.84723531    5.85869872    5.94258928
    6.07398428    6.31996197    6.32355474    6.34788448    6.37147221
    6.38707008    6.40029211    6.40663024    6.46468653    6.51336982
    6.66316027    6.68492389    6.69602076    6.74501565    6.82293792
    6.8564738     6.91107766    6.9619781     6.98607764    7.22826893]
[   0.            0.            0.            0.            1.            0.
    0.            4.            1.            0.            0.            0.
    2.          -75.483521   -165.69386      37.647083     79.965919
 -132.2475      -50.360802   -132.25916      40.564793    -35.395348
   17.333813      8.8466883   -33.228664      3.            0.            0.
    3.43332954    3.50589626    4.08684077    4.11317588    4.23861853
    4.30561706    4.31251287    4.4753025     4.48523973    4.49393385
    4.56975398    4.59716197    4.65113846    4.66782933    4.68450364
    4.68975102    4.69815758    4.83222118    4.85816923    4.92857046
    4.97708544    5.01269109    5.0206308     5.19466513    5.21719427
    5.46128535    5.51993369    5.61019863    5.66320473    5.7140157
    5.72123766    5.74098648    5.92397947    5.99679997    6.17339795
    6.24576576    6.35194687    6.55214838    6.56681689    6.68202343
    6.70109449    6.90196712    7.14535814    7.15859273    7.26076491
    7.29066646    7.3418924     7.56670976    7.57329002    7.58717976]
[   0.            0.            0.            0.            1.            0.
    0.           14.            1.            0.            0.            0.
    1.           66.254333    124.96001      85.689789     84.630592
 -114.70441     -34.294655   -162.93274      34.193081    -30.002136
   13.456411      7.5009046   -26.279831      0.            3.            0.
    3.582151      3.64770668    3.79571966    3.8645839     3.93921137
    4.07030954    4.16124401    4.46939103    4.52022066    4.53108616
    4.54374367    4.57813741    5.75097653    5.86517936    5.9231509
    5.95312912    6.25960499    6.3071682     6.33454025    6.33978232
    6.38604735    6.46839352    6.68756317    6.70862844    7.09810127
    7.16184481    7.31929415    7.34526836    7.38676354    7.40445672
    7.41942536    7.48292031    7.52644165    7.58656416    7.60062976
    7.61864379    7.71180419    7.71330825    7.79955132    7.87510514
    7.88072772    7.88832532    7.96894245    8.03815274    8.07835102
    8.27322453    8.33713586    8.35624609    8.39671471    8.50927973]
[   0.            0.            1.            0.            0.            0.
    0.           15.            0.            0.            0.            1.
    0.          155.79779     170.6219       69.143433     77.972626
 -105.53078     -83.97773    -153.83751      41.857269    -38.310925
   20.362818      5.7006955   -30.316526      0.            0.            0.
    3.12063534    3.4452522     3.75123895    3.82744345    3.85279715
    4.24998168    4.41669824    4.71530879    4.75227648    4.88291315
    4.96266103    5.20999233    5.36509484    5.53992927    5.54334075
    5.78483817    6.10963739    6.16547019    6.20769325    6.41083785
    6.50961676    6.51457882    6.59694375    6.63550858    6.66793516
    6.82035097    6.90483259    6.9447095     7.01642755    7.18228452
    7.32685726    7.42426345    7.43645144    7.4698844     7.52648844
    7.54343226    7.56206258    7.65994225    7.73689385    7.77173952
    7.93807144    7.94628529    7.98524923    8.01864553    8.04901641
    8.24566465    8.34067637    8.42728002    8.55706822    8.70176428]
[   0.            0.            0.            1.            0.            0.
    0.           17.            0.            0.            0.            1.
    1.          -85.965508    179.58455      70.588905     78.848724
  173.56873     -94.194427   -150.39948      31.037348    -33.95253
   23.532249     -3.4729946   -18.861029      2.            1.            0.
    3.84804623    3.87662972    3.95803331    4.04180718    4.10694289
    4.12840155    4.18087289    4.34279087    4.67523267    4.75444382
    4.81180914    4.9060163     5.0941984     5.29497282    5.38142811
    5.45592537    5.55818217    5.63404772    5.64954599    5.70907386
    5.87414383    5.95628018    6.23184628    6.32062337    6.40857029
    6.49149327    6.51315049    6.54294207    6.60019273    6.63061415
    6.64149626    6.64822635    6.80658899    6.98175956    6.99975265
    7.00776367    7.02937339    7.11676736    7.16664572    7.22637488
    7.33899341    7.35890396    7.36325067    7.37162681    7.39062861
    7.41182298    7.51694458    7.53927408    7.56780703    7.57957923]
[   0.            0.            0.            0.            0.            1.
    0.           14.            0.            0.            1.            0.
    2.          -93.590973   -176.97391      61.965794     81.992706
 -128.5434      -67.87014    -116.35116      30.502571    -29.393454
   15.69051       3.8804009   -21.257246      3.            0.            0.
    3.44177687    3.73601398    3.8569016     4.14736372    4.21327147
    4.42190933    4.42351682    4.52068754    4.61866171    4.65041608
    4.70667996    4.915262      4.97175055    5.15313541    5.24374436
    5.25781971    5.26936932    5.40430069    5.51243341    5.53785994
    5.62602915    5.62638686    5.64173247    5.65917111    5.77061471
    5.79544522    5.80886282    5.9396832     6.05953465    6.10104036
    6.17410515    6.21306275    6.23611246    6.24503167    6.33107593
    6.36410404    6.39372635    6.40668431    6.45872277    6.48424565
    6.61346791    6.62531572    6.87760863    6.88196605    6.89337934
    6.89757462    7.13634401    7.16799215    7.17069117    7.2240446 ]
[   0.            0.            1.            0.            0.            0.
    0.           22.            0.            0.            0.            1.
    2.          -74.226166    176.95952      57.970837     71.099915
 -163.25471     -61.475147   -154.31927      39.823193    -37.636635
   20.661972      5.3310146   -28.656878      2.            2.            0.
    3.84496379    4.00200689    4.0117051     4.0135752     4.15197673
    4.26537539    4.35430434    4.49532992    4.64866492    4.70527545
    4.77302532    4.88664386    5.08777511    5.14668088    5.22936925
    5.31050325    5.31157902    5.51962215    5.53315844    5.62374108
    5.64173198    5.7243584     5.7898036     5.83086268    5.88367169
    5.90314643    5.99895432    6.04244317    6.05636405    6.09909413
    6.16075616    6.30713982    6.34354847    6.34891837    6.53441976
    6.62952572    6.79140197    6.79234572    6.84713919    7.05233271
    7.08234199    7.08283132    7.24869125    7.25999146    7.30298206
    7.32588981    7.35426413    7.40859468    7.42155357    7.43552501]
[   0.            0.            0.            0.            0.            1.
    0.            2.            0.            0.            1.            0.
    3.         -100.27131     179.59457      68.663246     67.321533
 -146.40622     -65.668983   -165.65572      46.006573    -44.623703
   24.850697      6.5414581   -32.526947      3.            0.            0.
    3.00115042    3.44212019    3.54356201    3.67325122    3.67702753
    3.72933039    3.73608514    3.76510787    3.79938875    3.81433043
    3.89324051    3.95563532    3.96511274    3.98323082    4.10178362
    4.13893449    4.2841871     4.31522054    4.36622027    4.62663409
    4.62713372    4.67011899    4.7196345     4.8180495     4.96970171
    5.01488285    5.03634533    5.10119064    5.16127569    5.1836872
    5.23045873    5.26533654    5.3025611     5.36050616    5.67726284
    5.68674519    5.73222681    5.74759087    5.82608692    5.86837573
    5.88512687    5.91184942    6.09815958    6.3468984     6.39304898
    6.40344631    6.48418608    6.50821022    6.51670099    6.6524344 ]
[   0.            0.            1.            0.            0.            0.
    0.            9.            0.            1.            0.            0.
    1.         -116.84681     179.13046      75.533806     72.189674
  175.13911     -90.468178   -164.72821      35.864647    -34.830441
   18.91815       4.3941374   -25.573675      0.            3.            0.
    3.38365296    3.63987433    3.78669004    4.26638807    4.27829276
    4.31296494    4.36152916    4.48076143    4.72262085    4.76049377
    4.96352582    5.18127782    5.2321551     5.24286168    5.26707953
    5.45533044    5.56714752    5.69603531    5.69900776    5.77414561
    5.83466654    5.85979779    6.23460595    6.4115111     6.49509601
    6.5038848     6.50711496    6.5200371     6.56013231    6.63928234
    6.64173054    6.70381748    6.85942221    6.89335967    6.99000741
    7.08122935    7.11866291    7.12043774    7.14670864    7.1531695
    7.2994912     7.32976838    7.45026723    7.45977677    7.6466276
    7.67022591    7.72335939    7.72782797    7.79728364    7.95003248]
[   0.            0.            0.            0.            0.            1.
    0.           23.            0.            0.            1.            0.
    3.          -81.754723    167.20193      67.514343     72.194328
 -136.87999     -87.030312   -147.1826       38.234455    -36.613209
   18.357279      6.967001    -29.053621      3.            1.            0.
    2.96148358    3.41183473    3.47546109    3.56703303    3.59413327
    3.69816033    3.82186211    3.85173548    3.85567185    3.88151979
    3.91138691    3.94843342    3.96756179    4.06376156    4.08758552
    4.10339426    4.30728951    4.3192496     4.39448469    4.57993762
    4.76628393    4.85674801    4.90460232    4.91733471    4.99015964
    5.06396217    5.14089594    5.18058266    5.2608266     5.32222725
    5.3401976     5.48011732    5.56041145    5.58656367    5.59075044
    5.71674027    5.72662857    5.75754866    5.85615849    5.87115827
    6.33004468    6.37862581    6.42956761    6.67403299    6.7343357
    6.73802379    6.7447556     6.77137732    6.79234572    6.81984494]
[   0.            0.            0.            0.            1.            0.
    0.            6.            1.            0.            0.            0.
    2.          -89.344482   -172.24847      56.891148     77.235901
 -126.67455     -54.096355   -158.5713       36.893948    -37.266697
   23.684387      1.0183717   -25.403584      3.            0.            0.
    3.4482074     3.51683635    3.81375923    3.96890453    3.98801213
    4.0225445     4.18301666    4.24670273    4.26328123    4.30679872
    4.3589318     4.46775322    4.49164524    4.63787831    4.63883555
    4.66936241    4.68385428    4.74925565    4.76116954    4.78944482
    5.04988401    5.05449365    5.10808676    5.33224033    5.37792969
    5.3964325     5.64576701    5.72607417    5.78180439    5.79910514
    5.87789848    5.90206456    5.9119126     6.15514606    6.42086112
    6.66049253    6.94660473    7.02090009    7.09557809    7.10502208
    7.19029028    7.20990255    7.44883996    7.60701963    7.63512185
    7.64697041    7.79316542    7.79748086    7.79882102    7.80195334]
[   0.            0.            0.            1.            0.            0.
    0.            7.            0.            0.            0.            1.
    2.          -55.451286    175.58624      56.059097     75.849396
 -169.46181     -61.849251   -168.48663      39.713963    -41.688408
   29.259186     -2.4896288   -25.367037      2.            1.            0.
    3.75031948    3.76887912    3.86658146    3.86830117    4.02339853
    4.08954156    4.17847599    4.26184558    4.38521372    4.50834245
    4.67368343    4.74007362    4.82756835    4.88397877    4.99792538
    5.19933725    5.37971254    5.44983986    5.45417404    5.54093102
    5.5475581     5.62539361    5.68486166    5.79968474    5.84720199
    5.86373292    5.98024126    5.98061698    5.98076247    6.00821355
    6.12944409    6.19900819    6.21630733    6.26618621    6.2997859
    6.3020322     6.41060593    6.42929669    6.64399418    6.6762136
    6.80983176    6.85620595    6.86519785    6.88491996    6.91352445
    7.07514799    7.22329349    7.25254097    7.38099741    7.39315584]
[   0.            0.            1.            0.            0.            0.
    0.           16.            0.            1.            0.            0.
    1.         -100.11155     164.00299      73.990524     75.113213
 -175.96124     -77.534393   -146.93806      36.159512    -34.746872
   17.283121      7.7629852   -28.775906      4.            1.            0.
    3.45396131    3.52000721    3.73967117    3.82963842    3.90005143
    4.05249843    4.3230149     4.54222049    4.55055404    4.56937428
    4.76018344    4.81977808    4.89099746    4.89293234    4.94082715
    4.96337336    4.96777706    5.196941      5.26460777    5.28592523
    5.32307898    5.4932969     5.55762975    5.6524868     5.91551038
    5.97491275    6.07220442    6.10540364    6.2020664     6.224058
    6.30250445    6.4940505     6.52916845    6.53046587    6.59170199
    6.59562982    6.65285008    6.70519377    6.73858588    6.8080149
    6.81972128    6.87742684    6.89090659    6.90235676    6.95039098
    6.95641901    7.04192627    7.05927627    7.13531506    7.15706003]
[   0.            0.            1.            0.            0.            0.
    0.           25.            0.            0.            0.            1.
    2.          -97.939224   -172.19917      63.621651     69.610535
 -163.25342     -71.843513   -151.71779      43.992329    -39.555218
   18.024811     12.654447    -37.993332      2.            2.            0.
    3.31158016    3.71422383    3.95528718    4.0468757     4.22688168
    4.24378259    4.25569       4.27836133    4.59396392    4.68148391
    4.70065494    4.77691197    4.82713842    4.87965999    4.90813928
    5.14443427    5.24166599    5.33441649    5.34152628    5.46882463
    5.49165846    5.64219087    5.76963051    5.77251741    5.78786827
    5.81891888    5.85121602    5.91069041    5.99754269    6.07593813
    6.15087088    6.16790256    6.21843724    6.24655117    6.29805336
    6.56587404    6.57199069    6.60044707    6.69977477    6.83199012
    6.9435192     7.07524318    7.08400064    7.08706263    7.14696294
    7.27008592    7.30256982    7.30305563    7.33371184    7.33854804]
[   0.            0.            1.            0.            0.            0.
    0.            2.            0.            0.            0.            1.
    2.          -64.23613     162.06532      69.147736     84.611221
 -113.85378    -130.86823    -155.31502      38.817432    -34.937687
   15.833429      9.8672295   -30.779608      2.            3.            0.
    3.97003963    4.10769339    4.20561034    4.41036641    4.46228821
    4.53113649    4.54637528    4.65843527    4.69934904    4.74757897
    5.01251881    5.0465369     5.10739095    5.11019803    5.11572707
    5.24588812    5.30383673    5.30872686    5.45803512    5.79470041
    5.79716934    5.85230453    5.85671722    5.9997911     6.07265482
    6.09586604    6.14495966    6.16899395    6.36372862    6.53682288
    6.5548433     6.59083402    6.67340755    6.71258629    6.74286392
    7.04767799    7.12094304    7.27186023    7.49937013    7.53535761
    7.62545688    7.64600076    7.65445916    7.65610845    7.7805638
    7.91046762    7.95182761    8.03847545    8.04090503    8.18495248]
[   0.            0.            0.            0.            0.            0.
    1.           15.            0.            0.            0.            1.
    3.          -70.961891    165.931        69.366028     69.013687
 -164.37144     -65.039543   -165.59579      45.646687    -40.38269
   22.849213      6.3889008   -32.069603      2.            2.            0.
    2.99338779    3.10604383    3.20977024    3.25836311    3.71149363
    3.71283153    3.72174631    3.72992673    3.80658966    3.82210188
    3.82242886    3.86097008    4.24161101    4.2902037     4.39748901
    4.48806223    4.58686519    4.90170584    4.92769783    4.94678784
    4.96549742    4.97213712    5.15076794    5.1698356     5.20850945
    5.22509353    5.2327377     5.40431633    5.42681397    5.62716066
    5.67179532    5.68569705    5.873578      5.92733671    5.95632777
    5.97748642    6.10667762    6.26121725    6.3082041     6.33901902
    6.42049072    6.55484286    6.57906079    6.61429188    6.62043985
    6.62411689    6.6686056     6.69939516    6.71317925    6.72610674]
[   0.            0.            0.            1.            0.            0.
    0.            3.            0.            1.            0.            0.
    3.          -72.492348    175.22951      74.646561     76.493248
 -146.42033     -31.441525   -161.8756       34.21851     -34.202759
   21.370953      1.9450104   -22.964529      3.            0.            0.
    3.67526094    3.69196703    3.73608514    3.82399921    3.87093642
    3.94671975    4.10566977    4.14856987    4.15029135    4.2016857
    4.21848485    4.27370516    4.41472526    4.47710432    4.50437283
    4.66172637    4.66609849    4.70848372    4.76237938    4.89828356
    5.26837869    5.27453446    5.33914565    5.56968172    5.56971365
    5.57676278    5.6928478     5.71020233    5.74130472    5.77364304
    5.81393262    5.8500631     6.07556892    6.11211729    6.14960876
    6.18300878    6.19441712    6.22769951    6.23723875    6.26756805
    6.32506876    6.32972166    6.43771362    6.43880113    6.47258769
    6.51244094    6.58256651    6.70310838    6.78630157    6.94796378]
[   1.            0.            0.            0.            0.            0.
    0.           16.            0.            1.            0.            0.
    3.          -72.019005    164.83679      63.120998     78.915031
 -153.55066     -57.420681   -151.84558      42.550709    -40.368641
   22.168304      5.1074514   -30.78097       3.            1.            0.
    3.88952037    4.05711012    4.30473532    4.3261066     4.53599823
    4.54046944    4.62591683    4.67523267    4.7936094     4.83294213
    5.05082376    5.09509953    5.10203296    5.12042387    5.15671175
    5.18385112    5.20495646    5.22261712    5.37258892    5.38594346
    5.43074501    5.49189701    5.50877848    5.52645545    5.89451594
    5.90999886    6.00655838    6.03095571    6.15231083    6.16744325
    6.19915682    6.22118575    6.36384842    6.46361386    6.53899434
    6.54354192    6.60409128    6.62043301    6.63779586    6.66138795
    6.72451163    6.76583822    6.76623833    6.87685251    7.22431409
    7.36310069    7.48423407    7.53995875    7.57082521    7.59080063]
[   0.            0.            0.            1.            0.            0.
    0.           13.            0.            0.            0.            1.
    0.           70.675812   -119.82619      77.229012     80.361481
 -139.25458     -62.247704   -132.80035      34.343655    -42.441959
   33.657818    -11.316282    -15.522388      0.            0.            0.
    3.34727681    3.61721618    3.87371472    3.88752443    3.90981408
    4.0949088     4.30319676    4.61987306    5.41222564    5.65556975
    5.73812413    5.77617457    5.85489951    5.88692525    5.90261197
    6.25346355    6.33108629    6.38708576    6.47765775    6.55970413
    6.66456864    6.87168266    6.95062563    7.12244789    7.22181845
    7.30468027    7.30571893    7.31283836    7.60229409    7.66263703
    7.70108854    7.76922382    7.77802204    7.94284201    8.06295101
    8.18037249    8.23558699    8.36370502    8.39385833    8.4097601
    8.41004997    8.44713478    8.56032568    8.5678115     8.5856897
    8.9724967     9.04340076    9.06351004    9.12896586    9.24255061]
[   1.            0.            0.            0.            0.            0.
    0.           23.            0.            0.            1.            0.
    2.          -57.787201    160.08739      70.411942     74.340958
 -135.7179      -77.632439   -140.04613      45.370548    -37.700493
   15.43658      15.043641    -38.009689      3.            0.            0.
    3.80522884    3.89980938    4.01076739    4.12772752    4.1671397
    4.19769705    4.25099295    4.4143733     4.45008751    4.63273513
    4.77056057    4.7998548     4.80770093    4.82396394    4.84412529
    4.90383049    5.02391033    5.07528038    5.14266088    5.2142127
    5.37043935    5.37861795    5.38301521    5.42967343    5.61831597
    6.02579817    6.04390315    6.05065228    6.18364938    6.37944082
    6.40365316    6.42432603    6.43991034    6.46393013    6.69445094
    6.8149036     7.09328052    7.42145719    7.54962771    7.6461216
    7.73613286    7.78105537    7.83397105    7.88720135    7.93678498
    8.02699658    8.19397571    8.25743239    8.32284394    8.39920504]
[   1.            0.            0.            0.            0.            0.
    0.            9.            0.            0.            1.            0.
    3.          -76.264206    170.71741      68.393089     74.838493
 -139.13281     -70.066933   -153.08009      40.125259    -34.805824
   14.857269     11.366835    -32.666885      3.            2.            0.
    4.29870275    4.40360579    4.40753237    4.5315589     4.5810228
    4.85360985    4.86283472    4.94617174    4.97600893    5.12006564
    5.21052643    5.23832339    5.27832813    5.29868102    5.31079944
    5.31960161    5.40992232    5.45962317    5.51343235    5.67540991
    5.71704283    6.09086214    6.10094817    6.16251349    6.18258366
    6.23446392    6.2714467     6.5176792     6.55877583    6.55975449
    6.58390979    6.68602253    6.71823608    6.85006007    6.86684421
    6.98769551    7.05892392    7.11837382    7.40190368    7.53398942
    7.59480763    7.7355532     7.74544989    7.78095124    8.04475597
    8.12745497    8.16702396    8.30091651    8.41423448    8.48081741]
[   1.            0.            0.            0.            0.            0.
    0.           11.            1.            0.            0.            0.
    3.          -83.310555    165.51996      78.095291     65.257607
 -164.57735     -61.508686   -159.8974       45.229115    -39.824879
   18.140064     13.041396    -39.274403      3.            1.            0.
    3.57750887    3.80738167    4.00658671    4.18596219    4.43232041
    4.56898428    4.72305224    4.73936047    4.85384777    4.85860305
    4.96376814    5.0064749     5.083417      5.0928017     5.10350262
    5.18811306    5.18931739    5.41895782    5.42935678    5.48203695
    5.64210961    5.6946445     5.73971991    5.96401234    5.98764378
    6.09801958    6.14297858    6.14710115    6.26696546    6.40340996
    6.49459322    6.53107622    6.59824416    6.77598621    6.86540769
    6.89088626    6.93753818    6.94832992    7.01320601    7.27842144
    7.32256585    7.67252807    7.67762522    7.81649929    7.90111255
    7.93275329    7.94146589    7.97021514    7.9779865     8.03362641]
[   1.            0.            0.            0.            0.            0.
    0.           26.            0.            0.            0.            1.
    2.          -67.840393    175.19446      49.122692     74.218369
 -155.81389     -69.559853   -160.25545      45.958824    -47.780949
   32.032959     -3.3533373   -24.848454      2.            0.            0.
    3.49040294    3.62543266    3.86187601    4.39608142    4.49111181
    4.59582124    4.64551797    4.68651533    4.79842119    4.90890767
    4.91240575    4.98056436    5.06907978    5.12596711    5.19678163
    5.24824757    5.30688984    5.31864154    5.47459391    5.65604104
    5.68041148    5.71859845    5.76779967    5.82778595    5.8294577
    5.86152864    6.00159728    6.14124458    6.15430103    6.26657242
    6.31969428    6.33069346    6.39851221    6.45922913    6.6339502
    6.88876805    6.89608477    6.9150149     6.93004497    6.99908695
    7.11421606    7.19427103    7.26412514    7.34073922    7.34859631
    7.37380168    7.37738448    7.44299778    7.55385552    7.61695772]
[   0.            0.            0.            1.            0.            0.
    0.           12.            0.            1.            0.            0.
    0.         -146.8009      132.76237      53.942585    149.7869
 -106.88145     -59.447472   -123.07202     -43.513351     29.304461
   -2.9344494   -25.94809      43.299725      0.            1.            0.
    3.28696733    3.59467371    4.19409809    4.3643999     4.45652462
    5.15052289    5.47187       5.58520225    6.24695281    6.5902571
    6.67267209    6.70694534    6.90879593    6.93407179    6.96021534
    7.1068117     7.18390938    7.31144035    7.46130646    7.52598303
    7.62769143    7.66434023    7.73360985    7.82313364    7.89622153
    7.91096398    7.93569893    8.48833142    8.50658366    8.60471618
    8.63615679    8.67111865    8.80103515    8.83776009    8.86194753
    8.86197991    9.02380156    9.06351643    9.26196454    9.46742286
    9.5641064     9.57786101    9.7005476     9.72270367    9.88804929
    9.89287987    0.            0.            0.            0.        ]
[   1.            0.            0.            0.            0.            0.
    0.           29.            0.            0.            1.            0.
    2.          -62.244465   -178.55273      68.320381     74.916664
  178.28        -11.291106   -151.9619       36.725597    -33.902321
   15.167194     10.335251    -30.430639      3.            2.            0.
    4.10868082    4.20236307    4.30745687    4.33408816    4.54507806
    4.64407138    4.69223924    4.80833606    4.94054401    5.12952435
    5.26720864    5.32786853    5.4189641     5.45720805    5.54356496
    5.57293176    5.58414359    5.6656789     5.94223953    6.00891632
    6.13554792    6.25702147    6.34038757    6.34273748    6.39863221
    6.42016564    6.50179683    6.55648653    6.75367425    6.88856579
    7.00671069    7.12904025    7.18630388    7.24198374    7.28351724
    7.30050118    7.35012287    7.38132197    7.70519988    7.71056879
    7.75035819    7.99411304    8.1540523     8.18414237    8.22457175
    8.322317      8.33722096    8.41029714    8.45464439    8.46671567]
[   0.            0.            1.            0.            0.            0.
    0.            7.            0.            1.            0.            0.
    1.           71.338135    137.78619      47.08913      71.26812
 -163.35513      58.973709   -142.78246      38.232635    -40.771076
   25.079319      0.73727888  -25.680004      0.            2.            0.
    3.53628168    3.59338723    3.6925714     3.91072547    3.93534019
    3.9374114     4.13545212    4.15362392    4.23359359    4.44903712
    4.56811942    4.67136861    4.86684109    5.68102249    5.77178674
    5.92309603    6.32793198    6.36381103    6.42056053    6.52056621
    6.70139035    6.86293974    7.59012685    7.67356891    7.6743349
    7.74034353    7.97557986    8.09951773    8.49559105    8.56913882
    8.72614097    8.80190033    8.83550231    8.84812535    9.26620168
    9.74785396    9.81552837    9.95753474    0.            0.            0.
    0.            0.            0.            0.            0.            0.
    0.            0.            0.        ]
[  0.00000000e+00   0.00000000e+00   1.00000000e+00   0.00000000e+00
   0.00000000e+00   0.00000000e+00   0.00000000e+00   3.60000000e+01
   0.00000000e+00   1.00000000e+00   0.00000000e+00   0.00000000e+00
   2.00000000e+00  -4.79311070e+01   1.77287380e+02   5.69448740e+01
   1.44227390e+02   9.99990000e+03   9.99990000e+03  -1.51188540e+02
  -3.51456570e+01   2.73803080e+01  -6.07299140e+00  -1.75094490e+01
   3.29770240e+01   3.00000000e+00   0.00000000e+00   0.00000000e+00
   3.32370919e+00   3.35739180e+00   3.51944113e+00   3.59403590e+00
   3.64893749e+00   3.71574120e+00   3.78526104e+00   4.22517434e+00
   4.22524732e+00   4.28508768e+00   4.43511152e+00   4.50996266e+00
   4.67348903e+00   4.72688567e+00   4.82008167e+00   4.86997720e+00
   5.16450989e+00   5.33403980e+00   5.42312078e+00   5.44211002e+00
   5.45398213e+00   5.54705173e+00   5.64084056e+00   5.86351040e+00
   5.95614348e+00   5.98444525e+00   6.00129659e+00   6.04379862e+00
   6.18167352e+00   6.29879399e+00   6.40877774e+00   6.56235030e+00
   6.60956451e+00   6.85126179e+00   6.86374593e+00   6.89181755e+00
   6.90696966e+00   7.01685485e+00   7.03850283e+00   7.04711917e+00
   7.06194015e+00   7.09677437e+00   7.13018754e+00   7.14683292e+00
   7.25936179e+00   7.27024477e+00   7.38209312e+00   7.40498013e+00
   7.46235518e+00   7.54544322e+00]
[   1.            0.            0.            0.            0.            0.
    0.           12.            0.            0.            1.            0.
    0.         -148.88028    -168.1183       55.064331     74.348419
  176.3526      -93.447449    -99.827988     40.855099    -43.279964
   29.066366     -2.118402    -25.55282       1.            2.            0.
    4.09842364    4.10507813    4.31385242    4.45818431    4.47423807
    4.58369584    4.68432675    4.69009902    4.72476623    4.79254532
    4.87201705    4.93157258    4.95808601    5.10928627    5.45014011
    5.549017      5.58529247    5.66310243    5.6873608     5.75941739
    5.77733232    5.84412985    5.8753339     5.90813965    6.00273244
    6.31657475    6.41777862    6.43882438    6.44780444    6.83694169
    7.0633542     7.11799525    7.17304527    7.17724958    7.17822348
    7.21406079    7.29192572    7.33455675    7.44181294    7.44548468
    7.46366068    7.53088792    7.58735669    7.59661905    7.62495228
    7.80104176    7.92803399    7.94253262    7.94849357    7.97454186]
[   0.            0.            1.            0.            0.            0.
    0.           23.            0.            1.            0.            0.
    3.          -84.113503    149.12743      94.221031     76.141197
 -167.60696     -59.547192   -160.27357      33.964092    -30.989004
   14.96526       7.1969376   -25.150183      3.            1.            0.
    3.2457845     3.92481537    3.92763192    4.12856157    4.25193524
    4.27949078    4.3807111     4.52015225    4.60967903    4.80564673
    4.81463475    4.88645344    5.04340426    5.11273896    5.18660336
    5.19098105    5.22065768    5.25596245    5.41114985    5.41342753
    5.64670449    5.68325856    5.72660477    5.73334265    5.74061492
    5.74255066    5.80802745    5.87281772    6.00612123    6.02936955
    6.0775804     6.10074888    6.17101044    6.19063909    6.22675989
    6.2423434     6.2464188     6.32005966    6.32288021    6.46224922
    6.57101111    6.70382859    6.76730753    6.78970645    6.9580068
    6.99869449    7.01971633    7.1602337     7.23536973    7.26053759]
[  1.00000000e+00   0.00000000e+00   0.00000000e+00   0.00000000e+00
   0.00000000e+00   0.00000000e+00   0.00000000e+00   3.40000000e+01
   0.00000000e+00   1.00000000e+00   0.00000000e+00   0.00000000e+00
   2.00000000e+00  -8.73691480e+01  -1.73500460e+02   5.82768780e+01
   8.96557160e+01   9.99990000e+03   9.99990000e+03  -1.60101640e+02
   4.27106440e+01  -3.99229240e+01   2.23923400e+01   4.69064240e+00
  -2.98420310e+01   3.00000000e+00   1.00000000e+00   0.00000000e+00
   4.14516922e+00   4.49822552e+00   4.57872063e+00   4.64515246e+00
   5.11642611e+00   5.22193422e+00   5.35491709e+00   5.39972478e+00
   5.58450707e+00   5.58777074e+00   5.69785758e+00   5.71751891e+00
   5.81016312e+00   5.81025867e+00   6.19839849e+00   6.33785627e+00
   6.40952244e+00   6.63652812e+00   6.76455567e+00   6.80047467e+00
   6.81607782e+00   6.85832599e+00   6.98197399e+00   7.04237266e+00
   7.31638266e+00   7.35689817e+00   7.40079287e+00   7.54445797e+00
   7.56956041e+00   7.61290947e+00   7.91369074e+00   8.01714700e+00
   8.07452992e+00   8.34384112e+00   8.37582494e+00   8.39292285e+00
   8.41354926e+00   8.46321853e+00   8.48204944e+00   8.49125849e+00
   8.52233398e+00   8.53548313e+00   8.54746574e+00   8.68013632e+00
   8.82584063e+00   8.92245348e+00   8.92937760e+00   8.98261250e+00
   8.99063168e+00   9.28899610e+00]
[   0.            0.            0.            0.            1.            0.
    0.           11.            1.            0.            0.            0.
    0.          -55.019711    179.29445      59.560791    141.98476
 -110.11299      50.749119    -56.939449    -37.881859     19.684429
    4.6736984   -30.28183      42.027748      0.            2.            0.
    6.12468649    6.40549613    6.78356872    6.92969106    7.33789923
    7.34619299    7.39056162    7.63846503    8.10743235    8.17886135
    8.25573029    8.27645714    8.56032058    8.63874798    8.70217832
    8.85456888    9.00881047    9.04951193    9.06419452    9.10495736
    9.19476233    9.35439647    9.35490359    9.39723931    9.63066966
    9.90717073    9.94281405    0.            0.            0.            0.
    0.            0.            0.            0.            0.            0.
    0.            0.            0.            0.            0.            0.
    0.            0.            0.            0.            0.            0.
    0.        ]
[   0.            0.            0.            0.            1.            0.
    0.           27.            0.            0.            1.            0.
    3.          -72.18615     163.19249      77.777359     65.134743
 -125.41247     -69.364037   -149.23923      43.783245    -40.236126
   18.025373      9.7759571   -32.910969      3.            1.            0.
    3.57747431    3.79388781    3.83578542    3.92768209    3.98756063
    4.17233985    4.26560533    4.30693517    4.53876161    4.61087414
    4.71661673    4.71892459    4.7468087     4.78818013    4.8626967
    5.03672454    5.12705999    5.12813664    5.1481541     5.23255981
    5.26102265    5.27421841    5.28980638    5.30012804    5.31399791
    5.47829932    5.50061797    5.61054329    5.65211122    5.90876036
    6.02505621    6.04789161    6.10229198    6.1442272     6.19916427
    6.2726473     6.30541949    6.3814838     6.83350985    6.98733089
    7.02672612    7.03219888    7.12813239    7.21681221    7.32894741
    7.33409445    7.36910877    7.42011391    7.64810405    7.70012764]
[   0.            0.            0.            0.            1.            0.
    0.           31.            0.            0.            1.            0.
    2.          -65.64167    -154.58177      54.176601     79.284874
 -167.76846     -67.06707    -113.68198      40.674671    -38.584469
   20.864944      5.1310658   -29.360977      1.            2.            0.
    3.97798903    4.05282852    4.15185844    4.18575052    4.41453169
    4.60731372    4.62974634    4.97005534    5.09372162    5.13912765
    5.20881237    5.22093759    5.31322614    5.39362271    5.46785309
    5.55022071    5.74634789    5.92431618    5.94273154    5.94920489
    5.96006774    5.98845337    6.05741092    6.08804764    6.14883341
    6.17528785    6.20341461    6.25300629    6.31925105    6.34283594
    6.42811092    6.44927991    6.53743954    6.60056939    6.60448691
    6.637235      6.8155627     6.91049117    6.95685919    6.98723606
    7.11411075    7.12667287    7.13470994    7.43854371    7.49349131
    7.52303677    7.73293623    7.85685854    8.06146119    8.10797467]
[   0.            0.            0.            0.            1.            0.
    0.           16.            1.            0.            0.            0.
    1.          -75.489891    123.63031      78.716522     77.064453
 -161.02306     -51.08194    -144.26395      39.974174    -28.716713
    4.1592531    22.93652     -39.675095      1.            0.            0.
    3.60050231    3.6070667     3.79564975    3.83775336    3.92108586
    4.02064834    4.0653437     4.06726996    4.2322523     4.24998168
    4.37492033    4.51934127    4.59117563    4.65948299    4.6675689
    4.66977242    4.68056519    4.68992109    4.8422925     4.8730428
    4.959479      4.96493238    5.0061435     5.20111236    5.26684583
    5.27044627    5.35848186    5.36229246    5.36907921    5.49073248
    5.5940336     5.64488721    5.67380524    5.70536055    5.70855609
    5.97601775    5.98965629    6.00175665    6.04889565    6.20297618
    6.20723672    6.26941904    6.30543515    6.3420286     6.38730574
    6.46882535    6.61843021    6.67662426    6.73277698    6.77810665]
[   0.            0.            1.            0.            0.            0.
    0.           21.            0.            0.            0.            1.
    1.         -111.02574    -170.74635      66.070351     86.070251
 -168.61061    -109.00388    -153.97928      37.839272    -38.907028
   23.850733      0.92513853  -24.834196      1.            1.            0.
    3.7478943     3.77314196    4.09456082    4.12660709    4.24239307
    4.57126735    4.5796383     4.76139385    4.93351498    4.94581418
    5.16139051    5.21561328    5.26028934    5.26539191    5.29464608
    5.34738124    5.53959052    5.58766754    5.61031223    5.7350784
    5.80979968    5.83107792    6.04229118    6.05172822    6.08457012
    6.15010676    6.34277279    6.48295307    6.77479851    6.90761556
    6.98804202    7.01009797    7.1225837     7.13429924    7.1461624
    7.14869781    7.18197338    7.28568253    7.28942005    7.32279399
    7.32690097    7.36174987    7.37006995    7.42179993    7.42458258
    7.4347695     7.43936172    7.47849037    7.53354175    7.68447975]
[   0.            0.            0.            0.            1.            0.
    0.           32.            0.            0.            1.            0.
    2.          -92.163979   -178.32497      81.307358     85.022736
 -137.64117     -53.728004   -146.87357      36.501915    -33.992649
   19.382833      4.8341589   -26.165752      3.            1.            0.
    3.41514054    3.728328      3.78242242    3.7980736     4.08737142
    4.10920721    4.1445595     4.16302317    4.19141562    4.21011429
    4.21250293    4.3932333     4.44178374    4.63377587    4.67591141
    4.6925854     4.90909054    4.98822995    5.04536686    5.07838877
    5.08909101    5.09864419    5.11674161    5.2393206     5.26079312
    5.52841216    5.61540393    5.74319523    5.74935789    5.87303529
    5.94162332    5.9736894     6.09838841    6.30695977    6.3542223
    6.42763302    6.5745274     6.66692298    6.8021912     6.84055373
    7.02236056    7.09872989    7.15566045    7.21613201    7.43072953
    7.45717827    7.46656402    7.49048752    7.51436626    7.5599861 ]
[   0.            0.            0.            0.            1.            0.
    0.           16.            1.            0.            0.            0.
    2.          -82.373085    165.99648      66.954727     75.385521
  176.60684      23.207298   -127.78924      41.883469    -34.971325
   14.323736     13.345721    -35.048958      1.            3.            0.
    3.32143768    3.35652926    3.63652307    3.73313538    3.7711522
    3.78291774    3.79532506    3.86334474    3.95244369    4.07535495
    4.34252987    4.35341563    4.36822067    4.38133543    4.39682554
    4.4301291     4.43341651    4.44252108    4.62983088    4.6369375
    4.66877904    4.8258637     4.88553335    4.94044387    5.09445428
    5.25152402    5.26960166    5.31333524    5.38152825    5.47140636
    5.48190929    5.58794943    5.59685676    5.67896577    5.75130244
    5.82850539    5.93941734    5.95415971    5.96954707    6.3359428
    6.36116724    6.40794822    6.59636418    6.72165565    6.7301612
    6.82977565    7.05590111    7.05948495    7.24870424    7.30171167]
[   0.            0.            1.            0.            0.            0.
    0.           13.            0.            1.            0.            0.
    2.          -92.315567    179.278        62.678894     81.417786
 -122.71538    -120.42252    -160.19009      36.299789    -42.231342
   32.718048     -9.4417734   -18.732517      3.            1.            0.
    3.47632167    3.61927882    3.74747884    3.9370794     3.95247385
    4.02422323    4.10445908    4.1395876     4.2738948     4.32563459
    4.32619214    4.35371305    4.3734394     4.899766      5.02563251
    5.03003611    5.08941606    5.16933479    5.27018505    5.29355833
    5.41531263    5.47181935    5.53024823    5.59727388    5.68999851
    5.81875883    6.03868111    6.08455653    6.08823072    6.17094691
    6.236287      6.24746282    6.31860737    6.32471334    6.35436827
    6.42540337    6.46976054    6.47626213    6.48523027    6.49765319
    6.56753347    6.66051444    6.82810374    6.9482076     6.95204921
    6.95346379    6.96416335    7.03810904    7.15124109    7.15616196]
[   0.            0.            0.            0.            0.            0.
    1.           15.            0.            0.            0.            1.
    0.          155.79779     170.6219       69.143433     77.972626
 -105.53078     -83.97773    -153.83751      41.857269    -38.310925
   20.362818      5.7006955   -30.316526      0.            0.            0.
    3.98642286    4.07651919    4.24012393    4.40143383    4.45243494
    4.47052819    4.53844878    4.7762687     4.8730428     4.93277143
    5.36504984    5.80700095    6.36189038    6.59925482    7.11580386
    7.12629361    7.33271929    7.38639961    7.43785284    7.49085135
    7.51941638    7.53582183    7.53936431    7.55338173    7.59381985
    7.59876572    7.65483581    7.67282138    7.68944146    7.81800981
    7.86948876    7.88597164    7.89552276    7.90893658    7.93524193
    8.14369788    8.23591511    8.40990318    8.45561763    8.46423982
    8.48251674    8.48874296    8.50171884    8.50506425    8.95775454
    9.27652981    9.48616629    9.5299319     9.54603204    9.55063352]
[   0.            0.            0.            1.            0.            0.
    0.            6.            0.            0.            0.            1.
    2.          -76.468948    160.46001      70.790512     75.993042
 -150.05846     -87.372856   -159.35094      33.215794    -33.953056
   19.406191      3.1308784   -24.481972      3.            2.            0.
    4.02431698    4.11983396    4.16316272    4.167711      4.19787006
    4.22760127    4.27924022    4.39795126    4.48526316    4.64776215
    4.68502617    4.76410204    4.80852002    4.91679839    4.95509884
    5.20678456    5.20879368    5.23018262    5.41432762    5.52248937
    5.54368812    5.60466255    5.72075805    5.75837027    5.78760097
    5.81504956    5.92782991    5.9355802     5.94368826    6.0414639
    6.12267954    6.16734801    6.1812252     6.27403694    6.27503403
    6.31957187    6.36262627    6.61324636    6.63179375    6.79420357
    6.84924514    6.91208804    7.02667739    7.08837348    7.09679263
    7.12911069    7.29527291    7.58047046    7.59795795    7.6031886 ]
[   0.            0.            0.            1.            0.            0.
    0.            8.            0.            0.            0.            1.
    2.          -66.050713    175.06071      57.743244     81.598358
 -149.09103     -88.000534   -154.56525      41.440948    -38.646053
   21.343447      4.3100257   -28.988434      3.            1.            0.
    3.6234378     3.67468643    3.9891561     4.00760563    4.13408932
    4.15402736    4.48588311    4.51816268    4.52838321    4.54330999
    4.74579829    4.80782745    4.80830346    4.87312492    4.90784295
    4.92299722    5.01047566    5.14161732    5.31378404    5.40919701
    5.45370078    5.45911127    5.82888388    5.82986891    5.86208041
    5.86642147    5.87875257    5.88741021    5.97104576    6.04182042
    6.0867486     6.10350794    6.11602765    6.20659587    6.26064207
    6.34827169    6.36237604    6.575374      6.7344412     6.76068581
    6.8007812     6.91612559    7.01603672    7.09319345    7.11563283
    7.17021906    7.23128313    7.31678834    7.3375658     7.39057168]
[   0.            0.            0.            0.            0.            0.
    1.           17.            0.            0.            0.            1.
    0.           56.841957   -150.18045      61.336685    148.12279
 -100.70815     -63.795307   -124.80917     -46.047447     30.564053
   -3.2526317   -27.221437     45.132988      0.            0.            0.
    7.86961159    8.12936778    8.2765921     8.30619875    8.45466172
    8.59300959    9.53783518    9.6285638     9.94968818    0.            0.
    0.            0.            0.            0.            0.            0.
    0.            0.            0.            0.            0.            0.
    0.            0.            0.            0.            0.            0.
    0.            0.            0.            0.            0.            0.
    0.            0.            0.            0.            0.            0.
    0.            0.            0.            0.            0.            0.
    0.            0.            0.        ]
[   1.            0.            0.            0.            0.            0.
    0.            4.            0.            1.            0.            0.
    2.          -76.129471   -170.03381      66.297066     74.322899
 -163.71855     -84.090897   -160.38104      39.132008    -37.176338
   23.431747      1.4426577   -26.201139      3.            0.            0.
    3.7989253     3.85378608    3.89515823    4.16032982    4.22442697
    4.22949886    4.30707792    4.3711717     4.47970358    4.65984454
    4.68558481    4.76152521    4.77421006    4.85067089    4.94295803
    4.97576653    5.02168523    5.06916345    5.10607409    5.18692682
    5.298449      5.36850192    5.40139889    5.43194536    5.56793958
    5.57891046    5.62978581    5.68795017    5.74018066    5.77203851
    5.79753271    5.95926496    6.02591404    6.0313335     6.04731066
    6.46153878    6.51690055    6.55230983    6.59390952    6.70091651
    6.78354091    6.94549839    6.98795105    7.09833858    7.09963008
    7.16483175    7.19527246    7.23156488    7.31246993    7.33149186]
[   0.            0.            0.            0.            0.            0.
    1.           37.            0.            0.            0.            1.
    1.         -143.06082     178.87082      75.494797     69.729797
 -165.09166     -84.148308   -157.06013      32.057827    -30.01757
   16.381454      5.9779277   -25.149702      1.            1.            0.
    4.28160176    4.33328424    4.66391896    4.75895794    4.87123431
    5.05048494    5.06772608    5.06898       5.10465378    5.53264973
    5.65677848    5.66372248    5.76239277    5.86022817    5.89697708
    5.92290271    6.19803959    6.21867263    6.2879383     6.30255174
    6.35763852    6.62197157    6.62406653    6.62537493    6.70552555
    6.72605788    6.73830569    6.76353207    6.76590827    6.78206613
    6.82088064    6.83839271    6.83878142    6.84054831    6.86096374
    6.86571893    6.87596431    6.88458196    6.89059833    6.92227706
    6.92389814    6.94842728    6.950998      6.98591005    6.99288766
    7.05542491    7.06272555    7.15047876    7.16049957    7.16644768]
[   1.            0.            0.            0.            0.            0.
    0.           22.            0.            0.            1.            0.
    1.           60.987438    179.36356    -153.39079      84.324394
 -119.63196     -42.033371     39.026585     35.956264    -35.955597
   17.4235        7.9854913   -28.374226      3.            0.            0.
    4.07452473    4.71009025    4.77023363    4.81044787    4.89398664
    5.1594053     5.2142127     5.44428426    5.58375586    5.6742078
    5.69127609    5.73475438    5.79034372    5.79234706    5.91108494
    6.1209654     6.23509283    6.37337351    6.63226762    6.64326531
    6.7257235     6.92008346    6.98702026    7.03625051    7.12629265
    7.30963786    7.33873149    7.37885277    7.38534812    7.4652613
    7.68455211    7.80097621    7.84998614    7.90808531    7.94477911
    7.99410934    8.04618143    8.10053927    8.27267541    8.30728858
    8.32836521    8.3530795     8.39526898    8.41071687    8.5880451
    8.67735202    8.77029074    8.82616439    8.82769838    8.93942508]
[   0.            0.            0.            1.            0.            0.
    0.           20.            0.            1.            0.            0.
    2.          -61.428436    166.62486      52.67326      76.151367
 -143.39343     -54.377174   -159.32797      43.434155    -40.320286
   22.027176      5.9257588   -32.327389      3.            1.            0.
    3.75986145    3.86742805    3.89476714    4.12738609    4.16599273
    4.19338415    4.19963764    4.29720099    4.30733635    4.40142026
    4.44185452    4.46864497    4.48905613    4.82259108    5.01251284
    5.08718902    5.12727317    5.14563313    5.21505998    5.25401723
    5.2588419     5.26820385    5.43090796    5.58214648    5.79241151
    5.87247089    5.87511953    5.88160636    5.91698719    5.93109835
    5.95351131    5.97701409    6.08922876    6.09773812    6.16951495
    6.26298984    6.29065745    6.41802163    6.45576674    6.50479235
    6.53866431    6.60763255    6.64813116    6.78324708    6.81347552
    6.88057863    7.01563338    7.05641517    7.08805142    7.12651169]
[   1.            0.            0.            0.            0.            0.
    0.           13.            0.            0.            0.            1.
    0.         -128.48721    -169.47093      65.197586     75.479836
 -168.53778     -75.453621   -153.60283      44.136032    -40.04166
   17.347242     10.320184    -34.934528      0.            0.            0.
    4.63815704    4.66764654    4.84481469    4.87607992    4.88561446
    4.95367232    5.42132674    5.46052833    5.52734166    5.6290413
    5.63569937    5.71991361    5.94081276    5.96090167    6.11006311
    6.13403032    6.21189628    6.45405082    6.54742684    6.56757849
    6.91454227    6.92662657    6.99058474    7.01123307    7.04483603
    7.0478876     7.28214741    7.51223776    7.64955195    7.85191402
    7.85594847    8.10136585    8.16692462    8.2061276     8.23165275
    8.65292233    8.69703202    8.75279533    8.90338035    8.91141906
    8.96287094    9.03035905    9.19242131    9.2239146     9.23546396
    9.41893777    9.45377115    9.5456918     9.69358719    9.73489998]
[   0.            0.            1.            0.            0.            0.
    0.            6.            0.            0.            0.            1.
    2.          -76.468948    160.46001      70.790512     75.993042
 -150.05846     -87.372856   -159.35094      33.215794    -33.953056
   19.406191      3.1308784   -24.481972      3.            2.            0.
    3.46307903    3.64146785    3.65041233    3.78851313    4.08988879
    4.16376918    4.2819322     4.48181061    4.70529134    4.78112953
    4.80559601    4.84811569    4.86069292    4.93787254    5.02237209
    5.04971837    5.08523921    5.232442      5.33088135    5.35322168
    5.46952705    5.47828872    5.55215675    5.58640344    5.73791698
    5.82674798    5.85982708    5.9321679     6.10110945    6.14652982
    6.1569157     6.19991814    6.30361089    6.36899566    6.38873331
    6.54807826    6.57311977    6.60505026    6.70399796    6.71150393
    6.86339332    6.90127214    6.92456453    6.95015285    6.96349973
    7.00333764    7.05382956    7.06088694    7.07493753    7.09922825]
[  0.00000000e+00   0.00000000e+00   0.00000000e+00   0.00000000e+00
   1.00000000e+00   0.00000000e+00   0.00000000e+00   1.00000000e+00
   0.00000000e+00   0.00000000e+00   1.00000000e+00   0.00000000e+00
   1.00000000e+00   9.99990000e+03   9.99990000e+03   6.94898610e+01
   7.44620820e+01  -1.44404240e+02  -6.60250240e+01  -1.52967770e+02
   3.76745030e+01  -3.48182450e+01   1.42622080e+01   1.07283460e+01
  -3.14105050e+01   3.00000000e+00   0.00000000e+00   0.00000000e+00
   4.28910755e+00   4.52703821e+00   5.15707983e+00   5.24005746e+00
   5.43064472e+00   5.63200361e+00   5.66441090e+00   5.71605337e+00
   5.73034004e+00   5.82217914e+00   6.01696968e+00   6.33719001e+00
   6.63727117e+00   6.66526158e+00   6.68367466e+00   6.81893075e+00
   6.91173958e+00   6.92560558e+00   6.97648683e+00   7.08509277e+00
   7.10113561e+00   7.10548000e+00   7.20247771e+00   7.27912345e+00
   7.32827651e+00   7.34394302e+00   7.55504302e+00   7.57351703e+00
   7.58693876e+00   7.72350920e+00   8.03956157e+00   8.21222743e+00
   8.56267938e+00   8.66260099e+00   8.91676326e+00   9.50458467e+00
   9.51120213e+00   9.64134962e+00   0.00000000e+00   0.00000000e+00
   0.00000000e+00   0.00000000e+00   0.00000000e+00   0.00000000e+00
   0.00000000e+00   0.00000000e+00   0.00000000e+00   0.00000000e+00
   0.00000000e+00   0.00000000e+00]
[   0.            0.            0.            0.            0.            0.
    1.           19.            0.            0.            0.            1.
    1.          -66.695       172.3989       60.513485     76.92025
 -167.17828     -84.274055   -131.59538      39.855724    -39.263729
   24.360209      2.3648815   -26.750414      2.            0.            0.
    3.23230041    3.31540064    3.37138224    3.38184046    3.40322356
    3.76914833    3.97135715    3.99935889    4.04485636    4.10258271
    4.41531794    4.53200647    4.56965889    4.58352005    4.60177108
    4.74245434    4.7712379     4.80880852    4.85631368    5.03052153
    5.08997536    5.23974619    5.33222094    5.39050706    5.44462658
    5.78891625    5.90288305    5.9673095     5.97979661    6.14234675
    6.1584862     6.16013096    6.25020835    6.29594316    6.32206545
    6.44994221    6.46391712    6.48000863    6.51675539    6.53035837
    6.56981399    6.6019094     6.64143915    6.93895866    6.95397405
    6.99460569    7.01543309    7.07416827    7.12014108    7.14930823]
[   0.            0.            0.            0.            1.            0.
    0.           19.            1.            0.            0.            0.
    0.           63.897972   -133.16696      69.014755    150.45409
  -95.255493    -60.185112    -75.133797    -37.777527     35.18391
  -19.508806     -4.8306723    27.617146      1.            0.            0.
    4.43330387    5.90857788    6.04017368    6.2538981     6.43724424
    6.46130856    6.5344811     6.63140669    6.6534647     6.70238234
    6.80214457    6.83558861    6.91176979    6.91578467    6.94578577
    6.97780459    7.15319159    7.22137261    7.38821827    7.4030466
    7.59889208    7.7420027     7.82865172    7.91521423    7.93519488
    7.94910894    7.95940403    8.0491136     8.12526717    8.14804044
    8.40833563    8.42379835    8.43756638    8.54110728    8.7058821
    8.85816558    8.86058237    8.91558537    9.04651892    9.0708811
    9.28892433    9.34822911    9.43024804    9.56256754    9.58244583
    9.6325764     9.71945292    9.8184473     9.85895326    9.87638609]
[   1.            0.            0.            0.            0.            0.
    0.            3.            0.            0.            1.            0.
    3.          -97.991241   -164.18674      64.391273     81.489708
 -144.2619      -56.893234   -151.89767      38.803093    -38.104256
   22.254976      3.1969006   -26.004835      2.            0.            0.
    4.37580075    4.44755097    4.5765123     4.58938772    4.67201115
    4.67207375    4.67393337    4.69757668    4.8356403     4.93580578
    5.03184831    5.04430192    5.10073273    5.14689993    5.22381779
    5.28944       5.3242474     5.37541589    5.45988414    5.48921461
    5.5081921     5.62978581    5.70042185    5.77475739    5.77503672
    5.77631402    5.82729645    5.93454266    6.08266212    6.31319991
    6.41444666    6.55134196    6.68054508    6.77574155    6.83869959
    6.86112026    6.8795643     6.89072238    6.94392595    7.23990299
    7.33854804    7.41328483    7.42256731    7.47513236    7.57812505
    7.72535479    7.73973602    7.76699776    7.78186695    7.86773659]
[   0.            0.            0.            1.            0.            0.
    0.           31.            0.            1.            0.            0.
    3.          -60.020515    167.08502      65.541168     76.609901
 -144.62387     -59.992535   -159.13928      40.628113    -37.226948
   18.470245      6.4945564   -28.912182      3.            0.            0.
    3.56805217    3.59429949    3.88864321    3.92116835    4.02256764
    4.07382654    4.25364728    4.25710311    4.34382477    4.37673932
    4.51350341    4.55541562    4.60015437    4.60352073    4.62908273
    4.79444556    4.94182848    5.15903201    5.23933192    5.44406818
    5.54066839    5.62558719    5.68975758    5.69096884    5.72349581
    5.72518767    5.83946962    5.94878958    5.98346176    5.99646095
    6.00547548    6.09055723    6.26727928    6.29673538    6.38229005
    6.39264186    6.43370802    6.52602445    6.54852749    6.55661417
    6.60764795    6.70593415    6.85359283    6.86033097    6.95553969
    6.98811989    7.2264152     7.35030081    7.37957367    7.46830243]
[   0.            0.            0.            0.            1.            0.
    0.           29.            0.            0.            1.            0.
    2.          -62.244465   -178.55273      68.320381     74.916664
  178.28        -11.291106   -151.9619       36.725597    -33.902321
   15.167194     10.335251    -30.430639      3.            2.            0.
    3.29563014    3.51900473    3.65358434    3.82914366    3.9023008
    4.14617603    4.16007657    4.1714388     4.50442593    4.53830506
    4.56312395    4.72037676    4.95017231    5.00210519    5.0077986
    5.0172022     5.08248896    5.1872513     5.27688358    5.30423129
    5.3070014     5.34388355    5.39118628    5.41576397    5.4339153
    5.57915174    5.77429841    5.82746714    5.99610877    6.15448177
    6.20021959    6.20301067    6.37634671    6.37968371    6.43577427
    6.45499288    6.77887458    6.88865997    6.89140228    6.94179991
    7.10690045    7.17571934    7.2489133     7.26738652    7.29672509
    7.38118097    7.38731423    7.45914153    7.47186764    7.56656566]
[   0.            0.            0.            0.            0.            1.
    0.           12.            0.            0.            1.            0.
    3.          -86.456955    173.80226      78.776215     74.767723
 -113.0474     -109.59364    -177.36136      38.588284    -42.373417
   33.194038     -9.8913746   -19.212761      4.            1.            0.
    2.73864593    3.03482288    3.28293432    3.52146751    3.63962271
    3.65131318    3.72213813    3.75874591    4.02744622    4.04382076
    4.09128341    4.19924409    4.24376822    4.25263975    4.30702588
    4.33114561    4.33626376    4.37052427    4.58990653    4.62477501
    4.62980554    4.63554658    4.65962424    4.69368872    4.71661673
    5.11761489    5.12974231    5.19547697    5.24947823    5.31681155
    5.40240475    5.47019792    5.55864432    5.61393722    5.70889881
    5.82641797    5.97416353    6.142078      6.18724362    6.21499846
    6.23264264    6.31842585    6.4104342     6.42222445    6.53313716
    6.55722689    6.64324301    6.65591906    6.90429       6.90687887]
[   0.            0.            0.            1.            0.            0.
    0.           15.            0.            1.            0.            0.
    2.          -96.956001   -114.22839      69.125526     72.641144
 -178.23441     -40.432995   -158.03499      45.277637    -43.562454
   25.540546      3.1962268   -31.900448      4.            2.            0.
    3.3152263     3.5394784     3.61149233    3.70984872    3.91004091
    3.98927795    4.0554261     4.08873101    4.33341154    4.43603993
    4.45505882    4.77718367    4.90295508    4.98774652    5.11751177
    5.17234931    5.28040037    5.29197077    5.29803015    5.32480186
    5.40283004    5.4643338     5.60205302    5.60655947    5.661514
    5.71211203    5.74799688    5.77838415    5.81528544    5.87182988
    5.97018685    5.97029021    6.0700384     6.10081717    6.15903703
    6.302728      6.31054745    6.33859013    6.4753758     6.47943023
    6.48056066    6.55861106    6.59935121    6.91469707    6.9746716
    7.02009585    7.03822604    7.0394297     7.07916153    7.11590685]
[   0.            0.            0.            0.            0.            0.
    1.           10.            0.            0.            0.            1.
    0.          137.83864    -169.39862      51.994511     75.638206
 -125.35459    -118.44212    -145.27162      36.83181     -41.426449
   31.358698     -8.3380938   -18.430159      0.            0.            0.
    3.70171634    3.83760125    4.04984134    4.44688453    4.54128838
    4.56091278    4.5688749     4.66491446    4.71553327    4.96369299
    5.20388434    5.30642846    5.34516716    5.45780364    6.09888649
    6.39535507    6.59060311    6.71937894    6.77898886    6.78437772
    6.85050745    7.02680221    7.12137828    7.18663644    7.24711007
    7.27467306    7.31023488    7.45242282    7.45846098    7.4991603
    7.62493063    7.69192109    7.71465835    7.97039818    7.99920246
    8.1115721     8.23263645    8.3205626     8.34353932    8.36763881
    8.42985735    8.63770829    8.65322039    8.75463572    8.78733578
    8.78928087    8.85291055    8.90457829    8.95406425    8.96043968]
[   0.            1.            0.            0.            0.            0.
    0.           10.            1.            0.            0.            0.
    3.          -72.968262    164.55287      59.575207     81.993378
 -145.04893     -51.853443   -154.19554      43.009792    -39.784031
   22.243448      5.2296329   -29.87113       2.            0.            0.
    3.5222162     3.68048561    3.72164892    3.77552677    3.84003709
    4.06686693    4.10713161    4.1192529     4.1376224     4.14633608
    4.17489118    4.22981812    4.25769909    4.37319594    4.38763358
    4.40621813    4.43912236    4.44958223    4.51885706    4.53383495
    4.56190187    4.6065782     4.65797721    4.82880301    4.83205986
    4.92561749    5.05573779    5.11722772    5.11913887    5.16685804
    5.43596051    5.4981044     5.54809418    5.60379387    5.6369453
    5.65507258    5.68971401    5.73116286    5.75193027    5.830003
    5.8757202     5.91078624    5.96067458    6.01495748    6.02649617
    6.2183752     6.23427705    6.43297058    6.44072811    6.45184129]
[   0.            1.            0.            0.            0.            0.
    0.            4.            1.            0.            0.            0.
    3.          -90.582848   -169.98135      65.052254     75.816429
 -163.88498     -65.303612   -147.68321      35.939495    -30.257706
   13.090943     10.227296    -30.698294      2.            1.            0.
    3.32273029    3.32971601    3.34644768    3.46885224    3.46991649
    3.65070999    3.67997698    3.69816033    3.70747628    3.72540379
    3.79766528    3.84822938    3.88186102    3.91120929    3.94179629
    4.03538676    4.03616852    4.04433905    4.05436925    4.39157486
    4.48035412    4.5973677     4.62654153    4.84942073    4.92763655
    5.01780899    5.18535222    5.19765353    5.39291606    5.4476828
    5.45385603    5.51356526    5.78557604    5.92105044    5.92199859
    6.09054205    6.12497567    6.13573091    6.18853254    6.21941739
    6.29531377    6.30711638    6.34891837    6.40981898    6.48794123
    6.49723011    6.53811807    6.58354776    6.61475501    6.64126378]
[   0.            1.            0.            0.            0.            0.
    0.            9.            1.            0.            0.            0.
    2.          -76.62867     177.1452       99.103882     72.632362
 -120.43166     -50.181904   -158.71477      39.141823    -38.350449
   22.741968      1.9100834   -27.009527      3.            2.            0.
    3.98425567    4.04903916    4.27925525    4.32918194    4.42096228
    4.67784147    4.8224645     4.86505067    4.87059885    5.1095744
    5.19304391    5.21783354    5.25596652    5.28219427    5.42016755
    5.45364175    5.49018152    5.49627872    5.60112974    5.60521181
    5.7867072     6.00965641    6.01151544    6.01495748    6.07218432
    6.22770631    6.28759805    6.30548911    6.36619961    6.43597344
    6.49961729    6.50437247    6.65201195    6.72144753    6.8373074
    6.85457085    6.8766729     6.87995126    6.88419102    6.90960594
    7.16660822    7.32437177    7.50256736    7.65176527    7.68868642
    7.75438808    7.76630869    7.78637938    7.82696621    7.91758791]
[   0.            0.            0.            1.            0.            0.
    0.           23.            0.            1.            0.            0.
    2.         -129.77829    -178.15675      70.472908     75.699799
 -146.55421     -78.733414   -170.20761      43.845634    -35.767891
   13.596653     15.243303    -38.395546      3.            0.            0.
    3.42934945    3.47724596    3.66741451    3.67982767    3.7400447
    4.34582834    4.35630443    4.59171383    4.60774542    4.71526116
    4.78739686    5.00154407    5.0167995     5.06391587    5.13828216
    5.22355519    5.26524475    5.40250435    5.5468808     5.56725621
    5.61659655    5.69265475    5.73429931    5.83491533    5.86676795
    5.86739573    5.88020859    5.89706197    5.90435198    5.9535906
    6.02609837    6.07452688    6.10336855    6.1358101     6.33129947
    6.3443245     6.40013295    6.42624703    6.537623      6.57302029
    6.60339774    6.63713294    6.64073129    6.66066337    6.82504309
    6.98233176    7.03468389    7.04831716    7.05980637    7.20549391]
[   0.            0.            1.            0.            0.            0.
    0.           16.            0.            1.            0.            0.
    3.          -83.753883   -163.97783      50.026913     79.098984
 -151.70477     -66.183655   -158.46385      40.186661    -34.065994
   15.571444     10.60493     -31.755724      4.            2.            0.
    3.20977024    3.3933222     3.66825831    3.75587691    3.77155336
    3.88695801    4.07207396    4.15655275    4.30956744    4.35329482
    4.41777209    4.44585218    4.47168606    4.75175501    4.84767018
    4.86246892    5.14538204    5.24187673    5.2908859     5.40461549
    5.53698326    5.5521695     5.56585472    5.5700112     5.58013464
    5.73243864    5.74439044    5.83928766    5.85237455    6.02661679
    6.05312636    6.0910004     6.0974254     6.17770401    6.31466069
    6.36934663    6.52122124    6.52279141    6.53626302    6.66094226
    6.71684094    6.82756495    6.84152846    6.84267972    6.91736412
    7.03924793    7.06584451    7.06606482    7.09675659    7.11153993]
[   1.            0.            0.            0.            0.            0.
    0.           30.            1.            0.            0.            0.
    3.          -68.218071    178.54814      64.742027     79.847572
 -143.05287     -73.749596   -168.08194      41.002254    -38.910309
   22.065542      4.0780873   -28.764374      3.            1.            0.
    4.05093662    4.18085086    4.31131945    4.72315347    4.82841152
    4.90348487    4.96075395    5.03396688    5.05074966    5.06519792
    5.08760742    5.18002508    5.26801485    5.44166441    5.70085426
    5.7153642     5.75378804    5.83733721    5.86781277    5.91634283
    5.92170545    5.93833746    5.97490063    6.1118915     6.18849459
    6.33258178    6.51315831    6.54282023    6.62709212    6.69921179
    6.81283446    6.95558946    6.96003233    6.96475019    7.00117722
    7.01343368    7.04966403    7.21831981    7.33761231    7.35512343
    7.42923351    7.52416851    7.5816383     7.59459552    7.6307066
    7.65861704    7.71538475    7.77018205    7.81377108    7.85649313]
[   0.            0.            0.            0.            0.            1.
    0.           23.            0.            0.            1.            0.
    2.          -57.787201    160.08739      70.411942     74.340958
 -135.7179      -77.632439   -140.04613      45.370548    -37.700493
   15.43658      15.043641    -38.009689      3.            0.            0.
    2.84337981    3.18387115    3.45056929    3.46394455    3.76463517
    3.95988418    3.96569016    3.97548241    4.17769358    4.23542979
    4.24386992    4.25841469    4.28785795    4.3772569     4.44458037
    4.67212116    4.68033128    4.73848735    4.76628187    4.7712379
    4.8303211     4.85905935    4.86398467    4.88005693    5.1019287
    5.11264683    5.14874348    5.26307145    5.39362528    5.54839187
    5.57973356    5.59690506    5.68936323    5.74883796    5.75385106
    5.84017683    5.98950795    5.99322253    6.00479804    6.16065204
    6.18449925    6.28679825    6.38775992    6.44596416    6.46747032
    6.47055207    6.50513853    6.68111671    6.70994737    6.98450672]
[   0.            0.            0.            0.            0.            0.
    1.            4.            0.            0.            0.            1.
    2.          -85.371094   -176.85265      59.027714     70.976334
 -172.81393     -79.627716   -165.08009      43.543274    -44.171505
   27.093456      0.67492682  -26.599281      3.            1.            0.
    2.76683746    3.41077694    3.47104893    3.57025494    3.75674142
    3.79331396    3.92336808    3.97765736    4.08735204    4.10708219
    4.17859272    4.21327561    4.23391931    4.26080486    4.31221892
    4.55767337    4.65127446    4.82351099    5.12248045    5.12629175
    5.13025751    5.17127683    5.19056524    5.34767674    5.39527611
    5.46440109    5.60797733    5.64462022    5.71855871    5.7973198
    5.83848597    5.83957375    5.86413285    5.87719642    5.93071938
    5.96496571    6.20894886    6.26736466    6.29600291    6.45280424
    6.46696074    6.47962923    6.5389486     6.55800304    6.6533477
    6.6706811     6.68497833    6.7116929     6.75201647    6.7697077 ]
[   1.            0.            0.            0.            0.            0.
    0.           21.            0.            0.            0.            1.
    1.         -111.02574    -170.74635      66.070351     86.070251
 -168.61061    -109.00388    -153.97928      37.839272    -38.907028
   23.850733      0.92513853  -24.834196      1.            1.            0.
    3.79184948    3.93023946    4.24456686    4.26397603    4.30906479
    4.51387743    4.61405077    4.70369714    4.7085353     4.77548788
    4.85983078    4.95414748    5.00621609    5.07927896    5.09815026
    5.11579279    5.15784624    5.19643545    5.3696816     5.38217109
    5.41918304    5.48036989    5.49915772    5.51802875    5.53275809
    5.54677716    5.61195449    5.6477415     5.71517216    5.74742282
    5.79310988    5.86249253    5.8953134     5.92181354    5.94228018
    6.18101509    6.20439       6.22214945    6.24823855    6.68617477
    6.7041488     6.71588634    6.87937125    6.9289982     6.96469814
    7.02207539    7.05568725    7.33611194    7.35963083    7.38434322]
